2025-06-09T16:13:15.7748581Z Current runner version: '2.325.0'
2025-06-09T16:13:15.7772336Z ##[group]Runner Image Provisioner
2025-06-09T16:13:15.7773209Z Hosted Compute Agent
2025-06-09T16:13:15.7773857Z Version: 20250508.323
2025-06-09T16:13:15.7774525Z Commit: 81b259f29879f73b4213d199e42d8c3465dae986
2025-06-09T16:13:15.7775255Z Build Date: 2025-05-08T19:40:08Z
2025-06-09T16:13:15.7775858Z ##[endgroup]
2025-06-09T16:13:15.7776425Z ##[group]Operating System
2025-06-09T16:13:15.7777015Z Ubuntu
2025-06-09T16:13:15.7777490Z 24.04.2
2025-06-09T16:13:15.7777956Z LTS
2025-06-09T16:13:15.7778447Z ##[endgroup]
2025-06-09T16:13:15.7778947Z ##[group]Runner Image
2025-06-09T16:13:15.7779581Z Image: ubuntu-24.04
2025-06-09T16:13:15.7780066Z Version: 20250511.1.0
2025-06-09T16:13:15.7781208Z Included Software: https://github.com/actions/runner-images/blob/ubuntu24/20250511.1/images/ubuntu/Ubuntu2404-Readme.md
2025-06-09T16:13:15.7782771Z Image Release: https://github.com/actions/runner-images/releases/tag/ubuntu24%2F20250511.1
2025-06-09T16:13:15.7783793Z ##[endgroup]
2025-06-09T16:13:15.7784950Z ##[group]GITHUB_TOKEN Permissions
2025-06-09T16:13:15.7787013Z Contents: read
2025-06-09T16:13:15.7787702Z Metadata: read
2025-06-09T16:13:15.7788199Z Packages: read
2025-06-09T16:13:15.7788703Z ##[endgroup]
2025-06-09T16:13:15.7791309Z Secret source: Actions
2025-06-09T16:13:15.7792118Z Prepare workflow directory
2025-06-09T16:13:15.8172252Z Prepare all required actions
2025-06-09T16:13:15.8210241Z Getting action download info
2025-06-09T16:13:16.1223381Z ##[group]Download immutable action package 'actions/checkout@v4'
2025-06-09T16:13:16.1224386Z Version: 4.2.2
2025-06-09T16:13:16.1225454Z Digest: sha256:ccb2698953eaebd21c7bf6268a94f9c26518a7e38e27e0b83c1fe1ad049819b1
2025-06-09T16:13:16.1226665Z Source commit SHA: 11bd71901bbe5b1630ceea73d27597364c9af683
2025-06-09T16:13:16.1227368Z ##[endgroup]
2025-06-09T16:13:16.2086573Z ##[group]Download immutable action package 'actions/setup-node@v4'
2025-06-09T16:13:16.2087381Z Version: 4.4.0
2025-06-09T16:13:16.2088187Z Digest: sha256:9427cefe82346e992fb5b949e3569b39d537ae41aa3086483b14eceebfc16bc1
2025-06-09T16:13:16.2089159Z Source commit SHA: 49933ea5288caeca8642d1e84afbd3f7d6820020
2025-06-09T16:13:16.2089844Z ##[endgroup]
2025-06-09T16:13:16.2989649Z ##[group]Download immutable action package 'actions/upload-artifact@v4'
2025-06-09T16:13:16.2990462Z Version: 4.6.2
2025-06-09T16:13:16.2991566Z Digest: sha256:290722aa3281d5caf23d0acdc3dbeb3424786a1a01a9cc97e72f147225e37c38
2025-06-09T16:13:16.2992543Z Source commit SHA: ea165f8d65b6e75b540449e92b4886f43607fa02
2025-06-09T16:13:16.2993187Z ##[endgroup]
2025-06-09T16:13:16.4842785Z Complete job name: 🎭 E2E Tests
2025-06-09T16:13:16.5507174Z ##[group]Run actions/checkout@v4
2025-06-09T16:13:16.5507988Z with:
2025-06-09T16:13:16.5508388Z   repository: JacksonR64/LocalLoop
2025-06-09T16:13:16.5509023Z   token: ***
2025-06-09T16:13:16.5509408Z   ssh-strict: true
2025-06-09T16:13:16.5509796Z   ssh-user: git
2025-06-09T16:13:16.5510197Z   persist-credentials: true
2025-06-09T16:13:16.5510674Z   clean: true
2025-06-09T16:13:16.5511302Z   sparse-checkout-cone-mode: true
2025-06-09T16:13:16.5511779Z   fetch-depth: 1
2025-06-09T16:13:16.5512167Z   fetch-tags: false
2025-06-09T16:13:16.5512570Z   show-progress: true
2025-06-09T16:13:16.5512963Z   lfs: false
2025-06-09T16:13:16.5513323Z   submodules: false
2025-06-09T16:13:16.5513726Z   set-safe-directory: true
2025-06-09T16:13:16.5514511Z env:
2025-06-09T16:13:16.5514942Z   NODE_VERSION: 18
2025-06-09T16:13:16.5515328Z ##[endgroup]
2025-06-09T16:13:16.6565468Z Syncing repository: JacksonR64/LocalLoop
2025-06-09T16:13:16.6567141Z ##[group]Getting Git version info
2025-06-09T16:13:16.6567896Z Working directory is '/home/runner/work/LocalLoop/LocalLoop'
2025-06-09T16:13:16.6568835Z [command]/usr/bin/git version
2025-06-09T16:13:16.6661781Z git version 2.49.0
2025-06-09T16:13:16.6687362Z ##[endgroup]
2025-06-09T16:13:16.6701065Z Temporarily overriding HOME='/home/runner/work/_temp/81f2a91a-7794-4974-9249-bb4fbfb0bd23' before making global git config changes
2025-06-09T16:13:16.6702739Z Adding repository directory to the temporary git global config as a safe directory
2025-06-09T16:13:16.6713073Z [command]/usr/bin/git config --global --add safe.directory /home/runner/work/LocalLoop/LocalLoop
2025-06-09T16:13:16.6748824Z Deleting the contents of '/home/runner/work/LocalLoop/LocalLoop'
2025-06-09T16:13:16.6752385Z ##[group]Initializing the repository
2025-06-09T16:13:16.6756096Z [command]/usr/bin/git init /home/runner/work/LocalLoop/LocalLoop
2025-06-09T16:13:16.6833780Z hint: Using 'master' as the name for the initial branch. This default branch name
2025-06-09T16:13:16.6835233Z hint: is subject to change. To configure the initial branch name to use in all
2025-06-09T16:13:16.6836468Z hint: of your new repositories, which will suppress this warning, call:
2025-06-09T16:13:16.6837265Z hint:
2025-06-09T16:13:16.6837818Z hint: 	git config --global init.defaultBranch <name>
2025-06-09T16:13:16.6838409Z hint:
2025-06-09T16:13:16.6838945Z hint: Names commonly chosen instead of 'master' are 'main', 'trunk' and
2025-06-09T16:13:16.6839849Z hint: 'development'. The just-created branch can be renamed via this command:
2025-06-09T16:13:16.6840648Z hint:
2025-06-09T16:13:16.6841300Z hint: 	git branch -m <name>
2025-06-09T16:13:16.6843804Z Initialized empty Git repository in /home/runner/work/LocalLoop/LocalLoop/.git/
2025-06-09T16:13:16.6854402Z [command]/usr/bin/git remote add origin https://github.com/JacksonR64/LocalLoop
2025-06-09T16:13:16.6887965Z ##[endgroup]
2025-06-09T16:13:16.6889172Z ##[group]Disabling automatic garbage collection
2025-06-09T16:13:16.6892365Z [command]/usr/bin/git config --local gc.auto 0
2025-06-09T16:13:16.6920339Z ##[endgroup]
2025-06-09T16:13:16.6921767Z ##[group]Setting up auth
2025-06-09T16:13:16.6927819Z [command]/usr/bin/git config --local --name-only --get-regexp core\.sshCommand
2025-06-09T16:13:16.6957408Z [command]/usr/bin/git submodule foreach --recursive sh -c "git config --local --name-only --get-regexp 'core\.sshCommand' && git config --local --unset-all 'core.sshCommand' || :"
2025-06-09T16:13:16.7281471Z [command]/usr/bin/git config --local --name-only --get-regexp http\.https\:\/\/github\.com\/\.extraheader
2025-06-09T16:13:16.7310288Z [command]/usr/bin/git submodule foreach --recursive sh -c "git config --local --name-only --get-regexp 'http\.https\:\/\/github\.com\/\.extraheader' && git config --local --unset-all 'http.https://github.com/.extraheader' || :"
2025-06-09T16:13:16.7538265Z [command]/usr/bin/git config --local http.https://github.com/.extraheader AUTHORIZATION: basic ***
2025-06-09T16:13:16.7573213Z ##[endgroup]
2025-06-09T16:13:16.7574211Z ##[group]Fetching the repository
2025-06-09T16:13:16.7589903Z [command]/usr/bin/git -c protocol.version=2 fetch --no-tags --prune --no-recurse-submodules --depth=1 origin +8a9a3d836d6e158a5c6f3ee783e5019400584622:refs/remotes/origin/main
2025-06-09T16:13:17.4970673Z From https://github.com/JacksonR64/LocalLoop
2025-06-09T16:13:17.4972622Z  * [new ref]         8a9a3d836d6e158a5c6f3ee783e5019400584622 -> origin/main
2025-06-09T16:13:17.4999657Z ##[endgroup]
2025-06-09T16:13:17.5001783Z ##[group]Determining the checkout info
2025-06-09T16:13:17.5003265Z ##[endgroup]
2025-06-09T16:13:17.5007248Z [command]/usr/bin/git sparse-checkout disable
2025-06-09T16:13:17.5050630Z [command]/usr/bin/git config --local --unset-all extensions.worktreeConfig
2025-06-09T16:13:17.5079452Z ##[group]Checking out the ref
2025-06-09T16:13:17.5082219Z [command]/usr/bin/git checkout --progress --force -B main refs/remotes/origin/main
2025-06-09T16:13:17.5827774Z Switched to a new branch 'main'
2025-06-09T16:13:17.5829464Z branch 'main' set up to track 'origin/main'.
2025-06-09T16:13:17.5841614Z ##[endgroup]
2025-06-09T16:13:17.5879027Z [command]/usr/bin/git log -1 --format=%H
2025-06-09T16:13:17.5900436Z 8a9a3d836d6e158a5c6f3ee783e5019400584622
2025-06-09T16:13:17.6181149Z ##[group]Run actions/setup-node@v4
2025-06-09T16:13:17.6182278Z with:
2025-06-09T16:13:17.6183097Z   node-version: 18
2025-06-09T16:13:17.6184174Z   cache: npm
2025-06-09T16:13:17.6185050Z   always-auth: false
2025-06-09T16:13:17.6185997Z   check-latest: false
2025-06-09T16:13:17.6187186Z   token: ***
2025-06-09T16:13:17.6188014Z env:
2025-06-09T16:13:17.6188829Z   NODE_VERSION: 18
2025-06-09T16:13:17.6189687Z ##[endgroup]
2025-06-09T16:13:17.7966372Z Found in cache @ /opt/hostedtoolcache/node/18.20.8/x64
2025-06-09T16:13:17.7972619Z ##[group]Environment details
2025-06-09T16:13:18.1603475Z node: v18.20.8
2025-06-09T16:13:18.1604726Z npm: 10.8.2
2025-06-09T16:13:18.1605140Z yarn: 1.22.22
2025-06-09T16:13:18.1606299Z ##[endgroup]
2025-06-09T16:13:18.1626573Z [command]/opt/hostedtoolcache/node/18.20.8/x64/bin/npm config get cache
2025-06-09T16:13:18.2960003Z /home/runner/.npm
2025-06-09T16:13:18.3949510Z Cache hit for: node-cache-Linux-x64-npm-c12c6ac637b018150c9ab8486a2ab8d5c875f0013e7356ae5e08bc546e10a4bd
2025-06-09T16:13:19.4496066Z Received 198321573 of 202515877 (97.9%), 188.9 MBs/sec
2025-06-09T16:13:19.5460580Z Received 202515877 of 202515877 (100.0%), 176.1 MBs/sec
2025-06-09T16:13:19.5462139Z Cache Size: ~193 MB (202515877 B)
2025-06-09T16:13:19.5578173Z [command]/usr/bin/tar -xf /home/runner/work/_temp/a0111df2-f738-4c5b-a856-46a8bcb39ae8/cache.tzst -P -C /home/runner/work/LocalLoop/LocalLoop --use-compress-program unzstd
2025-06-09T16:13:19.9396937Z Cache restored successfully
2025-06-09T16:13:19.9812424Z Cache restored from key: node-cache-Linux-x64-npm-c12c6ac637b018150c9ab8486a2ab8d5c875f0013e7356ae5e08bc546e10a4bd
2025-06-09T16:13:19.9976467Z ##[group]Run npm ci --legacy-peer-deps
2025-06-09T16:13:19.9976870Z [36;1mnpm ci --legacy-peer-deps[0m
2025-06-09T16:13:20.0194162Z shell: /usr/bin/bash -e {0}
2025-06-09T16:13:20.0194456Z env:
2025-06-09T16:13:20.0194650Z   NODE_VERSION: 18
2025-06-09T16:13:20.0194873Z ##[endgroup]
2025-06-09T16:13:25.0566232Z npm warn deprecated inflight@1.0.6: This module is not supported, and leaks memory. Do not use it. Check out lru-cache if you want a good and tested way to coalesce async requests by a key value, which is much more comprehensive and powerful.
2025-06-09T16:13:25.2573138Z npm warn deprecated abab@2.0.6: Use your platform's native atob() and btoa() methods instead
2025-06-09T16:13:25.3514514Z npm warn deprecated glob@7.2.3: Glob versions prior to v9 are no longer supported
2025-06-09T16:13:25.4283508Z npm warn deprecated domexception@4.0.0: Use your platform's native DOMException instead
2025-06-09T16:13:33.9996102Z 
2025-06-09T16:13:33.9996755Z > localloop@0.1.0 prepare
2025-06-09T16:13:33.9997313Z > husky install
2025-06-09T16:13:33.9997525Z 
2025-06-09T16:13:34.0594854Z husky - install command is DEPRECATED
2025-06-09T16:13:34.0822544Z 
2025-06-09T16:13:34.0823269Z added 822 packages, and audited 823 packages in 14s
2025-06-09T16:13:34.0823741Z 
2025-06-09T16:13:34.0824196Z 184 packages are looking for funding
2025-06-09T16:13:34.0824732Z   run `npm fund` for details
2025-06-09T16:13:34.0837418Z 
2025-06-09T16:13:34.0837915Z found 0 vulnerabilities
2025-06-09T16:13:34.1744318Z ##[group]Run npx playwright install --with-deps chromium webkit firefox
2025-06-09T16:13:34.1744922Z [36;1mnpx playwright install --with-deps chromium webkit firefox[0m
2025-06-09T16:13:34.1800127Z shell: /usr/bin/bash -e {0}
2025-06-09T16:13:34.1800377Z env:
2025-06-09T16:13:34.1800555Z   NODE_VERSION: 18
2025-06-09T16:13:34.1800940Z ##[endgroup]
2025-06-09T16:13:35.0961557Z Installing dependencies...
2025-06-09T16:13:35.1025716Z Switching to root user to install dependencies...
2025-06-09T16:13:35.2249734Z Get:1 file:/etc/apt/apt-mirrors.txt Mirrorlist [144 B]
2025-06-09T16:13:35.2432303Z Get:6 https://packages.microsoft.com/repos/azure-cli noble InRelease [3564 B]
2025-06-09T16:13:35.2698599Z Hit:2 http://azure.archive.ubuntu.com/ubuntu noble InRelease
2025-06-09T16:13:35.2699892Z Get:7 https://packages.microsoft.com/ubuntu/24.04/prod noble InRelease [3600 B]
2025-06-09T16:13:35.2739977Z Get:3 http://azure.archive.ubuntu.com/ubuntu noble-updates InRelease [126 kB]
2025-06-09T16:13:35.2848656Z Get:4 http://azure.archive.ubuntu.com/ubuntu noble-backports InRelease [126 kB]
2025-06-09T16:13:35.2930158Z Get:5 http://azure.archive.ubuntu.com/ubuntu noble-security InRelease [126 kB]
2025-06-09T16:13:35.3571887Z Get:8 https://packages.microsoft.com/repos/azure-cli noble/main amd64 Packages [1377 B]
2025-06-09T16:13:35.4786080Z Get:9 https://packages.microsoft.com/ubuntu/24.04/prod noble/main armhf Packages [8426 B]
2025-06-09T16:13:35.4828151Z Get:10 https://packages.microsoft.com/ubuntu/24.04/prod noble/main arm64 Packages [20.9 kB]
2025-06-09T16:13:35.4883647Z Get:11 https://packages.microsoft.com/ubuntu/24.04/prod noble/main amd64 Packages [33.7 kB]
2025-06-09T16:13:35.5254682Z Get:12 http://azure.archive.ubuntu.com/ubuntu noble-updates/main amd64 Packages [1118 kB]
2025-06-09T16:13:35.5322433Z Get:13 http://azure.archive.ubuntu.com/ubuntu noble-updates/main Translation-en [238 kB]
2025-06-09T16:13:35.5363149Z Get:14 http://azure.archive.ubuntu.com/ubuntu noble-updates/main amd64 Components [161 kB]
2025-06-09T16:13:35.5392289Z Get:15 http://azure.archive.ubuntu.com/ubuntu noble-updates/universe amd64 Packages [1078 kB]
2025-06-09T16:13:35.5470461Z Get:16 http://azure.archive.ubuntu.com/ubuntu noble-updates/universe Translation-en [274 kB]
2025-06-09T16:13:35.5510435Z Get:17 http://azure.archive.ubuntu.com/ubuntu noble-updates/universe amd64 Components [376 kB]
2025-06-09T16:13:35.5582622Z Get:18 http://azure.archive.ubuntu.com/ubuntu noble-updates/restricted amd64 Packages [1179 kB]
2025-06-09T16:13:35.5632151Z Get:19 http://azure.archive.ubuntu.com/ubuntu noble-updates/restricted Translation-en [245 kB]
2025-06-09T16:13:35.5665119Z Get:20 http://azure.archive.ubuntu.com/ubuntu noble-updates/restricted amd64 Components [212 B]
2025-06-09T16:13:35.5680064Z Get:21 http://azure.archive.ubuntu.com/ubuntu noble-updates/multiverse amd64 Components [940 B]
2025-06-09T16:13:35.6341944Z Get:22 http://azure.archive.ubuntu.com/ubuntu noble-backports/main amd64 Packages [39.2 kB]
2025-06-09T16:13:35.6540017Z Get:23 http://azure.archive.ubuntu.com/ubuntu noble-backports/main amd64 Components [7076 B]
2025-06-09T16:13:35.6623151Z Get:24 http://azure.archive.ubuntu.com/ubuntu noble-backports/universe amd64 Packages [27.1 kB]
2025-06-09T16:13:35.6709841Z Get:25 http://azure.archive.ubuntu.com/ubuntu noble-backports/universe amd64 Components [16.3 kB]
2025-06-09T16:13:35.6742552Z Get:26 http://azure.archive.ubuntu.com/ubuntu noble-backports/restricted amd64 Components [216 B]
2025-06-09T16:13:35.6758352Z Get:27 http://azure.archive.ubuntu.com/ubuntu noble-backports/multiverse amd64 Components [212 B]
2025-06-09T16:13:35.6777601Z Get:28 http://azure.archive.ubuntu.com/ubuntu noble-security/main amd64 Packages [864 kB]
2025-06-09T16:13:35.6834671Z Get:29 http://azure.archive.ubuntu.com/ubuntu noble-security/main Translation-en [159 kB]
2025-06-09T16:13:35.6861812Z Get:30 http://azure.archive.ubuntu.com/ubuntu noble-security/main amd64 Components [21.5 kB]
2025-06-09T16:13:35.6878946Z Get:31 http://azure.archive.ubuntu.com/ubuntu noble-security/universe amd64 Packages [846 kB]
2025-06-09T16:13:35.6936508Z Get:32 http://azure.archive.ubuntu.com/ubuntu noble-security/universe Translation-en [185 kB]
2025-06-09T16:13:35.6962094Z Get:33 http://azure.archive.ubuntu.com/ubuntu noble-security/universe amd64 Components [52.2 kB]
2025-06-09T16:13:35.6981688Z Get:34 http://azure.archive.ubuntu.com/ubuntu noble-security/restricted amd64 Packages [1138 kB]
2025-06-09T16:13:35.7051787Z Get:35 http://azure.archive.ubuntu.com/ubuntu noble-security/restricted Translation-en [236 kB]
2025-06-09T16:13:35.7493359Z Get:36 http://azure.archive.ubuntu.com/ubuntu noble-security/restricted amd64 Components [212 B]
2025-06-09T16:13:35.7509912Z Get:37 http://azure.archive.ubuntu.com/ubuntu noble-security/multiverse amd64 Components [212 B]
2025-06-09T16:13:44.0755904Z Fetched 8712 kB in 1s (7165 kB/s)
2025-06-09T16:13:44.6990191Z Reading package lists...
2025-06-09T16:13:44.7238317Z Reading package lists...
2025-06-09T16:13:44.8805059Z Building dependency tree...
2025-06-09T16:13:44.8812642Z Reading state information...
2025-06-09T16:13:44.8961432Z libasound2t64 is already the newest version (1.2.11-1build2).
2025-06-09T16:13:44.8962151Z libasound2t64 set to manually installed.
2025-06-09T16:13:44.8962874Z libatk-bridge2.0-0t64 is already the newest version (2.52.0-1build1).
2025-06-09T16:13:44.8963599Z libatk-bridge2.0-0t64 set to manually installed.
2025-06-09T16:13:44.8964301Z libatk1.0-0t64 is already the newest version (2.52.0-1build1).
2025-06-09T16:13:44.8964995Z libatk1.0-0t64 set to manually installed.
2025-06-09T16:13:44.8965675Z libatspi2.0-0t64 is already the newest version (2.52.0-1build1).
2025-06-09T16:13:44.8966328Z libatspi2.0-0t64 set to manually installed.
2025-06-09T16:13:44.8966969Z libcairo2 is already the newest version (1.18.0-3build1).
2025-06-09T16:13:44.8967559Z libcairo2 set to manually installed.
2025-06-09T16:13:44.8968238Z libcups2t64 is already the newest version (2.4.7-1.2ubuntu7.3).
2025-06-09T16:13:44.8968900Z libcups2t64 set to manually installed.
2025-06-09T16:13:44.8969602Z libdbus-1-3 is already the newest version (1.14.10-4ubuntu4.1).
2025-06-09T16:13:44.8970222Z libdbus-1-3 set to manually installed.
2025-06-09T16:13:44.8971078Z libdrm2 is already the newest version (2.4.122-1~ubuntu0.24.04.1).
2025-06-09T16:13:44.8971699Z libdrm2 set to manually installed.
2025-06-09T16:13:44.8972342Z libgbm1 is already the newest version (24.2.8-1ubuntu1~24.04.1).
2025-06-09T16:13:44.8972951Z libgbm1 set to manually installed.
2025-06-09T16:13:44.8973575Z libnspr4 is already the newest version (2:4.35-1.1build1).
2025-06-09T16:13:44.8974163Z libnspr4 set to manually installed.
2025-06-09T16:13:44.8974757Z libnss3 is already the newest version (2:3.98-1build1).
2025-06-09T16:13:44.8975316Z libnss3 set to manually installed.
2025-06-09T16:13:44.8975962Z libpango-1.0-0 is already the newest version (1.52.1+ds-1build1).
2025-06-09T16:13:44.8976617Z libpango-1.0-0 set to manually installed.
2025-06-09T16:13:44.8977259Z libx11-6 is already the newest version (2:1.8.7-1build1).
2025-06-09T16:13:44.8977841Z libx11-6 set to manually installed.
2025-06-09T16:13:44.8978429Z libxcb1 is already the newest version (1.15-1ubuntu2).
2025-06-09T16:13:44.8978988Z libxcb1 set to manually installed.
2025-06-09T16:13:44.8979647Z libxcomposite1 is already the newest version (1:0.4.5-1build3).
2025-06-09T16:13:44.8980300Z libxcomposite1 set to manually installed.
2025-06-09T16:13:44.8981132Z libxdamage1 is already the newest version (1:1.1.6-1build1).
2025-06-09T16:13:44.8981746Z libxdamage1 set to manually installed.
2025-06-09T16:13:44.8982367Z libxext6 is already the newest version (2:1.3.4-1build2).
2025-06-09T16:13:44.8982949Z libxext6 set to manually installed.
2025-06-09T16:13:44.8983565Z libxfixes3 is already the newest version (1:6.0.0-2build1).
2025-06-09T16:13:44.8984167Z libxfixes3 set to manually installed.
2025-06-09T16:13:44.8984806Z libxkbcommon0 is already the newest version (1.6.0-1build1).
2025-06-09T16:13:44.8985766Z libxkbcommon0 set to manually installed.
2025-06-09T16:13:44.8986444Z libxrandr2 is already the newest version (2:1.5.2-2build1).
2025-06-09T16:13:44.8987046Z libxrandr2 set to manually installed.
2025-06-09T16:13:44.8987658Z xvfb is already the newest version (2:21.1.12-1ubuntu1.3).
2025-06-09T16:13:44.8988512Z fonts-noto-color-emoji is already the newest version (2.047-0ubuntu0.24.04.1).
2025-06-09T16:13:44.8989391Z libfontconfig1 is already the newest version (2.15.0-1.1ubuntu2).
2025-06-09T16:13:44.8990053Z libfontconfig1 set to manually installed.
2025-06-09T16:13:44.8990996Z libfreetype6 is already the newest version (2.13.2+dfsg-1build3).
2025-06-09T16:13:44.8991657Z libfreetype6 set to manually installed.
2025-06-09T16:13:44.8992313Z fonts-liberation is already the newest version (1:2.1.5-3).
2025-06-09T16:13:44.8993005Z fonts-liberation set to manually installed.
2025-06-09T16:13:44.8993651Z libicu74 is already the newest version (74.2-1ubuntu3.1).
2025-06-09T16:13:44.8994239Z libicu74 set to manually installed.
2025-06-09T16:13:44.8994886Z libatomic1 is already the newest version (14.2.0-4ubuntu2~24.04).
2025-06-09T16:13:44.8995705Z libatomic1 set to manually installed.
2025-06-09T16:13:44.8996315Z libcairo-gobject2 is already the newest version (1.18.0-3build1).
2025-06-09T16:13:44.8996927Z libcairo-gobject2 set to manually installed.
2025-06-09T16:13:44.8997509Z libenchant-2-2 is already the newest version (2.3.3-2build2).
2025-06-09T16:13:44.8998076Z libenchant-2-2 set to manually installed.
2025-06-09T16:13:44.8998671Z libepoxy0 is already the newest version (1.5.10-1build1).
2025-06-09T16:13:44.8999194Z libepoxy0 set to manually installed.
2025-06-09T16:13:44.8999836Z libgdk-pixbuf-2.0-0 is already the newest version (2.42.10+dfsg-3ubuntu3.1).
2025-06-09T16:13:44.9000489Z libgdk-pixbuf-2.0-0 set to manually installed.
2025-06-09T16:13:44.9001310Z libgstreamer1.0-0 is already the newest version (1.24.2-1ubuntu0.1).
2025-06-09T16:13:44.9001923Z libgstreamer1.0-0 set to manually installed.
2025-06-09T16:13:44.9002507Z libharfbuzz0b is already the newest version (8.3.0-2build2).
2025-06-09T16:13:44.9003093Z libharfbuzz0b set to manually installed.
2025-06-09T16:13:44.9003751Z libjpeg-turbo8 is already the newest version (2.1.5-2ubuntu2).
2025-06-09T16:13:44.9004298Z libjpeg-turbo8 set to manually installed.
2025-06-09T16:13:44.9004832Z liblcms2-2 is already the newest version (2.14-2build1).
2025-06-09T16:13:44.9005339Z liblcms2-2 set to manually installed.
2025-06-09T16:13:44.9006006Z libpangocairo-1.0-0 is already the newest version (1.52.1+ds-1build1).
2025-06-09T16:13:44.9006657Z libpangocairo-1.0-0 set to manually installed.
2025-06-09T16:13:44.9007242Z libpng16-16t64 is already the newest version (1.6.43-5build1).
2025-06-09T16:13:44.9007765Z libpng16-16t64 set to manually installed.
2025-06-09T16:13:44.9008370Z libwayland-client0 is already the newest version (1.22.0-2.1build1).
2025-06-09T16:13:44.9008968Z libwayland-client0 set to manually installed.
2025-06-09T16:13:44.9009599Z libwayland-egl1 is already the newest version (1.22.0-2.1build1).
2025-06-09T16:13:44.9010184Z libwayland-egl1 set to manually installed.
2025-06-09T16:13:44.9010975Z libwayland-server0 is already the newest version (1.22.0-2.1build1).
2025-06-09T16:13:44.9011608Z libwayland-server0 set to manually installed.
2025-06-09T16:13:45.0321255Z libwebp7 is already the newest version (1.3.2-0.4build3).
2025-06-09T16:13:45.0321955Z libwebp7 set to manually installed.
2025-06-09T16:13:45.0322711Z libwebpdemux2 is already the newest version (1.3.2-0.4build3).
2025-06-09T16:13:45.0323465Z libwebpdemux2 set to manually installed.
2025-06-09T16:13:45.0324298Z libxml2 is already the newest version (2.9.14+dfsg-1.3ubuntu3.3).
2025-06-09T16:13:45.0325017Z libxml2 set to manually installed.
2025-06-09T16:13:45.0325854Z libxslt1.1 is already the newest version (1.1.39-0exp1ubuntu0.24.04.2).
2025-06-09T16:13:45.0326676Z libxslt1.1 set to manually installed.
2025-06-09T16:13:45.0327457Z libgtk-3-0t64 is already the newest version (3.24.41-4ubuntu1.3).
2025-06-09T16:13:45.0328596Z libgtk-3-0t64 set to manually installed.
2025-06-09T16:13:45.0329355Z libx11-xcb1 is already the newest version (2:1.8.7-1build1).
2025-06-09T16:13:45.0329989Z libx11-xcb1 set to manually installed.
2025-06-09T16:13:45.0330689Z libxcb-shm0 is already the newest version (1.15-1ubuntu2).
2025-06-09T16:13:45.0331560Z libxcb-shm0 set to manually installed.
2025-06-09T16:13:45.0332272Z libxcursor1 is already the newest version (1:1.2.1-1build1).
2025-06-09T16:13:45.0332942Z libxcursor1 set to manually installed.
2025-06-09T16:13:45.0333602Z libxi6 is already the newest version (2:1.8.1-1build1).
2025-06-09T16:13:45.0334208Z libxi6 set to manually installed.
2025-06-09T16:13:45.0334907Z libxrender1 is already the newest version (1:0.9.10-1.1build1).
2025-06-09T16:13:45.0335584Z libxrender1 set to manually installed.
2025-06-09T16:13:45.0336248Z The following additional packages will be installed:
2025-06-09T16:13:45.0336976Z   gir1.2-glib-2.0 glib-networking glib-networking-common
2025-06-09T16:13:45.0337514Z   glib-networking-services gsettings-desktop-schemas libaa1 libabsl20220623t64
2025-06-09T16:13:45.0338281Z   libass9 libasyncns0 libavc1394-0 libavcodec60 libavfilter9 libavformat60
2025-06-09T16:13:45.0339126Z   libavtp0 libavutil58 libblas3 libbluray2 libbs2b0 libcaca0
2025-06-09T16:13:45.0339585Z   libcairo-script-interpreter2 libcdparanoia0 libchromaprint1 libcjson1
2025-06-09T16:13:45.0340029Z   libcodec2-1.2 libdav1d7 libdc1394-25 libdca0 libdecor-0-0
2025-06-09T16:13:45.0340455Z   libdirectfb-1.7-7t64 libdv4t64 libdvdnav4 libdvdread8t64 libegl-mesa0
2025-06-09T16:13:45.0341135Z   libegl1 libfaad2 libflac12t64 libfluidsynth3 libfreeaptx0 libgav1-1
2025-06-09T16:13:45.0341589Z   libglib2.0-bin libglib2.0-data libgme0 libgraphene-1.0-0 libgsm1
2025-06-09T16:13:45.0342085Z   libgssdp-1.6-0 libgstreamer-plugins-good1.0-0 libgtk-4-common libgupnp-1.6-0
2025-06-09T16:13:45.0342564Z   libgupnp-igd-1.6-0 libhwy1t64 libiec61883-0 libimath-3-1-29t64
2025-06-09T16:13:45.0343025Z   libinstpatch-1.0-2 libjack-jackd2-0 libjxl0.7 liblapack3 liblc3-1
2025-06-09T16:13:45.0343510Z   libldacbt-enc2 liblilv-0-0 liblrdf0 libltc11 libmbedcrypto7t64 libmfx1
2025-06-09T16:13:45.0343956Z   libmjpegutils-2.1-0t64 libmodplug1 libmp3lame0 libmpcdec6
2025-06-09T16:13:45.0344392Z   libmpeg2encpp-2.1-0t64 libmpg123-0t64 libmplex2-2.1-0t64 libmysofa1
2025-06-09T16:13:45.0344845Z   libneon27t64 libnice10 libopenal-data libopenal1 libopenexr-3-1-30
2025-06-09T16:13:45.0345269Z   libopenh264-7 libopenmpt0t64 libopenni2-0 liborc-0.4-0t64
2025-06-09T16:13:45.0345688Z   libpipewire-0.3-0t64 libplacebo338 libpocketsphinx3 libpostproc57
2025-06-09T16:13:45.0346154Z   libproxy1v5 libpulse0 libqrencode4 libraptor2-0 librav1e0 libraw1394-11
2025-06-09T16:13:45.0346640Z   librist4 librsvg2-2 librubberband2 libsamplerate0 libsbc1 libsdl2-2.0-0
2025-06-09T16:13:45.0347124Z   libsecret-common libserd-0-0 libshine3 libshout3 libsndfile1 libsndio7.0
2025-06-09T16:13:45.0347603Z   libsord-0-0 libsoundtouch1 libsoup-3.0-0 libsoup-3.0-common libsoxr0
2025-06-09T16:13:45.0348099Z   libspa-0.2-modules libspandsp2t64 libspeex1 libsphinxbase3t64 libsratom-0-0
2025-06-09T16:13:45.0348608Z   libsrt1.5-gnutls libsrtp2-1 libssh-gcrypt-4 libsvtav1enc1d1 libswresample4
2025-06-09T16:13:45.0349117Z   libswscale7 libtag1v5 libtag1v5-vanilla libtheora0 libtwolame0 libudfread0
2025-06-09T16:13:45.0349616Z   libunibreak5 libv4l-0t64 libv4lconvert0t64 libva-drm2 libva-x11-2 libva2
2025-06-09T16:13:45.0350096Z   libvdpau1 libvidstab1.1 libvisual-0.4-0 libvo-aacenc0 libvo-amrwbenc0
2025-06-09T16:13:45.0350598Z   libvorbisenc2 libvpl2 libwavpack1 libwebrtc-audio-processing1 libwildmidi2
2025-06-09T16:13:45.0351290Z   libx265-199 libxcb-xkb1 libxkbcommon-x11-0 libxvidcore4 libyuv0 libzbar0t64
2025-06-09T16:13:45.0351795Z   libzimg2 libzix-0-0 libzvbi-common libzvbi0t64 libzxing3 ocl-icd-libopencl1
2025-06-09T16:13:45.0352280Z   session-migration timgm6mb-soundfont xfonts-encodings xfonts-utils
2025-06-09T16:13:45.0352651Z Suggested packages:
2025-06-09T16:13:45.0353139Z   frei0r-plugins gvfs libcuda1 libnvcuvid1 libnvidia-encode1 libbluray-bdj
2025-06-09T16:13:45.0353637Z   libdirectfb-extra libdv-bin oss-compat libdvdcss2 low-memory-monitor
2025-06-09T16:13:45.0354139Z   libvisual-0.4-plugins jackd2 liblrdf0-dev libportaudio2 opus-tools pipewire
2025-06-09T16:13:45.0354657Z   pulseaudio raptor2-utils libraw1394-doc librsvg2-bin serdi sndiod sordi
2025-06-09T16:13:45.0355104Z   speex libwildmidi-config opencl-icd fluid-soundfont-gm
2025-06-09T16:13:45.0355420Z Recommended packages:
2025-06-09T16:13:45.0355737Z   fonts-ipafont-mincho fonts-tlwg-loma gstreamer1.0-x libaacs0
2025-06-09T16:13:45.0356196Z   default-libdecor-0-plugin-1 | libdecor-0-plugin-1 gstreamer1.0-gl
2025-06-09T16:13:45.0356704Z   libgtk-4-bin librsvg2-common libgtk-4-media-gstreamer libpipewire-0.3-common
2025-06-09T16:13:45.0357233Z   pocketsphinx-en-us va-driver-all | va-driver vdpau-driver-all | vdpau-driver
2025-06-09T16:13:45.0357610Z   libmagickcore-6.q16-7-extra
2025-06-09T16:13:45.1167308Z The following NEW packages will be installed:
2025-06-09T16:13:45.1168203Z   fonts-freefont-ttf fonts-ipafont-gothic fonts-tlwg-loma-otf fonts-unifont
2025-06-09T16:13:45.1169015Z   fonts-wqy-zenhei glib-networking glib-networking-common
2025-06-09T16:13:45.1169864Z   glib-networking-services gsettings-desktop-schemas gstreamer1.0-libav
2025-06-09T16:13:45.1170518Z   gstreamer1.0-plugins-bad gstreamer1.0-plugins-base gstreamer1.0-plugins-good
2025-06-09T16:13:45.1171283Z   libaa1 libabsl20220623t64 libass9 libasyncns0 libavc1394-0 libavcodec60
2025-06-09T16:13:45.1171857Z   libavfilter9 libavformat60 libavif16 libavtp0 libavutil58 libblas3
2025-06-09T16:13:45.1172800Z   libbluray2 libbs2b0 libcaca0 libcairo-script-interpreter2 libcdparanoia0
2025-06-09T16:13:45.1173415Z   libchromaprint1 libcjson1 libcodec2-1.2 libdav1d7 libdc1394-25 libdca0
2025-06-09T16:13:45.1173961Z   libdecor-0-0 libdirectfb-1.7-7t64 libdv4t64 libdvdnav4 libdvdread8t64
2025-06-09T16:13:45.1174506Z   libegl-mesa0 libegl1 libevent-2.1-7t64 libfaad2 libflac12t64 libflite1
2025-06-09T16:13:45.1175218Z   libfluidsynth3 libfreeaptx0 libgav1-1 libgles2 libgme0 libgraphene-1.0-0
2025-06-09T16:13:45.1175905Z   libgsm1 libgssdp-1.6-0 libgstreamer-gl1.0-0 libgstreamer-plugins-bad1.0-0
2025-06-09T16:13:45.1176491Z   libgstreamer-plugins-base1.0-0 libgstreamer-plugins-good1.0-0 libgtk-4-1
2025-06-09T16:13:45.1177059Z   libgtk-4-common libgupnp-1.6-0 libgupnp-igd-1.6-0 libharfbuzz-icu0
2025-06-09T16:13:45.1177612Z   libhwy1t64 libhyphen0 libiec61883-0 libimath-3-1-29t64 libinstpatch-1.0-2
2025-06-09T16:13:45.1178196Z   libjack-jackd2-0 libjxl0.7 liblapack3 liblc3-1 libldacbt-enc2 liblilv-0-0
2025-06-09T16:13:45.1178713Z   liblrdf0 libltc11 libmanette-0.2-0 libmbedcrypto7t64 libmfx1
2025-06-09T16:13:45.1179359Z   libmjpegutils-2.1-0t64 libmodplug1 libmp3lame0 libmpcdec6
2025-06-09T16:13:45.1179855Z   libmpeg2encpp-2.1-0t64 libmpg123-0t64 libmplex2-2.1-0t64 libmysofa1
2025-06-09T16:13:45.1180383Z   libneon27t64 libnice10 libopenal-data libopenal1 libopenexr-3-1-30
2025-06-09T16:13:45.1181025Z   libopenh264-7 libopenmpt0t64 libopenni2-0 libopus0 liborc-0.4-0t64
2025-06-09T16:13:45.1181558Z   libpipewire-0.3-0t64 libplacebo338 libpocketsphinx3 libpostproc57
2025-06-09T16:13:45.1182112Z   libproxy1v5 libpulse0 libqrencode4 libraptor2-0 librav1e0 libraw1394-11
2025-06-09T16:13:45.1182685Z   librist4 librsvg2-2 librubberband2 libsamplerate0 libsbc1 libsdl2-2.0-0
2025-06-09T16:13:45.1183254Z   libsecret-1-0 libsecret-common libserd-0-0 libshine3 libshout3 libsndfile1
2025-06-09T16:13:45.1183785Z   libsndio7.0 libsord-0-0 libsoundtouch1 libsoup-3.0-0 libsoup-3.0-common
2025-06-09T16:13:45.1184353Z   libsoxr0 libspa-0.2-modules libspandsp2t64 libspeex1 libsphinxbase3t64
2025-06-09T16:13:45.1184958Z   libsratom-0-0 libsrt1.5-gnutls libsrtp2-1 libssh-gcrypt-4 libsvtav1enc1d1
2025-06-09T16:13:45.1185450Z   libswresample4 libswscale7 libtag1v5 libtag1v5-vanilla libtheora0
2025-06-09T16:13:45.1185916Z   libtwolame0 libudfread0 libunibreak5 libv4l-0t64 libv4lconvert0t64
2025-06-09T16:13:45.1186555Z   libva-drm2 libva-x11-2 libva2 libvdpau1 libvidstab1.1 libvisual-0.4-0
2025-06-09T16:13:45.1187063Z   libvo-aacenc0 libvo-amrwbenc0 libvorbisenc2 libvpl2 libvpx9 libwavpack1
2025-06-09T16:13:45.1187571Z   libwebrtc-audio-processing1 libwildmidi2 libwoff1 libx264-164 libx265-199
2025-06-09T16:13:45.1188079Z   libxcb-xkb1 libxkbcommon-x11-0 libxvidcore4 libyuv0 libzbar0t64 libzimg2
2025-06-09T16:13:45.1188545Z   libzix-0-0 libzvbi-common libzvbi0t64 libzxing3 ocl-icd-libopencl1
2025-06-09T16:13:45.1189015Z   session-migration timgm6mb-soundfont xfonts-cyrillic xfonts-encodings
2025-06-09T16:13:45.1189400Z   xfonts-scalable xfonts-utils
2025-06-09T16:13:45.1189709Z The following packages will be upgraded:
2025-06-09T16:13:45.1190089Z   gir1.2-glib-2.0 libglib2.0-0t64 libglib2.0-bin libglib2.0-data
2025-06-09T16:13:45.1402249Z 4 upgraded, 179 newly installed, 0 to remove and 56 not upgraded.
2025-06-09T16:13:45.1402814Z Need to get 116 MB of archives.
2025-06-09T16:13:45.1403490Z After this operation, 363 MB of additional disk space will be used.
2025-06-09T16:13:45.1404591Z Get:1 file:/etc/apt/apt-mirrors.txt Mirrorlist [144 B]
2025-06-09T16:13:45.1724751Z Get:2 http://azure.archive.ubuntu.com/ubuntu noble/universe amd64 fonts-ipafont-gothic all 00303-21ubuntu1 [3513 kB]
2025-06-09T16:13:45.2582323Z Get:3 http://azure.archive.ubuntu.com/ubuntu noble-updates/main amd64 libglib2.0-data all 2.80.0-6ubuntu3.4 [48.7 kB]
2025-06-09T16:13:45.2738495Z Get:4 http://azure.archive.ubuntu.com/ubuntu noble-updates/main amd64 libglib2.0-bin amd64 2.80.0-6ubuntu3.4 [97.9 kB]
2025-06-09T16:13:45.2972456Z Get:5 http://azure.archive.ubuntu.com/ubuntu noble-updates/main amd64 gir1.2-glib-2.0 amd64 2.80.0-6ubuntu3.4 [183 kB]
2025-06-09T16:13:45.3146940Z Get:6 http://azure.archive.ubuntu.com/ubuntu noble-updates/main amd64 libglib2.0-0t64 amd64 2.80.0-6ubuntu3.4 [1544 kB]
2025-06-09T16:13:45.3579933Z Get:7 http://azure.archive.ubuntu.com/ubuntu noble/main amd64 fonts-freefont-ttf all 20211204+svn4273-2 [5641 kB]
2025-06-09T16:13:45.4938689Z Get:8 http://azure.archive.ubuntu.com/ubuntu noble/universe amd64 fonts-tlwg-loma-otf all 1:0.7.3-1 [107 kB]
2025-06-09T16:13:45.5112709Z Get:9 http://azure.archive.ubuntu.com/ubuntu noble/universe amd64 fonts-unifont all 1:15.1.01-1build1 [2993 kB]
2025-06-09T16:13:45.5959915Z Get:10 http://azure.archive.ubuntu.com/ubuntu noble/universe amd64 fonts-wqy-zenhei all 0.9.45-8 [7472 kB]
2025-06-09T16:13:45.7202106Z Get:11 http://azure.archive.ubuntu.com/ubuntu noble/main amd64 libproxy1v5 amd64 0.5.4-4build1 [26.5 kB]
2025-06-09T16:13:45.7357973Z Get:12 http://azure.archive.ubuntu.com/ubuntu noble/main amd64 glib-networking-common all 2.80.0-1build1 [6702 B]
2025-06-09T16:13:45.7511404Z Get:13 http://azure.archive.ubuntu.com/ubuntu noble/main amd64 glib-networking-services amd64 2.80.0-1build1 [12.8 kB]
2025-06-09T16:13:45.7759043Z Get:14 http://azure.archive.ubuntu.com/ubuntu noble/main amd64 session-migration amd64 0.3.9build1 [9034 B]
2025-06-09T16:13:45.7912644Z Get:15 http://azure.archive.ubuntu.com/ubuntu noble-updates/main amd64 gsettings-desktop-schemas all 46.1-0ubuntu1 [35.6 kB]
2025-06-09T16:13:45.8067891Z Get:16 http://azure.archive.ubuntu.com/ubuntu noble/main amd64 glib-networking amd64 2.80.0-1build1 [64.1 kB]
2025-06-09T16:13:45.8286787Z Get:17 http://azure.archive.ubuntu.com/ubuntu noble/universe amd64 libva2 amd64 2.20.0-2build1 [66.2 kB]
2025-06-09T16:13:45.8442542Z Get:18 http://azure.archive.ubuntu.com/ubuntu noble/universe amd64 libva-drm2 amd64 2.20.0-2build1 [7124 B]
2025-06-09T16:13:45.8606184Z Get:19 http://azure.archive.ubuntu.com/ubuntu noble/universe amd64 libva-x11-2 amd64 2.20.0-2build1 [12.0 kB]
2025-06-09T16:13:45.9262091Z Get:20 http://azure.archive.ubuntu.com/ubuntu noble/main amd64 libvdpau1 amd64 1.5-2build1 [27.8 kB]
2025-06-09T16:13:45.9484074Z Get:21 http://azure.archive.ubuntu.com/ubuntu noble/universe amd64 libvpl2 amd64 2023.3.0-1build1 [99.8 kB]
2025-06-09T16:13:45.9660562Z Get:22 http://azure.archive.ubuntu.com/ubuntu noble/universe amd64 ocl-icd-libopencl1 amd64 2.3.2-1build1 [38.5 kB]
2025-06-09T16:13:45.9819126Z Get:23 http://azure.archive.ubuntu.com/ubuntu noble/universe amd64 libavutil58 amd64 7:6.1.1-3ubuntu5 [401 kB]
2025-06-09T16:13:46.0029075Z Get:24 http://azure.archive.ubuntu.com/ubuntu noble/universe amd64 libcodec2-1.2 amd64 1.2.0-2build1 [8998 kB]
2025-06-09T16:13:46.1490315Z Get:25 http://azure.archive.ubuntu.com/ubuntu noble/universe amd64 libdav1d7 amd64 1.4.1-1build1 [604 kB]
2025-06-09T16:13:46.1700515Z Get:26 http://azure.archive.ubuntu.com/ubuntu noble/universe amd64 libgsm1 amd64 1.0.22-1build1 [27.8 kB]
2025-06-09T16:13:46.1865993Z Get:27 http://azure.archive.ubuntu.com/ubuntu noble/universe amd64 libhwy1t64 amd64 1.0.7-8.1build1 [584 kB]
2025-06-09T16:13:46.2099182Z Get:28 http://azure.archive.ubuntu.com/ubuntu noble/universe amd64 libjxl0.7 amd64 0.7.0-10.2ubuntu6 [999 kB]
2025-06-09T16:13:46.2393214Z Get:29 http://azure.archive.ubuntu.com/ubuntu noble/main amd64 libmp3lame0 amd64 3.100-6build1 [142 kB]
2025-06-09T16:13:46.2582913Z Get:30 http://azure.archive.ubuntu.com/ubuntu noble/main amd64 libopus0 amd64 1.4-1build1 [208 kB]
2025-06-09T16:13:46.2764235Z Get:31 http://azure.archive.ubuntu.com/ubuntu noble/universe amd64 librav1e0 amd64 0.7.1-2 [1022 kB]
2025-06-09T16:13:46.3118221Z Get:32 http://azure.archive.ubuntu.com/ubuntu noble/main amd64 librsvg2-2 amd64 2.58.0+dfsg-1build1 [2135 kB]
2025-06-09T16:13:46.3668509Z Get:33 http://azure.archive.ubuntu.com/ubuntu noble/universe amd64 libshine3 amd64 3.1.1-2build1 [23.2 kB]
2025-06-09T16:13:46.3847738Z Get:34 http://azure.archive.ubuntu.com/ubuntu noble-updates/main amd64 libspeex1 amd64 1.2.1-2ubuntu2.24.04.1 [59.6 kB]
2025-06-09T16:13:46.4024763Z Get:35 http://azure.archive.ubuntu.com/ubuntu noble/universe amd64 libsvtav1enc1d1 amd64 1.7.0+dfsg-2build1 [2425 kB]
2025-06-09T16:13:46.4508286Z Get:36 http://azure.archive.ubuntu.com/ubuntu noble/universe amd64 libsoxr0 amd64 0.1.3-4build3 [80.0 kB]
2025-06-09T16:13:46.4686349Z Get:37 http://azure.archive.ubuntu.com/ubuntu noble/universe amd64 libswresample4 amd64 7:6.1.1-3ubuntu5 [63.8 kB]
2025-06-09T16:13:46.4849336Z Get:38 http://azure.archive.ubuntu.com/ubuntu noble/main amd64 libtheora0 amd64 1.1.1+dfsg.1-16.1build3 [211 kB]
2025-06-09T16:13:46.5476201Z Get:39 http://azure.archive.ubuntu.com/ubuntu noble/main amd64 libtwolame0 amd64 0.4.0-2build3 [52.3 kB]
2025-06-09T16:13:46.5639912Z Get:40 http://azure.archive.ubuntu.com/ubuntu noble/main amd64 libvorbisenc2 amd64 1.3.7-1build3 [80.8 kB]
2025-06-09T16:13:46.5843968Z Get:41 http://azure.archive.ubuntu.com/ubuntu noble-updates/main amd64 libvpx9 amd64 1.14.0-1ubuntu2.2 [1143 kB]
2025-06-09T16:13:46.6195699Z Get:42 http://azure.archive.ubuntu.com/ubuntu noble/universe amd64 libx264-164 amd64 2:0.164.3108+git31e19f9-1 [604 kB]
2025-06-09T16:13:46.6425747Z Get:43 http://azure.archive.ubuntu.com/ubuntu noble/universe amd64 libx265-199 amd64 3.5-2build1 [1226 kB]
2025-06-09T16:13:46.6724520Z Get:44 http://azure.archive.ubuntu.com/ubuntu noble/universe amd64 libxvidcore4 amd64 2:1.3.7-1build1 [219 kB]
2025-06-09T16:13:46.6921448Z Get:45 http://azure.archive.ubuntu.com/ubuntu noble/universe amd64 libzvbi-common all 0.2.42-2 [42.4 kB]
2025-06-09T16:13:46.7101753Z Get:46 http://azure.archive.ubuntu.com/ubuntu noble/universe amd64 libzvbi0t64 amd64 0.2.42-2 [261 kB]
2025-06-09T16:13:46.7294282Z Get:47 http://azure.archive.ubuntu.com/ubuntu noble/universe amd64 libavcodec60 amd64 7:6.1.1-3ubuntu5 [5851 kB]
2025-06-09T16:13:46.8129147Z Get:48 http://azure.archive.ubuntu.com/ubuntu noble/universe amd64 libunibreak5 amd64 5.1-2build1 [25.0 kB]
2025-06-09T16:13:46.8293559Z Get:49 http://azure.archive.ubuntu.com/ubuntu noble/universe amd64 libass9 amd64 1:0.17.1-2build1 [104 kB]
2025-06-09T16:13:46.8467766Z Get:50 http://azure.archive.ubuntu.com/ubuntu noble/universe amd64 libudfread0 amd64 1.1.2-1build1 [19.0 kB]
2025-06-09T16:13:46.8636206Z Get:51 http://azure.archive.ubuntu.com/ubuntu noble/universe amd64 libbluray2 amd64 1:1.3.4-1build1 [159 kB]
2025-06-09T16:13:46.8818281Z Get:52 http://azure.archive.ubuntu.com/ubuntu noble/universe amd64 libchromaprint1 amd64 1.5.1-5 [30.5 kB]
2025-06-09T16:13:46.8979179Z Get:53 http://azure.archive.ubuntu.com/ubuntu noble/universe amd64 libgme0 amd64 0.6.3-7build1 [134 kB]
2025-06-09T16:13:46.9209606Z Get:54 http://azure.archive.ubuntu.com/ubuntu noble-updates/main amd64 libmpg123-0t64 amd64 1.32.5-1ubuntu1.1 [169 kB]
2025-06-09T16:13:46.9468767Z Get:55 http://azure.archive.ubuntu.com/ubuntu noble/universe amd64 libopenmpt0t64 amd64 0.7.3-1.1build3 [647 kB]
2025-06-09T16:13:46.9755895Z Get:56 http://azure.archive.ubuntu.com/ubuntu noble/universe amd64 libcjson1 amd64 1.7.17-1 [24.8 kB]
2025-06-09T16:13:47.0435635Z Get:57 http://azure.archive.ubuntu.com/ubuntu noble/universe amd64 libmbedcrypto7t64 amd64 2.28.8-1 [209 kB]
2025-06-09T16:13:47.0632597Z Get:58 http://azure.archive.ubuntu.com/ubuntu noble/universe amd64 librist4 amd64 0.2.10+dfsg-2 [74.9 kB]
2025-06-09T16:13:47.0798588Z Get:59 http://azure.archive.ubuntu.com/ubuntu noble/universe amd64 libsrt1.5-gnutls amd64 1.5.3-1build2 [316 kB]
2025-06-09T16:13:47.1017812Z Get:60 http://azure.archive.ubuntu.com/ubuntu noble/main amd64 libssh-gcrypt-4 amd64 0.10.6-2build2 [223 kB]
2025-06-09T16:13:47.1223942Z Get:61 http://azure.archive.ubuntu.com/ubuntu noble/universe amd64 libavformat60 amd64 7:6.1.1-3ubuntu5 [1153 kB]
2025-06-09T16:13:47.1610521Z Get:62 http://azure.archive.ubuntu.com/ubuntu noble/universe amd64 libbs2b0 amd64 3.1.0+dfsg-7build1 [10.6 kB]
2025-06-09T16:13:47.1773948Z Get:63 http://azure.archive.ubuntu.com/ubuntu noble/universe amd64 libflite1 amd64 2.2-6build3 [13.6 MB]
2025-06-09T16:13:47.3705640Z Get:64 http://azure.archive.ubuntu.com/ubuntu noble/universe amd64 libserd-0-0 amd64 0.32.2-1 [43.6 kB]
2025-06-09T16:13:47.3880515Z Get:65 http://azure.archive.ubuntu.com/ubuntu noble/universe amd64 libzix-0-0 amd64 0.4.2-2build1 [23.6 kB]
2025-06-09T16:13:47.4047819Z Get:66 http://azure.archive.ubuntu.com/ubuntu noble/universe amd64 libsord-0-0 amd64 0.16.16-2build1 [15.8 kB]
2025-06-09T16:13:47.4209796Z Get:67 http://azure.archive.ubuntu.com/ubuntu noble/universe amd64 libsratom-0-0 amd64 0.6.16-1build1 [17.3 kB]
2025-06-09T16:13:47.4370002Z Get:68 http://azure.archive.ubuntu.com/ubuntu noble/universe amd64 liblilv-0-0 amd64 0.24.22-1build1 [41.0 kB]
2025-06-09T16:13:47.4530001Z Get:69 http://azure.archive.ubuntu.com/ubuntu noble/universe amd64 libmysofa1 amd64 1.3.2+dfsg-2ubuntu2 [1158 kB]
2025-06-09T16:13:47.4987519Z Get:70 http://azure.archive.ubuntu.com/ubuntu noble/universe amd64 libplacebo338 amd64 6.338.2-2build1 [2654 kB]
2025-06-09T16:13:47.5515640Z Get:71 http://azure.archive.ubuntu.com/ubuntu noble-updates/main amd64 libblas3 amd64 3.12.0-3build1.1 [238 kB]
2025-06-09T16:13:47.5725034Z Get:72 http://azure.archive.ubuntu.com/ubuntu noble-updates/main amd64 liblapack3 amd64 3.12.0-3build1.1 [2646 kB]
2025-06-09T16:13:47.6289007Z Get:73 http://azure.archive.ubuntu.com/ubuntu noble/main amd64 libasyncns0 amd64 0.8-6build4 [11.3 kB]
2025-06-09T16:13:47.6459356Z Get:74 http://azure.archive.ubuntu.com/ubuntu noble/main amd64 libflac12t64 amd64 1.4.3+ds-2.1ubuntu2 [197 kB]
2025-06-09T16:13:47.6647019Z Get:75 http://azure.archive.ubuntu.com/ubuntu noble-updates/main amd64 libsndfile1 amd64 1.2.2-1ubuntu5.24.04.1 [209 kB]
2025-06-09T16:13:47.7293870Z Get:76 http://azure.archive.ubuntu.com/ubuntu noble-updates/main amd64 libpulse0 amd64 1:16.1+dfsg1-2ubuntu10.1 [292 kB]
2025-06-09T16:13:47.7536912Z Get:77 http://azure.archive.ubuntu.com/ubuntu noble/universe amd64 libsphinxbase3t64 amd64 0.8+5prealpha+1-17build2 [126 kB]
2025-06-09T16:13:47.7744295Z Get:78 http://azure.archive.ubuntu.com/ubuntu noble/universe amd64 libpocketsphinx3 amd64 0.8.0+real5prealpha+1-15ubuntu5 [133 kB]
2025-06-09T16:13:47.7941864Z Get:79 http://azure.archive.ubuntu.com/ubuntu noble/universe amd64 libpostproc57 amd64 7:6.1.1-3ubuntu5 [49.9 kB]
2025-06-09T16:13:47.8123747Z Get:80 http://azure.archive.ubuntu.com/ubuntu noble/main amd64 libsamplerate0 amd64 0.2.2-4build1 [1344 kB]
2025-06-09T16:13:47.8560221Z Get:81 http://azure.archive.ubuntu.com/ubuntu noble/universe amd64 librubberband2 amd64 3.3.0+dfsg-2build1 [130 kB]
2025-06-09T16:13:47.8741471Z Get:82 http://azure.archive.ubuntu.com/ubuntu noble/universe amd64 libswscale7 amd64 7:6.1.1-3ubuntu5 [193 kB]
2025-06-09T16:13:47.8925807Z Get:83 http://azure.archive.ubuntu.com/ubuntu noble/universe amd64 libvidstab1.1 amd64 1.1.0-2build1 [38.5 kB]
2025-06-09T16:13:47.9084989Z Get:84 http://azure.archive.ubuntu.com/ubuntu noble/universe amd64 libzimg2 amd64 3.0.5+ds1-1build1 [254 kB]
2025-06-09T16:13:47.9270442Z Get:85 http://azure.archive.ubuntu.com/ubuntu noble/universe amd64 libavfilter9 amd64 7:6.1.1-3ubuntu5 [4235 kB]
2025-06-09T16:13:47.9994785Z Get:86 http://azure.archive.ubuntu.com/ubuntu noble-updates/main amd64 liborc-0.4-0t64 amd64 1:0.4.38-1ubuntu0.1 [207 kB]
2025-06-09T16:13:48.0215765Z Get:87 http://azure.archive.ubuntu.com/ubuntu noble-updates/main amd64 libgstreamer-plugins-base1.0-0 amd64 1.24.2-1ubuntu0.2 [862 kB]
2025-06-09T16:13:48.0569270Z Get:88 http://azure.archive.ubuntu.com/ubuntu noble/universe amd64 gstreamer1.0-libav amd64 1.24.1-1build1 [103 kB]
2025-06-09T16:13:48.0735465Z Get:89 http://azure.archive.ubuntu.com/ubuntu noble/main amd64 libcdparanoia0 amd64 3.10.2+debian-14build3 [48.5 kB]
2025-06-09T16:13:48.0902388Z Get:90 http://azure.archive.ubuntu.com/ubuntu noble/main amd64 libvisual-0.4-0 amd64 0.4.2-2build1 [115 kB]
2025-06-09T16:13:48.1087926Z Get:91 http://azure.archive.ubuntu.com/ubuntu noble-updates/main amd64 gstreamer1.0-plugins-base amd64 1.24.2-1ubuntu0.2 [721 kB]
2025-06-09T16:13:48.1445553Z Get:92 http://azure.archive.ubuntu.com/ubuntu noble/main amd64 libaa1 amd64 1.4p5-51.1 [49.9 kB]
2025-06-09T16:13:48.1636417Z Get:93 http://azure.archive.ubuntu.com/ubuntu noble/main amd64 libraw1394-11 amd64 2.1.2-2build3 [26.2 kB]
2025-06-09T16:13:48.2242660Z Get:94 http://azure.archive.ubuntu.com/ubuntu noble/main amd64 libavc1394-0 amd64 0.5.4-5build3 [15.4 kB]
2025-06-09T16:13:48.2418242Z Get:95 http://azure.archive.ubuntu.com/ubuntu noble/main amd64 libcaca0 amd64 0.99.beta20-4build2 [208 kB]
2025-06-09T16:13:48.2708429Z Get:96 http://azure.archive.ubuntu.com/ubuntu noble/main amd64 libdv4t64 amd64 1.0.0-17.1build1 [63.2 kB]
2025-06-09T16:13:48.2876759Z Get:97 http://azure.archive.ubuntu.com/ubuntu noble-updates/main amd64 libgstreamer-plugins-good1.0-0 amd64 1.24.2-1ubuntu1.1 [32.9 kB]
2025-06-09T16:13:48.3036140Z Get:98 http://azure.archive.ubuntu.com/ubuntu noble/main amd64 libiec61883-0 amd64 1.2.0-6build1 [24.5 kB]
2025-06-09T16:13:48.3191737Z Get:99 http://azure.archive.ubuntu.com/ubuntu noble/main amd64 libshout3 amd64 2.4.6-1build2 [50.3 kB]
2025-06-09T16:13:48.3363149Z Get:100 http://azure.archive.ubuntu.com/ubuntu noble/main amd64 libtag1v5-vanilla amd64 1.13.1-1build1 [326 kB]
2025-06-09T16:13:48.3584867Z Get:101 http://azure.archive.ubuntu.com/ubuntu noble/main amd64 libtag1v5 amd64 1.13.1-1build1 [11.7 kB]
2025-06-09T16:13:48.3755952Z Get:102 http://azure.archive.ubuntu.com/ubuntu noble/main amd64 libv4lconvert0t64 amd64 1.26.1-4build3 [87.6 kB]
2025-06-09T16:13:48.3930647Z Get:103 http://azure.archive.ubuntu.com/ubuntu noble/main amd64 libv4l-0t64 amd64 1.26.1-4build3 [46.9 kB]
2025-06-09T16:13:48.4112866Z Get:104 http://azure.archive.ubuntu.com/ubuntu noble/main amd64 libwavpack1 amd64 5.6.0-1build1 [84.6 kB]
2025-06-09T16:13:48.4286839Z Get:105 http://azure.archive.ubuntu.com/ubuntu noble-updates/main amd64 libsoup-3.0-common all 3.4.4-5ubuntu0.4 [11.1 kB]
2025-06-09T16:13:48.4444314Z Get:106 http://azure.archive.ubuntu.com/ubuntu noble-updates/main amd64 libsoup-3.0-0 amd64 3.4.4-5ubuntu0.4 [290 kB]
2025-06-09T16:13:48.4898950Z Get:107 http://azure.archive.ubuntu.com/ubuntu noble-updates/main amd64 gstreamer1.0-plugins-good amd64 1.24.2-1ubuntu1.1 [2238 kB]
2025-06-09T16:13:48.5751664Z Get:108 http://azure.archive.ubuntu.com/ubuntu noble-updates/main amd64 libabsl20220623t64 amd64 20220623.1-3.1ubuntu3.2 [423 kB]
2025-06-09T16:13:48.6000171Z Get:109 http://azure.archive.ubuntu.com/ubuntu noble/universe amd64 libgav1-1 amd64 0.18.0-1build3 [357 kB]
2025-06-09T16:13:48.6257481Z Get:110 http://azure.archive.ubuntu.com/ubuntu noble/universe amd64 libyuv0 amd64 0.0~git202401110.af6ac82-1 [178 kB]
2025-06-09T16:13:48.6468462Z Get:111 http://azure.archive.ubuntu.com/ubuntu noble/universe amd64 libavif16 amd64 1.0.4-1ubuntu3 [91.2 kB]
2025-06-09T16:13:48.6634321Z Get:112 http://azure.archive.ubuntu.com/ubuntu noble/universe amd64 libavtp0 amd64 0.2.0-1build1 [6414 B]
2025-06-09T16:13:48.6773922Z Get:113 http://azure.archive.ubuntu.com/ubuntu noble/main amd64 libcairo-script-interpreter2 amd64 1.18.0-3build1 [60.3 kB]
2025-06-09T16:13:48.6942632Z Get:114 http://azure.archive.ubuntu.com/ubuntu noble/universe amd64 libdc1394-25 amd64 2.2.6-4build1 [90.1 kB]
2025-06-09T16:13:48.7131741Z Get:115 http://azure.archive.ubuntu.com/ubuntu noble/main amd64 libdecor-0-0 amd64 0.2.2-1build2 [16.5 kB]
2025-06-09T16:13:48.7294309Z Get:116 http://azure.archive.ubuntu.com/ubuntu noble/main amd64 libgles2 amd64 1.7.0-1build1 [17.1 kB]
2025-06-09T16:13:48.7452907Z Get:117 http://azure.archive.ubuntu.com/ubuntu noble/universe amd64 libdirectfb-1.7-7t64 amd64 1.7.7-11.1ubuntu2 [1035 kB]
2025-06-09T16:13:48.7964619Z Get:118 http://azure.archive.ubuntu.com/ubuntu noble/universe amd64 libdvdread8t64 amd64 6.1.3-1.1build1 [54.7 kB]
2025-06-09T16:13:48.8120283Z Get:119 http://azure.archive.ubuntu.com/ubuntu noble/universe amd64 libdvdnav4 amd64 6.1.1-3build1 [39.5 kB]
2025-06-09T16:13:48.8278136Z Get:120 http://azure.archive.ubuntu.com/ubuntu noble-updates/main amd64 libegl-mesa0 amd64 24.2.8-1ubuntu1~24.04.1 [129 kB]
2025-06-09T16:13:48.8992736Z Get:121 http://azure.archive.ubuntu.com/ubuntu noble/main amd64 libevent-2.1-7t64 amd64 2.1.12-stable-9ubuntu2 [145 kB]
2025-06-09T16:13:48.9238562Z Get:122 http://azure.archive.ubuntu.com/ubuntu noble/universe amd64 libfaad2 amd64 2.11.1-1build1 [207 kB]
2025-06-09T16:13:48.9539922Z Get:123 http://azure.archive.ubuntu.com/ubuntu noble/universe amd64 libinstpatch-1.0-2 amd64 1.1.6-1build2 [251 kB]
2025-06-09T16:13:48.9799437Z Get:124 http://azure.archive.ubuntu.com/ubuntu noble/main amd64 libjack-jackd2-0 amd64 1.9.21~dfsg-3ubuntu3 [289 kB]
2025-06-09T16:13:49.0266377Z Get:125 http://azure.archive.ubuntu.com/ubuntu noble/main amd64 libwebrtc-audio-processing1 amd64 0.3.1-0ubuntu6 [290 kB]
2025-06-09T16:13:49.0822420Z Get:126 http://azure.archive.ubuntu.com/ubuntu noble-updates/main amd64 libspa-0.2-modules amd64 1.0.5-1ubuntu3 [626 kB]
2025-06-09T16:13:49.1257591Z Get:127 http://azure.archive.ubuntu.com/ubuntu noble-updates/main amd64 libpipewire-0.3-0t64 amd64 1.0.5-1ubuntu3 [252 kB]
2025-06-09T16:13:49.1550300Z Get:128 http://azure.archive.ubuntu.com/ubuntu noble-updates/main amd64 libsdl2-2.0-0 amd64 2.30.0+dfsg-1ubuntu3.1 [686 kB]
2025-06-09T16:13:49.1923432Z Get:129 http://azure.archive.ubuntu.com/ubuntu noble/universe amd64 timgm6mb-soundfont all 1.3-5 [5427 kB]
2025-06-09T16:13:49.3929996Z Get:130 http://azure.archive.ubuntu.com/ubuntu noble/universe amd64 libfluidsynth3 amd64 2.3.4-1build3 [249 kB]
2025-06-09T16:13:49.4151172Z Get:131 http://azure.archive.ubuntu.com/ubuntu noble/main amd64 libfreeaptx0 amd64 0.1.1-2build1 [13.5 kB]
2025-06-09T16:13:49.4306013Z Get:132 http://azure.archive.ubuntu.com/ubuntu noble/main amd64 libgraphene-1.0-0 amd64 1.10.8-3build2 [46.2 kB]
2025-06-09T16:13:49.4467587Z Get:133 http://azure.archive.ubuntu.com/ubuntu noble/main amd64 libgssdp-1.6-0 amd64 1.6.3-1build3 [40.4 kB]
2025-06-09T16:13:49.4642741Z Get:134 http://azure.archive.ubuntu.com/ubuntu noble/main amd64 libegl1 amd64 1.7.0-1build1 [28.7 kB]
2025-06-09T16:13:49.4875583Z Get:135 http://azure.archive.ubuntu.com/ubuntu noble-updates/main amd64 libgstreamer-gl1.0-0 amd64 1.24.2-1ubuntu0.2 [214 kB]
2025-06-09T16:13:49.5043786Z Get:136 http://azure.archive.ubuntu.com/ubuntu noble-updates/main amd64 libgtk-4-common all 4.14.2+ds-1ubuntu3 [1496 kB]
2025-06-09T16:13:49.5779545Z Get:137 http://azure.archive.ubuntu.com/ubuntu noble-updates/main amd64 libgtk-4-1 amd64 4.14.2+ds-1ubuntu3 [3289 kB]
2025-06-09T16:13:49.7067717Z Get:138 http://azure.archive.ubuntu.com/ubuntu noble/main amd64 libgupnp-1.6-0 amd64 1.6.6-1build3 [92.7 kB]
2025-06-09T16:13:49.7675359Z Get:139 http://azure.archive.ubuntu.com/ubuntu noble/universe amd64 libgupnp-igd-1.6-0 amd64 1.6.0-3build3 [16.5 kB]
2025-06-09T16:13:49.7835490Z Get:140 http://azure.archive.ubuntu.com/ubuntu noble/main amd64 libharfbuzz-icu0 amd64 8.3.0-2build2 [13.3 kB]
2025-06-09T16:13:49.7986481Z Get:141 http://azure.archive.ubuntu.com/ubuntu noble/main amd64 libhyphen0 amd64 2.8.8-7build3 [26.5 kB]
2025-06-09T16:13:49.8137655Z Get:142 http://azure.archive.ubuntu.com/ubuntu noble/universe amd64 libimath-3-1-29t64 amd64 3.1.9-3.1ubuntu2 [72.2 kB]
2025-06-09T16:13:49.8292783Z Get:143 http://azure.archive.ubuntu.com/ubuntu noble/main amd64 liblc3-1 amd64 1.0.4-3build1 [69.7 kB]
2025-06-09T16:13:49.8457999Z Get:144 http://azure.archive.ubuntu.com/ubuntu noble/main amd64 libldacbt-enc2 amd64 2.0.2.3+git20200429+ed310a0-4ubuntu2 [27.1 kB]
2025-06-09T16:13:49.8607100Z Get:145 http://azure.archive.ubuntu.com/ubuntu noble-updates/main amd64 libraptor2-0 amd64 2.0.16-3ubuntu0.1 [165 kB]
2025-06-09T16:13:49.8787050Z Get:146 http://azure.archive.ubuntu.com/ubuntu noble/universe amd64 liblrdf0 amd64 0.6.1-4build1 [18.5 kB]
2025-06-09T16:13:49.8928277Z Get:147 http://azure.archive.ubuntu.com/ubuntu noble/universe amd64 libltc11 amd64 1.3.2-1build1 [13.0 kB]
2025-06-09T16:13:49.9128620Z Get:148 http://azure.archive.ubuntu.com/ubuntu noble/main amd64 libmanette-0.2-0 amd64 0.2.7-1build2 [30.6 kB]
2025-06-09T16:13:49.9277279Z Get:149 http://azure.archive.ubuntu.com/ubuntu noble/universe amd64 libmfx1 amd64 22.5.4-1 [3124 kB]
2025-06-09T16:13:50.0077729Z Get:150 http://azure.archive.ubuntu.com/ubuntu noble/universe amd64 libmjpegutils-2.1-0t64 amd64 1:2.1.0+debian-8.1build1 [25.5 kB]
2025-06-09T16:13:50.0368049Z Get:151 http://azure.archive.ubuntu.com/ubuntu noble/universe amd64 libmodplug1 amd64 1:0.8.9.0-3build1 [166 kB]
2025-06-09T16:13:50.0522340Z Get:152 http://azure.archive.ubuntu.com/ubuntu noble/universe amd64 libmpcdec6 amd64 2:0.1~r495-2build1 [32.7 kB]
2025-06-09T16:13:50.0733903Z Get:153 http://azure.archive.ubuntu.com/ubuntu noble/universe amd64 libmpeg2encpp-2.1-0t64 amd64 1:2.1.0+debian-8.1build1 [75.6 kB]
2025-06-09T16:13:50.0894742Z Get:154 http://azure.archive.ubuntu.com/ubuntu noble/universe amd64 libmplex2-2.1-0t64 amd64 1:2.1.0+debian-8.1build1 [46.1 kB]
2025-06-09T16:13:50.1038144Z Get:155 http://azure.archive.ubuntu.com/ubuntu noble/universe amd64 libneon27t64 amd64 0.33.0-1.1build3 [102 kB]
2025-06-09T16:13:50.1194914Z Get:156 http://azure.archive.ubuntu.com/ubuntu noble/universe amd64 libnice10 amd64 0.1.21-2build3 [157 kB]
2025-06-09T16:13:50.1863530Z Get:157 http://azure.archive.ubuntu.com/ubuntu noble/universe amd64 libopenal-data all 1:1.23.1-4build1 [161 kB]
2025-06-09T16:13:50.2087174Z Get:158 http://azure.archive.ubuntu.com/ubuntu noble/universe amd64 libopenexr-3-1-30 amd64 3.1.5-5.1build3 [1004 kB]
2025-06-09T16:13:50.2499333Z Get:159 http://azure.archive.ubuntu.com/ubuntu noble/universe amd64 libopenh264-7 amd64 2.4.1+dfsg-1 [409 kB]
2025-06-09T16:13:50.2727767Z Get:160 http://azure.archive.ubuntu.com/ubuntu noble/universe amd64 libopenni2-0 amd64 2.2.0.33+dfsg-18 [370 kB]
2025-06-09T16:13:50.2965043Z Get:161 http://azure.archive.ubuntu.com/ubuntu noble/universe amd64 libqrencode4 amd64 4.1.1-1build2 [25.0 kB]
2025-06-09T16:13:50.3115744Z Get:162 http://azure.archive.ubuntu.com/ubuntu noble/main amd64 libsecret-common all 0.21.4-1build3 [4962 B]
2025-06-09T16:13:50.3281236Z Get:163 http://azure.archive.ubuntu.com/ubuntu noble/main amd64 libsecret-1-0 amd64 0.21.4-1build3 [116 kB]
2025-06-09T16:13:50.3447740Z Get:164 http://azure.archive.ubuntu.com/ubuntu noble/universe amd64 libsndio7.0 amd64 1.9.0-0.3build3 [29.6 kB]
2025-06-09T16:13:50.3592731Z Get:165 http://azure.archive.ubuntu.com/ubuntu noble/universe amd64 libsoundtouch1 amd64 2.3.2+ds1-1build1 [60.5 kB]
2025-06-09T16:13:50.3763214Z Get:166 http://azure.archive.ubuntu.com/ubuntu noble/universe amd64 libspandsp2t64 amd64 0.0.6+dfsg-2.1build1 [311 kB]
2025-06-09T16:13:50.3980166Z Get:167 http://azure.archive.ubuntu.com/ubuntu noble/universe amd64 libsrtp2-1 amd64 2.5.0-3build1 [41.9 kB]
2025-06-09T16:13:50.4132659Z Get:168 http://azure.archive.ubuntu.com/ubuntu noble/universe amd64 libwildmidi2 amd64 0.4.3-1build3 [68.5 kB]
2025-06-09T16:13:50.4283250Z Get:169 http://azure.archive.ubuntu.com/ubuntu noble/main amd64 libwoff1 amd64 1.0.2-2build1 [45.3 kB]
2025-06-09T16:13:50.4453092Z Get:170 http://azure.archive.ubuntu.com/ubuntu noble/main amd64 libxcb-xkb1 amd64 1.15-1ubuntu2 [32.3 kB]
2025-06-09T16:13:50.4604797Z Get:171 http://azure.archive.ubuntu.com/ubuntu noble/main amd64 libxkbcommon-x11-0 amd64 1.6.0-1build1 [14.5 kB]
2025-06-09T16:13:50.4753485Z Get:172 http://azure.archive.ubuntu.com/ubuntu noble/universe amd64 libzbar0t64 amd64 0.23.93-4build3 [123 kB]
2025-06-09T16:13:50.4953921Z Get:173 http://azure.archive.ubuntu.com/ubuntu noble/universe amd64 libzxing3 amd64 2.2.1-3 [583 kB]
2025-06-09T16:13:50.5254452Z Get:174 http://azure.archive.ubuntu.com/ubuntu noble/main amd64 xfonts-encodings all 1:1.0.5-0ubuntu2 [578 kB]
2025-06-09T16:13:50.5594725Z Get:175 http://azure.archive.ubuntu.com/ubuntu noble/main amd64 xfonts-utils amd64 1:7.7+6build3 [94.4 kB]
2025-06-09T16:13:50.6204179Z Get:176 http://azure.archive.ubuntu.com/ubuntu noble/universe amd64 xfonts-cyrillic all 1:1.0.5+nmu1 [384 kB]
2025-06-09T16:13:50.6424123Z Get:177 http://azure.archive.ubuntu.com/ubuntu noble/main amd64 xfonts-scalable all 1:1.0.3-1.3 [304 kB]
2025-06-09T16:13:50.6615678Z Get:178 http://azure.archive.ubuntu.com/ubuntu noble/universe amd64 libgstreamer-plugins-bad1.0-0 amd64 1.24.2-1ubuntu4 [797 kB]
2025-06-09T16:13:50.7053405Z Get:179 http://azure.archive.ubuntu.com/ubuntu noble/universe amd64 libdca0 amd64 0.0.7-2build1 [93.8 kB]
2025-06-09T16:13:50.7195079Z Get:180 http://azure.archive.ubuntu.com/ubuntu noble/universe amd64 libopenal1 amd64 1:1.23.1-4build1 [540 kB]
2025-06-09T16:13:50.7498322Z Get:181 http://azure.archive.ubuntu.com/ubuntu noble/main amd64 libsbc1 amd64 2.0-1build1 [33.9 kB]
2025-06-09T16:13:50.7655054Z Get:182 http://azure.archive.ubuntu.com/ubuntu noble/universe amd64 libvo-aacenc0 amd64 0.1.3-2build1 [67.8 kB]
2025-06-09T16:13:50.8226945Z Get:183 http://azure.archive.ubuntu.com/ubuntu noble/universe amd64 libvo-amrwbenc0 amd64 0.1.3-2build1 [76.7 kB]
2025-06-09T16:13:50.8402451Z Get:184 http://azure.archive.ubuntu.com/ubuntu noble/universe amd64 gstreamer1.0-plugins-bad amd64 1.24.2-1ubuntu4 [3081 kB]
2025-06-09T16:13:51.3355418Z Fetched 116 MB in 6s (20.0 MB/s)
2025-06-09T16:13:51.3853562Z Selecting previously unselected package fonts-ipafont-gothic.
2025-06-09T16:13:51.4597950Z (Reading database ... 
2025-06-09T16:13:51.4598422Z (Reading database ... 5%
2025-06-09T16:13:51.4598705Z (Reading database ... 10%
2025-06-09T16:13:51.4598969Z (Reading database ... 15%
2025-06-09T16:13:51.4599219Z (Reading database ... 20%
2025-06-09T16:13:51.4599463Z (Reading database ... 25%
2025-06-09T16:13:51.4599840Z (Reading database ... 30%
2025-06-09T16:13:51.4600245Z (Reading database ... 35%
2025-06-09T16:13:51.4600646Z (Reading database ... 40%
2025-06-09T16:13:51.4601239Z (Reading database ... 45%
2025-06-09T16:13:51.4601642Z (Reading database ... 50%
2025-06-09T16:13:51.5484800Z (Reading database ... 55%
2025-06-09T16:13:51.7992704Z (Reading database ... 60%
2025-06-09T16:13:52.0531528Z (Reading database ... 65%
2025-06-09T16:13:52.1671949Z (Reading database ... 70%
2025-06-09T16:13:52.3025593Z (Reading database ... 75%
2025-06-09T16:13:52.8823996Z (Reading database ... 80%
2025-06-09T16:13:53.6312152Z (Reading database ... 85%
2025-06-09T16:13:54.5314948Z (Reading database ... 90%
2025-06-09T16:13:55.2816225Z (Reading database ... 95%
2025-06-09T16:13:55.2816840Z (Reading database ... 100%
2025-06-09T16:13:55.2817407Z (Reading database ... 222694 files and directories currently installed.)
2025-06-09T16:13:55.2864064Z Preparing to unpack .../000-fonts-ipafont-gothic_00303-21ubuntu1_all.deb ...
2025-06-09T16:13:55.2963878Z Unpacking fonts-ipafont-gothic (00303-21ubuntu1) ...
2025-06-09T16:13:55.5348137Z Preparing to unpack .../001-libglib2.0-data_2.80.0-6ubuntu3.4_all.deb ...
2025-06-09T16:13:55.5375436Z Unpacking libglib2.0-data (2.80.0-6ubuntu3.4) over (2.80.0-6ubuntu3.2) ...
2025-06-09T16:13:55.5718735Z Preparing to unpack .../002-libglib2.0-bin_2.80.0-6ubuntu3.4_amd64.deb ...
2025-06-09T16:13:55.5739518Z Unpacking libglib2.0-bin (2.80.0-6ubuntu3.4) over (2.80.0-6ubuntu3.2) ...
2025-06-09T16:13:55.6912879Z Preparing to unpack .../003-gir1.2-glib-2.0_2.80.0-6ubuntu3.4_amd64.deb ...
2025-06-09T16:13:55.6936501Z Unpacking gir1.2-glib-2.0:amd64 (2.80.0-6ubuntu3.4) over (2.80.0-6ubuntu3.2) ...
2025-06-09T16:13:55.7348349Z Preparing to unpack .../004-libglib2.0-0t64_2.80.0-6ubuntu3.4_amd64.deb ...
2025-06-09T16:13:55.7571982Z Unpacking libglib2.0-0t64:amd64 (2.80.0-6ubuntu3.4) over (2.80.0-6ubuntu3.2) ...
2025-06-09T16:13:55.8074988Z Selecting previously unselected package fonts-freefont-ttf.
2025-06-09T16:13:55.8212823Z Preparing to unpack .../005-fonts-freefont-ttf_20211204+svn4273-2_all.deb ...
2025-06-09T16:13:55.8220648Z Unpacking fonts-freefont-ttf (20211204+svn4273-2) ...
2025-06-09T16:13:55.9082383Z Selecting previously unselected package fonts-tlwg-loma-otf.
2025-06-09T16:13:55.9219821Z Preparing to unpack .../006-fonts-tlwg-loma-otf_1%3a0.7.3-1_all.deb ...
2025-06-09T16:13:55.9227143Z Unpacking fonts-tlwg-loma-otf (1:0.7.3-1) ...
2025-06-09T16:13:55.9434230Z Selecting previously unselected package fonts-unifont.
2025-06-09T16:13:55.9570125Z Preparing to unpack .../007-fonts-unifont_1%3a15.1.01-1build1_all.deb ...
2025-06-09T16:13:55.9577606Z Unpacking fonts-unifont (1:15.1.01-1build1) ...
2025-06-09T16:13:56.0768082Z Selecting previously unselected package fonts-wqy-zenhei.
2025-06-09T16:13:56.0908053Z Preparing to unpack .../008-fonts-wqy-zenhei_0.9.45-8_all.deb ...
2025-06-09T16:13:56.1048908Z Unpacking fonts-wqy-zenhei (0.9.45-8) ...
2025-06-09T16:13:56.5599603Z Selecting previously unselected package libproxy1v5:amd64.
2025-06-09T16:13:56.5735674Z Preparing to unpack .../009-libproxy1v5_0.5.4-4build1_amd64.deb ...
2025-06-09T16:13:56.5744927Z Unpacking libproxy1v5:amd64 (0.5.4-4build1) ...
2025-06-09T16:13:56.5943053Z Selecting previously unselected package glib-networking-common.
2025-06-09T16:13:56.6080060Z Preparing to unpack .../010-glib-networking-common_2.80.0-1build1_all.deb ...
2025-06-09T16:13:56.6087170Z Unpacking glib-networking-common (2.80.0-1build1) ...
2025-06-09T16:13:56.6272517Z Selecting previously unselected package glib-networking-services.
2025-06-09T16:13:56.6404805Z Preparing to unpack .../011-glib-networking-services_2.80.0-1build1_amd64.deb ...
2025-06-09T16:13:56.6412797Z Unpacking glib-networking-services (2.80.0-1build1) ...
2025-06-09T16:13:56.6618057Z Selecting previously unselected package session-migration.
2025-06-09T16:13:56.6750699Z Preparing to unpack .../012-session-migration_0.3.9build1_amd64.deb ...
2025-06-09T16:13:56.6758555Z Unpacking session-migration (0.3.9build1) ...
2025-06-09T16:13:56.7015139Z Selecting previously unselected package gsettings-desktop-schemas.
2025-06-09T16:13:56.7146739Z Preparing to unpack .../013-gsettings-desktop-schemas_46.1-0ubuntu1_all.deb ...
2025-06-09T16:13:56.7155819Z Unpacking gsettings-desktop-schemas (46.1-0ubuntu1) ...
2025-06-09T16:13:56.7402477Z Selecting previously unselected package glib-networking:amd64.
2025-06-09T16:13:56.7533987Z Preparing to unpack .../014-glib-networking_2.80.0-1build1_amd64.deb ...
2025-06-09T16:13:56.7541565Z Unpacking glib-networking:amd64 (2.80.0-1build1) ...
2025-06-09T16:13:56.7748871Z Selecting previously unselected package libva2:amd64.
2025-06-09T16:13:56.7882415Z Preparing to unpack .../015-libva2_2.20.0-2build1_amd64.deb ...
2025-06-09T16:13:56.7892556Z Unpacking libva2:amd64 (2.20.0-2build1) ...
2025-06-09T16:13:56.8161783Z Selecting previously unselected package libva-drm2:amd64.
2025-06-09T16:13:56.8292834Z Preparing to unpack .../016-libva-drm2_2.20.0-2build1_amd64.deb ...
2025-06-09T16:13:56.8300067Z Unpacking libva-drm2:amd64 (2.20.0-2build1) ...
2025-06-09T16:13:56.8520392Z Selecting previously unselected package libva-x11-2:amd64.
2025-06-09T16:13:56.8651312Z Preparing to unpack .../017-libva-x11-2_2.20.0-2build1_amd64.deb ...
2025-06-09T16:13:56.8660110Z Unpacking libva-x11-2:amd64 (2.20.0-2build1) ...
2025-06-09T16:13:56.8861353Z Selecting previously unselected package libvdpau1:amd64.
2025-06-09T16:13:56.8994868Z Preparing to unpack .../018-libvdpau1_1.5-2build1_amd64.deb ...
2025-06-09T16:13:56.9002756Z Unpacking libvdpau1:amd64 (1.5-2build1) ...
2025-06-09T16:13:56.9216021Z Selecting previously unselected package libvpl2.
2025-06-09T16:13:56.9347237Z Preparing to unpack .../019-libvpl2_2023.3.0-1build1_amd64.deb ...
2025-06-09T16:13:56.9354913Z Unpacking libvpl2 (2023.3.0-1build1) ...
2025-06-09T16:13:56.9575957Z Selecting previously unselected package ocl-icd-libopencl1:amd64.
2025-06-09T16:13:56.9708998Z Preparing to unpack .../020-ocl-icd-libopencl1_2.3.2-1build1_amd64.deb ...
2025-06-09T16:13:56.9717211Z Unpacking ocl-icd-libopencl1:amd64 (2.3.2-1build1) ...
2025-06-09T16:13:56.9942501Z Selecting previously unselected package libavutil58:amd64.
2025-06-09T16:13:57.0077506Z Preparing to unpack .../021-libavutil58_7%3a6.1.1-3ubuntu5_amd64.deb ...
2025-06-09T16:13:57.0099577Z Unpacking libavutil58:amd64 (7:6.1.1-3ubuntu5) ...
2025-06-09T16:13:57.0361248Z Selecting previously unselected package libcodec2-1.2:amd64.
2025-06-09T16:13:57.0499882Z Preparing to unpack .../022-libcodec2-1.2_1.2.0-2build1_amd64.deb ...
2025-06-09T16:13:57.0508064Z Unpacking libcodec2-1.2:amd64 (1.2.0-2build1) ...
2025-06-09T16:13:57.1279983Z Selecting previously unselected package libdav1d7:amd64.
2025-06-09T16:13:57.1416590Z Preparing to unpack .../023-libdav1d7_1.4.1-1build1_amd64.deb ...
2025-06-09T16:13:57.1424686Z Unpacking libdav1d7:amd64 (1.4.1-1build1) ...
2025-06-09T16:13:57.1702110Z Selecting previously unselected package libgsm1:amd64.
2025-06-09T16:13:57.1837248Z Preparing to unpack .../024-libgsm1_1.0.22-1build1_amd64.deb ...
2025-06-09T16:13:57.1845184Z Unpacking libgsm1:amd64 (1.0.22-1build1) ...
2025-06-09T16:13:57.2050553Z Selecting previously unselected package libhwy1t64:amd64.
2025-06-09T16:13:57.2184011Z Preparing to unpack .../025-libhwy1t64_1.0.7-8.1build1_amd64.deb ...
2025-06-09T16:13:57.2192472Z Unpacking libhwy1t64:amd64 (1.0.7-8.1build1) ...
2025-06-09T16:13:57.2511059Z Selecting previously unselected package libjxl0.7:amd64.
2025-06-09T16:13:57.2646132Z Preparing to unpack .../026-libjxl0.7_0.7.0-10.2ubuntu6_amd64.deb ...
2025-06-09T16:13:57.2654807Z Unpacking libjxl0.7:amd64 (0.7.0-10.2ubuntu6) ...
2025-06-09T16:13:57.2996382Z Selecting previously unselected package libmp3lame0:amd64.
2025-06-09T16:13:57.3134941Z Preparing to unpack .../027-libmp3lame0_3.100-6build1_amd64.deb ...
2025-06-09T16:13:57.3142903Z Unpacking libmp3lame0:amd64 (3.100-6build1) ...
2025-06-09T16:13:57.3368221Z Selecting previously unselected package libopus0:amd64.
2025-06-09T16:13:57.3502608Z Preparing to unpack .../028-libopus0_1.4-1build1_amd64.deb ...
2025-06-09T16:13:57.3510284Z Unpacking libopus0:amd64 (1.4-1build1) ...
2025-06-09T16:13:57.3750147Z Selecting previously unselected package librav1e0:amd64.
2025-06-09T16:13:57.3881353Z Preparing to unpack .../029-librav1e0_0.7.1-2_amd64.deb ...
2025-06-09T16:13:57.3889378Z Unpacking librav1e0:amd64 (0.7.1-2) ...
2025-06-09T16:13:57.4224463Z Selecting previously unselected package librsvg2-2:amd64.
2025-06-09T16:13:57.4357537Z Preparing to unpack .../030-librsvg2-2_2.58.0+dfsg-1build1_amd64.deb ...
2025-06-09T16:13:57.4365002Z Unpacking librsvg2-2:amd64 (2.58.0+dfsg-1build1) ...
2025-06-09T16:13:57.4825814Z Selecting previously unselected package libshine3:amd64.
2025-06-09T16:13:57.4958251Z Preparing to unpack .../031-libshine3_3.1.1-2build1_amd64.deb ...
2025-06-09T16:13:57.4966020Z Unpacking libshine3:amd64 (3.1.1-2build1) ...
2025-06-09T16:13:57.5188381Z Selecting previously unselected package libspeex1:amd64.
2025-06-09T16:13:57.5321313Z Preparing to unpack .../032-libspeex1_1.2.1-2ubuntu2.24.04.1_amd64.deb ...
2025-06-09T16:13:57.5329412Z Unpacking libspeex1:amd64 (1.2.1-2ubuntu2.24.04.1) ...
2025-06-09T16:13:57.5551931Z Selecting previously unselected package libsvtav1enc1d1:amd64.
2025-06-09T16:13:57.5688507Z Preparing to unpack .../033-libsvtav1enc1d1_1.7.0+dfsg-2build1_amd64.deb ...
2025-06-09T16:13:57.5696527Z Unpacking libsvtav1enc1d1:amd64 (1.7.0+dfsg-2build1) ...
2025-06-09T16:13:57.6236770Z Selecting previously unselected package libsoxr0:amd64.
2025-06-09T16:13:57.6372567Z Preparing to unpack .../034-libsoxr0_0.1.3-4build3_amd64.deb ...
2025-06-09T16:13:57.6381160Z Unpacking libsoxr0:amd64 (0.1.3-4build3) ...
2025-06-09T16:13:57.6621765Z Selecting previously unselected package libswresample4:amd64.
2025-06-09T16:13:57.6759061Z Preparing to unpack .../035-libswresample4_7%3a6.1.1-3ubuntu5_amd64.deb ...
2025-06-09T16:13:57.6767215Z Unpacking libswresample4:amd64 (7:6.1.1-3ubuntu5) ...
2025-06-09T16:13:57.6998916Z Selecting previously unselected package libtheora0:amd64.
2025-06-09T16:13:57.7136777Z Preparing to unpack .../036-libtheora0_1.1.1+dfsg.1-16.1build3_amd64.deb ...
2025-06-09T16:13:57.7145429Z Unpacking libtheora0:amd64 (1.1.1+dfsg.1-16.1build3) ...
2025-06-09T16:13:57.7377020Z Selecting previously unselected package libtwolame0:amd64.
2025-06-09T16:13:57.7509869Z Preparing to unpack .../037-libtwolame0_0.4.0-2build3_amd64.deb ...
2025-06-09T16:13:57.7531971Z Unpacking libtwolame0:amd64 (0.4.0-2build3) ...
2025-06-09T16:13:57.7745036Z Selecting previously unselected package libvorbisenc2:amd64.
2025-06-09T16:13:57.7880972Z Preparing to unpack .../038-libvorbisenc2_1.3.7-1build3_amd64.deb ...
2025-06-09T16:13:57.7890134Z Unpacking libvorbisenc2:amd64 (1.3.7-1build3) ...
2025-06-09T16:13:57.8117491Z Selecting previously unselected package libvpx9:amd64.
2025-06-09T16:13:57.8250659Z Preparing to unpack .../039-libvpx9_1.14.0-1ubuntu2.2_amd64.deb ...
2025-06-09T16:13:57.8258201Z Unpacking libvpx9:amd64 (1.14.0-1ubuntu2.2) ...
2025-06-09T16:13:57.8588336Z Selecting previously unselected package libx264-164:amd64.
2025-06-09T16:13:57.8721766Z Preparing to unpack .../040-libx264-164_2%3a0.164.3108+git31e19f9-1_amd64.deb ...
2025-06-09T16:13:57.8729913Z Unpacking libx264-164:amd64 (2:0.164.3108+git31e19f9-1) ...
2025-06-09T16:13:57.9011823Z Selecting previously unselected package libx265-199:amd64.
2025-06-09T16:13:57.9144342Z Preparing to unpack .../041-libx265-199_3.5-2build1_amd64.deb ...
2025-06-09T16:13:57.9152964Z Unpacking libx265-199:amd64 (3.5-2build1) ...
2025-06-09T16:13:57.9880583Z Selecting previously unselected package libxvidcore4:amd64.
2025-06-09T16:13:58.0016047Z Preparing to unpack .../042-libxvidcore4_2%3a1.3.7-1build1_amd64.deb ...
2025-06-09T16:13:58.0024181Z Unpacking libxvidcore4:amd64 (2:1.3.7-1build1) ...
2025-06-09T16:13:58.0243559Z Selecting previously unselected package libzvbi-common.
2025-06-09T16:13:58.0375974Z Preparing to unpack .../043-libzvbi-common_0.2.42-2_all.deb ...
2025-06-09T16:13:58.0383332Z Unpacking libzvbi-common (0.2.42-2) ...
2025-06-09T16:13:58.1275738Z Selecting previously unselected package libzvbi0t64:amd64.
2025-06-09T16:13:58.1412601Z Preparing to unpack .../044-libzvbi0t64_0.2.42-2_amd64.deb ...
2025-06-09T16:13:58.1420518Z Unpacking libzvbi0t64:amd64 (0.2.42-2) ...
2025-06-09T16:13:58.1665172Z Selecting previously unselected package libavcodec60:amd64.
2025-06-09T16:13:58.1800423Z Preparing to unpack .../045-libavcodec60_7%3a6.1.1-3ubuntu5_amd64.deb ...
2025-06-09T16:13:58.1809219Z Unpacking libavcodec60:amd64 (7:6.1.1-3ubuntu5) ...
2025-06-09T16:13:58.2656424Z Selecting previously unselected package libunibreak5:amd64.
2025-06-09T16:13:58.2793238Z Preparing to unpack .../046-libunibreak5_5.1-2build1_amd64.deb ...
2025-06-09T16:13:58.2801464Z Unpacking libunibreak5:amd64 (5.1-2build1) ...
2025-06-09T16:13:58.3005843Z Selecting previously unselected package libass9:amd64.
2025-06-09T16:13:58.3143094Z Preparing to unpack .../047-libass9_1%3a0.17.1-2build1_amd64.deb ...
2025-06-09T16:13:58.3151472Z Unpacking libass9:amd64 (1:0.17.1-2build1) ...
2025-06-09T16:13:58.3389115Z Selecting previously unselected package libudfread0:amd64.
2025-06-09T16:13:58.3525706Z Preparing to unpack .../048-libudfread0_1.1.2-1build1_amd64.deb ...
2025-06-09T16:13:58.3537070Z Unpacking libudfread0:amd64 (1.1.2-1build1) ...
2025-06-09T16:13:58.3742525Z Selecting previously unselected package libbluray2:amd64.
2025-06-09T16:13:58.3877874Z Preparing to unpack .../049-libbluray2_1%3a1.3.4-1build1_amd64.deb ...
2025-06-09T16:13:58.3885912Z Unpacking libbluray2:amd64 (1:1.3.4-1build1) ...
2025-06-09T16:13:58.4108091Z Selecting previously unselected package libchromaprint1:amd64.
2025-06-09T16:13:58.4244179Z Preparing to unpack .../050-libchromaprint1_1.5.1-5_amd64.deb ...
2025-06-09T16:13:58.4252489Z Unpacking libchromaprint1:amd64 (1.5.1-5) ...
2025-06-09T16:13:58.4460298Z Selecting previously unselected package libgme0:amd64.
2025-06-09T16:13:58.4592739Z Preparing to unpack .../051-libgme0_0.6.3-7build1_amd64.deb ...
2025-06-09T16:13:58.4601530Z Unpacking libgme0:amd64 (0.6.3-7build1) ...
2025-06-09T16:13:58.4822389Z Selecting previously unselected package libmpg123-0t64:amd64.
2025-06-09T16:13:58.4959622Z Preparing to unpack .../052-libmpg123-0t64_1.32.5-1ubuntu1.1_amd64.deb ...
2025-06-09T16:13:58.4971403Z Unpacking libmpg123-0t64:amd64 (1.32.5-1ubuntu1.1) ...
2025-06-09T16:13:58.5192740Z Selecting previously unselected package libopenmpt0t64:amd64.
2025-06-09T16:13:58.5328096Z Preparing to unpack .../053-libopenmpt0t64_0.7.3-1.1build3_amd64.deb ...
2025-06-09T16:13:58.5336190Z Unpacking libopenmpt0t64:amd64 (0.7.3-1.1build3) ...
2025-06-09T16:13:58.5691470Z Selecting previously unselected package libcjson1:amd64.
2025-06-09T16:13:58.5826420Z Preparing to unpack .../054-libcjson1_1.7.17-1_amd64.deb ...
2025-06-09T16:13:58.5834018Z Unpacking libcjson1:amd64 (1.7.17-1) ...
2025-06-09T16:13:58.6039114Z Selecting previously unselected package libmbedcrypto7t64:amd64.
2025-06-09T16:13:58.6173172Z Preparing to unpack .../055-libmbedcrypto7t64_2.28.8-1_amd64.deb ...
2025-06-09T16:13:58.6181562Z Unpacking libmbedcrypto7t64:amd64 (2.28.8-1) ...
2025-06-09T16:13:58.6415778Z Selecting previously unselected package librist4:amd64.
2025-06-09T16:13:58.6554470Z Preparing to unpack .../056-librist4_0.2.10+dfsg-2_amd64.deb ...
2025-06-09T16:13:58.6563538Z Unpacking librist4:amd64 (0.2.10+dfsg-2) ...
2025-06-09T16:13:58.6766985Z Selecting previously unselected package libsrt1.5-gnutls:amd64.
2025-06-09T16:13:58.6900009Z Preparing to unpack .../057-libsrt1.5-gnutls_1.5.3-1build2_amd64.deb ...
2025-06-09T16:13:58.6907490Z Unpacking libsrt1.5-gnutls:amd64 (1.5.3-1build2) ...
2025-06-09T16:13:58.7143493Z Selecting previously unselected package libssh-gcrypt-4:amd64.
2025-06-09T16:13:58.7275737Z Preparing to unpack .../058-libssh-gcrypt-4_0.10.6-2build2_amd64.deb ...
2025-06-09T16:13:58.7283546Z Unpacking libssh-gcrypt-4:amd64 (0.10.6-2build2) ...
2025-06-09T16:13:58.7512749Z Selecting previously unselected package libavformat60:amd64.
2025-06-09T16:13:58.7645678Z Preparing to unpack .../059-libavformat60_7%3a6.1.1-3ubuntu5_amd64.deb ...
2025-06-09T16:13:58.7653712Z Unpacking libavformat60:amd64 (7:6.1.1-3ubuntu5) ...
2025-06-09T16:13:58.7968880Z Selecting previously unselected package libbs2b0:amd64.
2025-06-09T16:13:58.8101445Z Preparing to unpack .../060-libbs2b0_3.1.0+dfsg-7build1_amd64.deb ...
2025-06-09T16:13:58.8108970Z Unpacking libbs2b0:amd64 (3.1.0+dfsg-7build1) ...
2025-06-09T16:13:58.8335180Z Selecting previously unselected package libflite1:amd64.
2025-06-09T16:13:58.8465859Z Preparing to unpack .../061-libflite1_2.2-6build3_amd64.deb ...
2025-06-09T16:13:58.8474896Z Unpacking libflite1:amd64 (2.2-6build3) ...
2025-06-09T16:13:58.9655518Z Selecting previously unselected package libserd-0-0:amd64.
2025-06-09T16:13:58.9792907Z Preparing to unpack .../062-libserd-0-0_0.32.2-1_amd64.deb ...
2025-06-09T16:13:58.9800990Z Unpacking libserd-0-0:amd64 (0.32.2-1) ...
2025-06-09T16:13:59.0007876Z Selecting previously unselected package libzix-0-0:amd64.
2025-06-09T16:13:59.0142824Z Preparing to unpack .../063-libzix-0-0_0.4.2-2build1_amd64.deb ...
2025-06-09T16:13:59.0151211Z Unpacking libzix-0-0:amd64 (0.4.2-2build1) ...
2025-06-09T16:13:59.0350722Z Selecting previously unselected package libsord-0-0:amd64.
2025-06-09T16:13:59.0478705Z Preparing to unpack .../064-libsord-0-0_0.16.16-2build1_amd64.deb ...
2025-06-09T16:13:59.0489603Z Unpacking libsord-0-0:amd64 (0.16.16-2build1) ...
2025-06-09T16:13:59.0702739Z Selecting previously unselected package libsratom-0-0:amd64.
2025-06-09T16:13:59.0835172Z Preparing to unpack .../065-libsratom-0-0_0.6.16-1build1_amd64.deb ...
2025-06-09T16:13:59.0844131Z Unpacking libsratom-0-0:amd64 (0.6.16-1build1) ...
2025-06-09T16:13:59.1044672Z Selecting previously unselected package liblilv-0-0:amd64.
2025-06-09T16:13:59.1175501Z Preparing to unpack .../066-liblilv-0-0_0.24.22-1build1_amd64.deb ...
2025-06-09T16:13:59.1184045Z Unpacking liblilv-0-0:amd64 (0.24.22-1build1) ...
2025-06-09T16:13:59.1391166Z Selecting previously unselected package libmysofa1:amd64.
2025-06-09T16:13:59.1520492Z Preparing to unpack .../067-libmysofa1_1.3.2+dfsg-2ubuntu2_amd64.deb ...
2025-06-09T16:13:59.1528462Z Unpacking libmysofa1:amd64 (1.3.2+dfsg-2ubuntu2) ...
2025-06-09T16:13:59.1781495Z Selecting previously unselected package libplacebo338:amd64.
2025-06-09T16:13:59.1912691Z Preparing to unpack .../068-libplacebo338_6.338.2-2build1_amd64.deb ...
2025-06-09T16:13:59.1920683Z Unpacking libplacebo338:amd64 (6.338.2-2build1) ...
2025-06-09T16:13:59.2505724Z Selecting previously unselected package libblas3:amd64.
2025-06-09T16:13:59.2644037Z Preparing to unpack .../069-libblas3_3.12.0-3build1.1_amd64.deb ...
2025-06-09T16:13:59.2673546Z Unpacking libblas3:amd64 (3.12.0-3build1.1) ...
2025-06-09T16:13:59.2913227Z Selecting previously unselected package liblapack3:amd64.
2025-06-09T16:13:59.3049647Z Preparing to unpack .../070-liblapack3_3.12.0-3build1.1_amd64.deb ...
2025-06-09T16:13:59.3079498Z Unpacking liblapack3:amd64 (3.12.0-3build1.1) ...
2025-06-09T16:13:59.3597693Z Selecting previously unselected package libasyncns0:amd64.
2025-06-09T16:13:59.3733430Z Preparing to unpack .../071-libasyncns0_0.8-6build4_amd64.deb ...
2025-06-09T16:13:59.3741389Z Unpacking libasyncns0:amd64 (0.8-6build4) ...
2025-06-09T16:13:59.3941817Z Selecting previously unselected package libflac12t64:amd64.
2025-06-09T16:13:59.4074594Z Preparing to unpack .../072-libflac12t64_1.4.3+ds-2.1ubuntu2_amd64.deb ...
2025-06-09T16:13:59.4082794Z Unpacking libflac12t64:amd64 (1.4.3+ds-2.1ubuntu2) ...
2025-06-09T16:13:59.4322778Z Selecting previously unselected package libsndfile1:amd64.
2025-06-09T16:13:59.4453903Z Preparing to unpack .../073-libsndfile1_1.2.2-1ubuntu5.24.04.1_amd64.deb ...
2025-06-09T16:13:59.4462699Z Unpacking libsndfile1:amd64 (1.2.2-1ubuntu5.24.04.1) ...
2025-06-09T16:13:59.4704568Z Selecting previously unselected package libpulse0:amd64.
2025-06-09T16:13:59.4835597Z Preparing to unpack .../074-libpulse0_1%3a16.1+dfsg1-2ubuntu10.1_amd64.deb ...
2025-06-09T16:13:59.4895998Z Unpacking libpulse0:amd64 (1:16.1+dfsg1-2ubuntu10.1) ...
2025-06-09T16:13:59.5144602Z Selecting previously unselected package libsphinxbase3t64:amd64.
2025-06-09T16:13:59.5281075Z Preparing to unpack .../075-libsphinxbase3t64_0.8+5prealpha+1-17build2_amd64.deb ...
2025-06-09T16:13:59.5289065Z Unpacking libsphinxbase3t64:amd64 (0.8+5prealpha+1-17build2) ...
2025-06-09T16:13:59.5511617Z Selecting previously unselected package libpocketsphinx3:amd64.
2025-06-09T16:13:59.5647780Z Preparing to unpack .../076-libpocketsphinx3_0.8.0+real5prealpha+1-15ubuntu5_amd64.deb ...
2025-06-09T16:13:59.5658599Z Unpacking libpocketsphinx3:amd64 (0.8.0+real5prealpha+1-15ubuntu5) ...
2025-06-09T16:13:59.5875215Z Selecting previously unselected package libpostproc57:amd64.
2025-06-09T16:13:59.6008641Z Preparing to unpack .../077-libpostproc57_7%3a6.1.1-3ubuntu5_amd64.deb ...
2025-06-09T16:13:59.6016109Z Unpacking libpostproc57:amd64 (7:6.1.1-3ubuntu5) ...
2025-06-09T16:13:59.6229454Z Selecting previously unselected package libsamplerate0:amd64.
2025-06-09T16:13:59.6365107Z Preparing to unpack .../078-libsamplerate0_0.2.2-4build1_amd64.deb ...
2025-06-09T16:13:59.6372871Z Unpacking libsamplerate0:amd64 (0.2.2-4build1) ...
2025-06-09T16:13:59.6780675Z Selecting previously unselected package librubberband2:amd64.
2025-06-09T16:13:59.6916747Z Preparing to unpack .../079-librubberband2_3.3.0+dfsg-2build1_amd64.deb ...
2025-06-09T16:13:59.6925198Z Unpacking librubberband2:amd64 (3.3.0+dfsg-2build1) ...
2025-06-09T16:13:59.7144051Z Selecting previously unselected package libswscale7:amd64.
2025-06-09T16:13:59.7276551Z Preparing to unpack .../080-libswscale7_7%3a6.1.1-3ubuntu5_amd64.deb ...
2025-06-09T16:13:59.7283397Z Unpacking libswscale7:amd64 (7:6.1.1-3ubuntu5) ...
2025-06-09T16:13:59.7516938Z Selecting previously unselected package libvidstab1.1:amd64.
2025-06-09T16:13:59.7652068Z Preparing to unpack .../081-libvidstab1.1_1.1.0-2build1_amd64.deb ...
2025-06-09T16:13:59.7660172Z Unpacking libvidstab1.1:amd64 (1.1.0-2build1) ...
2025-06-09T16:13:59.7871796Z Selecting previously unselected package libzimg2:amd64.
2025-06-09T16:13:59.8001816Z Preparing to unpack .../082-libzimg2_3.0.5+ds1-1build1_amd64.deb ...
2025-06-09T16:13:59.8009802Z Unpacking libzimg2:amd64 (3.0.5+ds1-1build1) ...
2025-06-09T16:13:59.8248674Z Selecting previously unselected package libavfilter9:amd64.
2025-06-09T16:13:59.8379665Z Preparing to unpack .../083-libavfilter9_7%3a6.1.1-3ubuntu5_amd64.deb ...
2025-06-09T16:13:59.8387420Z Unpacking libavfilter9:amd64 (7:6.1.1-3ubuntu5) ...
2025-06-09T16:13:59.9111652Z Selecting previously unselected package liborc-0.4-0t64:amd64.
2025-06-09T16:13:59.9248932Z Preparing to unpack .../084-liborc-0.4-0t64_1%3a0.4.38-1ubuntu0.1_amd64.deb ...
2025-06-09T16:13:59.9261383Z Unpacking liborc-0.4-0t64:amd64 (1:0.4.38-1ubuntu0.1) ...
2025-06-09T16:13:59.9513800Z Selecting previously unselected package libgstreamer-plugins-base1.0-0:amd64.
2025-06-09T16:13:59.9652048Z Preparing to unpack .../085-libgstreamer-plugins-base1.0-0_1.24.2-1ubuntu0.2_amd64.deb ...
2025-06-09T16:13:59.9662913Z Unpacking libgstreamer-plugins-base1.0-0:amd64 (1.24.2-1ubuntu0.2) ...
2025-06-09T16:13:59.9986499Z Selecting previously unselected package gstreamer1.0-libav:amd64.
2025-06-09T16:14:00.0124964Z Preparing to unpack .../086-gstreamer1.0-libav_1.24.1-1build1_amd64.deb ...
2025-06-09T16:14:00.0136871Z Unpacking gstreamer1.0-libav:amd64 (1.24.1-1build1) ...
2025-06-09T16:14:00.0357064Z Selecting previously unselected package libcdparanoia0:amd64.
2025-06-09T16:14:00.0493387Z Preparing to unpack .../087-libcdparanoia0_3.10.2+debian-14build3_amd64.deb ...
2025-06-09T16:14:00.0500926Z Unpacking libcdparanoia0:amd64 (3.10.2+debian-14build3) ...
2025-06-09T16:14:00.0713723Z Selecting previously unselected package libvisual-0.4-0:amd64.
2025-06-09T16:14:00.0849756Z Preparing to unpack .../088-libvisual-0.4-0_0.4.2-2build1_amd64.deb ...
2025-06-09T16:14:00.0859037Z Unpacking libvisual-0.4-0:amd64 (0.4.2-2build1) ...
2025-06-09T16:14:00.1088031Z Selecting previously unselected package gstreamer1.0-plugins-base:amd64.
2025-06-09T16:14:00.1223814Z Preparing to unpack .../089-gstreamer1.0-plugins-base_1.24.2-1ubuntu0.2_amd64.deb ...
2025-06-09T16:14:00.1231585Z Unpacking gstreamer1.0-plugins-base:amd64 (1.24.2-1ubuntu0.2) ...
2025-06-09T16:14:00.1599538Z Selecting previously unselected package libaa1:amd64.
2025-06-09T16:14:00.1739090Z Preparing to unpack .../090-libaa1_1.4p5-51.1_amd64.deb ...
2025-06-09T16:14:00.1748264Z Unpacking libaa1:amd64 (1.4p5-51.1) ...
2025-06-09T16:14:00.1962921Z Selecting previously unselected package libraw1394-11:amd64.
2025-06-09T16:14:00.2098670Z Preparing to unpack .../091-libraw1394-11_2.1.2-2build3_amd64.deb ...
2025-06-09T16:14:00.2107223Z Unpacking libraw1394-11:amd64 (2.1.2-2build3) ...
2025-06-09T16:14:00.2319069Z Selecting previously unselected package libavc1394-0:amd64.
2025-06-09T16:14:00.2454570Z Preparing to unpack .../092-libavc1394-0_0.5.4-5build3_amd64.deb ...
2025-06-09T16:14:00.2464004Z Unpacking libavc1394-0:amd64 (0.5.4-5build3) ...
2025-06-09T16:14:00.2660955Z Selecting previously unselected package libcaca0:amd64.
2025-06-09T16:14:00.2796387Z Preparing to unpack .../093-libcaca0_0.99.beta20-4build2_amd64.deb ...
2025-06-09T16:14:00.2803466Z Unpacking libcaca0:amd64 (0.99.beta20-4build2) ...
2025-06-09T16:14:00.3047010Z Selecting previously unselected package libdv4t64:amd64.
2025-06-09T16:14:00.3182063Z Preparing to unpack .../094-libdv4t64_1.0.0-17.1build1_amd64.deb ...
2025-06-09T16:14:00.3194554Z Unpacking libdv4t64:amd64 (1.0.0-17.1build1) ...
2025-06-09T16:14:00.3428924Z Selecting previously unselected package libgstreamer-plugins-good1.0-0:amd64.
2025-06-09T16:14:00.3559507Z Preparing to unpack .../095-libgstreamer-plugins-good1.0-0_1.24.2-1ubuntu1.1_amd64.deb ...
2025-06-09T16:14:00.3588942Z Unpacking libgstreamer-plugins-good1.0-0:amd64 (1.24.2-1ubuntu1.1) ...
2025-06-09T16:14:00.3798534Z Selecting previously unselected package libiec61883-0:amd64.
2025-06-09T16:14:00.3929649Z Preparing to unpack .../096-libiec61883-0_1.2.0-6build1_amd64.deb ...
2025-06-09T16:14:00.3936749Z Unpacking libiec61883-0:amd64 (1.2.0-6build1) ...
2025-06-09T16:14:00.4147180Z Selecting previously unselected package libshout3:amd64.
2025-06-09T16:14:00.4280230Z Preparing to unpack .../097-libshout3_2.4.6-1build2_amd64.deb ...
2025-06-09T16:14:00.4288021Z Unpacking libshout3:amd64 (2.4.6-1build2) ...
2025-06-09T16:14:00.4495271Z Selecting previously unselected package libtag1v5-vanilla:amd64.
2025-06-09T16:14:00.4627917Z Preparing to unpack .../098-libtag1v5-vanilla_1.13.1-1build1_amd64.deb ...
2025-06-09T16:14:00.4635939Z Unpacking libtag1v5-vanilla:amd64 (1.13.1-1build1) ...
2025-06-09T16:14:00.4880279Z Selecting previously unselected package libtag1v5:amd64.
2025-06-09T16:14:00.5012012Z Preparing to unpack .../099-libtag1v5_1.13.1-1build1_amd64.deb ...
2025-06-09T16:14:00.5020218Z Unpacking libtag1v5:amd64 (1.13.1-1build1) ...
2025-06-09T16:14:00.5231098Z Selecting previously unselected package libv4lconvert0t64:amd64.
2025-06-09T16:14:00.5362946Z Preparing to unpack .../100-libv4lconvert0t64_1.26.1-4build3_amd64.deb ...
2025-06-09T16:14:00.5370453Z Unpacking libv4lconvert0t64:amd64 (1.26.1-4build3) ...
2025-06-09T16:14:00.5615591Z Selecting previously unselected package libv4l-0t64:amd64.
2025-06-09T16:14:00.5746875Z Preparing to unpack .../101-libv4l-0t64_1.26.1-4build3_amd64.deb ...
2025-06-09T16:14:00.5754775Z Unpacking libv4l-0t64:amd64 (1.26.1-4build3) ...
2025-06-09T16:14:00.5995235Z Selecting previously unselected package libwavpack1:amd64.
2025-06-09T16:14:00.6128261Z Preparing to unpack .../102-libwavpack1_5.6.0-1build1_amd64.deb ...
2025-06-09T16:14:00.6137130Z Unpacking libwavpack1:amd64 (5.6.0-1build1) ...
2025-06-09T16:14:00.6344212Z Selecting previously unselected package libsoup-3.0-common.
2025-06-09T16:14:00.6474762Z Preparing to unpack .../103-libsoup-3.0-common_3.4.4-5ubuntu0.4_all.deb ...
2025-06-09T16:14:00.6482964Z Unpacking libsoup-3.0-common (3.4.4-5ubuntu0.4) ...
2025-06-09T16:14:00.6685581Z Selecting previously unselected package libsoup-3.0-0:amd64.
2025-06-09T16:14:00.6818761Z Preparing to unpack .../104-libsoup-3.0-0_3.4.4-5ubuntu0.4_amd64.deb ...
2025-06-09T16:14:00.6826238Z Unpacking libsoup-3.0-0:amd64 (3.4.4-5ubuntu0.4) ...
2025-06-09T16:14:00.7114280Z Selecting previously unselected package gstreamer1.0-plugins-good:amd64.
2025-06-09T16:14:00.7246450Z Preparing to unpack .../105-gstreamer1.0-plugins-good_1.24.2-1ubuntu1.1_amd64.deb ...
2025-06-09T16:14:00.7253719Z Unpacking gstreamer1.0-plugins-good:amd64 (1.24.2-1ubuntu1.1) ...
2025-06-09T16:14:00.7825424Z Selecting previously unselected package libabsl20220623t64:amd64.
2025-06-09T16:14:00.7963380Z Preparing to unpack .../106-libabsl20220623t64_20220623.1-3.1ubuntu3.2_amd64.deb ...
2025-06-09T16:14:00.7972397Z Unpacking libabsl20220623t64:amd64 (20220623.1-3.1ubuntu3.2) ...
2025-06-09T16:14:00.8384764Z Selecting previously unselected package libgav1-1:amd64.
2025-06-09T16:14:00.8521240Z Preparing to unpack .../107-libgav1-1_0.18.0-1build3_amd64.deb ...
2025-06-09T16:14:00.8552586Z Unpacking libgav1-1:amd64 (0.18.0-1build3) ...
2025-06-09T16:14:00.8799396Z Selecting previously unselected package libyuv0:amd64.
2025-06-09T16:14:00.8933015Z Preparing to unpack .../108-libyuv0_0.0~git202401110.af6ac82-1_amd64.deb ...
2025-06-09T16:14:00.8939838Z Unpacking libyuv0:amd64 (0.0~git202401110.af6ac82-1) ...
2025-06-09T16:14:00.9249050Z Selecting previously unselected package libavif16:amd64.
2025-06-09T16:14:00.9383714Z Preparing to unpack .../109-libavif16_1.0.4-1ubuntu3_amd64.deb ...
2025-06-09T16:14:00.9393223Z Unpacking libavif16:amd64 (1.0.4-1ubuntu3) ...
2025-06-09T16:14:00.9623589Z Selecting previously unselected package libavtp0:amd64.
2025-06-09T16:14:00.9757102Z Preparing to unpack .../110-libavtp0_0.2.0-1build1_amd64.deb ...
2025-06-09T16:14:00.9765331Z Unpacking libavtp0:amd64 (0.2.0-1build1) ...
2025-06-09T16:14:00.9967040Z Selecting previously unselected package libcairo-script-interpreter2:amd64.
2025-06-09T16:14:01.0098652Z Preparing to unpack .../111-libcairo-script-interpreter2_1.18.0-3build1_amd64.deb ...
2025-06-09T16:14:01.0105531Z Unpacking libcairo-script-interpreter2:amd64 (1.18.0-3build1) ...
2025-06-09T16:14:01.0317697Z Selecting previously unselected package libdc1394-25:amd64.
2025-06-09T16:14:01.0447535Z Preparing to unpack .../112-libdc1394-25_2.2.6-4build1_amd64.deb ...
2025-06-09T16:14:01.0455591Z Unpacking libdc1394-25:amd64 (2.2.6-4build1) ...
2025-06-09T16:14:01.0679070Z Selecting previously unselected package libdecor-0-0:amd64.
2025-06-09T16:14:01.0817625Z Preparing to unpack .../113-libdecor-0-0_0.2.2-1build2_amd64.deb ...
2025-06-09T16:14:01.0825905Z Unpacking libdecor-0-0:amd64 (0.2.2-1build2) ...
2025-06-09T16:14:01.1032220Z Selecting previously unselected package libgles2:amd64.
2025-06-09T16:14:01.1170577Z Preparing to unpack .../114-libgles2_1.7.0-1build1_amd64.deb ...
2025-06-09T16:14:01.1192404Z Unpacking libgles2:amd64 (1.7.0-1build1) ...
2025-06-09T16:14:01.1398791Z Selecting previously unselected package libdirectfb-1.7-7t64:amd64.
2025-06-09T16:14:01.1532799Z Preparing to unpack .../115-libdirectfb-1.7-7t64_1.7.7-11.1ubuntu2_amd64.deb ...
2025-06-09T16:14:01.1540590Z Unpacking libdirectfb-1.7-7t64:amd64 (1.7.7-11.1ubuntu2) ...
2025-06-09T16:14:01.1951285Z Selecting previously unselected package libdvdread8t64:amd64.
2025-06-09T16:14:01.2087134Z Preparing to unpack .../116-libdvdread8t64_6.1.3-1.1build1_amd64.deb ...
2025-06-09T16:14:01.2095493Z Unpacking libdvdread8t64:amd64 (6.1.3-1.1build1) ...
2025-06-09T16:14:01.2315661Z Selecting previously unselected package libdvdnav4:amd64.
2025-06-09T16:14:01.2453981Z Preparing to unpack .../117-libdvdnav4_6.1.1-3build1_amd64.deb ...
2025-06-09T16:14:01.2464842Z Unpacking libdvdnav4:amd64 (6.1.1-3build1) ...
2025-06-09T16:14:01.2699931Z Selecting previously unselected package libegl-mesa0:amd64.
2025-06-09T16:14:01.2839609Z Preparing to unpack .../118-libegl-mesa0_24.2.8-1ubuntu1~24.04.1_amd64.deb ...
2025-06-09T16:14:01.2847283Z Unpacking libegl-mesa0:amd64 (24.2.8-1ubuntu1~24.04.1) ...
2025-06-09T16:14:01.3108598Z Selecting previously unselected package libevent-2.1-7t64:amd64.
2025-06-09T16:14:01.3249053Z Preparing to unpack .../119-libevent-2.1-7t64_2.1.12-stable-9ubuntu2_amd64.deb ...
2025-06-09T16:14:01.3257489Z Unpacking libevent-2.1-7t64:amd64 (2.1.12-stable-9ubuntu2) ...
2025-06-09T16:14:01.3494233Z Selecting previously unselected package libfaad2:amd64.
2025-06-09T16:14:01.3636419Z Preparing to unpack .../120-libfaad2_2.11.1-1build1_amd64.deb ...
2025-06-09T16:14:01.3645905Z Unpacking libfaad2:amd64 (2.11.1-1build1) ...
2025-06-09T16:14:01.3877010Z Selecting previously unselected package libinstpatch-1.0-2:amd64.
2025-06-09T16:14:01.4016292Z Preparing to unpack .../121-libinstpatch-1.0-2_1.1.6-1build2_amd64.deb ...
2025-06-09T16:14:01.4026251Z Unpacking libinstpatch-1.0-2:amd64 (1.1.6-1build2) ...
2025-06-09T16:14:01.4266991Z Selecting previously unselected package libjack-jackd2-0:amd64.
2025-06-09T16:14:01.4403123Z Preparing to unpack .../122-libjack-jackd2-0_1.9.21~dfsg-3ubuntu3_amd64.deb ...
2025-06-09T16:14:01.4410371Z Unpacking libjack-jackd2-0:amd64 (1.9.21~dfsg-3ubuntu3) ...
2025-06-09T16:14:01.4690003Z Selecting previously unselected package libwebrtc-audio-processing1:amd64.
2025-06-09T16:14:01.4825388Z Preparing to unpack .../123-libwebrtc-audio-processing1_0.3.1-0ubuntu6_amd64.deb ...
2025-06-09T16:14:01.4835251Z Unpacking libwebrtc-audio-processing1:amd64 (0.3.1-0ubuntu6) ...
2025-06-09T16:14:01.5076396Z Selecting previously unselected package libspa-0.2-modules:amd64.
2025-06-09T16:14:01.5218396Z Preparing to unpack .../124-libspa-0.2-modules_1.0.5-1ubuntu3_amd64.deb ...
2025-06-09T16:14:01.5228739Z Unpacking libspa-0.2-modules:amd64 (1.0.5-1ubuntu3) ...
2025-06-09T16:14:01.5555768Z Selecting previously unselected package libpipewire-0.3-0t64:amd64.
2025-06-09T16:14:01.5696280Z Preparing to unpack .../125-libpipewire-0.3-0t64_1.0.5-1ubuntu3_amd64.deb ...
2025-06-09T16:14:01.5704953Z Unpacking libpipewire-0.3-0t64:amd64 (1.0.5-1ubuntu3) ...
2025-06-09T16:14:01.5950455Z Selecting previously unselected package libsdl2-2.0-0:amd64.
2025-06-09T16:14:01.6088772Z Preparing to unpack .../126-libsdl2-2.0-0_2.30.0+dfsg-1ubuntu3.1_amd64.deb ...
2025-06-09T16:14:01.6097844Z Unpacking libsdl2-2.0-0:amd64 (2.30.0+dfsg-1ubuntu3.1) ...
2025-06-09T16:14:01.6396955Z Selecting previously unselected package timgm6mb-soundfont.
2025-06-09T16:14:01.6535756Z Preparing to unpack .../127-timgm6mb-soundfont_1.3-5_all.deb ...
2025-06-09T16:14:01.6543926Z Unpacking timgm6mb-soundfont (1.3-5) ...
2025-06-09T16:14:01.9939297Z Selecting previously unselected package libfluidsynth3:amd64.
2025-06-09T16:14:02.0076890Z Preparing to unpack .../128-libfluidsynth3_2.3.4-1build3_amd64.deb ...
2025-06-09T16:14:02.0099642Z Unpacking libfluidsynth3:amd64 (2.3.4-1build3) ...
2025-06-09T16:14:02.0358560Z Selecting previously unselected package libfreeaptx0:amd64.
2025-06-09T16:14:02.0492357Z Preparing to unpack .../129-libfreeaptx0_0.1.1-2build1_amd64.deb ...
2025-06-09T16:14:02.0499859Z Unpacking libfreeaptx0:amd64 (0.1.1-2build1) ...
2025-06-09T16:14:02.0723334Z Selecting previously unselected package libgraphene-1.0-0:amd64.
2025-06-09T16:14:02.0861623Z Preparing to unpack .../130-libgraphene-1.0-0_1.10.8-3build2_amd64.deb ...
2025-06-09T16:14:02.0871038Z Unpacking libgraphene-1.0-0:amd64 (1.10.8-3build2) ...
2025-06-09T16:14:02.1085237Z Selecting previously unselected package libgssdp-1.6-0:amd64.
2025-06-09T16:14:02.1224904Z Preparing to unpack .../131-libgssdp-1.6-0_1.6.3-1build3_amd64.deb ...
2025-06-09T16:14:02.1233005Z Unpacking libgssdp-1.6-0:amd64 (1.6.3-1build3) ...
2025-06-09T16:14:02.1445556Z Selecting previously unselected package libegl1:amd64.
2025-06-09T16:14:02.1584377Z Preparing to unpack .../132-libegl1_1.7.0-1build1_amd64.deb ...
2025-06-09T16:14:02.1592630Z Unpacking libegl1:amd64 (1.7.0-1build1) ...
2025-06-09T16:14:02.1811363Z Selecting previously unselected package libgstreamer-gl1.0-0:amd64.
2025-06-09T16:14:02.1947616Z Preparing to unpack .../133-libgstreamer-gl1.0-0_1.24.2-1ubuntu0.2_amd64.deb ...
2025-06-09T16:14:02.1956209Z Unpacking libgstreamer-gl1.0-0:amd64 (1.24.2-1ubuntu0.2) ...
2025-06-09T16:14:02.2183844Z Selecting previously unselected package libgtk-4-common.
2025-06-09T16:14:02.2322602Z Preparing to unpack .../134-libgtk-4-common_4.14.2+ds-1ubuntu3_all.deb ...
2025-06-09T16:14:02.2330269Z Unpacking libgtk-4-common (4.14.2+ds-1ubuntu3) ...
2025-06-09T16:14:02.2817844Z Selecting previously unselected package libgtk-4-1:amd64.
2025-06-09T16:14:02.2955694Z Preparing to unpack .../135-libgtk-4-1_4.14.2+ds-1ubuntu3_amd64.deb ...
2025-06-09T16:14:02.2963865Z Unpacking libgtk-4-1:amd64 (4.14.2+ds-1ubuntu3) ...
2025-06-09T16:14:02.3624651Z Selecting previously unselected package libgupnp-1.6-0:amd64.
2025-06-09T16:14:02.3763752Z Preparing to unpack .../136-libgupnp-1.6-0_1.6.6-1build3_amd64.deb ...
2025-06-09T16:14:02.3772579Z Unpacking libgupnp-1.6-0:amd64 (1.6.6-1build3) ...
2025-06-09T16:14:02.4006240Z Selecting previously unselected package libgupnp-igd-1.6-0:amd64.
2025-06-09T16:14:02.4143759Z Preparing to unpack .../137-libgupnp-igd-1.6-0_1.6.0-3build3_amd64.deb ...
2025-06-09T16:14:02.4152759Z Unpacking libgupnp-igd-1.6-0:amd64 (1.6.0-3build3) ...
2025-06-09T16:14:02.4362226Z Selecting previously unselected package libharfbuzz-icu0:amd64.
2025-06-09T16:14:02.4495774Z Preparing to unpack .../138-libharfbuzz-icu0_8.3.0-2build2_amd64.deb ...
2025-06-09T16:14:02.4503915Z Unpacking libharfbuzz-icu0:amd64 (8.3.0-2build2) ...
2025-06-09T16:14:02.4713746Z Selecting previously unselected package libhyphen0:amd64.
2025-06-09T16:14:02.4847011Z Preparing to unpack .../139-libhyphen0_2.8.8-7build3_amd64.deb ...
2025-06-09T16:14:02.4854891Z Unpacking libhyphen0:amd64 (2.8.8-7build3) ...
2025-06-09T16:14:02.5066333Z Selecting previously unselected package libimath-3-1-29t64:amd64.
2025-06-09T16:14:02.5198812Z Preparing to unpack .../140-libimath-3-1-29t64_3.1.9-3.1ubuntu2_amd64.deb ...
2025-06-09T16:14:02.5207779Z Unpacking libimath-3-1-29t64:amd64 (3.1.9-3.1ubuntu2) ...
2025-06-09T16:14:02.5433593Z Selecting previously unselected package liblc3-1:amd64.
2025-06-09T16:14:02.5569570Z Preparing to unpack .../141-liblc3-1_1.0.4-3build1_amd64.deb ...
2025-06-09T16:14:02.5577711Z Unpacking liblc3-1:amd64 (1.0.4-3build1) ...
2025-06-09T16:14:02.5797331Z Selecting previously unselected package libldacbt-enc2:amd64.
2025-06-09T16:14:02.5934621Z Preparing to unpack .../142-libldacbt-enc2_2.0.2.3+git20200429+ed310a0-4ubuntu2_amd64.deb ...
2025-06-09T16:14:02.5942651Z Unpacking libldacbt-enc2:amd64 (2.0.2.3+git20200429+ed310a0-4ubuntu2) ...
2025-06-09T16:14:02.6147404Z Selecting previously unselected package libraptor2-0:amd64.
2025-06-09T16:14:02.6281102Z Preparing to unpack .../143-libraptor2-0_2.0.16-3ubuntu0.1_amd64.deb ...
2025-06-09T16:14:02.6288831Z Unpacking libraptor2-0:amd64 (2.0.16-3ubuntu0.1) ...
2025-06-09T16:14:02.6514699Z Selecting previously unselected package liblrdf0:amd64.
2025-06-09T16:14:02.6649219Z Preparing to unpack .../144-liblrdf0_0.6.1-4build1_amd64.deb ...
2025-06-09T16:14:02.6659205Z Unpacking liblrdf0:amd64 (0.6.1-4build1) ...
2025-06-09T16:14:02.6881078Z Selecting previously unselected package libltc11:amd64.
2025-06-09T16:14:02.7015901Z Preparing to unpack .../145-libltc11_1.3.2-1build1_amd64.deb ...
2025-06-09T16:14:02.7023959Z Unpacking libltc11:amd64 (1.3.2-1build1) ...
2025-06-09T16:14:02.7229172Z Selecting previously unselected package libmanette-0.2-0:amd64.
2025-06-09T16:14:02.7362118Z Preparing to unpack .../146-libmanette-0.2-0_0.2.7-1build2_amd64.deb ...
2025-06-09T16:14:02.7372684Z Unpacking libmanette-0.2-0:amd64 (0.2.7-1build2) ...
2025-06-09T16:14:02.7585159Z Selecting previously unselected package libmfx1:amd64.
2025-06-09T16:14:02.7716999Z Preparing to unpack .../147-libmfx1_22.5.4-1_amd64.deb ...
2025-06-09T16:14:02.7725272Z Unpacking libmfx1:amd64 (22.5.4-1) ...
2025-06-09T16:14:02.8726285Z Selecting previously unselected package libmjpegutils-2.1-0t64:amd64.
2025-06-09T16:14:02.8864804Z Preparing to unpack .../148-libmjpegutils-2.1-0t64_1%3a2.1.0+debian-8.1build1_amd64.deb ...
2025-06-09T16:14:02.8874597Z Unpacking libmjpegutils-2.1-0t64:amd64 (1:2.1.0+debian-8.1build1) ...
2025-06-09T16:14:02.9084226Z Selecting previously unselected package libmodplug1:amd64.
2025-06-09T16:14:02.9220205Z Preparing to unpack .../149-libmodplug1_1%3a0.8.9.0-3build1_amd64.deb ...
2025-06-09T16:14:02.9232548Z Unpacking libmodplug1:amd64 (1:0.8.9.0-3build1) ...
2025-06-09T16:14:02.9456097Z Selecting previously unselected package libmpcdec6:amd64.
2025-06-09T16:14:02.9591847Z Preparing to unpack .../150-libmpcdec6_2%3a0.1~r495-2build1_amd64.deb ...
2025-06-09T16:14:02.9601440Z Unpacking libmpcdec6:amd64 (2:0.1~r495-2build1) ...
2025-06-09T16:14:02.9808627Z Selecting previously unselected package libmpeg2encpp-2.1-0t64:amd64.
2025-06-09T16:14:02.9942399Z Preparing to unpack .../151-libmpeg2encpp-2.1-0t64_1%3a2.1.0+debian-8.1build1_amd64.deb ...
2025-06-09T16:14:02.9950440Z Unpacking libmpeg2encpp-2.1-0t64:amd64 (1:2.1.0+debian-8.1build1) ...
2025-06-09T16:14:03.0157734Z Selecting previously unselected package libmplex2-2.1-0t64:amd64.
2025-06-09T16:14:03.0286700Z Preparing to unpack .../152-libmplex2-2.1-0t64_1%3a2.1.0+debian-8.1build1_amd64.deb ...
2025-06-09T16:14:03.0294406Z Unpacking libmplex2-2.1-0t64:amd64 (1:2.1.0+debian-8.1build1) ...
2025-06-09T16:14:03.0539276Z Selecting previously unselected package libneon27t64:amd64.
2025-06-09T16:14:03.0673240Z Preparing to unpack .../153-libneon27t64_0.33.0-1.1build3_amd64.deb ...
2025-06-09T16:14:03.0682185Z Unpacking libneon27t64:amd64 (0.33.0-1.1build3) ...
2025-06-09T16:14:03.0908356Z Selecting previously unselected package libnice10:amd64.
2025-06-09T16:14:03.1039318Z Preparing to unpack .../154-libnice10_0.1.21-2build3_amd64.deb ...
2025-06-09T16:14:03.1047047Z Unpacking libnice10:amd64 (0.1.21-2build3) ...
2025-06-09T16:14:03.1270373Z Selecting previously unselected package libopenal-data.
2025-06-09T16:14:03.1401075Z Preparing to unpack .../155-libopenal-data_1%3a1.23.1-4build1_all.deb ...
2025-06-09T16:14:03.1410403Z Unpacking libopenal-data (1:1.23.1-4build1) ...
2025-06-09T16:14:03.1640293Z Selecting previously unselected package libopenexr-3-1-30:amd64.
2025-06-09T16:14:03.1770442Z Preparing to unpack .../156-libopenexr-3-1-30_3.1.5-5.1build3_amd64.deb ...
2025-06-09T16:14:03.1780190Z Unpacking libopenexr-3-1-30:amd64 (3.1.5-5.1build3) ...
2025-06-09T16:14:03.2150523Z Selecting previously unselected package libopenh264-7:amd64.
2025-06-09T16:14:03.2285639Z Preparing to unpack .../157-libopenh264-7_2.4.1+dfsg-1_amd64.deb ...
2025-06-09T16:14:03.2294027Z Unpacking libopenh264-7:amd64 (2.4.1+dfsg-1) ...
2025-06-09T16:14:03.2665912Z Selecting previously unselected package libopenni2-0:amd64.
2025-06-09T16:14:03.2826090Z Preparing to unpack .../158-libopenni2-0_2.2.0.33+dfsg-18_amd64.deb ...
2025-06-09T16:14:03.2864381Z Unpacking libopenni2-0:amd64 (2.2.0.33+dfsg-18) ...
2025-06-09T16:14:03.3192951Z Selecting previously unselected package libqrencode4:amd64.
2025-06-09T16:14:03.3330154Z Preparing to unpack .../159-libqrencode4_4.1.1-1build2_amd64.deb ...
2025-06-09T16:14:03.3340518Z Unpacking libqrencode4:amd64 (4.1.1-1build2) ...
2025-06-09T16:14:03.3544108Z Selecting previously unselected package libsecret-common.
2025-06-09T16:14:03.3679538Z Preparing to unpack .../160-libsecret-common_0.21.4-1build3_all.deb ...
2025-06-09T16:14:03.3693694Z Unpacking libsecret-common (0.21.4-1build3) ...
2025-06-09T16:14:03.3895626Z Selecting previously unselected package libsecret-1-0:amd64.
2025-06-09T16:14:03.4029239Z Preparing to unpack .../161-libsecret-1-0_0.21.4-1build3_amd64.deb ...
2025-06-09T16:14:03.4036578Z Unpacking libsecret-1-0:amd64 (0.21.4-1build3) ...
2025-06-09T16:14:03.4262561Z Selecting previously unselected package libsndio7.0:amd64.
2025-06-09T16:14:03.4395049Z Preparing to unpack .../162-libsndio7.0_1.9.0-0.3build3_amd64.deb ...
2025-06-09T16:14:03.4518756Z Unpacking libsndio7.0:amd64 (1.9.0-0.3build3) ...
2025-06-09T16:14:03.4729682Z Selecting previously unselected package libsoundtouch1:amd64.
2025-06-09T16:14:03.4865176Z Preparing to unpack .../163-libsoundtouch1_2.3.2+ds1-1build1_amd64.deb ...
2025-06-09T16:14:03.4876487Z Unpacking libsoundtouch1:amd64 (2.3.2+ds1-1build1) ...
2025-06-09T16:14:03.5093189Z Selecting previously unselected package libspandsp2t64:amd64.
2025-06-09T16:14:03.5230304Z Preparing to unpack .../164-libspandsp2t64_0.0.6+dfsg-2.1build1_amd64.deb ...
2025-06-09T16:14:03.5239784Z Unpacking libspandsp2t64:amd64 (0.0.6+dfsg-2.1build1) ...
2025-06-09T16:14:03.5483071Z Selecting previously unselected package libsrtp2-1:amd64.
2025-06-09T16:14:03.5618597Z Preparing to unpack .../165-libsrtp2-1_2.5.0-3build1_amd64.deb ...
2025-06-09T16:14:03.5627684Z Unpacking libsrtp2-1:amd64 (2.5.0-3build1) ...
2025-06-09T16:14:03.5834988Z Selecting previously unselected package libwildmidi2:amd64.
2025-06-09T16:14:03.5969944Z Preparing to unpack .../166-libwildmidi2_0.4.3-1build3_amd64.deb ...
2025-06-09T16:14:03.5979504Z Unpacking libwildmidi2:amd64 (0.4.3-1build3) ...
2025-06-09T16:14:03.6186309Z Selecting previously unselected package libwoff1:amd64.
2025-06-09T16:14:03.6331977Z Preparing to unpack .../167-libwoff1_1.0.2-2build1_amd64.deb ...
2025-06-09T16:14:03.6341245Z Unpacking libwoff1:amd64 (1.0.2-2build1) ...
2025-06-09T16:14:03.6553056Z Selecting previously unselected package libxcb-xkb1:amd64.
2025-06-09T16:14:03.6687929Z Preparing to unpack .../168-libxcb-xkb1_1.15-1ubuntu2_amd64.deb ...
2025-06-09T16:14:03.6697414Z Unpacking libxcb-xkb1:amd64 (1.15-1ubuntu2) ...
2025-06-09T16:14:03.6912213Z Selecting previously unselected package libxkbcommon-x11-0:amd64.
2025-06-09T16:14:03.7047043Z Preparing to unpack .../169-libxkbcommon-x11-0_1.6.0-1build1_amd64.deb ...
2025-06-09T16:14:03.7056887Z Unpacking libxkbcommon-x11-0:amd64 (1.6.0-1build1) ...
2025-06-09T16:14:03.7261242Z Selecting previously unselected package libzbar0t64:amd64.
2025-06-09T16:14:03.7394944Z Preparing to unpack .../170-libzbar0t64_0.23.93-4build3_amd64.deb ...
2025-06-09T16:14:03.7403905Z Unpacking libzbar0t64:amd64 (0.23.93-4build3) ...
2025-06-09T16:14:03.7628334Z Selecting previously unselected package libzxing3:amd64.
2025-06-09T16:14:03.7761401Z Preparing to unpack .../171-libzxing3_2.2.1-3_amd64.deb ...
2025-06-09T16:14:03.7771208Z Unpacking libzxing3:amd64 (2.2.1-3) ...
2025-06-09T16:14:03.8035204Z Selecting previously unselected package xfonts-encodings.
2025-06-09T16:14:03.8168085Z Preparing to unpack .../172-xfonts-encodings_1%3a1.0.5-0ubuntu2_all.deb ...
2025-06-09T16:14:03.8175570Z Unpacking xfonts-encodings (1:1.0.5-0ubuntu2) ...
2025-06-09T16:14:03.8475643Z Selecting previously unselected package xfonts-utils.
2025-06-09T16:14:03.8607597Z Preparing to unpack .../173-xfonts-utils_1%3a7.7+6build3_amd64.deb ...
2025-06-09T16:14:03.8617637Z Unpacking xfonts-utils (1:7.7+6build3) ...
2025-06-09T16:14:03.9444585Z Selecting previously unselected package xfonts-cyrillic.
2025-06-09T16:14:03.9583722Z Preparing to unpack .../174-xfonts-cyrillic_1%3a1.0.5+nmu1_all.deb ...
2025-06-09T16:14:03.9591153Z Unpacking xfonts-cyrillic (1:1.0.5+nmu1) ...
2025-06-09T16:14:03.9952858Z Selecting previously unselected package xfonts-scalable.
2025-06-09T16:14:04.0087400Z Preparing to unpack .../175-xfonts-scalable_1%3a1.0.3-1.3_all.deb ...
2025-06-09T16:14:04.0094967Z Unpacking xfonts-scalable (1:1.0.3-1.3) ...
2025-06-09T16:14:04.0337031Z Selecting previously unselected package libgstreamer-plugins-bad1.0-0:amd64.
2025-06-09T16:14:04.0472143Z Preparing to unpack .../176-libgstreamer-plugins-bad1.0-0_1.24.2-1ubuntu4_amd64.deb ...
2025-06-09T16:14:04.0480005Z Unpacking libgstreamer-plugins-bad1.0-0:amd64 (1.24.2-1ubuntu4) ...
2025-06-09T16:14:04.0854510Z Selecting previously unselected package libdca0:amd64.
2025-06-09T16:14:04.0993343Z Preparing to unpack .../177-libdca0_0.0.7-2build1_amd64.deb ...
2025-06-09T16:14:04.1001411Z Unpacking libdca0:amd64 (0.0.7-2build1) ...
2025-06-09T16:14:04.1218395Z Selecting previously unselected package libopenal1:amd64.
2025-06-09T16:14:04.1352912Z Preparing to unpack .../178-libopenal1_1%3a1.23.1-4build1_amd64.deb ...
2025-06-09T16:14:04.1360401Z Unpacking libopenal1:amd64 (1:1.23.1-4build1) ...
2025-06-09T16:14:04.1622694Z Selecting previously unselected package libsbc1:amd64.
2025-06-09T16:14:04.1757353Z Preparing to unpack .../179-libsbc1_2.0-1build1_amd64.deb ...
2025-06-09T16:14:04.1768153Z Unpacking libsbc1:amd64 (2.0-1build1) ...
2025-06-09T16:14:04.1969059Z Selecting previously unselected package libvo-aacenc0:amd64.
2025-06-09T16:14:04.2102976Z Preparing to unpack .../180-libvo-aacenc0_0.1.3-2build1_amd64.deb ...
2025-06-09T16:14:04.2111068Z Unpacking libvo-aacenc0:amd64 (0.1.3-2build1) ...
2025-06-09T16:14:04.2324561Z Selecting previously unselected package libvo-amrwbenc0:amd64.
2025-06-09T16:14:04.2457561Z Preparing to unpack .../181-libvo-amrwbenc0_0.1.3-2build1_amd64.deb ...
2025-06-09T16:14:04.2466019Z Unpacking libvo-amrwbenc0:amd64 (0.1.3-2build1) ...
2025-06-09T16:14:04.2677155Z Selecting previously unselected package gstreamer1.0-plugins-bad:amd64.
2025-06-09T16:14:04.2810570Z Preparing to unpack .../182-gstreamer1.0-plugins-bad_1.24.2-1ubuntu4_amd64.deb ...
2025-06-09T16:14:04.2819185Z Unpacking gstreamer1.0-plugins-bad:amd64 (1.24.2-1ubuntu4) ...
2025-06-09T16:14:04.4396623Z Setting up libgme0:amd64 (0.6.3-7build1) ...
2025-06-09T16:14:04.4418047Z Setting up libchromaprint1:amd64 (1.5.1-5) ...
2025-06-09T16:14:04.4441273Z Setting up libssh-gcrypt-4:amd64 (0.10.6-2build2) ...
2025-06-09T16:14:04.4460930Z Setting up libhwy1t64:amd64 (1.0.7-8.1build1) ...
2025-06-09T16:14:04.4479422Z Setting up libcairo-script-interpreter2:amd64 (1.18.0-3build1) ...
2025-06-09T16:14:04.4501815Z Setting up libfreeaptx0:amd64 (0.1.1-2build1) ...
2025-06-09T16:14:04.4522832Z Setting up libdvdread8t64:amd64 (6.1.3-1.1build1) ...
2025-06-09T16:14:04.4542848Z Setting up libudfread0:amd64 (1.1.2-1build1) ...
2025-06-09T16:14:04.4564616Z Setting up libmodplug1:amd64 (1:0.8.9.0-3build1) ...
2025-06-09T16:14:04.4584111Z Setting up libcdparanoia0:amd64 (3.10.2+debian-14build3) ...
2025-06-09T16:14:04.4606843Z Setting up libvo-amrwbenc0:amd64 (0.1.3-2build1) ...
2025-06-09T16:14:04.4631095Z Setting up libraw1394-11:amd64 (2.1.2-2build3) ...
2025-06-09T16:14:04.4653827Z Setting up libsbc1:amd64 (2.0-1build1) ...
2025-06-09T16:14:04.4675495Z Setting up libneon27t64:amd64 (0.33.0-1.1build3) ...
2025-06-09T16:14:04.4698661Z Setting up libtag1v5-vanilla:amd64 (1.13.1-1build1) ...
2025-06-09T16:14:04.4719940Z Setting up libharfbuzz-icu0:amd64 (8.3.0-2build2) ...
2025-06-09T16:14:04.4745053Z Setting up libopenni2-0:amd64 (2.2.0.33+dfsg-18) ...
2025-06-09T16:14:04.4989152Z Setting up libspeex1:amd64 (1.2.1-2ubuntu2.24.04.1) ...
2025-06-09T16:14:04.5008561Z Setting up libshine3:amd64 (3.1.1-2build1) ...
2025-06-09T16:14:04.5029558Z Setting up libcaca0:amd64 (0.99.beta20-4build2) ...
2025-06-09T16:14:04.5052478Z Setting up libvpl2 (2023.3.0-1build1) ...
2025-06-09T16:14:04.5072440Z Setting up libv4lconvert0t64:amd64 (1.26.1-4build3) ...
2025-06-09T16:14:04.5094355Z Setting up libx264-164:amd64 (2:0.164.3108+git31e19f9-1) ...
2025-06-09T16:14:04.5117127Z Setting up libtwolame0:amd64 (0.4.0-2build3) ...
2025-06-09T16:14:04.5137379Z Setting up libmbedcrypto7t64:amd64 (2.28.8-1) ...
2025-06-09T16:14:04.5159084Z Setting up libwoff1:amd64 (1.0.2-2build1) ...
2025-06-09T16:14:04.5179911Z Setting up liblc3-1:amd64 (1.0.4-3build1) ...
2025-06-09T16:14:04.5198898Z Setting up libqrencode4:amd64 (4.1.1-1build2) ...
2025-06-09T16:14:04.5220404Z Setting up libhyphen0:amd64 (2.8.8-7build3) ...
2025-06-09T16:14:04.5241689Z Setting up libgsm1:amd64 (1.0.22-1build1) ...
2025-06-09T16:14:04.5260407Z Setting up libvisual-0.4-0:amd64 (0.4.2-2build1) ...
2025-06-09T16:14:04.5281273Z Setting up libsoxr0:amd64 (0.1.3-4build3) ...
2025-06-09T16:14:04.5301975Z Setting up libzix-0-0:amd64 (0.4.2-2build1) ...
2025-06-09T16:14:04.5320468Z Setting up libcodec2-1.2:amd64 (1.2.0-2build1) ...
2025-06-09T16:14:04.5342434Z Setting up libsrtp2-1:amd64 (2.5.0-3build1) ...
2025-06-09T16:14:04.5361531Z Setting up libmysofa1:amd64 (1.3.2+dfsg-2ubuntu2) ...
2025-06-09T16:14:04.5382419Z Setting up libraptor2-0:amd64 (2.0.16-3ubuntu0.1) ...
2025-06-09T16:14:04.5409109Z Setting up libldacbt-enc2:amd64 (2.0.2.3+git20200429+ed310a0-4ubuntu2) ...
2025-06-09T16:14:04.5429395Z Setting up fonts-wqy-zenhei (0.9.45-8) ...
2025-06-09T16:14:04.5546899Z Setting up libwebrtc-audio-processing1:amd64 (0.3.1-0ubuntu6) ...
2025-06-09T16:14:04.5567346Z Setting up fonts-freefont-ttf (20211204+svn4273-2) ...
2025-06-09T16:14:04.5587100Z Setting up libevent-2.1-7t64:amd64 (2.1.12-stable-9ubuntu2) ...
2025-06-09T16:14:04.5610461Z Setting up libsvtav1enc1d1:amd64 (1.7.0+dfsg-2build1) ...
2025-06-09T16:14:04.5630315Z Setting up libsoup-3.0-common (3.4.4-5ubuntu0.4) ...
2025-06-09T16:14:04.5654610Z Setting up libmpg123-0t64:amd64 (1.32.5-1ubuntu1.1) ...
2025-06-09T16:14:04.5678190Z Setting up libcjson1:amd64 (1.7.17-1) ...
2025-06-09T16:14:04.5698112Z Setting up libxvidcore4:amd64 (2:1.3.7-1build1) ...
2025-06-09T16:14:04.5723786Z Setting up libmpcdec6:amd64 (2:0.1~r495-2build1) ...
2025-06-09T16:14:04.5746155Z Setting up libmjpegutils-2.1-0t64:amd64 (1:2.1.0+debian-8.1build1) ...
2025-06-09T16:14:04.5765514Z Setting up librav1e0:amd64 (0.7.1-2) ...
2025-06-09T16:14:04.5786462Z Setting up liborc-0.4-0t64:amd64 (1:0.4.38-1ubuntu0.1) ...
2025-06-09T16:14:04.5805771Z Setting up libxcb-xkb1:amd64 (1.15-1ubuntu2) ...
2025-06-09T16:14:04.5825744Z Setting up libvo-aacenc0:amd64 (0.1.3-2build1) ...
2025-06-09T16:14:04.5848393Z Setting up librist4:amd64 (0.2.10+dfsg-2) ...
2025-06-09T16:14:04.5868217Z Setting up libglib2.0-0t64:amd64 (2.80.0-6ubuntu3.4) ...
2025-06-09T16:14:04.6168476Z Setting up libblas3:amd64 (3.12.0-3build1.1) ...
2025-06-09T16:14:04.6225501Z update-alternatives: using /usr/lib/x86_64-linux-gnu/blas/libblas.so.3 to provide /usr/lib/x86_64-linux-gnu/libblas.so.3 (libblas.so.3-x86_64-linux-gnu) in auto mode
2025-06-09T16:14:04.6240064Z Setting up libegl-mesa0:amd64 (24.2.8-1ubuntu1~24.04.1) ...
2025-06-09T16:14:04.6264674Z Setting up libsoundtouch1:amd64 (2.3.2+ds1-1build1) ...
2025-06-09T16:14:04.6286708Z Setting up libglib2.0-data (2.80.0-6ubuntu3.4) ...
2025-06-09T16:14:04.6306072Z Setting up libplacebo338:amd64 (6.338.2-2build1) ...
2025-06-09T16:14:04.6326422Z Setting up libgles2:amd64 (1.7.0-1build1) ...
2025-06-09T16:14:04.6345903Z Setting up fonts-tlwg-loma-otf (1:0.7.3-1) ...
2025-06-09T16:14:04.6368471Z Setting up libva2:amd64 (2.20.0-2build1) ...
2025-06-09T16:14:04.6393393Z Setting up libspa-0.2-modules:amd64 (1.0.5-1ubuntu3) ...
2025-06-09T16:14:04.6414383Z Setting up libzxing3:amd64 (2.2.1-3) ...
2025-06-09T16:14:04.6436141Z Setting up xfonts-encodings (1:1.0.5-0ubuntu2) ...
2025-06-09T16:14:04.6460547Z Setting up libopus0:amd64 (1.4-1build1) ...
2025-06-09T16:14:04.6482162Z Setting up libfaad2:amd64 (2.11.1-1build1) ...
2025-06-09T16:14:04.6502553Z Setting up libxkbcommon-x11-0:amd64 (1.6.0-1build1) ...
2025-06-09T16:14:04.6525798Z Setting up libdc1394-25:amd64 (2.2.6-4build1) ...
2025-06-09T16:14:04.6551232Z Setting up libimath-3-1-29t64:amd64 (3.1.9-3.1ubuntu2) ...
2025-06-09T16:14:04.6571447Z Setting up libunibreak5:amd64 (5.1-2build1) ...
2025-06-09T16:14:04.6595481Z Setting up libdv4t64:amd64 (1.0.0-17.1build1) ...
2025-06-09T16:14:04.6618141Z Setting up gir1.2-glib-2.0:amd64 (2.80.0-6ubuntu3.4) ...
2025-06-09T16:14:04.6637771Z Setting up libjxl0.7:amd64 (0.7.0-10.2ubuntu6) ...
2025-06-09T16:14:04.6663644Z Setting up libopenh264-7:amd64 (2.4.1+dfsg-1) ...
2025-06-09T16:14:04.6684750Z Setting up libltc11:amd64 (1.3.2-1build1) ...
2025-06-09T16:14:04.6704815Z Setting up libx265-199:amd64 (3.5-2build1) ...
2025-06-09T16:14:04.6726236Z Setting up libv4l-0t64:amd64 (1.26.1-4build3) ...
2025-06-09T16:14:04.6746497Z Setting up libavtp0:amd64 (0.2.0-1build1) ...
2025-06-09T16:14:04.6769191Z Setting up libsndio7.0:amd64 (1.9.0-0.3build3) ...
2025-06-09T16:14:04.6790976Z Setting up libdirectfb-1.7-7t64:amd64 (1.7.7-11.1ubuntu2) ...
2025-06-09T16:14:04.6810907Z Setting up libspandsp2t64:amd64 (0.0.6+dfsg-2.1build1) ...
2025-06-09T16:14:04.6951432Z Setting up libvidstab1.1:amd64 (1.1.0-2build1) ...
2025-06-09T16:14:04.6972075Z Setting up libvpx9:amd64 (1.14.0-1ubuntu2.2) ...
2025-06-09T16:14:04.6992517Z Setting up libsrt1.5-gnutls:amd64 (1.5.3-1build2) ...
2025-06-09T16:14:04.7016286Z Setting up libtag1v5:amd64 (1.13.1-1build1) ...
2025-06-09T16:14:04.7036883Z Setting up libflite1:amd64 (2.2-6build3) ...
2025-06-09T16:14:04.7057058Z Setting up libdav1d7:amd64 (1.4.1-1build1) ...
2025-06-09T16:14:04.7079205Z Setting up libva-drm2:amd64 (2.20.0-2build1) ...
2025-06-09T16:14:04.7101366Z Setting up fonts-ipafont-gothic (00303-21ubuntu1) ...
2025-06-09T16:14:04.7165744Z update-alternatives: using /usr/share/fonts/opentype/ipafont-gothic/ipag.ttf to provide /usr/share/fonts/truetype/fonts-japanese-gothic.ttf (fonts-japanese-gothic.ttf) in auto mode
2025-06-09T16:14:04.7181374Z Setting up ocl-icd-libopencl1:amd64 (2.3.2-1build1) ...
2025-06-09T16:14:04.7206711Z Setting up libasyncns0:amd64 (0.8-6build4) ...
2025-06-09T16:14:04.7229753Z Setting up libwildmidi2:amd64 (0.4.3-1build3) ...
2025-06-09T16:14:04.7252373Z Setting up libvdpau1:amd64 (1.5-2build1) ...
2025-06-09T16:14:04.7279258Z Setting up libwavpack1:amd64 (5.6.0-1build1) ...
2025-06-09T16:14:04.7298533Z Setting up libbs2b0:amd64 (3.1.0+dfsg-7build1) ...
2025-06-09T16:14:04.7322354Z Setting up libtheora0:amd64 (1.1.1+dfsg.1-16.1build3) ...
2025-06-09T16:14:04.7350259Z Setting up libegl1:amd64 (1.7.0-1build1) ...
2025-06-09T16:14:04.7374272Z Setting up libdecor-0-0:amd64 (0.2.2-1build2) ...
2025-06-09T16:14:04.7395578Z Setting up libdca0:amd64 (0.0.7-2build1) ...
2025-06-09T16:14:04.7415970Z Setting up libzimg2:amd64 (3.0.5+ds1-1build1) ...
2025-06-09T16:14:04.7437117Z Setting up libopenal-data (1:1.23.1-4build1) ...
2025-06-09T16:14:04.7468522Z Setting up libabsl20220623t64:amd64 (20220623.1-3.1ubuntu3.2) ...
2025-06-09T16:14:04.7490444Z Setting up libflac12t64:amd64 (1.4.3+ds-2.1ubuntu2) ...
2025-06-09T16:14:04.7514934Z Setting up libgtk-4-common (4.14.2+ds-1ubuntu3) ...
2025-06-09T16:14:04.7535404Z Setting up libmpeg2encpp-2.1-0t64:amd64 (1:2.1.0+debian-8.1build1) ...
2025-06-09T16:14:04.7558099Z Setting up glib-networking-common (2.80.0-1build1) ...
2025-06-09T16:14:04.7579672Z Setting up libmfx1:amd64 (22.5.4-1) ...
2025-06-09T16:14:04.7599586Z Setting up libbluray2:amd64 (1:1.3.4-1build1) ...
2025-06-09T16:14:04.7620388Z Setting up libsamplerate0:amd64 (0.2.2-4build1) ...
2025-06-09T16:14:04.7648263Z Setting up timgm6mb-soundfont (1.3-5) ...
2025-06-09T16:14:04.7725141Z update-alternatives: using /usr/share/sounds/sf2/TimGM6mb.sf2 to provide /usr/share/sounds/sf2/default-GM.sf2 (default-GM.sf2) in auto mode
2025-06-09T16:14:04.7765781Z update-alternatives: using /usr/share/sounds/sf2/TimGM6mb.sf2 to provide /usr/share/sounds/sf3/default-GM.sf3 (default-GM.sf3) in auto mode
2025-06-09T16:14:04.7785446Z Setting up libva-x11-2:amd64 (2.20.0-2build1) ...
2025-06-09T16:14:04.7812981Z Setting up libyuv0:amd64 (0.0~git202401110.af6ac82-1) ...
2025-06-09T16:14:04.7833978Z Setting up libmplex2-2.1-0t64:amd64 (1:2.1.0+debian-8.1build1) ...
2025-06-09T16:14:04.7859294Z Setting up libpipewire-0.3-0t64:amd64 (1.0.5-1ubuntu3) ...
2025-06-09T16:14:04.7879835Z Setting up libopenmpt0t64:amd64 (0.7.3-1.1build3) ...
2025-06-09T16:14:04.7901292Z Setting up libzvbi-common (0.2.42-2) ...
2025-06-09T16:14:04.7923738Z Setting up libsecret-common (0.21.4-1build3) ...
2025-06-09T16:14:04.7942453Z Setting up libmp3lame0:amd64 (3.100-6build1) ...
2025-06-09T16:14:04.7964206Z Setting up libgraphene-1.0-0:amd64 (1.10.8-3build2) ...
2025-06-09T16:14:04.7991032Z Setting up libvorbisenc2:amd64 (1.3.7-1build3) ...
2025-06-09T16:14:04.8011038Z Setting up libdvdnav4:amd64 (6.1.1-3build1) ...
2025-06-09T16:14:04.8033224Z Setting up fonts-unifont (1:15.1.01-1build1) ...
2025-06-09T16:14:04.8054028Z Setting up libaa1:amd64 (1.4p5-51.1) ...
2025-06-09T16:14:04.8078773Z Setting up libiec61883-0:amd64 (1.2.0-6build1) ...
2025-06-09T16:14:04.8101669Z Setting up libserd-0-0:amd64 (0.32.2-1) ...
2025-06-09T16:14:04.8132922Z Setting up libavc1394-0:amd64 (0.5.4-5build3) ...
2025-06-09T16:14:04.8162225Z Setting up session-migration (0.3.9build1) ...
2025-06-09T16:14:04.9251833Z Created symlink /etc/systemd/user/graphical-session-pre.target.wants/session-migration.service → /usr/lib/systemd/user/session-migration.service.
2025-06-09T16:14:04.9252905Z 
2025-06-09T16:14:04.9279272Z Setting up liblapack3:amd64 (3.12.0-3build1.1) ...
2025-06-09T16:14:04.9345907Z update-alternatives: using /usr/lib/x86_64-linux-gnu/lapack/liblapack.so.3 to provide /usr/lib/x86_64-linux-gnu/liblapack.so.3 (liblapack.so.3-x86_64-linux-gnu) in auto mode
2025-06-09T16:14:04.9360649Z Setting up libproxy1v5:amd64 (0.5.4-4build1) ...
2025-06-09T16:14:04.9383911Z Setting up libzvbi0t64:amd64 (0.2.42-2) ...
2025-06-09T16:14:04.9407074Z Setting up liblrdf0:amd64 (0.6.1-4build1) ...
2025-06-09T16:14:04.9429186Z Setting up libmanette-0.2-0:amd64 (0.2.7-1build2) ...
2025-06-09T16:14:04.9451688Z Setting up libglib2.0-bin (2.80.0-6ubuntu3.4) ...
2025-06-09T16:14:04.9474281Z Setting up libzbar0t64:amd64 (0.23.93-4build3) ...
2025-06-09T16:14:04.9494691Z Setting up libgstreamer-plugins-base1.0-0:amd64 (1.24.2-1ubuntu0.2) ...
2025-06-09T16:14:04.9516676Z Setting up libavutil58:amd64 (7:6.1.1-3ubuntu5) ...
2025-06-09T16:14:04.9539616Z Setting up libopenal1:amd64 (1:1.23.1-4build1) ...
2025-06-09T16:14:04.9564591Z Setting up xfonts-utils (1:7.7+6build3) ...
2025-06-09T16:14:04.9607879Z Setting up librsvg2-2:amd64 (2.58.0+dfsg-1build1) ...
2025-06-09T16:14:04.9627288Z Setting up libsecret-1-0:amd64 (0.21.4-1build3) ...
2025-06-09T16:14:04.9648164Z Setting up libgstreamer-plugins-good1.0-0:amd64 (1.24.2-1ubuntu1.1) ...
2025-06-09T16:14:04.9667607Z Setting up libgstreamer-gl1.0-0:amd64 (1.24.2-1ubuntu0.2) ...
2025-06-09T16:14:04.9688091Z Setting up gstreamer1.0-plugins-base:amd64 (1.24.2-1ubuntu0.2) ...
2025-06-09T16:14:04.9711886Z Setting up libass9:amd64 (1:0.17.1-2build1) ...
2025-06-09T16:14:04.9733284Z Setting up libswresample4:amd64 (7:6.1.1-3ubuntu5) ...
2025-06-09T16:14:04.9756770Z Setting up libopenexr-3-1-30:amd64 (3.1.5-5.1build3) ...
2025-06-09T16:14:04.9777218Z Setting up libshout3:amd64 (2.4.6-1build2) ...
2025-06-09T16:14:04.9798864Z Setting up libgav1-1:amd64 (0.18.0-1build3) ...
2025-06-09T16:14:04.9822935Z Setting up libavcodec60:amd64 (7:6.1.1-3ubuntu5) ...
2025-06-09T16:14:04.9842509Z Setting up librubberband2:amd64 (3.3.0+dfsg-2build1) ...
2025-06-09T16:14:04.9864316Z Setting up libjack-jackd2-0:amd64 (1.9.21~dfsg-3ubuntu3) ...
2025-06-09T16:14:04.9891404Z Setting up libsord-0-0:amd64 (0.16.16-2build1) ...
2025-06-09T16:14:04.9916740Z Setting up xfonts-cyrillic (1:1.0.5+nmu1) ...
2025-06-09T16:14:05.0388589Z Setting up libpostproc57:amd64 (7:6.1.1-3ubuntu5) ...
2025-06-09T16:14:05.0410124Z Setting up libsratom-0-0:amd64 (0.6.16-1build1) ...
2025-06-09T16:14:05.0432581Z Setting up libgtk-4-1:amd64 (4.14.2+ds-1ubuntu3) ...
2025-06-09T16:14:05.2465866Z Setting up libsndfile1:amd64 (1.2.2-1ubuntu5.24.04.1) ...
2025-06-09T16:14:05.2490358Z Setting up liblilv-0-0:amd64 (0.24.22-1build1) ...
2025-06-09T16:14:05.2513360Z Setting up libinstpatch-1.0-2:amd64 (1.1.6-1build2) ...
2025-06-09T16:14:05.2540478Z Setting up xfonts-scalable (1:1.0.3-1.3) ...
2025-06-09T16:14:05.2939375Z Setting up libswscale7:amd64 (7:6.1.1-3ubuntu5) ...
2025-06-09T16:14:05.2960143Z Setting up gsettings-desktop-schemas (46.1-0ubuntu1) ...
2025-06-09T16:14:05.3101181Z Setting up glib-networking-services (2.80.0-1build1) ...
2025-06-09T16:14:05.3121774Z Setting up libavif16:amd64 (1.0.4-1ubuntu3) ...
2025-06-09T16:14:05.3147654Z Setting up libpulse0:amd64 (1:16.1+dfsg1-2ubuntu10.1) ...
2025-06-09T16:14:05.3218756Z Setting up libavformat60:amd64 (7:6.1.1-3ubuntu5) ...
2025-06-09T16:14:05.3242960Z Setting up libsphinxbase3t64:amd64 (0.8+5prealpha+1-17build2) ...
2025-06-09T16:14:05.3266288Z Setting up glib-networking:amd64 (2.80.0-1build1) ...
2025-06-09T16:14:05.3287704Z Setting up libsdl2-2.0-0:amd64 (2.30.0+dfsg-1ubuntu3.1) ...
2025-06-09T16:14:05.3312982Z Setting up libfluidsynth3:amd64 (2.3.4-1build3) ...
2025-06-09T16:14:05.3333210Z Setting up libsoup-3.0-0:amd64 (3.4.4-5ubuntu0.4) ...
2025-06-09T16:14:05.3355668Z Setting up libpocketsphinx3:amd64 (0.8.0+real5prealpha+1-15ubuntu5) ...
2025-06-09T16:14:05.3386873Z Setting up libgssdp-1.6-0:amd64 (1.6.3-1build3) ...
2025-06-09T16:14:05.3408968Z Setting up gstreamer1.0-plugins-good:amd64 (1.24.2-1ubuntu1.1) ...
2025-06-09T16:14:05.3432682Z Setting up libgupnp-1.6-0:amd64 (1.6.6-1build3) ...
2025-06-09T16:14:05.3455388Z Setting up libavfilter9:amd64 (7:6.1.1-3ubuntu5) ...
2025-06-09T16:14:05.3477985Z Setting up libgupnp-igd-1.6-0:amd64 (1.6.0-3build3) ...
2025-06-09T16:14:05.3499699Z Setting up gstreamer1.0-libav:amd64 (1.24.1-1build1) ...
2025-06-09T16:14:05.3523721Z Setting up libnice10:amd64 (0.1.21-2build3) ...
2025-06-09T16:14:05.3552328Z Setting up libgstreamer-plugins-bad1.0-0:amd64 (1.24.2-1ubuntu4) ...
2025-06-09T16:14:05.3576034Z Setting up gstreamer1.0-plugins-bad:amd64 (1.24.2-1ubuntu4) ...
2025-06-09T16:14:05.3604753Z Processing triggers for libc-bin (2.39-0ubuntu8.4) ...
2025-06-09T16:14:07.0821840Z Processing triggers for man-db (2.12.0-4build2) ...
2025-06-09T16:15:17.8301060Z Processing triggers for fontconfig (2.15.0-1.1ubuntu2) ...
2025-06-09T16:15:18.9128488Z 
2025-06-09T16:15:18.9129820Z Running kernel seems to be up-to-date.
2025-06-09T16:15:18.9130304Z 
2025-06-09T16:15:18.9130457Z Restarting services...
2025-06-09T16:15:18.9620724Z  systemctl restart packagekit.service php8.3-fpm.service polkit.service udisks2.service
2025-06-09T16:15:19.0835269Z 
2025-06-09T16:15:19.0836087Z Service restarts being deferred:
2025-06-09T16:15:19.0836720Z  systemctl restart ModemManager.service
2025-06-09T16:15:19.0837341Z  systemctl restart hosted-compute-agent.service
2025-06-09T16:15:19.0837983Z  systemctl restart networkd-dispatcher.service
2025-06-09T16:15:19.0838358Z 
2025-06-09T16:15:19.0838609Z No containers need to be restarted.
2025-06-09T16:15:19.0838938Z 
2025-06-09T16:15:19.0839148Z No user sessions are running outdated binaries.
2025-06-09T16:15:19.0839398Z 
2025-06-09T16:15:19.0839890Z No VM guests are running outdated hypervisor (qemu) binaries on this host.
2025-06-09T16:15:19.8641002Z Downloading Chromium 136.0.7103.25 (playwright build v1169) from https://cdn.playwright.dev/dbazure/download/playwright/builds/chromium/1169/chromium-linux.zip
2025-06-09T16:15:20.0599542Z |                                                                                |   0% of 167.7 MiB
2025-06-09T16:15:20.2156956Z |■■■■■■■■                                                                        |  10% of 167.7 MiB
2025-06-09T16:15:20.3187117Z |■■■■■■■■■■■■■■■■                                                                |  20% of 167.7 MiB
2025-06-09T16:15:20.4097162Z |■■■■■■■■■■■■■■■■■■■■■■■■                                                        |  30% of 167.7 MiB
2025-06-09T16:15:20.4881832Z |■■■■■■■■■■■■■■■■■■■■■■■■■■■■■■■■                                                |  40% of 167.7 MiB
2025-06-09T16:15:20.5680261Z |■■■■■■■■■■■■■■■■■■■■■■■■■■■■■■■■■■■■■■■■                                        |  50% of 167.7 MiB
2025-06-09T16:15:20.6501364Z |■■■■■■■■■■■■■■■■■■■■■■■■■■■■■■■■■■■■■■■■■■■■■■■■                                |  60% of 167.7 MiB
2025-06-09T16:15:20.7324760Z |■■■■■■■■■■■■■■■■■■■■■■■■■■■■■■■■■■■■■■■■■■■■■■■■■■■■■■■■                        |  70% of 167.7 MiB
2025-06-09T16:15:20.8152531Z |■■■■■■■■■■■■■■■■■■■■■■■■■■■■■■■■■■■■■■■■■■■■■■■■■■■■■■■■■■■■■■■■                |  80% of 167.7 MiB
2025-06-09T16:15:20.8941115Z |■■■■■■■■■■■■■■■■■■■■■■■■■■■■■■■■■■■■■■■■■■■■■■■■■■■■■■■■■■■■■■■■■■■■■■■■        |  90% of 167.7 MiB
2025-06-09T16:15:20.9671523Z |■■■■■■■■■■■■■■■■■■■■■■■■■■■■■■■■■■■■■■■■■■■■■■■■■■■■■■■■■■■■■■■■■■■■■■■■■■■■■■■■| 100% of 167.7 MiB
2025-06-09T16:15:24.4787629Z Chromium 136.0.7103.25 (playwright build v1169) downloaded to /home/runner/.cache/ms-playwright/chromium-1169
2025-06-09T16:15:24.4790002Z Downloading FFMPEG playwright build v1011 from https://cdn.playwright.dev/dbazure/download/playwright/builds/ffmpeg/1011/ffmpeg-linux.zip
2025-06-09T16:15:24.6945888Z |                                                                                |   0% of 2.3 MiB
2025-06-09T16:15:24.7072077Z |■■■■■■■■                                                                        |  10% of 2.3 MiB
2025-06-09T16:15:24.7127456Z |■■■■■■■■■■■■■■■■                                                                |  20% of 2.3 MiB
2025-06-09T16:15:24.7170069Z |■■■■■■■■■■■■■■■■■■■■■■■■                                                        |  30% of 2.3 MiB
2025-06-09T16:15:24.7308968Z |■■■■■■■■■■■■■■■■■■■■■■■■■■■■■■■■                                                |  40% of 2.3 MiB
2025-06-09T16:15:24.7336979Z |■■■■■■■■■■■■■■■■■■■■■■■■■■■■■■■■■■■■■■■■                                        |  50% of 2.3 MiB
2025-06-09T16:15:24.7360991Z |■■■■■■■■■■■■■■■■■■■■■■■■■■■■■■■■■■■■■■■■■■■■■■■■                                |  60% of 2.3 MiB
2025-06-09T16:15:24.7386609Z |■■■■■■■■■■■■■■■■■■■■■■■■■■■■■■■■■■■■■■■■■■■■■■■■■■■■■■■■                        |  70% of 2.3 MiB
2025-06-09T16:15:24.7410568Z |■■■■■■■■■■■■■■■■■■■■■■■■■■■■■■■■■■■■■■■■■■■■■■■■■■■■■■■■■■■■■■■■                |  80% of 2.3 MiB
2025-06-09T16:15:24.7434877Z |■■■■■■■■■■■■■■■■■■■■■■■■■■■■■■■■■■■■■■■■■■■■■■■■■■■■■■■■■■■■■■■■■■■■■■■■        |  90% of 2.3 MiB
2025-06-09T16:15:24.7459549Z |■■■■■■■■■■■■■■■■■■■■■■■■■■■■■■■■■■■■■■■■■■■■■■■■■■■■■■■■■■■■■■■■■■■■■■■■■■■■■■■■| 100% of 2.3 MiB
2025-06-09T16:15:24.8122191Z FFMPEG playwright build v1011 downloaded to /home/runner/.cache/ms-playwright/ffmpeg-1011
2025-06-09T16:15:24.8124979Z Downloading Chromium Headless Shell 136.0.7103.25 (playwright build v1169) from https://cdn.playwright.dev/dbazure/download/playwright/builds/chromium/1169/chromium-headless-shell-linux.zip
2025-06-09T16:15:25.0070289Z |                                                                                |   0% of 101.4 MiB
2025-06-09T16:15:25.1382461Z |■■■■■■■■                                                                        |  10% of 101.4 MiB
2025-06-09T16:15:25.2226961Z |■■■■■■■■■■■■■■■■                                                                |  20% of 101.4 MiB
2025-06-09T16:15:25.2990927Z |■■■■■■■■■■■■■■■■■■■■■■■■                                                        |  30% of 101.4 MiB
2025-06-09T16:15:25.3648022Z |■■■■■■■■■■■■■■■■■■■■■■■■■■■■■■■■                                                |  40% of 101.4 MiB
2025-06-09T16:15:25.4291678Z |■■■■■■■■■■■■■■■■■■■■■■■■■■■■■■■■■■■■■■■■                                        |  50% of 101.4 MiB
2025-06-09T16:15:25.4876366Z |■■■■■■■■■■■■■■■■■■■■■■■■■■■■■■■■■■■■■■■■■■■■■■■■                                |  60% of 101.4 MiB
2025-06-09T16:15:25.5533489Z |■■■■■■■■■■■■■■■■■■■■■■■■■■■■■■■■■■■■■■■■■■■■■■■■■■■■■■■■                        |  70% of 101.4 MiB
2025-06-09T16:15:25.6129739Z |■■■■■■■■■■■■■■■■■■■■■■■■■■■■■■■■■■■■■■■■■■■■■■■■■■■■■■■■■■■■■■■■                |  80% of 101.4 MiB
2025-06-09T16:15:25.6663336Z |■■■■■■■■■■■■■■■■■■■■■■■■■■■■■■■■■■■■■■■■■■■■■■■■■■■■■■■■■■■■■■■■■■■■■■■■        |  90% of 101.4 MiB
2025-06-09T16:15:25.7228715Z |■■■■■■■■■■■■■■■■■■■■■■■■■■■■■■■■■■■■■■■■■■■■■■■■■■■■■■■■■■■■■■■■■■■■■■■■■■■■■■■■| 100% of 101.4 MiB
2025-06-09T16:15:27.7296181Z Chromium Headless Shell 136.0.7103.25 (playwright build v1169) downloaded to /home/runner/.cache/ms-playwright/chromium_headless_shell-1169
2025-06-09T16:15:27.7297597Z Downloading Webkit 18.4 (playwright build v2158) from https://cdn.playwright.dev/dbazure/download/playwright/builds/webkit/2158/webkit-ubuntu-24.04.zip
2025-06-09T16:15:27.9062991Z |                                                                                |   0% of 93.5 MiB
2025-06-09T16:15:28.0083848Z |■■■■■■■■                                                                        |  10% of 93.5 MiB
2025-06-09T16:15:28.0875146Z |■■■■■■■■■■■■■■■■                                                                |  20% of 93.5 MiB
2025-06-09T16:15:28.1690309Z |■■■■■■■■■■■■■■■■■■■■■■■■                                                        |  30% of 93.5 MiB
2025-06-09T16:15:28.2321296Z |■■■■■■■■■■■■■■■■■■■■■■■■■■■■■■■■                                                |  40% of 93.5 MiB
2025-06-09T16:15:28.2865655Z |■■■■■■■■■■■■■■■■■■■■■■■■■■■■■■■■■■■■■■■■                                        |  50% of 93.5 MiB
2025-06-09T16:15:28.3384191Z |■■■■■■■■■■■■■■■■■■■■■■■■■■■■■■■■■■■■■■■■■■■■■■■■                                |  60% of 93.5 MiB
2025-06-09T16:15:28.4026227Z |■■■■■■■■■■■■■■■■■■■■■■■■■■■■■■■■■■■■■■■■■■■■■■■■■■■■■■■■                        |  70% of 93.5 MiB
2025-06-09T16:15:28.4576867Z |■■■■■■■■■■■■■■■■■■■■■■■■■■■■■■■■■■■■■■■■■■■■■■■■■■■■■■■■■■■■■■■■                |  80% of 93.5 MiB
2025-06-09T16:15:28.5075309Z |■■■■■■■■■■■■■■■■■■■■■■■■■■■■■■■■■■■■■■■■■■■■■■■■■■■■■■■■■■■■■■■■■■■■■■■■        |  90% of 93.5 MiB
2025-06-09T16:15:28.5561448Z |■■■■■■■■■■■■■■■■■■■■■■■■■■■■■■■■■■■■■■■■■■■■■■■■■■■■■■■■■■■■■■■■■■■■■■■■■■■■■■■■| 100% of 93.5 MiB
2025-06-09T16:15:30.4649437Z Webkit 18.4 (playwright build v2158) downloaded to /home/runner/.cache/ms-playwright/webkit-2158
2025-06-09T16:15:30.4652034Z Downloading Firefox 137.0 (playwright build v1482) from https://cdn.playwright.dev/dbazure/download/playwright/builds/firefox/1482/firefox-ubuntu-24.04.zip
2025-06-09T16:15:30.6509654Z |                                                                                |   0% of 91 MiB
2025-06-09T16:15:30.7631456Z |■■■■■■■■                                                                        |  10% of 91 MiB
2025-06-09T16:15:30.8303648Z |■■■■■■■■■■■■■■■■                                                                |  20% of 91 MiB
2025-06-09T16:15:30.9003953Z |■■■■■■■■■■■■■■■■■■■■■■■■                                                        |  30% of 91 MiB
2025-06-09T16:15:30.9581441Z |■■■■■■■■■■■■■■■■■■■■■■■■■■■■■■■■                                                |  40% of 91 MiB
2025-06-09T16:15:31.0222839Z |■■■■■■■■■■■■■■■■■■■■■■■■■■■■■■■■■■■■■■■■                                        |  50% of 91 MiB
2025-06-09T16:15:31.0766883Z |■■■■■■■■■■■■■■■■■■■■■■■■■■■■■■■■■■■■■■■■■■■■■■■■                                |  60% of 91 MiB
2025-06-09T16:15:31.1463869Z |■■■■■■■■■■■■■■■■■■■■■■■■■■■■■■■■■■■■■■■■■■■■■■■■■■■■■■■■                        |  70% of 91 MiB
2025-06-09T16:15:31.2215982Z |■■■■■■■■■■■■■■■■■■■■■■■■■■■■■■■■■■■■■■■■■■■■■■■■■■■■■■■■■■■■■■■■                |  80% of 91 MiB
2025-06-09T16:15:31.2959150Z |■■■■■■■■■■■■■■■■■■■■■■■■■■■■■■■■■■■■■■■■■■■■■■■■■■■■■■■■■■■■■■■■■■■■■■■■        |  90% of 91 MiB
2025-06-09T16:15:31.3444105Z |■■■■■■■■■■■■■■■■■■■■■■■■■■■■■■■■■■■■■■■■■■■■■■■■■■■■■■■■■■■■■■■■■■■■■■■■■■■■■■■■| 100% of 91 MiB
2025-06-09T16:15:33.1752222Z Firefox 137.0 (playwright build v1482) downloaded to /home/runner/.cache/ms-playwright/firefox-1482
2025-06-09T16:15:33.5681782Z ##[group]Run npm run build
2025-06-09T16:15:33.5682092Z [36;1mnpm run build[0m
2025-06-09T16:15:33.5733436Z shell: /usr/bin/bash -e {0}
2025-06-09T16:15:33.5733670Z env:
2025-06-09T16:15:33.5733834Z   NODE_VERSION: 18
2025-06-09T16:15:33.5734283Z   NEXT_PUBLIC_SUPABASE_URL: ***
2025-06-09T16:15:33.5735682Z   NEXT_PUBLIC_SUPABASE_ANON_KEY: ***
2025-06-09T16:15:33.5735933Z ##[endgroup]
2025-06-09T16:15:33.7026432Z 
2025-06-09T16:15:33.7026889Z > localloop@0.1.0 build
2025-06-09T16:15:33.7027273Z > next build
2025-06-09T16:15:33.7027399Z 
2025-06-09T16:15:34.3036036Z ⚠ No build cache found. Please configure build caching for faster rebuilds. Read more: https://nextjs.org/docs/messages/no-cache
2025-06-09T16:15:34.3096744Z Attention: Next.js now collects completely anonymous telemetry regarding usage.
2025-06-09T16:15:34.3097865Z This information is used to shape Next.js' roadmap and prioritize features.
2025-06-09T16:15:34.3099368Z You can learn more, including how to opt-out if you'd not like to participate in this anonymous program, by visiting the following URL:
2025-06-09T16:15:34.3100390Z https://nextjs.org/telemetry
2025-06-09T16:15:34.3100688Z 
2025-06-09T16:15:34.4192629Z    ▲ Next.js 15.3.2
2025-06-09T16:15:34.4193255Z 
2025-06-09T16:15:34.4452315Z    Creating an optimized production build ...
2025-06-09T16:15:57.5685350Z <w> [webpack.cache.PackFileCacheStrategy] Serializing big strings (100kiB) impacts deserialization performance (consider using Buffer instead and decode when needed)
2025-06-09T16:16:01.5416468Z  ⚠ Compiled with warnings in 26.0s
2025-06-09T16:16:01.5416816Z 
2025-06-09T16:16:01.5418812Z ./node_modules/@supabase/realtime-js/dist/main/RealtimeClient.js
2025-06-09T16:16:01.5419782Z Critical dependency: the request of a dependency is an expression
2025-06-09T16:16:01.5420097Z 
2025-06-09T16:16:01.5420273Z Import trace for requested module:
2025-06-09T16:16:01.5420964Z ./node_modules/@supabase/realtime-js/dist/main/RealtimeClient.js
2025-06-09T16:16:01.5421517Z ./node_modules/@supabase/realtime-js/dist/main/index.js
2025-06-09T16:16:01.5422007Z ./node_modules/@supabase/supabase-js/dist/module/index.js
2025-06-09T16:16:01.5422537Z ./node_modules/@supabase/ssr/dist/module/createBrowserClient.js
2025-06-09T16:16:01.5423025Z ./node_modules/@supabase/ssr/dist/module/index.js
2025-06-09T16:16:01.5423380Z ./lib/supabase-server.ts
2025-06-09T16:16:01.5423637Z ./app/page.tsx
2025-06-09T16:16:01.5423771Z 
2025-06-09T16:16:01.5453229Z    Skipping linting
2025-06-09T16:16:01.5455390Z    Checking validity of types ...
2025-06-09T16:16:19.3626954Z    Collecting page data ...
2025-06-09T16:16:22.6914815Z    Generating static pages (0/49) ...
2025-06-09T16:16:28.8965588Z    Generating static pages (12/49) 
2025-06-09T16:16:28.8966639Z    Generating static pages (24/49) 
2025-06-09T16:16:28.8970031Z  ⚠ metadataBase property in metadata export is not set for resolving social open graph or twitter images, using "http://localhost:3000". See https://nextjs.org/docs/app/api-reference/functions/generate-metadata#metadatabase
2025-06-09T16:16:28.8972021Z  ⚠ metadataBase property in metadata export is not set for resolving social open graph or twitter images, using "http://localhost:3000". See https://nextjs.org/docs/app/api-reference/functions/generate-metadata#metadatabase
2025-06-09T16:16:28.8973160Z    Generating static pages (36/49) 
2025-06-09T16:16:28.8973496Z  ✓ Generating static pages (49/49)
2025-06-09T16:16:29.3031387Z    Finalizing page optimization ...
2025-06-09T16:16:29.3032081Z    Collecting build traces ...
2025-06-09T16:16:36.3657034Z 
2025-06-09T16:16:36.3779722Z Route (app)                                 Size  First Load JS
2025-06-09T16:16:36.3781450Z ┌ ƒ /                                    7.95 kB         232 kB
2025-06-09T16:16:36.3782107Z ├ ○ /_not-found                            981 B         102 kB
2025-06-09T16:16:36.3782724Z ├ ○ /about                                 188 B         105 kB
2025-06-09T16:16:36.3783681Z ├ ƒ /api/analytics/performance             228 B         101 kB
2025-06-09T16:16:36.3784391Z ├ ƒ /api/auth/google/callback              228 B         101 kB
2025-06-09T16:16:36.3785072Z ├ ƒ /api/auth/google/connect               228 B         101 kB
2025-06-09T16:16:36.3785952Z ├ ƒ /api/auth/google/disconnect            228 B         101 kB
2025-06-09T16:16:36.3786881Z ├ ƒ /api/auth/google/status                228 B         101 kB
2025-06-09T16:16:36.3787731Z ├ ƒ /api/auth/welcome                      228 B         101 kB
2025-06-09T16:16:36.3788518Z ├ ƒ /api/calendar/add-to-calendar          228 B         101 kB
2025-06-09T16:16:36.3789334Z ├ ƒ /api/calendar/create-event             228 B         101 kB
2025-06-09T16:16:36.3790251Z ├ ƒ /api/checkout                          228 B         101 kB
2025-06-09T16:16:36.3791421Z ├ ƒ /api/debug-oauth                       228 B         101 kB
2025-06-09T16:16:36.3792320Z ├ ƒ /api/events                            228 B         101 kB
2025-06-09T16:16:36.3793162Z ├ ƒ /api/events/[id]                       228 B         101 kB
2025-06-09T16:16:36.3794044Z ├ ƒ /api/events/cancellation               228 B         101 kB
2025-06-09T16:16:36.3794799Z ├ ƒ /api/events/reminders                  228 B         101 kB
2025-06-09T16:16:36.3795274Z ├ ƒ /api/health                            228 B         101 kB
2025-06-09T16:16:36.3795719Z ├ ƒ /api/orders                            228 B         101 kB
2025-06-09T16:16:36.3796143Z ├ ƒ /api/refunds                           228 B         101 kB
2025-06-09T16:16:36.3796570Z ├ ƒ /api/rsvps                             228 B         101 kB
2025-06-09T16:16:36.3797013Z ├ ƒ /api/rsvps/[id]                        228 B         101 kB
2025-06-09T16:16:36.3797473Z ├ ƒ /api/staff/analytics                   228 B         101 kB
2025-06-09T16:16:36.3797923Z ├ ƒ /api/staff/attendees                   228 B         101 kB
2025-06-09T16:16:36.3798366Z ├ ƒ /api/staff/dashboard                   228 B         101 kB
2025-06-09T16:16:36.3798818Z ├ ƒ /api/staff/export                      228 B         101 kB
2025-06-09T16:16:36.3799249Z ├ ƒ /api/test-env                          228 B         101 kB
2025-06-09T16:16:36.3799685Z ├ ƒ /api/test-upgrade-role                 228 B         101 kB
2025-06-09T16:16:36.3800132Z ├ ƒ /api/ticket-types                      228 B         101 kB
2025-06-09T16:16:36.3800572Z ├ ƒ /api/ticket-types/[id]                 228 B         101 kB
2025-06-09T16:16:36.3801290Z ├ ƒ /api/update-customer-info              228 B         101 kB
2025-06-09T16:16:36.3801750Z ├ ƒ /api/webhooks/stripe                   228 B         101 kB
2025-06-09T16:16:36.3802200Z ├ ○ /auth/callback                         957 B         142 kB
2025-06-09T16:16:36.3802656Z ├ ○ /auth/google/callback                2.29 kB         103 kB
2025-06-09T16:16:36.3803090Z ├ ○ /auth/login                          3.29 kB         148 kB
2025-06-09T16:16:36.3803533Z ├ ○ /auth/reset-password                 2.09 kB         146 kB
2025-06-09T16:16:36.3803987Z ├ ○ /auth/signup                         3.26 kB         148 kB
2025-06-09T16:16:36.3804429Z ├ ○ /auth/update-password                2.48 kB         147 kB
2025-06-09T16:16:36.3805040Z ├ ○ /contact                               188 B         105 kB
2025-06-09T16:16:36.3805736Z ├ ○ /create-event                          188 B         105 kB
2025-06-09T16:16:36.3806511Z ├ ○ /demo                                2.93 kB         227 kB
2025-06-09T16:16:36.3807271Z ├ ○ /demo/lists                          3.78 kB         228 kB
2025-06-09T16:16:36.3808001Z ├ ƒ /events/[id]                          2.1 kB         212 kB
2025-06-09T16:16:36.3808760Z ├ ƒ /my-events                            7.4 kB         126 kB
2025-06-09T16:16:36.3809722Z ├ ○ /privacy                               188 B         105 kB
2025-06-09T16:16:36.3810341Z ├ ○ /robots.txt                            228 B         101 kB
2025-06-09T16:16:36.3811133Z ├ ○ /sitemap.xml                           228 B         101 kB
2025-06-09T16:16:36.3811938Z ├ ƒ /staff                               14.6 kB         160 kB
2025-06-09T16:16:36.3812613Z ├ ○ /staff/dashboard                       228 B         101 kB
2025-06-09T16:16:36.3813276Z ├ ƒ /staff/events/[id]/edit              1.94 kB         157 kB
2025-06-09T16:16:36.3813924Z ├ ƒ /staff/events/create                 1.92 kB         157 kB
2025-06-09T16:16:36.3814596Z ├ ○ /terms                                 188 B         105 kB
2025-06-09T16:16:36.3815249Z └ ƒ /test-auth                             228 B         101 kB
2025-06-09T16:16:36.3815783Z + First Load JS shared by all             101 kB
2025-06-09T16:16:36.3816397Z   ├ chunks/1684-0df89d9f25c583b2.js      45.9 kB
2025-06-09T16:16:36.3817028Z   ├ chunks/4bd1b696-b638aa3d70fba23c.js  53.2 kB
2025-06-09T16:16:36.3817689Z   └ other shared chunks (total)          1.96 kB
2025-06-09T16:16:36.3817993Z 
2025-06-09T16:16:36.3818003Z 
2025-06-09T16:16:36.3818343Z ƒ Middleware                             66.2 kB
2025-06-09T16:16:36.3818655Z 
2025-06-09T16:16:36.3819015Z ○  (Static)   prerendered as static content
2025-06-09T16:16:36.3819647Z ƒ  (Dynamic)  server-rendered on demand
2025-06-09T16:16:36.3819955Z 
2025-06-09T16:16:36.4961662Z ##[group]Run npx playwright test --config=playwright.ci.config.ts
2025-06-09T16:16:36.4962182Z [36;1mnpx playwright test --config=playwright.ci.config.ts[0m
2025-06-09T16:16:36.5013991Z shell: /usr/bin/bash -e {0}
2025-06-09T16:16:36.5014233Z env:
2025-06-09T16:16:36.5014399Z   NODE_VERSION: 18
2025-06-09T16:16:36.5014589Z   CI: true
2025-06-09T16:16:36.5015011Z   NEXT_PUBLIC_SUPABASE_URL: ***
2025-06-09T16:16:36.5016404Z   NEXT_PUBLIC_SUPABASE_ANON_KEY: ***
2025-06-09T16:16:36.5016662Z ##[endgroup]
2025-06-09T16:16:38.0999511Z [WebServer] 
2025-06-09T16:16:38.1000107Z [WebServer] > localloop@0.1.0 start
2025-06-09T16:16:38.1000616Z [WebServer] > next start
2025-06-09T16:16:38.1001448Z [WebServer] 
2025-06-09T16:16:38.3971812Z [WebServer]    [1m[38;2;173;127;168m▲ Next.js 15.3.2[39m[22m
2025-06-09T16:16:38.3972696Z [WebServer]    - Local:        http://localhost:3000
2025-06-09T16:16:38.3973437Z [WebServer]    - Network:      http://10.1.0.66:3000
2025-06-09T16:16:38.3974020Z [WebServer] 
2025-06-09T16:16:38.3974636Z [WebServer]  [32m[1m✓[22m[39m Starting...
2025-06-09T16:16:38.6487599Z [WebServer]  [32m[1m✓[22m[39m Ready in 445ms
2025-06-09T16:16:39.4085563Z [WebServer]  [33m[1m⚠[22m[39m metadataBase property in metadata export is not set for resolving social open graph or twitter images, using "http://localhost:3000". See https://nextjs.org/docs/app/api-reference/functions/generate-metadata#metadatabase
2025-06-09T16:16:40.1863053Z 
2025-06-09T16:16:40.1863733Z Running 12 tests using 1 worker
2025-06-09T16:16:42.4722460Z Homepage basic structure loaded successfully
2025-06-09T16:16:43.0525296Z ·Navigation elements are present and responsive
2025-06-09T16:16:44.7496763Z ·Basic responsive layout works correctly
2025-06-09T16:16:48.4617487Z ·Homepage basic structure loaded successfully
2025-06-09T16:16:51.2298496Z ·Navigation elements are present and responsive
2025-06-09T16:16:53.4182678Z ·Basic responsive layout works correctly
2025-06-09T16:16:56.1833194Z ·Homepage basic structure loaded successfully
2025-06-09T16:16:57.0976452Z ·Navigation elements are present and responsive
2025-06-09T16:16:59.0876679Z ·Basic responsive layout works correctly
2025-06-09T16:17:01.4298240Z ·Homepage basic structure loaded successfully
2025-06-09T16:17:02.3270116Z ·Navigation elements are present and responsive
2025-06-09T16:17:04.3025887Z ·Basic responsive layout works correctly
2025-06-09T16:17:05.3535327Z ·
2025-06-09T16:17:05.3541249Z   12 passed (27.7s)
2025-06-09T16:17:05.3568424Z ##[notice]  12 passed (27.7s)
2025-06-09T16:17:05.3994168Z ##[group]Run actions/upload-artifact@v4
2025-06-09T16:17:05.3994628Z with:
2025-06-09T16:17:05.3994799Z   name: e2e-results
2025-06-09T16:17:05.3995033Z   path: test-results/
playwright-report/

2025-06-09T16:17:05.3995302Z   retention-days: 7
2025-06-09T16:17:05.3995498Z   if-no-files-found: warn
2025-06-09T16:17:05.3995711Z   compression-level: 6
2025-06-09T16:17:05.3995919Z   overwrite: false
2025-06-09T16:17:05.3996113Z   include-hidden-files: false
2025-06-09T16:17:05.3996329Z env:
2025-06-09T16:17:05.3996490Z   NODE_VERSION: 18
2025-06-09T16:17:05.3996671Z ##[endgroup]
2025-06-09T16:17:05.6099715Z Multiple search paths detected. Calculating the least common ancestor of all paths
2025-06-09T16:17:05.6102967Z The least common ancestor is /home/runner/work/LocalLoop/LocalLoop. This will be the root directory of the artifact
2025-06-09T16:17:05.6104012Z With the provided path, there will be 1 file uploaded
2025-06-09T16:17:05.6109859Z Artifact name is valid!
2025-06-09T16:17:05.6111436Z Root directory input is valid!
2025-06-09T16:17:05.7138183Z Beginning upload of artifact content to blob storage
2025-06-09T16:17:05.8137740Z Uploaded bytes 181397
2025-06-09T16:17:05.8314353Z Finished uploading artifact content to blob storage!
2025-06-09T16:17:05.8318169Z SHA256 digest of uploaded artifact zip is 0c2a4c1a0e7b43c1f67815392f1e9bb8d7124581ffebf8aff38a2d4c04ce43c5
2025-06-09T16:17:05.8320609Z Finalizing artifact upload
2025-06-09T16:17:05.9189928Z Artifact e2e-results.zip successfully finalized. Artifact ID 3289301577
2025-06-09T16:17:05.9191935Z Artifact e2e-results has been successfully uploaded! Final size is 181397 bytes. Artifact ID is 3289301577
2025-06-09T16:17:05.9198778Z Artifact download URL: https://github.com/JacksonR64/LocalLoop/actions/runs/15539103783/artifacts/3289301577
2025-06-09T16:17:05.9320609Z Post job cleanup.
2025-06-09T16:17:06.0811036Z Cache hit occurred on the primary key node-cache-Linux-x64-npm-c12c6ac637b018150c9ab8486a2ab8d5c875f0013e7356ae5e08bc546e10a4bd, not saving cache.
2025-06-09T16:17:06.0925138Z Post job cleanup.
2025-06-09T16:17:06.1915663Z [command]/usr/bin/git version
2025-06-09T16:17:06.1956138Z git version 2.49.0
2025-06-09T16:17:06.2000725Z Temporarily overriding HOME='/home/runner/work/_temp/774b7cc2-69d0-4158-9e06-c87a9e6bafc4' before making global git config changes
2025-06-09T16:17:06.2002403Z Adding repository directory to the temporary git global config as a safe directory
2025-06-09T16:17:06.2007268Z [command]/usr/bin/git config --global --add safe.directory /home/runner/work/LocalLoop/LocalLoop
2025-06-09T16:17:06.2047818Z [command]/usr/bin/git config --local --name-only --get-regexp core\.sshCommand
2025-06-09T16:17:06.2082667Z [command]/usr/bin/git submodule foreach --recursive sh -c "git config --local --name-only --get-regexp 'core\.sshCommand' && git config --local --unset-all 'core.sshCommand' || :"
2025-06-09T16:17:06.2326876Z [command]/usr/bin/git config --local --name-only --get-regexp http\.https\:\/\/github\.com\/\.extraheader
2025-06-09T16:17:06.2349879Z http.https://github.com/.extraheader
2025-06-09T16:17:06.2363147Z [command]/usr/bin/git config --local --unset-all http.https://github.com/.extraheader
2025-06-09T16:17:06.2395708Z [command]/usr/bin/git submodule foreach --recursive sh -c "git config --local --name-only --get-regexp 'http\.https\:\/\/github\.com\/\.extraheader' && git config --local --unset-all 'http.https://github.com/.extraheader' || :"
2025-06-09T16:17:06.2726266Z Cleaning up orphan processes
