2025-06-10T18:22:33.0012179Z ##[debug]Starting: 🎭 E2E Tests
2025-06-10T18:22:33.0034673Z ##[debug]Cleaning runner temp folder: /home/runner/work/_temp
2025-06-10T18:22:33.0171440Z ##[debug]Starting: Set up job
2025-06-10T18:22:33.0173054Z Current runner version: '2.325.0'
2025-06-10T18:22:33.0203695Z ##[group]Runner Image Provisioner
2025-06-10T18:22:33.0204890Z Hosted Compute Agent
2025-06-10T18:22:33.0206020Z Version: 20250529.345
2025-06-10T18:22:33.0207043Z Commit: 22237e57af968c281070ffa8ed912c1b754f9a23
2025-06-10T18:22:33.0208195Z Build Date: 2025-05-29T20:18:30Z
2025-06-10T18:22:33.0209640Z ##[endgroup]
2025-06-10T18:22:33.0210609Z ##[group]Operating System
2025-06-10T18:22:33.0211675Z Ubuntu
2025-06-10T18:22:33.0212458Z 24.04.2
2025-06-10T18:22:33.0213261Z LTS
2025-06-10T18:22:33.0214210Z ##[endgroup]
2025-06-10T18:22:33.0215178Z ##[group]Runner Image
2025-06-10T18:22:33.0216168Z Image: ubuntu-24.04
2025-06-10T18:22:33.0217245Z Version: 20250602.3.0
2025-06-10T18:22:33.0219281Z Included Software: https://github.com/actions/runner-images/blob/ubuntu24/20250602.3/images/ubuntu/Ubuntu2404-Readme.md
2025-06-10T18:22:33.0222654Z Image Release: https://github.com/actions/runner-images/releases/tag/ubuntu24%2F20250602.3
2025-06-10T18:22:33.0224339Z ##[endgroup]
2025-06-10T18:22:33.0226721Z ##[group]GITHUB_TOKEN Permissions
2025-06-10T18:22:33.0229926Z Contents: read
2025-06-10T18:22:33.0230753Z Deployments: write
2025-06-10T18:22:33.0231661Z Issues: write
2025-06-10T18:22:33.0232472Z Metadata: read
2025-06-10T18:22:33.0233204Z PullRequests: write
2025-06-10T18:22:33.0233856Z ##[endgroup]
2025-06-10T18:22:33.0236881Z Secret source: Actions
2025-06-10T18:22:33.0238163Z ##[debug]Primary repository: JacksonR64/LocalLoop
2025-06-10T18:22:33.0239004Z Prepare workflow directory
2025-06-10T18:22:33.0308277Z ##[debug]Creating pipeline directory: '/home/runner/work/LocalLoop'
2025-06-10T18:22:33.0311923Z ##[debug]Creating workspace directory: '/home/runner/work/LocalLoop/LocalLoop'
2025-06-10T18:22:33.0313738Z ##[debug]Update context data
2025-06-10T18:22:33.0317066Z ##[debug]Evaluating job-level environment variables
2025-06-10T18:22:33.0693245Z ##[debug]Evaluating job container
2025-06-10T18:22:33.0748966Z ##[debug]Evaluating job service containers
2025-06-10T18:22:33.0753044Z ##[debug]Evaluating job defaults
2025-06-10T18:22:33.0788746Z Prepare all required actions
2025-06-10T18:22:33.0843870Z Getting action download info
2025-06-10T18:22:33.4303271Z ##[group]Download immutable action package 'actions/checkout@v4'
2025-06-10T18:22:33.4304345Z Version: 4.2.2
2025-06-10T18:22:33.4305406Z Digest: sha256:ccb2698953eaebd21c7bf6268a94f9c26518a7e38e27e0b83c1fe1ad049819b1
2025-06-10T18:22:33.4306589Z Source commit SHA: 11bd71901bbe5b1630ceea73d27597364c9af683
2025-06-10T18:22:33.4307561Z ##[endgroup]
2025-06-10T18:22:33.4330165Z ##[debug]Copied action archive '/opt/actionarchivecache/actions_checkout/11bd71901bbe5b1630ceea73d27597364c9af683.tar.gz' to '/home/runner/work/_actions/_temp_8439d955-463f-4541-8413-97e76e5b52bc/6aa14006-750d-4dad-8872-b3d40baab54f.tar.gz'
2025-06-10T18:22:33.4946419Z ##[debug]Unwrap 'actions-checkout-11bd719' to '/home/runner/work/_actions/actions/checkout/v4'
2025-06-10T18:22:33.5074122Z ##[debug]Archive '/home/runner/work/_actions/_temp_8439d955-463f-4541-8413-97e76e5b52bc/6aa14006-750d-4dad-8872-b3d40baab54f.tar.gz' has been unzipped into '/home/runner/work/_actions/actions/checkout/v4'.
2025-06-10T18:22:33.5171853Z ##[group]Download immutable action package 'actions/setup-node@v4'
2025-06-10T18:22:33.5172755Z Version: 4.4.0
2025-06-10T18:22:33.5173569Z Digest: sha256:9427cefe82346e992fb5b949e3569b39d537ae41aa3086483b14eceebfc16bc1
2025-06-10T18:22:33.5174535Z Source commit SHA: 49933ea5288caeca8642d1e84afbd3f7d6820020
2025-06-10T18:22:33.5175320Z ##[endgroup]
2025-06-10T18:22:33.5875195Z ##[debug]Copied action archive '/opt/actionarchivecache/actions_setup-node/49933ea5288caeca8642d1e84afbd3f7d6820020.tar.gz' to '/home/runner/work/_actions/_temp_81b54ed5-0f2f-4817-8de4-dab8f92ab29e/212b3bff-4c0d-438a-a50a-f78909fb7434.tar.gz'
2025-06-10T18:22:33.6443561Z ##[debug]Unwrap 'actions-setup-node-49933ea' to '/home/runner/work/_actions/actions/setup-node/v4'
2025-06-10T18:22:33.6669790Z ##[debug]Archive '/home/runner/work/_actions/_temp_81b54ed5-0f2f-4817-8de4-dab8f92ab29e/212b3bff-4c0d-438a-a50a-f78909fb7434.tar.gz' has been unzipped into '/home/runner/work/_actions/actions/setup-node/v4'.
2025-06-10T18:22:33.6725554Z ##[group]Download immutable action package 'actions/upload-artifact@v4'
2025-06-10T18:22:33.6726500Z Version: 4.6.2
2025-06-10T18:22:33.6727238Z Digest: sha256:290722aa3281d5caf23d0acdc3dbeb3424786a1a01a9cc97e72f147225e37c38
2025-06-10T18:22:33.6728261Z Source commit SHA: ea165f8d65b6e75b540449e92b4886f43607fa02
2025-06-10T18:22:33.6729046Z ##[endgroup]
2025-06-10T18:22:33.6767633Z ##[debug]Copied action archive '/opt/actionarchivecache/actions_upload-artifact/ea165f8d65b6e75b540449e92b4886f43607fa02.tar.gz' to '/home/runner/work/_actions/_temp_d6f5a445-b6c8-4fca-9749-76fa82d825be/69c9e6d7-3f6d-4a10-ad97-2694e55106d4.tar.gz'
2025-06-10T18:22:33.7448945Z ##[debug]Unwrap 'actions-upload-artifact-ea165f8' to '/home/runner/work/_actions/actions/upload-artifact/v4'
2025-06-10T18:22:33.7774004Z ##[debug]Archive '/home/runner/work/_actions/_temp_d6f5a445-b6c8-4fca-9749-76fa82d825be/69c9e6d7-3f6d-4a10-ad97-2694e55106d4.tar.gz' has been unzipped into '/home/runner/work/_actions/actions/upload-artifact/v4'.
2025-06-10T18:22:33.7843362Z ##[debug]action.yml for action: '/home/runner/work/_actions/actions/checkout/v4/action.yml'.
2025-06-10T18:22:33.8456291Z ##[debug]action.yml for action: '/home/runner/work/_actions/actions/setup-node/v4/action.yml'.
2025-06-10T18:22:33.8512465Z ##[debug]action.yml for action: '/home/runner/work/_actions/actions/upload-artifact/v4/action.yml'.
2025-06-10T18:22:33.8634716Z ##[debug]Set step '__actions_checkout' display name to: '📥 Checkout code'
2025-06-10T18:22:33.8637780Z ##[debug]Set step '__actions_setup-node' display name to: '📦 Setup Node.js'
2025-06-10T18:22:33.8639716Z ##[debug]Set step '__run' display name to: '📦 Install dependencies'
2025-06-10T18:22:33.8641353Z ##[debug]Set step '__run_2' display name to: '🏗️ Build'
2025-06-10T18:22:33.8642759Z ##[debug]Set step '__run_3' display name to: '🎭 Run E2E tests'
2025-06-10T18:22:33.8644333Z ##[debug]Set step '__actions_upload-artifact' display name to: '📊 Upload test results'
2025-06-10T18:22:33.8645486Z Complete job name: 🎭 E2E Tests
2025-06-10T18:22:33.8677997Z ##[debug]Collect running processes for tracking orphan processes.
2025-06-10T18:22:33.8883946Z ##[debug]Finishing: Set up job
2025-06-10T18:22:33.8991903Z ##[debug]Evaluating condition for step: 'Initialize containers'
2025-06-10T18:22:33.9026359Z ##[debug]Evaluating: success()
2025-06-10T18:22:33.9031261Z ##[debug]Evaluating success:
2025-06-10T18:22:33.9046696Z ##[debug]=> true
2025-06-10T18:22:33.9052809Z ##[debug]Result: true
2025-06-10T18:22:33.9074625Z ##[debug]Starting: Initialize containers
2025-06-10T18:22:33.9099905Z ##[debug]Register post job cleanup for stopping/deleting containers.
2025-06-10T18:22:33.9119057Z ##[group]Checking docker version
2025-06-10T18:22:33.9131871Z ##[command]/usr/bin/docker version --format '{{.Server.APIVersion}}'
2025-06-10T18:22:33.9620423Z '1.48'
2025-06-10T18:22:33.9632134Z Docker daemon API version: '1.48'
2025-06-10T18:22:33.9632866Z ##[command]/usr/bin/docker version --format '{{.Client.APIVersion}}'
2025-06-10T18:22:33.9781720Z '1.48'
2025-06-10T18:22:33.9795451Z Docker client API version: '1.48'
2025-06-10T18:22:33.9800989Z ##[endgroup]
2025-06-10T18:22:33.9803837Z ##[group]Clean up resources from previous jobs
2025-06-10T18:22:33.9809839Z ##[command]/usr/bin/docker ps --all --quiet --no-trunc --filter "label=bd67c5"
2025-06-10T18:22:33.9953299Z ##[command]/usr/bin/docker network prune --force --filter "label=bd67c5"
2025-06-10T18:22:34.0086431Z ##[endgroup]
2025-06-10T18:22:34.0086914Z ##[group]Create local container network
2025-06-10T18:22:34.0097261Z ##[command]/usr/bin/docker network create --label bd67c5 github_network_f7f35897a5294b2dbf354f9908371115
2025-06-10T18:22:34.0691067Z bf5c28d2d3312eba75019819bcf09ae007db2becf338d0212b5d87787aeeb405
2025-06-10T18:22:34.0713562Z ##[endgroup]
2025-06-10T18:22:34.0736538Z ##[group]Starting job container
2025-06-10T18:22:34.0757628Z ##[command]/usr/bin/docker pull mcr.microsoft.com/playwright:v1.51.0-jammy
2025-06-10T18:22:34.2504221Z v1.51.0-jammy: Pulling from playwright
2025-06-10T18:22:34.3222561Z 8f84a9f2102e: Pulling fs layer
2025-06-10T18:22:34.3223437Z 263ae9930b7a: Pulling fs layer
2025-06-10T18:22:34.3224278Z 930650f6670d: Pulling fs layer
2025-06-10T18:22:34.3225144Z d71b15d6dd0b: Pulling fs layer
2025-06-10T18:22:34.4378640Z 930650f6670d: Verifying Checksum
2025-06-10T18:22:34.4380752Z 930650f6670d: Download complete
2025-06-10T18:22:34.5069764Z 8f84a9f2102e: Verifying Checksum
2025-06-10T18:22:34.5070666Z 8f84a9f2102e: Download complete
2025-06-10T18:22:34.7995847Z 263ae9930b7a: Verifying Checksum
2025-06-10T18:22:34.7997406Z 263ae9930b7a: Download complete
2025-06-10T18:22:35.7100835Z 8f84a9f2102e: Pull complete
2025-06-10T18:22:37.4184619Z d71b15d6dd0b: Verifying Checksum
2025-06-10T18:22:37.4185564Z d71b15d6dd0b: Download complete
2025-06-10T18:22:42.1293434Z 263ae9930b7a: Pull complete
2025-06-10T18:22:42.1526973Z 930650f6670d: Pull complete
2025-06-10T18:22:58.0200645Z d71b15d6dd0b: Pull complete
2025-06-10T18:22:58.0252053Z Digest: sha256:51558049e0b094d5f7617f71b9cf0257a2846cb5eea5b63070e714cf2a50eff9
2025-06-10T18:22:58.0267730Z Status: Downloaded newer image for mcr.microsoft.com/playwright:v1.51.0-jammy
2025-06-10T18:22:58.0279615Z mcr.microsoft.com/playwright:v1.51.0-jammy
2025-06-10T18:22:58.0358223Z ##[command]/usr/bin/docker create --name 807ea631ad9d471ba0923b1db51e38a5_mcrmicrosoftcomplaywrightv1510jammy_643138 --label bd67c5 --workdir /__w/LocalLoop/LocalLoop --network github_network_f7f35897a5294b2dbf354f9908371115  -e "HOME=/github/home" -e GITHUB_ACTIONS=true -e CI=true -v "/var/run/docker.sock":"/var/run/docker.sock" -v "/home/runner/work":"/__w" -v "/home/runner/actions-runner/cached/externals":"/__e":ro -v "/home/runner/work/_temp":"/__w/_temp" -v "/home/runner/work/_actions":"/__w/_actions" -v "/opt/hostedtoolcache":"/__t" -v "/home/runner/work/_temp/_github_home":"/github/home" -v "/home/runner/work/_temp/_github_workflow":"/github/workflow" --entrypoint "tail" mcr.microsoft.com/playwright:v1.51.0-jammy "-f" "/dev/null"
2025-06-10T18:22:58.0664839Z 9f25709fdf6df997a3d9a63a461760b6eedc33f735570c531349ff5cbfb448d4
2025-06-10T18:22:58.0688741Z ##[command]/usr/bin/docker start 9f25709fdf6df997a3d9a63a461760b6eedc33f735570c531349ff5cbfb448d4
2025-06-10T18:22:58.2217263Z 9f25709fdf6df997a3d9a63a461760b6eedc33f735570c531349ff5cbfb448d4
2025-06-10T18:22:58.2237270Z ##[command]/usr/bin/docker ps --all --filter id=9f25709fdf6df997a3d9a63a461760b6eedc33f735570c531349ff5cbfb448d4 --filter status=running --no-trunc --format "{{.ID}} {{.Status}}"
2025-06-10T18:22:58.2352810Z 9f25709fdf6df997a3d9a63a461760b6eedc33f735570c531349ff5cbfb448d4 Up Less than a second
2025-06-10T18:22:58.2371682Z ##[command]/usr/bin/docker inspect --format "{{range .Config.Env}}{{println .}}{{end}}" 9f25709fdf6df997a3d9a63a461760b6eedc33f735570c531349ff5cbfb448d4
2025-06-10T18:22:58.2488291Z HOME=/github/home
2025-06-10T18:22:58.2488796Z GITHUB_ACTIONS=true
2025-06-10T18:22:58.2489437Z CI=true
2025-06-10T18:22:58.2489969Z PATH=/usr/local/sbin:/usr/local/bin:/usr/sbin:/usr/bin:/sbin:/bin
2025-06-10T18:22:58.2490624Z LANG=C.UTF-8
2025-06-10T18:22:58.2490967Z LC_ALL=C.UTF-8
2025-06-10T18:22:58.2491367Z PLAYWRIGHT_BROWSERS_PATH=/ms-playwright
2025-06-10T18:22:58.2510277Z ##[endgroup]
2025-06-10T18:22:58.2519904Z ##[group]Waiting for all services to be ready
2025-06-10T18:22:58.2521678Z ##[endgroup]
2025-06-10T18:22:58.2528610Z ##[debug]Finishing: Initialize containers
2025-06-10T18:22:58.2544976Z ##[debug]Evaluating condition for step: '📥 Checkout code'
2025-06-10T18:22:58.2549821Z ##[debug]Evaluating: success()
2025-06-10T18:22:58.2550253Z ##[debug]Evaluating success:
2025-06-10T18:22:58.2550766Z ##[debug]=> true
2025-06-10T18:22:58.2551372Z ##[debug]Result: true
2025-06-10T18:22:58.2552228Z ##[debug]Starting: 📥 Checkout code
2025-06-10T18:22:58.2613970Z ##[debug]Register post job cleanup for action: actions/checkout@v4
2025-06-10T18:22:58.2685310Z ##[debug]Loading inputs
2025-06-10T18:22:58.2693456Z ##[debug]Evaluating: github.repository
2025-06-10T18:22:58.2694363Z ##[debug]Evaluating Index:
2025-06-10T18:22:58.2696155Z ##[debug]..Evaluating github:
2025-06-10T18:22:58.2697155Z ##[debug]..=> Object
2025-06-10T18:22:58.2703013Z ##[debug]..Evaluating String:
2025-06-10T18:22:58.2703683Z ##[debug]..=> 'repository'
2025-06-10T18:22:58.2707747Z ##[debug]=> 'JacksonR64/LocalLoop'
2025-06-10T18:22:58.2709076Z ##[debug]Result: 'JacksonR64/LocalLoop'
2025-06-10T18:22:58.2712105Z ##[debug]Evaluating: github.token
2025-06-10T18:22:58.2712430Z ##[debug]Evaluating Index:
2025-06-10T18:22:58.2712704Z ##[debug]..Evaluating github:
2025-06-10T18:22:58.2712992Z ##[debug]..=> Object
2025-06-10T18:22:58.2713294Z ##[debug]..Evaluating String:
2025-06-10T18:22:58.2713590Z ##[debug]..=> 'token'
2025-06-10T18:22:58.2714589Z ##[debug]=> '***'
2025-06-10T18:22:58.2714990Z ##[debug]Result: '***'
2025-06-10T18:22:58.2726785Z ##[debug]Loading env
2025-06-10T18:22:58.2782330Z ##[group]Run actions/checkout@v4
2025-06-10T18:22:58.2782825Z with:
2025-06-10T18:22:58.2783059Z   repository: JacksonR64/LocalLoop
2025-06-10T18:22:58.2783489Z   token: ***
2025-06-10T18:22:58.2783712Z   ssh-strict: true
2025-06-10T18:22:58.2783937Z   ssh-user: git
2025-06-10T18:22:58.2784168Z   persist-credentials: true
2025-06-10T18:22:58.2784418Z   clean: true
2025-06-10T18:22:58.2784640Z   sparse-checkout-cone-mode: true
2025-06-10T18:22:58.2784911Z   fetch-depth: 1
2025-06-10T18:22:58.2785129Z   fetch-tags: false
2025-06-10T18:22:58.2785373Z   show-progress: true
2025-06-10T18:22:58.2785604Z   lfs: false
2025-06-10T18:22:58.2785811Z   submodules: false
2025-06-10T18:22:58.2786036Z   set-safe-directory: true
2025-06-10T18:22:58.2786472Z env:
2025-06-10T18:22:58.2786686Z   NODE_VERSION: 18
2025-06-10T18:22:58.2786915Z ##[endgroup]
2025-06-10T18:22:58.2842390Z ##[command]/usr/bin/docker exec  9f25709fdf6df997a3d9a63a461760b6eedc33f735570c531349ff5cbfb448d4 sh -c "cat /etc/*release | grep ^ID"
2025-06-10T18:22:58.3378355Z ##[debug]ID=ubuntu
2025-06-10T18:22:58.3378769Z ##[debug]ID_LIKE=debian
2025-06-10T18:22:58.3379800Z ##[debug]Running JavaScript Action with default external tool: node20
2025-06-10T18:22:58.4852954Z ##[debug]GITHUB_WORKSPACE = '/__w/LocalLoop/LocalLoop'
2025-06-10T18:22:58.4854541Z ##[debug]qualified repository = 'JacksonR64/LocalLoop'
2025-06-10T18:22:58.4855544Z ##[debug]ref = 'refs/heads/main'
2025-06-10T18:22:58.4856478Z ##[debug]commit = 'db9fe301deaccb5f60f5fb835682981b867d937a'
2025-06-10T18:22:58.4857399Z ##[debug]clean = true
2025-06-10T18:22:58.4858068Z ##[debug]filter = undefined
2025-06-10T18:22:58.4858731Z ##[debug]fetch depth = 1
2025-06-10T18:22:58.4859565Z ##[debug]fetch tags = false
2025-06-10T18:22:58.4860368Z ##[debug]show progress = true
2025-06-10T18:22:58.4861162Z ##[debug]lfs = false
2025-06-10T18:22:58.4861835Z ##[debug]submodules = false
2025-06-10T18:22:58.4862372Z ##[debug]recursive submodules = false
2025-06-10T18:22:58.4862862Z ##[debug]GitHub Host URL = 
2025-06-10T18:22:58.4864075Z ::add-matcher::/__w/_actions/actions/checkout/v4/dist/problem-matcher.json
2025-06-10T18:22:58.5022212Z ##[debug]Added matchers: 'checkout-git'. Problem matchers scan action output for known warning or error strings and report these inline.
2025-06-10T18:22:58.5027149Z Syncing repository: JacksonR64/LocalLoop
2025-06-10T18:22:58.5028121Z ::group::Getting Git version info
2025-06-10T18:22:58.5029395Z ##[group]Getting Git version info
2025-06-10T18:22:58.5030216Z Working directory is '/__w/LocalLoop/LocalLoop'
2025-06-10T18:22:58.5031038Z ##[debug]Getting git version
2025-06-10T18:22:58.5031593Z [command]/usr/bin/git version
2025-06-10T18:22:58.5032103Z git version 2.34.1
2025-06-10T18:22:58.5032871Z ##[debug]0
2025-06-10T18:22:58.5033529Z ##[debug]git version 2.34.1
2025-06-10T18:22:58.5034025Z ##[debug]
2025-06-10T18:22:58.5034501Z ##[debug]Set git useragent to: git/2.34.1 (github-actions-checkout)
2025-06-10T18:22:58.5035257Z ::endgroup::
2025-06-10T18:22:58.5035743Z ##[endgroup]
2025-06-10T18:22:58.5040080Z ::add-mask::***
2025-06-10T18:22:58.5041722Z Temporarily overriding HOME='/__w/_temp/0ccf7fca-42b6-4308-937d-c264a5c56eab' before making global git config changes
2025-06-10T18:22:58.5042867Z Adding repository directory to the temporary git global config as a safe directory
2025-06-10T18:22:58.5043833Z [command]/usr/bin/git config --global --add safe.directory /__w/LocalLoop/LocalLoop
2025-06-10T18:22:58.5044848Z ##[debug]0
2025-06-10T18:22:58.5045417Z ##[debug]
2025-06-10T18:22:58.5045890Z Deleting the contents of '/__w/LocalLoop/LocalLoop'
2025-06-10T18:22:58.5046753Z ::group::Initializing the repository
2025-06-10T18:22:58.5047144Z ##[group]Initializing the repository
2025-06-10T18:22:58.5049748Z [command]/usr/bin/git init /__w/LocalLoop/LocalLoop
2025-06-10T18:22:58.5081212Z hint: Using 'master' as the name for the initial branch. This default branch name
2025-06-10T18:22:58.5083052Z hint: is subject to change. To configure the initial branch name to use in all
2025-06-10T18:22:58.5083925Z hint: of your new repositories, which will suppress this warning, call:
2025-06-10T18:22:58.5084313Z hint: 
2025-06-10T18:22:58.5084629Z hint: 	git config --global init.defaultBranch <name>
2025-06-10T18:22:58.5085047Z hint: 
2025-06-10T18:22:58.5085365Z hint: Names commonly chosen instead of 'master' are 'main', 'trunk' and
2025-06-10T18:22:58.5085851Z hint: 'development'. The just-created branch can be renamed via this command:
2025-06-10T18:22:58.5086242Z hint: 
2025-06-10T18:22:58.5086481Z hint: 	git branch -m <name>
2025-06-10T18:22:58.5123588Z Initialized empty Git repository in /__w/LocalLoop/LocalLoop/.git/
2025-06-10T18:22:58.5130113Z ##[debug]0
2025-06-10T18:22:58.5131082Z ##[debug]Initialized empty Git repository in /__w/LocalLoop/LocalLoop/.git/
2025-06-10T18:22:58.5131814Z ##[debug]
2025-06-10T18:22:58.5135899Z [command]/usr/bin/git remote add origin https://github.com/JacksonR64/LocalLoop
2025-06-10T18:22:58.5164977Z ##[debug]0
2025-06-10T18:22:58.5165671Z ##[debug]
2025-06-10T18:22:58.5166211Z ::endgroup::
2025-06-10T18:22:58.5166434Z ##[endgroup]
2025-06-10T18:22:58.5166996Z ::group::Disabling automatic garbage collection
2025-06-10T18:22:58.5167378Z ##[group]Disabling automatic garbage collection
2025-06-10T18:22:58.5170415Z [command]/usr/bin/git config --local gc.auto 0
2025-06-10T18:22:58.5197708Z ##[debug]0
2025-06-10T18:22:58.5198520Z ##[debug]
2025-06-10T18:22:58.5199494Z ::endgroup::
2025-06-10T18:22:58.5199910Z ##[endgroup]
2025-06-10T18:22:58.5200719Z ::group::Setting up auth
2025-06-10T18:22:58.5201271Z ##[group]Setting up auth
2025-06-10T18:22:58.5206746Z [command]/usr/bin/git config --local --name-only --get-regexp core\.sshCommand
2025-06-10T18:22:58.5229933Z ##[debug]1
2025-06-10T18:22:58.5230605Z ##[debug]
2025-06-10T18:22:58.5235454Z [command]/usr/bin/git submodule foreach --recursive sh -c "git config --local --name-only --get-regexp 'core\.sshCommand' && git config --local --unset-all 'core.sshCommand' || :"
2025-06-10T18:22:58.5482747Z ##[debug]0
2025-06-10T18:22:58.5483431Z ##[debug]
2025-06-10T18:22:58.5487241Z [command]/usr/bin/git config --local --name-only --get-regexp http\.https\:\/\/github\.com\/\.extraheader
2025-06-10T18:22:58.5512233Z ##[debug]1
2025-06-10T18:22:58.5512996Z ##[debug]
2025-06-10T18:22:58.5516991Z [command]/usr/bin/git submodule foreach --recursive sh -c "git config --local --name-only --get-regexp 'http\.https\:\/\/github\.com\/\.extraheader' && git config --local --unset-all 'http.https://github.com/.extraheader' || :"
2025-06-10T18:22:58.5753097Z ##[debug]0
2025-06-10T18:22:58.5754357Z ##[debug]
2025-06-10T18:22:58.5760766Z [command]/usr/bin/git config --local http.https://github.com/.extraheader AUTHORIZATION: basic ***
2025-06-10T18:22:58.5786475Z ##[debug]0
2025-06-10T18:22:58.5787118Z ##[debug]
2025-06-10T18:22:58.5795143Z ::endgroup::
2025-06-10T18:22:58.5795593Z ##[endgroup]
2025-06-10T18:22:58.5796412Z ::group::Fetching the repository
2025-06-10T18:22:58.5796947Z ##[group]Fetching the repository
2025-06-10T18:22:58.5805216Z [command]/usr/bin/git -c protocol.version=2 fetch --no-tags --prune --no-recurse-submodules --depth=1 origin +db9fe301deaccb5f60f5fb835682981b867d937a:refs/remotes/origin/main
2025-06-10T18:22:59.1421680Z From https://github.com/JacksonR64/LocalLoop
2025-06-10T18:22:59.1422595Z  * [new ref]         db9fe301deaccb5f60f5fb835682981b867d937a -> origin/main
2025-06-10T18:22:59.1442483Z ##[debug]0
2025-06-10T18:22:59.1443210Z ##[debug]
2025-06-10T18:22:59.1445338Z ::endgroup::
2025-06-10T18:22:59.1445710Z ##[endgroup]
2025-06-10T18:22:59.1451283Z ::group::Determining the checkout info
2025-06-10T18:22:59.1451798Z ##[group]Determining the checkout info
2025-06-10T18:22:59.1452363Z ::endgroup::
2025-06-10T18:22:59.1452627Z ##[endgroup]
2025-06-10T18:22:59.1455582Z [command]/usr/bin/git sparse-checkout disable
2025-06-10T18:22:59.1489931Z ##[debug]0
2025-06-10T18:22:59.1490489Z ##[debug]
2025-06-10T18:22:59.1494531Z [command]/usr/bin/git config --local --unset-all extensions.worktreeConfig
2025-06-10T18:22:59.1522898Z ##[debug]0
2025-06-10T18:22:59.1523501Z ##[debug]
2025-06-10T18:22:59.1523939Z ::group::Checking out the ref
2025-06-10T18:22:59.1524215Z ##[group]Checking out the ref
2025-06-10T18:22:59.1528150Z [command]/usr/bin/git checkout --progress --force -B main refs/remotes/origin/main
2025-06-10T18:22:59.2234363Z Switched to a new branch 'main'
2025-06-10T18:22:59.2235150Z Branch 'main' set up to track remote branch 'main' from 'origin'.
2025-06-10T18:22:59.2243939Z ##[debug]0
2025-06-10T18:22:59.2244939Z ##[debug]Branch 'main' set up to track remote branch 'main' from 'origin'.
2025-06-10T18:22:59.2245549Z ##[debug]
2025-06-10T18:22:59.2246173Z ::endgroup::
2025-06-10T18:22:59.2246522Z ##[endgroup]
2025-06-10T18:22:59.2297307Z ##[debug]0
2025-06-10T18:22:59.2298201Z ##[debug]commit db9fe301deaccb5f60f5fb835682981b867d937a
2025-06-10T18:22:59.2298886Z ##[debug]Author: Jackson <jackson_rhoden@outlook.com>
2025-06-10T18:22:59.2299635Z ##[debug]Date:   Tue Jun 10 17:44:30 2025 +0100
2025-06-10T18:22:59.2300188Z ##[debug]
2025-06-10T18:22:59.2303229Z ##[debug]    fix(ci): restore original 4 browsers with Docker solution - Restore original 4 browser projects: Chromium, WebKit, Firefox, Mobile Safari - Implement Playwright Docker container approach to fix apt-get timeouts - Use mcr.microsoft.com/playwright:v1.51.0-jammy official image - Remove --with-deps installation (browsers pre-installed in Docker) - Should restore 3m34s performance while fixing network issues - Based on Playwright best practices documentation
2025-06-10T18:22:59.2305647Z ##[debug]
2025-06-10T18:22:59.2306000Z [command]/usr/bin/git log -1 --format=%H
2025-06-10T18:22:59.2326590Z db9fe301deaccb5f60f5fb835682981b867d937a
2025-06-10T18:22:59.2333634Z ##[debug]0
2025-06-10T18:22:59.2334629Z ##[debug]db9fe301deaccb5f60f5fb835682981b867d937a
2025-06-10T18:22:59.2335110Z ##[debug]
2025-06-10T18:22:59.2341563Z ##[debug]Unsetting HOME override
2025-06-10T18:22:59.2351022Z ::remove-matcher owner=checkout-git::
2025-06-10T18:22:59.2362038Z ##[debug]Removed matchers: 'checkout-git'
2025-06-10T18:22:59.2447404Z ##[debug]Node Action run completed with exit code 0
2025-06-10T18:22:59.2482193Z ##[debug]Save intra-action state isPost = true
2025-06-10T18:22:59.2482771Z ##[debug]Save intra-action state setSafeDirectory = true
2025-06-10T18:22:59.2483235Z ##[debug]Save intra-action state repositoryPath = /__w/LocalLoop/LocalLoop
2025-06-10T18:22:59.2486947Z ##[debug]Set output commit = db9fe301deaccb5f60f5fb835682981b867d937a
2025-06-10T18:22:59.2487782Z ##[debug]Set output ref = refs/heads/main
2025-06-10T18:22:59.2489941Z ##[debug]Finishing: 📥 Checkout code
2025-06-10T18:22:59.2498631Z ##[debug]Evaluating condition for step: '📦 Setup Node.js'
2025-06-10T18:22:59.2501887Z ##[debug]Evaluating: success()
2025-06-10T18:22:59.2502299Z ##[debug]Evaluating success:
2025-06-10T18:22:59.2503132Z ##[debug]=> true
2025-06-10T18:22:59.2503610Z ##[debug]Result: true
2025-06-10T18:22:59.2504455Z ##[debug]Starting: 📦 Setup Node.js
2025-06-10T18:22:59.2538256Z ##[debug]Register post job cleanup for action: actions/setup-node@v4
2025-06-10T18:22:59.2553625Z ##[debug]Loading inputs
2025-06-10T18:22:59.2556440Z ##[debug]Evaluating: env.NODE_VERSION
2025-06-10T18:22:59.2556813Z ##[debug]Evaluating Index:
2025-06-10T18:22:59.2557086Z ##[debug]..Evaluating env:
2025-06-10T18:22:59.2557374Z ##[debug]..=> Object
2025-06-10T18:22:59.2557646Z ##[debug]..Evaluating String:
2025-06-10T18:22:59.2557920Z ##[debug]..=> 'NODE_VERSION'
2025-06-10T18:22:59.2560327Z ##[debug]=> '18'
2025-06-10T18:22:59.2560620Z ##[debug]Result: '18'
2025-06-10T18:22:59.2573587Z ##[debug]Evaluating: (((github.server_url == 'https://github.com') && github.token) || '')
2025-06-10T18:22:59.2574112Z ##[debug]Evaluating Or:
2025-06-10T18:22:59.2576469Z ##[debug]..Evaluating And:
2025-06-10T18:22:59.2578570Z ##[debug]....Evaluating Equal:
2025-06-10T18:22:59.2579936Z ##[debug]......Evaluating Index:
2025-06-10T18:22:59.2580249Z ##[debug]........Evaluating github:
2025-06-10T18:22:59.2580567Z ##[debug]........=> Object
2025-06-10T18:22:59.2580854Z ##[debug]........Evaluating String:
2025-06-10T18:22:59.2581155Z ##[debug]........=> 'server_url'
2025-06-10T18:22:59.2581490Z ##[debug]......=> 'https://github.com'
2025-06-10T18:22:59.2581809Z ##[debug]......Evaluating String:
2025-06-10T18:22:59.2582112Z ##[debug]......=> 'https://github.com'
2025-06-10T18:22:59.2585123Z ##[debug]....=> true
2025-06-10T18:22:59.2585604Z ##[debug]....Evaluating Index:
2025-06-10T18:22:59.2585893Z ##[debug]......Evaluating github:
2025-06-10T18:22:59.2586243Z ##[debug]......=> Object
2025-06-10T18:22:59.2586534Z ##[debug]......Evaluating String:
2025-06-10T18:22:59.2586820Z ##[debug]......=> 'token'
2025-06-10T18:22:59.2587386Z ##[debug]....=> '***'
2025-06-10T18:22:59.2587778Z ##[debug]..=> '***'
2025-06-10T18:22:59.2588360Z ##[debug]=> '***'
2025-06-10T18:22:59.2593152Z ##[debug]Expanded: ((('https://github.com' == 'https://github.com') && '***') || '')
2025-06-10T18:22:59.2593704Z ##[debug]Result: '***'
2025-06-10T18:22:59.2596259Z ##[debug]Loading env
2025-06-10T18:22:59.2601978Z ##[group]Run actions/setup-node@v4
2025-06-10T18:22:59.2602262Z with:
2025-06-10T18:22:59.2602471Z   node-version: 18
2025-06-10T18:22:59.2602687Z   cache: npm
2025-06-10T18:22:59.2602894Z   always-auth: false
2025-06-10T18:22:59.2603121Z   check-latest: false
2025-06-10T18:22:59.2603492Z   token: ***
2025-06-10T18:22:59.2603696Z env:
2025-06-10T18:22:59.2603889Z   NODE_VERSION: 18
2025-06-10T18:22:59.2604111Z ##[endgroup]
2025-06-10T18:22:59.2607869Z ##[command]/usr/bin/docker exec  9f25709fdf6df997a3d9a63a461760b6eedc33f735570c531349ff5cbfb448d4 sh -c "cat /etc/*release | grep ^ID"
2025-06-10T18:22:59.3142838Z ##[debug]ID=ubuntu
2025-06-10T18:22:59.3143175Z ##[debug]ID_LIKE=debian
2025-06-10T18:22:59.3143521Z ##[debug]Running JavaScript Action with default external tool: node20
2025-06-10T18:22:59.5307448Z ##[debug]isExplicit: 
2025-06-10T18:22:59.5309651Z ##[debug]explicit? false
2025-06-10T18:22:59.5528549Z ##[debug]isExplicit: 18.20.8
2025-06-10T18:22:59.5529751Z ##[debug]explicit? true
2025-06-10T18:22:59.5700294Z ##[debug]isExplicit: 20.19.2
2025-06-10T18:22:59.5700871Z ##[debug]explicit? true
2025-06-10T18:22:59.5806805Z ##[debug]isExplicit: 22.16.0
2025-06-10T18:22:59.5807439Z ##[debug]explicit? true
2025-06-10T18:22:59.5916182Z ##[debug]evaluating 3 versions
2025-06-10T18:22:59.5941330Z ##[debug]matched: 18.20.8
2025-06-10T18:22:59.5942403Z ##[debug]checking cache: /__t/node/18.20.8/x64
2025-06-10T18:22:59.5944208Z ##[debug]Found tool in cache node 18.20.8 x64
2025-06-10T18:22:59.5944881Z Found in cache @ /__t/node/18.20.8/x64
2025-06-10T18:22:59.5950926Z ::group::Environment details
2025-06-10T18:22:59.5951348Z ##[group]Environment details
2025-06-10T18:23:07.9622473Z node: v18.20.8
2025-06-10T18:23:07.9622916Z npm: 10.8.2
2025-06-10T18:23:07.9623218Z yarn: 1.22.22
2025-06-10T18:23:07.9624961Z ::endgroup::
2025-06-10T18:23:07.9625338Z ##[endgroup]
2025-06-10T18:23:07.9642711Z [command]/__t/node/18.20.8/x64/bin/npm config get cache
2025-06-10T18:23:08.9071974Z /github/home/.npm
2025-06-10T18:23:08.9148981Z ##[debug]npm's cache folder "/github/home/.npm" configured for the root directory
2025-06-10T18:23:08.9155229Z ##[debug]followSymbolicLinks 'true'
2025-06-10T18:23:08.9183036Z ##[debug]followSymbolicLinks 'true'
2025-06-10T18:23:08.9183749Z ##[debug]implicitDescendants 'true'
2025-06-10T18:23:08.9184578Z ##[debug]matchDirectories 'true'
2025-06-10T18:23:08.9185244Z ##[debug]omitBrokenSymbolicLinks 'true'
2025-06-10T18:23:08.9187396Z ##[debug]excludeHiddenFiles 'false'
2025-06-10T18:23:08.9189711Z ##[debug]Search path '/__w/LocalLoop/LocalLoop/package-lock.json'
2025-06-10T18:23:08.9198027Z ##[debug]/__w/LocalLoop/LocalLoop/package-lock.json
2025-06-10T18:23:08.9255138Z ##[debug]Found 1 files to hash.
2025-06-10T18:23:08.9256298Z ##[debug]primary key is node-cache-Linux-x64-npm-c12c6ac637b018150c9ab8486a2ab8d5c875f0013e7356ae5e08bc546e10a4bd
2025-06-10T18:23:08.9259390Z ##[debug]Cache service version: v2
2025-06-10T18:23:08.9262200Z ##[debug]Resolved Keys:
2025-06-10T18:23:08.9263430Z ##[debug]["node-cache-Linux-x64-npm-c12c6ac637b018150c9ab8486a2ab8d5c875f0013e7356ae5e08bc546e10a4bd"]
2025-06-10T18:23:08.9267698Z ##[debug]Checking zstd --quiet --version
2025-06-10T18:23:08.9278505Z ##[debug]Unable to locate executable file: zstd. Please verify either the file path exists or the file can be found within a directory specified by the PATH environment variable. Also check the file mode to verify the file is executable.
2025-06-10T18:23:08.9280473Z ##[debug]
2025-06-10T18:23:08.9280964Z ##[debug]zstd version: null
2025-06-10T18:23:08.9289915Z ##[debug][Request] GetCacheEntryDownloadURL https://results-receiver.actions.githubusercontent.com/twirp/github.actions.results.api.v1.CacheService/GetCacheEntryDownloadURL
2025-06-10T18:23:09.0275124Z ##[debug][Response] - 200
2025-06-10T18:23:09.0277327Z ##[debug]Headers: {
2025-06-10T18:23:09.0277722Z ##[debug]  "content-length": "56",
2025-06-10T18:23:09.0278233Z ##[debug]  "content-type": "application/json",
2025-06-10T18:23:09.0278823Z ##[debug]  "date": "Tue, 10 Jun 2025 18:23:09 GMT",
2025-06-10T18:23:09.0279634Z ##[debug]  "x-github-backend": "Kubernetes",
2025-06-10T18:23:09.0280356Z ##[debug]  "x-github-request-id": "0400:2B2D8F:25A236:2B6B11:6848780C"
2025-06-10T18:23:09.0280961Z ##[debug]}
2025-06-10T18:23:09.0282530Z ##[debug]Body: {
2025-06-10T18:23:09.0282845Z ##[debug]  "ok": false,
2025-06-10T18:23:09.0283211Z ##[debug]  "signed_download_url": "",
2025-06-10T18:23:09.0283647Z ##[debug]  "matched_key": ""
2025-06-10T18:23:09.0283997Z ##[debug]}
2025-06-10T18:23:09.0286748Z ##[debug]Cache not found for version 05667df5472f1bd3aa3eb44efb896e2d05c30bae1aa7b9df2fc02a424b1941c3 of keys: node-cache-Linux-x64-npm-c12c6ac637b018150c9ab8486a2ab8d5c875f0013e7356ae5e08bc546e10a4bd
2025-06-10T18:23:09.0288994Z npm cache is not found
2025-06-10T18:23:09.0295921Z ##[add-matcher]/__w/_actions/actions/setup-node/v4/.github/tsc.json
2025-06-10T18:23:09.0321992Z ##[debug]Added matchers: 'tsc'. Problem matchers scan action output for known warning or error strings and report these inline.
2025-06-10T18:23:09.0323305Z ##[add-matcher]/__w/_actions/actions/setup-node/v4/.github/eslint-stylish.json
2025-06-10T18:23:09.0332638Z ##[debug]Added matchers: 'eslint-stylish'. Problem matchers scan action output for known warning or error strings and report these inline.
2025-06-10T18:23:09.0334030Z ##[add-matcher]/__w/_actions/actions/setup-node/v4/.github/eslint-compact.json
2025-06-10T18:23:09.0337411Z ##[debug]Added matchers: 'eslint-compact'. Problem matchers scan action output for known warning or error strings and report these inline.
2025-06-10T18:23:09.0401241Z ##[debug]Node Action run completed with exit code 0
2025-06-10T18:23:09.0404112Z ##[debug]Save intra-action state SETUP_NODE_CACHE_PACKAGE_MANAGER = npm
2025-06-10T18:23:09.0404556Z ##[debug]Save intra-action state CACHE_PATHS = ["/github/home/.npm"]
2025-06-10T18:23:09.0405337Z ##[debug]Save intra-action state CACHE_KEY = node-cache-Linux-x64-npm-c12c6ac637b018150c9ab8486a2ab8d5c875f0013e7356ae5e08bc546e10a4bd
2025-06-10T18:23:09.0406196Z ##[debug]Set output node-version = v18.20.8
2025-06-10T18:23:09.0406467Z ##[debug]Set output cache-hit = false
2025-06-10T18:23:09.0407052Z ##[debug]Finishing: 📦 Setup Node.js
2025-06-10T18:23:09.0413845Z ##[debug]Evaluating condition for step: '📦 Install dependencies'
2025-06-10T18:23:09.0415721Z ##[debug]Evaluating: success()
2025-06-10T18:23:09.0416074Z ##[debug]Evaluating success:
2025-06-10T18:23:09.0416434Z ##[debug]=> true
2025-06-10T18:23:09.0416731Z ##[debug]Result: true
2025-06-10T18:23:09.0417261Z ##[debug]Starting: 📦 Install dependencies
2025-06-10T18:23:09.0426201Z ##[debug]Loading inputs
2025-06-10T18:23:09.0426989Z ##[debug]Loading env
2025-06-10T18:23:09.0442571Z ##[group]Run npm ci --legacy-peer-deps
2025-06-10T18:23:09.0442901Z [36;1mnpm ci --legacy-peer-deps[0m
2025-06-10T18:23:09.0446129Z shell: sh -e {0}
2025-06-10T18:23:09.0446327Z env:
2025-06-10T18:23:09.0446482Z   NODE_VERSION: 18
2025-06-10T18:23:09.0446662Z ##[endgroup]
2025-06-10T18:23:09.0552838Z ##[debug]sh -e /__w/_temp/120d2db9-fbb1-42ab-a7f0-33a53948ddc6.sh
2025-06-10T18:23:21.0866964Z npm warn deprecated inflight@1.0.6: This module is not supported, and leaks memory. Do not use it. Check out lru-cache if you want a good and tested way to coalesce async requests by a key value, which is much more comprehensive and powerful.
2025-06-10T18:23:21.3252829Z npm warn deprecated glob@7.2.3: Glob versions prior to v9 are no longer supported
2025-06-10T18:23:21.6954157Z npm warn deprecated domexception@4.0.0: Use your platform's native DOMException instead
2025-06-10T18:23:22.0998298Z npm warn deprecated abab@2.0.6: Use your platform's native atob() and btoa() methods instead
2025-06-10T18:23:34.0991630Z 
2025-06-10T18:23:34.0992252Z > localloop@0.1.0 prepare
2025-06-10T18:23:34.0992759Z > husky install
2025-06-10T18:23:34.0993076Z 
2025-06-10T18:23:34.1444736Z husky - install command is DEPRECATED
2025-06-10T18:23:34.1481013Z fatal: not in a git directory
2025-06-10T18:23:34.1654798Z 
2025-06-10T18:23:34.1655417Z added 822 packages, and audited 823 packages in 25s
2025-06-10T18:23:34.1655839Z 
2025-06-10T18:23:34.1656131Z 184 packages are looking for funding
2025-06-10T18:23:34.1656846Z   run `npm fund` for details
2025-06-10T18:23:34.1676466Z 
2025-06-10T18:23:34.1677566Z found 0 vulnerabilities
2025-06-10T18:23:34.2136746Z ##[debug]Finishing: 📦 Install dependencies
2025-06-10T18:23:34.2145174Z ##[debug]Evaluating: secrets.NEXT_PUBLIC_SUPABASE_URL
2025-06-10T18:23:34.2145542Z ##[debug]Evaluating Index:
2025-06-10T18:23:34.2145774Z ##[debug]..Evaluating secrets:
2025-06-10T18:23:34.2146047Z ##[debug]..=> Object
2025-06-10T18:23:34.2146279Z ##[debug]..Evaluating String:
2025-06-10T18:23:34.2146548Z ##[debug]..=> 'NEXT_PUBLIC_SUPABASE_URL'
2025-06-10T18:23:34.2147207Z ##[debug]=> '***'
2025-06-10T18:23:34.2147533Z ##[debug]Result: '***'
2025-06-10T18:23:34.2148245Z ##[debug]Evaluating: secrets.NEXT_PUBLIC_SUPABASE_ANON_KEY
2025-06-10T18:23:34.2148567Z ##[debug]Evaluating Index:
2025-06-10T18:23:34.2148790Z ##[debug]..Evaluating secrets:
2025-06-10T18:23:34.2149019Z ##[debug]..=> Object
2025-06-10T18:23:34.2149467Z ##[debug]..Evaluating String:
2025-06-10T18:23:34.2149724Z ##[debug]..=> 'NEXT_PUBLIC_SUPABASE_ANON_KEY'
2025-06-10T18:23:34.2151104Z ##[debug]=> '***'
2025-06-10T18:23:34.2152365Z ##[debug]Result: '***'
2025-06-10T18:23:34.2153837Z ##[debug]Evaluating condition for step: '🏗️ Build'
2025-06-10T18:23:34.2154861Z ##[debug]Evaluating: success()
2025-06-10T18:23:34.2155189Z ##[debug]Evaluating success:
2025-06-10T18:23:34.2155545Z ##[debug]=> true
2025-06-10T18:23:34.2155840Z ##[debug]Result: true
2025-06-10T18:23:34.2156292Z ##[debug]Starting: 🏗️ Build
2025-06-10T18:23:34.2164003Z ##[debug]Loading inputs
2025-06-10T18:23:34.2164741Z ##[debug]Loading env
2025-06-10T18:23:34.2168349Z ##[group]Run npm run build
2025-06-10T18:23:34.2168733Z [36;1mnpm run build[0m
2025-06-10T18:23:34.2169012Z shell: sh -e {0}
2025-06-10T18:23:34.2169664Z env:
2025-06-10T18:23:34.2169827Z   NODE_VERSION: 18
2025-06-10T18:23:34.2170155Z   NEXT_PUBLIC_SUPABASE_URL: ***
2025-06-10T18:23:34.2171452Z   NEXT_PUBLIC_SUPABASE_ANON_KEY: ***
2025-06-10T18:23:34.2171694Z ##[endgroup]
2025-06-10T18:23:34.2227639Z ##[debug]sh -e /__w/_temp/53cebc61-937d-4527-9fca-9b549dd90dad.sh
2025-06-10T18:23:34.4258210Z 
2025-06-10T18:23:34.4259042Z > localloop@0.1.0 build
2025-06-10T18:23:34.4259724Z > next build
2025-06-10T18:23:34.4259969Z 
2025-06-10T18:23:35.5472244Z ⚠ No build cache found. Please configure build caching for faster rebuilds. Read more: https://nextjs.org/docs/messages/no-cache
2025-06-10T18:23:35.5614360Z Attention: Next.js now collects completely anonymous telemetry regarding usage.
2025-06-10T18:23:35.5615058Z This information is used to shape Next.js' roadmap and prioritize features.
2025-06-10T18:23:35.5615936Z You can learn more, including how to opt-out if you'd not like to participate in this anonymous program, by visiting the following URL:
2025-06-10T18:23:35.5616562Z https://nextjs.org/telemetry
2025-06-10T18:23:35.5616730Z 
2025-06-10T18:23:35.6627391Z    ▲ Next.js 15.3.2
2025-06-10T18:23:35.6627707Z 
2025-06-10T18:23:35.6951705Z    Creating an optimized production build ...
2025-06-10T18:23:59.4489045Z <w> [webpack.cache.PackFileCacheStrategy] Serializing big strings (100kiB) impacts deserialization performance (consider using Buffer instead and decode when needed)
2025-06-10T18:24:03.6595172Z  ⚠ Compiled with warnings in 27.0s
2025-06-10T18:24:03.6595624Z 
2025-06-10T18:24:03.6596037Z ./node_modules/@supabase/realtime-js/dist/main/RealtimeClient.js
2025-06-10T18:24:03.6596862Z Critical dependency: the request of a dependency is an expression
2025-06-10T18:24:03.6597270Z 
2025-06-10T18:24:03.6597494Z Import trace for requested module:
2025-06-10T18:24:03.6598266Z ./node_modules/@supabase/realtime-js/dist/main/RealtimeClient.js
2025-06-10T18:24:03.6599704Z ./node_modules/@supabase/realtime-js/dist/main/index.js
2025-06-10T18:24:03.6600607Z ./node_modules/@supabase/supabase-js/dist/module/index.js
2025-06-10T18:24:03.6601258Z ./node_modules/@supabase/ssr/dist/module/createServerClient.js
2025-06-10T18:24:03.6602143Z ./node_modules/@supabase/ssr/dist/module/index.js
2025-06-10T18:24:03.6602880Z ./lib/supabase-server.ts
2025-06-10T18:24:03.6603410Z ./app/page.tsx
2025-06-10T18:24:03.6603699Z 
2025-06-10T18:24:03.6633990Z    Skipping linting
2025-06-10T18:24:03.6636488Z    Checking validity of types ...
2025-06-10T18:24:21.8178809Z    Collecting page data ...
2025-06-10T18:24:25.1550868Z    Generating static pages (0/49) ...
2025-06-10T18:24:31.3167274Z  ⚠ metadataBase property in metadata export is not set for resolving social open graph or twitter images, using "http://localhost:3000". See https://nextjs.org/docs/app/api-reference/functions/generate-metadata#metadatabase
2025-06-10T18:24:31.3170605Z    Generating static pages (12/49) 
2025-06-10T18:24:31.3172018Z    Generating static pages (24/49) 
2025-06-10T18:24:31.3174129Z  ⚠ metadataBase property in metadata export is not set for resolving social open graph or twitter images, using "http://localhost:3000". See https://nextjs.org/docs/app/api-reference/functions/generate-metadata#metadatabase
2025-06-10T18:24:31.3178045Z    Generating static pages (36/49) 
2025-06-10T18:24:31.3178624Z  ✓ Generating static pages (49/49)
2025-06-10T18:24:31.7674953Z    Finalizing page optimization ...
2025-06-10T18:24:31.7675538Z    Collecting build traces ...
2025-06-10T18:24:38.0652366Z 
2025-06-10T18:24:38.0779468Z Route (app)                                 Size  First Load JS
2025-06-10T18:24:38.0780544Z ┌ ƒ /                                    7.95 kB         232 kB
2025-06-10T18:24:38.0781178Z ├ ○ /_not-found                            981 B         102 kB
2025-06-10T18:24:38.0781779Z ├ ○ /about                                 189 B         105 kB
2025-06-10T18:24:38.0782545Z ├ ƒ /api/analytics/performance             228 B         101 kB
2025-06-10T18:24:38.0808622Z ├ ƒ /api/auth/google/callback              228 B         101 kB
2025-06-10T18:24:38.0809826Z ├ ƒ /api/auth/google/connect               228 B         101 kB
2025-06-10T18:24:38.0810696Z ├ ƒ /api/auth/google/disconnect            228 B         101 kB
2025-06-10T18:24:38.0811531Z ├ ƒ /api/auth/google/status                228 B         101 kB
2025-06-10T18:24:38.0812335Z ├ ƒ /api/auth/welcome                      228 B         101 kB
2025-06-10T18:24:38.0813178Z ├ ƒ /api/calendar/add-to-calendar          228 B         101 kB
2025-06-10T18:24:38.0814039Z ├ ƒ /api/calendar/create-event             228 B         101 kB
2025-06-10T18:24:38.0814822Z ├ ƒ /api/checkout                          228 B         101 kB
2025-06-10T18:24:38.0815494Z ├ ƒ /api/debug-oauth                       228 B         101 kB
2025-06-10T18:24:38.0816151Z ├ ƒ /api/events                            228 B         101 kB
2025-06-10T18:24:38.0816788Z ├ ƒ /api/events/[id]                       228 B         101 kB
2025-06-10T18:24:38.0817477Z ├ ƒ /api/events/cancellation               228 B         101 kB
2025-06-10T18:24:38.0818219Z ├ ƒ /api/events/reminders                  228 B         101 kB
2025-06-10T18:24:38.0818909Z ├ ƒ /api/health                            228 B         101 kB
2025-06-10T18:24:38.0819768Z ├ ƒ /api/orders                            228 B         101 kB
2025-06-10T18:24:38.0820441Z ├ ƒ /api/refunds                           228 B         101 kB
2025-06-10T18:24:38.0821127Z ├ ƒ /api/rsvps                             228 B         101 kB
2025-06-10T18:24:38.0821883Z ├ ƒ /api/rsvps/[id]                        228 B         101 kB
2025-06-10T18:24:38.0822597Z ├ ƒ /api/staff/analytics                   228 B         101 kB
2025-06-10T18:24:38.0823044Z ├ ƒ /api/staff/attendees                   228 B         101 kB
2025-06-10T18:24:38.0823504Z ├ ƒ /api/staff/dashboard                   228 B         101 kB
2025-06-10T18:24:38.0823957Z ├ ƒ /api/staff/export                      228 B         101 kB
2025-06-10T18:24:38.0824398Z ├ ƒ /api/test-env                          228 B         101 kB
2025-06-10T18:24:38.0824822Z ├ ƒ /api/test-upgrade-role                 228 B         101 kB
2025-06-10T18:24:38.0825253Z ├ ƒ /api/ticket-types                      228 B         101 kB
2025-06-10T18:24:38.0825693Z ├ ƒ /api/ticket-types/[id]                 228 B         101 kB
2025-06-10T18:24:38.0826137Z ├ ƒ /api/update-customer-info              228 B         101 kB
2025-06-10T18:24:38.0826824Z ├ ƒ /api/webhooks/stripe                   228 B         101 kB
2025-06-10T18:24:38.0827281Z ├ ○ /auth/callback                         957 B         142 kB
2025-06-10T18:24:38.0827716Z ├ ○ /auth/google/callback                 2.3 kB         103 kB
2025-06-10T18:24:38.0828139Z ├ ○ /auth/login                          3.29 kB         148 kB
2025-06-10T18:24:38.0828583Z ├ ○ /auth/reset-password                 2.09 kB         146 kB
2025-06-10T18:24:38.0829018Z ├ ○ /auth/signup                         3.26 kB         148 kB
2025-06-10T18:24:38.0829687Z ├ ○ /auth/update-password                2.48 kB         147 kB
2025-06-10T18:24:38.0830117Z ├ ○ /contact                               189 B         105 kB
2025-06-10T18:24:38.0830539Z ├ ○ /create-event                          189 B         105 kB
2025-06-10T18:24:38.0830939Z ├ ○ /demo                                2.93 kB         227 kB
2025-06-10T18:24:38.0831338Z ├ ○ /demo/lists                          3.78 kB         228 kB
2025-06-10T18:24:38.0831752Z ├ ƒ /events/[id]                          2.1 kB         212 kB
2025-06-10T18:24:38.0832157Z ├ ƒ /my-events                           7.39 kB         126 kB
2025-06-10T18:24:38.0832562Z ├ ○ /privacy                               189 B         105 kB
2025-06-10T18:24:38.0832965Z ├ ○ /robots.txt                            228 B         101 kB
2025-06-10T18:24:38.0833373Z ├ ○ /sitemap.xml                           228 B         101 kB
2025-06-10T18:24:38.0833769Z ├ ƒ /staff                               14.6 kB         160 kB
2025-06-10T18:24:38.0834348Z ├ ○ /staff/dashboard                       228 B         101 kB
2025-06-10T18:24:38.0834783Z ├ ƒ /staff/events/[id]/edit              1.94 kB         157 kB
2025-06-10T18:24:38.0835221Z ├ ƒ /staff/events/create                 1.92 kB         157 kB
2025-06-10T18:24:38.0835989Z ├ ○ /terms                                 189 B         105 kB
2025-06-10T18:24:38.0836986Z └ ƒ /test-auth                             228 B         101 kB
2025-06-10T18:24:38.0837593Z + First Load JS shared by all             101 kB
2025-06-10T18:24:38.0838218Z   ├ chunks/1684-0df89d9f25c583b2.js      45.9 kB
2025-06-10T18:24:38.0838851Z   ├ chunks/4bd1b696-b638aa3d70fba23c.js  53.2 kB
2025-06-10T18:24:38.0839694Z   └ other shared chunks (total)          1.96 kB
2025-06-10T18:24:38.0840035Z 
2025-06-10T18:24:38.0840045Z 
2025-06-10T18:24:38.0840420Z ƒ Middleware                             66.6 kB
2025-06-10T18:24:38.0840736Z 
2025-06-10T18:24:38.0841160Z ○  (Static)   prerendered as static content
2025-06-10T18:24:38.0841790Z ƒ  (Dynamic)  server-rendered on demand
2025-06-10T18:24:38.0842095Z 
2025-06-10T18:24:38.1985475Z ##[debug]Finishing: 🏗️ Build
2025-06-10T18:24:38.1994137Z ##[debug]Evaluating: secrets.NEXT_PUBLIC_SUPABASE_URL
2025-06-10T18:24:38.1994539Z ##[debug]Evaluating Index:
2025-06-10T18:24:38.1994767Z ##[debug]..Evaluating secrets:
2025-06-10T18:24:38.1995069Z ##[debug]..=> Object
2025-06-10T18:24:38.1995303Z ##[debug]..Evaluating String:
2025-06-10T18:24:38.1995545Z ##[debug]..=> 'NEXT_PUBLIC_SUPABASE_URL'
2025-06-10T18:24:38.1996070Z ##[debug]=> '***'
2025-06-10T18:24:38.1996378Z ##[debug]Result: '***'
2025-06-10T18:24:38.1997017Z ##[debug]Evaluating: secrets.NEXT_PUBLIC_SUPABASE_ANON_KEY
2025-06-10T18:24:38.1997321Z ##[debug]Evaluating Index:
2025-06-10T18:24:38.1997539Z ##[debug]..Evaluating secrets:
2025-06-10T18:24:38.1997771Z ##[debug]..=> Object
2025-06-10T18:24:38.1997970Z ##[debug]..Evaluating String:
2025-06-10T18:24:38.1998233Z ##[debug]..=> 'NEXT_PUBLIC_SUPABASE_ANON_KEY'
2025-06-10T18:24:38.2004682Z ##[debug]=> '***'
2025-06-10T18:24:38.2005956Z ##[debug]Result: '***'
2025-06-10T18:24:38.2006420Z ##[debug]Evaluating condition for step: '🎭 Run E2E tests'
2025-06-10T18:24:38.2007628Z ##[debug]Evaluating: success()
2025-06-10T18:24:38.2007954Z ##[debug]Evaluating success:
2025-06-10T18:24:38.2008416Z ##[debug]=> true
2025-06-10T18:24:38.2008709Z ##[debug]Result: true
2025-06-10T18:24:38.2009515Z ##[debug]Starting: 🎭 Run E2E tests
2025-06-10T18:24:38.2017019Z ##[debug]Loading inputs
2025-06-10T18:24:38.2017749Z ##[debug]Loading env
2025-06-10T18:24:38.2021754Z ##[group]Run npx playwright test --config=playwright.ci.config.ts
2025-06-10T18:24:38.2022176Z [36;1mnpx playwright test --config=playwright.ci.config.ts[0m
2025-06-10T18:24:38.2022555Z shell: sh -e {0}
2025-06-10T18:24:38.2022726Z env:
2025-06-10T18:24:38.2022882Z   NODE_VERSION: 18
2025-06-10T18:24:38.2023045Z   CI: true
2025-06-10T18:24:38.2023354Z   NEXT_PUBLIC_SUPABASE_URL: ***
2025-06-10T18:24:38.2024694Z   NEXT_PUBLIC_SUPABASE_ANON_KEY: ***
2025-06-10T18:24:38.2024938Z ##[endgroup]
2025-06-10T18:24:38.2078724Z ##[debug]sh -e /__w/_temp/b49a2cc9-fe41-4591-802d-0b8262b95ad7.sh
2025-06-10T18:24:39.9520545Z [WebServer] 
2025-06-10T18:24:39.9521441Z [WebServer] > localloop@0.1.0 start
2025-06-10T18:24:39.9521919Z [WebServer] > next start
2025-06-10T18:24:39.9522189Z [WebServer] 
2025-06-10T18:24:40.2562966Z [WebServer]    [1m[38;2;173;127;168m▲ Next.js 15.3.2[39m[22m
2025-06-10T18:24:40.2565178Z [WebServer]    - Local:        http://localhost:3000
2025-06-10T18:24:40.2565924Z [WebServer]    - Network:      http://172.18.0.2:3000
2025-06-10T18:24:40.2566426Z [WebServer] 
2025-06-10T18:24:40.2567051Z [WebServer]  [32m[1m✓[22m[39m Starting...
2025-06-10T18:24:40.5222914Z [WebServer]  [32m[1m✓[22m[39m Ready in 464ms
2025-06-10T18:24:40.7194977Z [WebServer]  [33m[1m⚠[22m[39m metadataBase property in metadata export is not set for resolving social open graph or twitter images, using "http://localhost:3000". See https://nextjs.org/docs/app/api-reference/functions/generate-metadata#metadatabase
2025-06-10T18:24:42.1456339Z 
2025-06-10T18:24:42.1457022Z Running 12 tests using 1 worker
2025-06-10T18:25:08.6664325Z ××F××F××F××F××F××F××F××F××F××F××F××F
2025-06-10T18:25:08.6670170Z 
2025-06-10T18:25:08.6683006Z   1) [CI Chromium] › e2e/example.spec.ts:3:5 › homepage loads basic structure ──────────────────────
2025-06-10T18:25:08.6683573Z 
2025-06-10T18:25:08.6684161Z     Error: browserType.launch: Executable doesn't exist at /ms-playwright/chromium_headless_shell-1169/chrome-linux/headless_shell
2025-06-10T18:25:08.6685156Z     ╔══════════════════════════════════════════════════════════════════════╗
2025-06-10T18:25:08.6685664Z     ║ Looks like Playwright Test or Playwright was just updated to 1.52.0. ║
2025-06-10T18:25:08.6686176Z     ║ Please update docker image as well.                                  ║
2025-06-10T18:25:08.6686708Z     ║ -  current: mcr.microsoft.com/playwright:v1.51.0-jammy               ║
2025-06-10T18:25:08.6687288Z     ║ - required: mcr.microsoft.com/playwright:v1.52.0-jammy               ║
2025-06-10T18:25:08.6688061Z     ║                                                                      ║
2025-06-10T18:25:08.6688502Z     ║ <3 Playwright Team                                                   ║
2025-06-10T18:25:08.6688960Z     ╚══════════════════════════════════════════════════════════════════════╝
2025-06-10T18:25:08.6693170Z 
2025-06-10T18:25:08.6693858Z     Error Context: test-results/example-homepage-loads-basic-structure-CI-Chromium/error-context.md
2025-06-10T18:25:08.6694508Z 
2025-06-10T18:25:08.6695172Z     Retry #1 ───────────────────────────────────────────────────────────────────────────────────────
2025-06-10T18:25:08.6695619Z 
2025-06-10T18:25:08.6696433Z     Error: browserType.launch: Executable doesn't exist at /ms-playwright/chromium_headless_shell-1169/chrome-linux/headless_shell
2025-06-10T18:25:08.6697279Z     ╔══════════════════════════════════════════════════════════════════════╗
2025-06-10T18:25:08.6697802Z     ║ Looks like Playwright Test or Playwright was just updated to 1.52.0. ║
2025-06-10T18:25:08.6698667Z     ║ Please update docker image as well.                                  ║
2025-06-10T18:25:08.6699865Z     ║ -  current: mcr.microsoft.com/playwright:v1.51.0-jammy               ║
2025-06-10T18:25:08.6700582Z     ║ - required: mcr.microsoft.com/playwright:v1.52.0-jammy               ║
2025-06-10T18:25:08.6701344Z     ║                                                                      ║
2025-06-10T18:25:08.6702078Z     ║ <3 Playwright Team                                                   ║
2025-06-10T18:25:08.6702847Z     ╚══════════════════════════════════════════════════════════════════════╝
2025-06-10T18:25:08.6703154Z 
2025-06-10T18:25:08.6703552Z     Error Context: test-results/example-homepage-loads-basic-structure-CI-Chromium-retry1/error-context.md
2025-06-10T18:25:08.6703957Z 
2025-06-10T18:25:08.6704338Z     attachment #2: trace (application/zip) ─────────────────────────────────────────────────────────
2025-06-10T18:25:08.6705278Z     test-results/example-homepage-loads-basic-structure-CI-Chromium-retry1/trace.zip
2025-06-10T18:25:08.6706070Z     Usage:
2025-06-10T18:25:08.6706244Z 
2025-06-10T18:25:08.6706990Z         npx playwright show-trace test-results/example-homepage-loads-basic-structure-CI-Chromium-retry1/trace.zip
2025-06-10T18:25:08.6707763Z 
2025-06-10T18:25:08.6708388Z     ────────────────────────────────────────────────────────────────────────────────────────────────
2025-06-10T18:25:08.6708789Z 
2025-06-10T18:25:08.6709743Z     Retry #2 ───────────────────────────────────────────────────────────────────────────────────────
2025-06-10T18:25:08.6710184Z 
2025-06-10T18:25:08.6710986Z     Error: browserType.launch: Executable doesn't exist at /ms-playwright/chromium_headless_shell-1169/chrome-linux/headless_shell
2025-06-10T18:25:08.6712215Z     ╔══════════════════════════════════════════════════════════════════════╗
2025-06-10T18:25:08.6713159Z     ║ Looks like Playwright Test or Playwright was just updated to 1.52.0. ║
2025-06-10T18:25:08.6714323Z     ║ Please update docker image as well.                                  ║
2025-06-10T18:25:08.6715380Z     ║ -  current: mcr.microsoft.com/playwright:v1.51.0-jammy               ║
2025-06-10T18:25:08.6716423Z     ║ - required: mcr.microsoft.com/playwright:v1.52.0-jammy               ║
2025-06-10T18:25:08.6717280Z     ║                                                                      ║
2025-06-10T18:25:08.6717999Z     ║ <3 Playwright Team                                                   ║
2025-06-10T18:25:08.6718896Z     ╚══════════════════════════════════════════════════════════════════════╝
2025-06-10T18:25:08.6719435Z 
2025-06-10T18:25:08.6720000Z     Error Context: test-results/example-homepage-loads-basic-structure-CI-Chromium-retry2/error-context.md
2025-06-10T18:25:08.6720578Z 
2025-06-10T18:25:08.6721014Z   2) [CI Chromium] › e2e/example.spec.ts:31:5 › navigation elements are present ────────────────────
2025-06-10T18:25:08.6721348Z 
2025-06-10T18:25:08.6721792Z     Error: browserType.launch: Executable doesn't exist at /ms-playwright/chromium_headless_shell-1169/chrome-linux/headless_shell
2025-06-10T18:25:08.6722476Z     ╔══════════════════════════════════════════════════════════════════════╗
2025-06-10T18:25:08.6722935Z     ║ Looks like Playwright Test or Playwright was just updated to 1.52.0. ║
2025-06-10T18:25:08.6723438Z     ║ Please update docker image as well.                                  ║
2025-06-10T18:25:08.6723950Z     ║ -  current: mcr.microsoft.com/playwright:v1.51.0-jammy               ║
2025-06-10T18:25:08.6724457Z     ║ - required: mcr.microsoft.com/playwright:v1.52.0-jammy               ║
2025-06-10T18:25:08.6724895Z     ║                                                                      ║
2025-06-10T18:25:08.6725289Z     ║ <3 Playwright Team                                                   ║
2025-06-10T18:25:08.6725736Z     ╚══════════════════════════════════════════════════════════════════════╝
2025-06-10T18:25:08.6726241Z 
2025-06-10T18:25:08.6726915Z     Error Context: test-results/example-navigation-elements-are-present-CI-Chromium/error-context.md
2025-06-10T18:25:08.6727533Z 
2025-06-10T18:25:08.6728028Z     Retry #1 ───────────────────────────────────────────────────────────────────────────────────────
2025-06-10T18:25:08.6728263Z 
2025-06-10T18:25:08.6728693Z     Error: browserType.launch: Executable doesn't exist at /ms-playwright/chromium_headless_shell-1169/chrome-linux/headless_shell
2025-06-10T18:25:08.6729841Z     ╔══════════════════════════════════════════════════════════════════════╗
2025-06-10T18:25:08.6730797Z     ║ Looks like Playwright Test or Playwright was just updated to 1.52.0. ║
2025-06-10T18:25:08.6731782Z     ║ Please update docker image as well.                                  ║
2025-06-10T18:25:08.6732759Z     ║ -  current: mcr.microsoft.com/playwright:v1.51.0-jammy               ║
2025-06-10T18:25:08.6733679Z     ║ - required: mcr.microsoft.com/playwright:v1.52.0-jammy               ║
2025-06-10T18:25:08.6734547Z     ║                                                                      ║
2025-06-10T18:25:08.6735524Z     ║ <3 Playwright Team                                                   ║
2025-06-10T18:25:08.6736388Z     ╚══════════════════════════════════════════════════════════════════════╝
2025-06-10T18:25:08.6736760Z 
2025-06-10T18:25:08.6737467Z     Error Context: test-results/example-navigation-elements-are-present-CI-Chromium-retry1/error-context.md
2025-06-10T18:25:08.6738239Z 
2025-06-10T18:25:08.6738931Z     attachment #2: trace (application/zip) ─────────────────────────────────────────────────────────
2025-06-10T18:25:08.6740042Z     test-results/example-navigation-elements-are-present-CI-Chromium-retry1/trace.zip
2025-06-10T18:25:08.6740799Z     Usage:
2025-06-10T18:25:08.6740963Z 
2025-06-10T18:25:08.6741658Z         npx playwright show-trace test-results/example-navigation-elements-are-present-CI-Chromium-retry1/trace.zip
2025-06-10T18:25:08.6742476Z 
2025-06-10T18:25:08.6743045Z     ────────────────────────────────────────────────────────────────────────────────────────────────
2025-06-10T18:25:08.6743484Z 
2025-06-10T18:25:08.6743920Z     Retry #2 ───────────────────────────────────────────────────────────────────────────────────────
2025-06-10T18:25:08.6744225Z 
2025-06-10T18:25:08.6745040Z     Error: browserType.launch: Executable doesn't exist at /ms-playwright/chromium_headless_shell-1169/chrome-linux/headless_shell
2025-06-10T18:25:08.6746214Z     ╔══════════════════════════════════════════════════════════════════════╗
2025-06-10T18:25:08.6746783Z     ║ Looks like Playwright Test or Playwright was just updated to 1.52.0. ║
2025-06-10T18:25:08.6747812Z     ║ Please update docker image as well.                                  ║
2025-06-10T18:25:08.6748834Z     ║ -  current: mcr.microsoft.com/playwright:v1.51.0-jammy               ║
2025-06-10T18:25:08.6750118Z     ║ - required: mcr.microsoft.com/playwright:v1.52.0-jammy               ║
2025-06-10T18:25:08.6751318Z     ║                                                                      ║
2025-06-10T18:25:08.6752137Z     ║ <3 Playwright Team                                                   ║
2025-06-10T18:25:08.6752698Z     ╚══════════════════════════════════════════════════════════════════════╝
2025-06-10T18:25:08.6753047Z 
2025-06-10T18:25:08.6753796Z     Error Context: test-results/example-navigation-elements-are-present-CI-Chromium-retry2/error-context.md
2025-06-10T18:25:08.6754607Z 
2025-06-10T18:25:08.6755507Z   3) [CI Chromium] › e2e/example.spec.ts:56:5 › basic responsive layout works ──────────────────────
2025-06-10T18:25:08.6756090Z 
2025-06-10T18:25:08.6756698Z     Error: browserType.launch: Executable doesn't exist at /ms-playwright/chromium_headless_shell-1169/chrome-linux/headless_shell
2025-06-10T18:25:08.6757689Z     ╔══════════════════════════════════════════════════════════════════════╗
2025-06-10T18:25:08.6758560Z     ║ Looks like Playwright Test or Playwright was just updated to 1.52.0. ║
2025-06-10T18:25:08.6759399Z     ║ Please update docker image as well.                                  ║
2025-06-10T18:25:08.6760413Z     ║ -  current: mcr.microsoft.com/playwright:v1.51.0-jammy               ║
2025-06-10T18:25:08.6761384Z     ║ - required: mcr.microsoft.com/playwright:v1.52.0-jammy               ║
2025-06-10T18:25:08.6762121Z     ║                                                                      ║
2025-06-10T18:25:08.6762823Z     ║ <3 Playwright Team                                                   ║
2025-06-10T18:25:08.6763666Z     ╚══════════════════════════════════════════════════════════════════════╝
2025-06-10T18:25:08.6764006Z 
2025-06-10T18:25:08.6764613Z     Error Context: test-results/example-basic-responsive-layout-works-CI-Chromium/error-context.md
2025-06-10T18:25:08.6765301Z 
2025-06-10T18:25:08.6765924Z     Retry #1 ───────────────────────────────────────────────────────────────────────────────────────
2025-06-10T18:25:08.6766384Z 
2025-06-10T18:25:08.6767166Z     Error: browserType.launch: Executable doesn't exist at /ms-playwright/chromium_headless_shell-1169/chrome-linux/headless_shell
2025-06-10T18:25:08.6768451Z     ╔══════════════════════════════════════════════════════════════════════╗
2025-06-10T18:25:08.6769469Z     ║ Looks like Playwright Test or Playwright was just updated to 1.52.0. ║
2025-06-10T18:25:08.6770416Z     ║ Please update docker image as well.                                  ║
2025-06-10T18:25:08.6771363Z     ║ -  current: mcr.microsoft.com/playwright:v1.51.0-jammy               ║
2025-06-10T18:25:08.6772314Z     ║ - required: mcr.microsoft.com/playwright:v1.52.0-jammy               ║
2025-06-10T18:25:08.6773090Z     ║                                                                      ║
2025-06-10T18:25:08.6773814Z     ║ <3 Playwright Team                                                   ║
2025-06-10T18:25:08.6774643Z     ╚══════════════════════════════════════════════════════════════════════╝
2025-06-10T18:25:08.6775222Z 
2025-06-10T18:25:08.6775919Z     Error Context: test-results/example-basic-responsive-layout-works-CI-Chromium-retry1/error-context.md
2025-06-10T18:25:08.6776723Z 
2025-06-10T18:25:08.6777408Z     attachment #2: trace (application/zip) ─────────────────────────────────────────────────────────
2025-06-10T18:25:08.6778466Z     test-results/example-basic-responsive-layout-works-CI-Chromium-retry1/trace.zip
2025-06-10T18:25:08.6779302Z     Usage:
2025-06-10T18:25:08.6779473Z 
2025-06-10T18:25:08.6780173Z         npx playwright show-trace test-results/example-basic-responsive-layout-works-CI-Chromium-retry1/trace.zip
2025-06-10T18:25:08.6780910Z 
2025-06-10T18:25:08.6781450Z     ────────────────────────────────────────────────────────────────────────────────────────────────
2025-06-10T18:25:08.6781834Z 
2025-06-10T18:25:08.6782145Z     Retry #2 ───────────────────────────────────────────────────────────────────────────────────────
2025-06-10T18:25:08.6782387Z 
2025-06-10T18:25:08.6782817Z     Error: browserType.launch: Executable doesn't exist at /ms-playwright/chromium_headless_shell-1169/chrome-linux/headless_shell
2025-06-10T18:25:08.6783660Z     ╔══════════════════════════════════════════════════════════════════════╗
2025-06-10T18:25:08.6784135Z     ║ Looks like Playwright Test or Playwright was just updated to 1.52.0. ║
2025-06-10T18:25:08.6784629Z     ║ Please update docker image as well.                                  ║
2025-06-10T18:25:08.6785131Z     ║ -  current: mcr.microsoft.com/playwright:v1.51.0-jammy               ║
2025-06-10T18:25:08.6785643Z     ║ - required: mcr.microsoft.com/playwright:v1.52.0-jammy               ║
2025-06-10T18:25:08.6786080Z     ║                                                                      ║
2025-06-10T18:25:08.6786472Z     ║ <3 Playwright Team                                                   ║
2025-06-10T18:25:08.6786915Z     ╚══════════════════════════════════════════════════════════════════════╝
2025-06-10T18:25:08.6787117Z 
2025-06-10T18:25:08.6787489Z     Error Context: test-results/example-basic-responsive-layout-works-CI-Chromium-retry2/error-context.md
2025-06-10T18:25:08.6787895Z 
2025-06-10T18:25:08.6788269Z   4) [CI WebKit] › e2e/example.spec.ts:3:5 › homepage loads basic structure ────────────────────────
2025-06-10T18:25:08.6788573Z 
2025-06-10T18:25:08.6788872Z     Error: browserType.launch: Executable doesn't exist at /ms-playwright/webkit-2158/pw_run.sh
2025-06-10T18:25:08.6789680Z     ╔══════════════════════════════════════════════════════════════════════╗
2025-06-10T18:25:08.6790139Z     ║ Looks like Playwright Test or Playwright was just updated to 1.52.0. ║
2025-06-10T18:25:08.6790626Z     ║ Please update docker image as well.                                  ║
2025-06-10T18:25:08.6791119Z     ║ -  current: mcr.microsoft.com/playwright:v1.51.0-jammy               ║
2025-06-10T18:25:08.6791623Z     ║ - required: mcr.microsoft.com/playwright:v1.52.0-jammy               ║
2025-06-10T18:25:08.6792202Z     ║                                                                      ║
2025-06-10T18:25:08.6792593Z     ║ <3 Playwright Team                                                   ║
2025-06-10T18:25:08.6793044Z     ╚══════════════════════════════════════════════════════════════════════╝
2025-06-10T18:25:08.6793233Z 
2025-06-10T18:25:08.6793556Z     Error Context: test-results/example-homepage-loads-basic-structure-CI-WebKit/error-context.md
2025-06-10T18:25:08.6793916Z 
2025-06-10T18:25:08.6794215Z     Retry #1 ───────────────────────────────────────────────────────────────────────────────────────
2025-06-10T18:25:08.6794444Z 
2025-06-10T18:25:08.6794731Z     Error: browserType.launch: Executable doesn't exist at /ms-playwright/webkit-2158/pw_run.sh
2025-06-10T18:25:08.6795287Z     ╔══════════════════════════════════════════════════════════════════════╗
2025-06-10T18:25:08.6795823Z     ║ Looks like Playwright Test or Playwright was just updated to 1.52.0. ║
2025-06-10T18:25:08.6796352Z     ║ Please update docker image as well.                                  ║
2025-06-10T18:25:08.6796856Z     ║ -  current: mcr.microsoft.com/playwright:v1.51.0-jammy               ║
2025-06-10T18:25:08.6797484Z     ║ - required: mcr.microsoft.com/playwright:v1.52.0-jammy               ║
2025-06-10T18:25:08.6797917Z     ║                                                                      ║
2025-06-10T18:25:08.6798301Z     ║ <3 Playwright Team                                                   ║
2025-06-10T18:25:08.6798742Z     ╚══════════════════════════════════════════════════════════════════════╝
2025-06-10T18:25:08.6798930Z 
2025-06-10T18:25:08.6799476Z     Error Context: test-results/example-homepage-loads-basic-structure-CI-WebKit-retry1/error-context.md
2025-06-10T18:25:08.6799868Z 
2025-06-10T18:25:08.6800236Z     attachment #2: trace (application/zip) ─────────────────────────────────────────────────────────
2025-06-10T18:25:08.6800810Z     test-results/example-homepage-loads-basic-structure-CI-WebKit-retry1/trace.zip
2025-06-10T18:25:08.6801229Z     Usage:
2025-06-10T18:25:08.6801321Z 
2025-06-10T18:25:08.6801710Z         npx playwright show-trace test-results/example-homepage-loads-basic-structure-CI-WebKit-retry1/trace.zip
2025-06-10T18:25:08.6802111Z 
2025-06-10T18:25:08.6802402Z     ────────────────────────────────────────────────────────────────────────────────────────────────
2025-06-10T18:25:08.6802610Z 
2025-06-10T18:25:08.6802903Z     Retry #2 ───────────────────────────────────────────────────────────────────────────────────────
2025-06-10T18:25:08.6803127Z 
2025-06-10T18:25:08.6803418Z     Error: browserType.launch: Executable doesn't exist at /ms-playwright/webkit-2158/pw_run.sh
2025-06-10T18:25:08.6804335Z     ╔══════════════════════════════════════════════════════════════════════╗
2025-06-10T18:25:08.6805240Z     ║ Looks like Playwright Test or Playwright was just updated to 1.52.0. ║
2025-06-10T18:25:08.6806452Z     ║ Please update docker image as well.                                  ║
2025-06-10T18:25:08.6807802Z     ║ -  current: mcr.microsoft.com/playwright:v1.51.0-jammy               ║
2025-06-10T18:25:08.6808826Z     ║ - required: mcr.microsoft.com/playwright:v1.52.0-jammy               ║
2025-06-10T18:25:08.6809948Z     ║                                                                      ║
2025-06-10T18:25:08.6810791Z     ║ <3 Playwright Team                                                   ║
2025-06-10T18:25:08.6811715Z     ╚══════════════════════════════════════════════════════════════════════╝
2025-06-10T18:25:08.6812092Z 
2025-06-10T18:25:08.6812811Z     Error Context: test-results/example-homepage-loads-basic-structure-CI-WebKit-retry2/error-context.md
2025-06-10T18:25:08.6813583Z 
2025-06-10T18:25:08.6814350Z   5) [CI WebKit] › e2e/example.spec.ts:31:5 › navigation elements are present ──────────────────────
2025-06-10T18:25:08.6814941Z 
2025-06-10T18:25:08.6815735Z     Error: browserType.launch: Executable doesn't exist at /ms-playwright/webkit-2158/pw_run.sh
2025-06-10T18:25:08.6816955Z     ╔══════════════════════════════════════════════════════════════════════╗
2025-06-10T18:25:08.6817944Z     ║ Looks like Playwright Test or Playwright was just updated to 1.52.0. ║
2025-06-10T18:25:08.6819589Z     ║ Please update docker image as well.                                  ║
2025-06-10T18:25:08.6820710Z     ║ -  current: mcr.microsoft.com/playwright:v1.51.0-jammy               ║
2025-06-10T18:25:08.6821771Z     ║ - required: mcr.microsoft.com/playwright:v1.52.0-jammy               ║
2025-06-10T18:25:08.6822663Z     ║                                                                      ║
2025-06-10T18:25:08.6823477Z     ║ <3 Playwright Team                                                   ║
2025-06-10T18:25:08.6824417Z     ╚══════════════════════════════════════════════════════════════════════╝
2025-06-10T18:25:08.6824796Z 
2025-06-10T18:25:08.6825468Z     Error Context: test-results/example-navigation-elements-are-present-CI-WebKit/error-context.md
2025-06-10T18:25:08.6826180Z 
2025-06-10T18:25:08.6826861Z     Retry #1 ───────────────────────────────────────────────────────────────────────────────────────
2025-06-10T18:25:08.6827479Z 
2025-06-10T18:25:08.6828086Z     Error: browserType.launch: Executable doesn't exist at /ms-playwright/webkit-2158/pw_run.sh
2025-06-10T18:25:08.6829470Z     ╔══════════════════════════════════════════════════════════════════════╗
2025-06-10T18:25:08.6830436Z     ║ Looks like Playwright Test or Playwright was just updated to 1.52.0. ║
2025-06-10T18:25:08.6831467Z     ║ Please update docker image as well.                                  ║
2025-06-10T18:25:08.6832783Z     ║ -  current: mcr.microsoft.com/playwright:v1.51.0-jammy               ║
2025-06-10T18:25:08.6833845Z     ║ - required: mcr.microsoft.com/playwright:v1.52.0-jammy               ║
2025-06-10T18:25:08.6834728Z     ║                                                                      ║
2025-06-10T18:25:08.6835526Z     ║ <3 Playwright Team                                                   ║
2025-06-10T18:25:08.6836724Z     ╚══════════════════════════════════════════════════════════════════════╝
2025-06-10T18:25:08.6837093Z 
2025-06-10T18:25:08.6837952Z     Error Context: test-results/example-navigation-elements-are-present-CI-WebKit-retry1/error-context.md
2025-06-10T18:25:08.6838736Z 
2025-06-10T18:25:08.6839707Z     attachment #2: trace (application/zip) ─────────────────────────────────────────────────────────
2025-06-10T18:25:08.6840846Z     test-results/example-navigation-elements-are-present-CI-WebKit-retry1/trace.zip
2025-06-10T18:25:08.6841472Z     Usage:
2025-06-10T18:25:08.6841579Z 
2025-06-10T18:25:08.6841987Z         npx playwright show-trace test-results/example-navigation-elements-are-present-CI-WebKit-retry1/trace.zip
2025-06-10T18:25:08.6842407Z 
2025-06-10T18:25:08.6842747Z     ────────────────────────────────────────────────────────────────────────────────────────────────
2025-06-10T18:25:08.6843259Z 
2025-06-10T18:25:08.6843867Z     Retry #2 ───────────────────────────────────────────────────────────────────────────────────────
2025-06-10T18:25:08.6844329Z 
2025-06-10T18:25:08.6844911Z     Error: browserType.launch: Executable doesn't exist at /ms-playwright/webkit-2158/pw_run.sh
2025-06-10T18:25:08.6846514Z     ╔══════════════════════════════════════════════════════════════════════╗
2025-06-10T18:25:08.6847477Z     ║ Looks like Playwright Test or Playwright was just updated to 1.52.0. ║
2025-06-10T18:25:08.6848506Z     ║ Please update docker image as well.                                  ║
2025-06-10T18:25:08.6849829Z     ║ -  current: mcr.microsoft.com/playwright:v1.51.0-jammy               ║
2025-06-10T18:25:08.6850904Z     ║ - required: mcr.microsoft.com/playwright:v1.52.0-jammy               ║
2025-06-10T18:25:08.6851793Z     ║                                                                      ║
2025-06-10T18:25:08.6852760Z     ║ <3 Playwright Team                                                   ║
2025-06-10T18:25:08.6853684Z     ╚══════════════════════════════════════════════════════════════════════╝
2025-06-10T18:25:08.6854091Z 
2025-06-10T18:25:08.6854797Z     Error Context: test-results/example-navigation-elements-are-present-CI-WebKit-retry2/error-context.md
2025-06-10T18:25:08.6855761Z 
2025-06-10T18:25:08.6856547Z   6) [CI WebKit] › e2e/example.spec.ts:56:5 › basic responsive layout works ────────────────────────
2025-06-10T18:25:08.6857135Z 
2025-06-10T18:25:08.6857707Z     Error: browserType.launch: Executable doesn't exist at /ms-playwright/webkit-2158/pw_run.sh
2025-06-10T18:25:08.6858875Z     ╔══════════════════════════════════════════════════════════════════════╗
2025-06-10T18:25:08.6860034Z     ║ Looks like Playwright Test or Playwright was just updated to 1.52.0. ║
2025-06-10T18:25:08.6861027Z     ║ Please update docker image as well.                                  ║
2025-06-10T18:25:08.6862255Z     ║ -  current: mcr.microsoft.com/playwright:v1.51.0-jammy               ║
2025-06-10T18:25:08.6863302Z     ║ - required: mcr.microsoft.com/playwright:v1.52.0-jammy               ║
2025-06-10T18:25:08.6864726Z     ║                                                                      ║
2025-06-10T18:25:08.6865588Z     ║ <3 Playwright Team                                                   ║
2025-06-10T18:25:08.6866504Z     ╚══════════════════════════════════════════════════════════════════════╝
2025-06-10T18:25:08.6866862Z 
2025-06-10T18:25:08.6867473Z     Error Context: test-results/example-basic-responsive-layout-works-CI-WebKit/error-context.md
2025-06-10T18:25:08.6868164Z 
2025-06-10T18:25:08.6868805Z     Retry #1 ───────────────────────────────────────────────────────────────────────────────────────
2025-06-10T18:25:08.6869463Z 
2025-06-10T18:25:08.6870044Z     Error: browserType.launch: Executable doesn't exist at /ms-playwright/webkit-2158/pw_run.sh
2025-06-10T18:25:08.6871210Z     ╔══════════════════════════════════════════════════════════════════════╗
2025-06-10T18:25:08.6872335Z     ║ Looks like Playwright Test or Playwright was just updated to 1.52.0. ║
2025-06-10T18:25:08.6873390Z     ║ Please update docker image as well.                                  ║
2025-06-10T18:25:08.6874423Z     ║ -  current: mcr.microsoft.com/playwright:v1.51.0-jammy               ║
2025-06-10T18:25:08.6875849Z     ║ - required: mcr.microsoft.com/playwright:v1.52.0-jammy               ║
2025-06-10T18:25:08.6876872Z     ║                                                                      ║
2025-06-10T18:25:08.6877684Z     ║ <3 Playwright Team                                                   ║
2025-06-10T18:25:08.6878597Z     ╚══════════════════════════════════════════════════════════════════════╝
2025-06-10T18:25:08.6878970Z 
2025-06-10T18:25:08.6879888Z     Error Context: test-results/example-basic-responsive-layout-works-CI-WebKit-retry1/error-context.md
2025-06-10T18:25:08.6880836Z 
2025-06-10T18:25:08.6881600Z     attachment #2: trace (application/zip) ─────────────────────────────────────────────────────────
2025-06-10T18:25:08.6882713Z     test-results/example-basic-responsive-layout-works-CI-WebKit-retry1/trace.zip
2025-06-10T18:25:08.6883492Z     Usage:
2025-06-10T18:25:08.6883663Z 
2025-06-10T18:25:08.6884606Z         npx playwright show-trace test-results/example-basic-responsive-layout-works-CI-WebKit-retry1/trace.zip
2025-06-10T18:25:08.6885399Z 
2025-06-10T18:25:08.6886017Z     ────────────────────────────────────────────────────────────────────────────────────────────────
2025-06-10T18:25:08.6886429Z 
2025-06-10T18:25:08.6887053Z     Retry #2 ───────────────────────────────────────────────────────────────────────────────────────
2025-06-10T18:25:08.6887492Z 
2025-06-10T18:25:08.6888064Z     Error: browserType.launch: Executable doesn't exist at /ms-playwright/webkit-2158/pw_run.sh
2025-06-10T18:25:08.6889423Z     ╔══════════════════════════════════════════════════════════════════════╗
2025-06-10T18:25:08.6890555Z     ║ Looks like Playwright Test or Playwright was just updated to 1.52.0. ║
2025-06-10T18:25:08.6891583Z     ║ Please update docker image as well.                                  ║
2025-06-10T18:25:08.6893050Z     ║ -  current: mcr.microsoft.com/playwright:v1.51.0-jammy               ║
2025-06-10T18:25:08.6894133Z     ║ - required: mcr.microsoft.com/playwright:v1.52.0-jammy               ║
2025-06-10T18:25:08.6895029Z     ║                                                                      ║
2025-06-10T18:25:08.6895844Z     ║ <3 Playwright Team                                                   ║
2025-06-10T18:25:08.6896624Z     ╚══════════════════════════════════════════════════════════════════════╝
2025-06-10T18:25:08.6896819Z 
2025-06-10T18:25:08.6897483Z     Error Context: test-results/example-basic-responsive-layout-works-CI-WebKit-retry2/error-context.md
2025-06-10T18:25:08.6898228Z 
2025-06-10T18:25:08.6898977Z   7) [CI Firefox] › e2e/example.spec.ts:3:5 › homepage loads basic structure ───────────────────────
2025-06-10T18:25:08.6899824Z 
2025-06-10T18:25:08.6900429Z     Error: browserType.launch: Executable doesn't exist at /ms-playwright/firefox-1482/firefox/firefox
2025-06-10T18:25:08.6901827Z     ╔══════════════════════════════════════════════════════════════════════╗
2025-06-10T18:25:08.6902772Z     ║ Looks like Playwright Test or Playwright was just updated to 1.52.0. ║
2025-06-10T18:25:08.6903996Z     ║ Please update docker image as well.                                  ║
2025-06-10T18:25:08.6905261Z     ║ -  current: mcr.microsoft.com/playwright:v1.51.0-jammy               ║
2025-06-10T18:25:08.6906504Z     ║ - required: mcr.microsoft.com/playwright:v1.52.0-jammy               ║
2025-06-10T18:25:08.6907411Z     ║                                                                      ║
2025-06-10T18:25:08.6908239Z     ║ <3 Playwright Team                                                   ║
2025-06-10T18:25:08.6909358Z     ╚══════════════════════════════════════════════════════════════════════╝
2025-06-10T18:25:08.6909724Z 
2025-06-10T18:25:08.6910566Z     Error Context: test-results/example-homepage-loads-basic-structure-CI-Firefox/error-context.md
2025-06-10T18:25:08.6911309Z 
2025-06-10T18:25:08.6911969Z     Retry #1 ───────────────────────────────────────────────────────────────────────────────────────
2025-06-10T18:25:08.6912385Z 
2025-06-10T18:25:08.6913178Z     Error: browserType.launch: Executable doesn't exist at /ms-playwright/firefox-1482/firefox/firefox
2025-06-10T18:25:08.6914349Z     ╔══════════════════════════════════════════════════════════════════════╗
2025-06-10T18:25:08.6915280Z     ║ Looks like Playwright Test or Playwright was just updated to 1.52.0. ║
2025-06-10T18:25:08.6916295Z     ║ Please update docker image as well.                                  ║
2025-06-10T18:25:08.6917316Z     ║ -  current: mcr.microsoft.com/playwright:v1.51.0-jammy               ║
2025-06-10T18:25:08.6918354Z     ║ - required: mcr.microsoft.com/playwright:v1.52.0-jammy               ║
2025-06-10T18:25:08.6919418Z     ║                                                                      ║
2025-06-10T18:25:08.6920402Z     ║ <3 Playwright Team                                                   ║
2025-06-10T18:25:08.6921574Z     ╚══════════════════════════════════════════════════════════════════════╝
2025-06-10T18:25:08.6921938Z 
2025-06-10T18:25:08.6922684Z     Error Context: test-results/example-homepage-loads-basic-structure-CI-Firefox-retry1/error-context.md
2025-06-10T18:25:08.6923426Z 
2025-06-10T18:25:08.6924173Z     attachment #2: trace (application/zip) ─────────────────────────────────────────────────────────
2025-06-10T18:25:08.6925292Z     test-results/example-homepage-loads-basic-structure-CI-Firefox-retry1/trace.zip
2025-06-10T18:25:08.6926012Z     Usage:
2025-06-10T18:25:08.6926180Z 
2025-06-10T18:25:08.6926884Z         npx playwright show-trace test-results/example-homepage-loads-basic-structure-CI-Firefox-retry1/trace.zip
2025-06-10T18:25:08.6927802Z 
2025-06-10T18:25:08.6928375Z     ────────────────────────────────────────────────────────────────────────────────────────────────
2025-06-10T18:25:08.6928762Z 
2025-06-10T18:25:08.6929486Z     Retry #2 ───────────────────────────────────────────────────────────────────────────────────────
2025-06-10T18:25:08.6929918Z 
2025-06-10T18:25:08.6930670Z     Error: browserType.launch: Executable doesn't exist at /ms-playwright/firefox-1482/firefox/firefox
2025-06-10T18:25:08.6931775Z     ╔══════════════════════════════════════════════════════════════════════╗
2025-06-10T18:25:08.6932412Z     ║ Looks like Playwright Test or Playwright was just updated to 1.52.0. ║
2025-06-10T18:25:08.6932946Z     ║ Please update docker image as well.                                  ║
2025-06-10T18:25:08.6933465Z     ║ -  current: mcr.microsoft.com/playwright:v1.51.0-jammy               ║
2025-06-10T18:25:08.6933983Z     ║ - required: mcr.microsoft.com/playwright:v1.52.0-jammy               ║
2025-06-10T18:25:08.6934520Z     ║                                                                      ║
2025-06-10T18:25:08.6935281Z     ║ <3 Playwright Team                                                   ║
2025-06-10T18:25:08.6936127Z     ╚══════════════════════════════════════════════════════════════════════╝
2025-06-10T18:25:08.6936504Z 
2025-06-10T18:25:08.6937196Z     Error Context: test-results/example-homepage-loads-basic-structure-CI-Firefox-retry2/error-context.md
2025-06-10T18:25:08.6937910Z 
2025-06-10T18:25:08.6938563Z   8) [CI Firefox] › e2e/example.spec.ts:31:5 › navigation elements are present ─────────────────────
2025-06-10T18:25:08.6939286Z 
2025-06-10T18:25:08.6939844Z     Error: browserType.launch: Executable doesn't exist at /ms-playwright/firefox-1482/firefox/firefox
2025-06-10T18:25:08.6940905Z     ╔══════════════════════════════════════════════════════════════════════╗
2025-06-10T18:25:08.6941746Z     ║ Looks like Playwright Test or Playwright was just updated to 1.52.0. ║
2025-06-10T18:25:08.6942655Z     ║ Please update docker image as well.                                  ║
2025-06-10T18:25:08.6943554Z     ║ -  current: mcr.microsoft.com/playwright:v1.51.0-jammy               ║
2025-06-10T18:25:08.6944445Z     ║ - required: mcr.microsoft.com/playwright:v1.52.0-jammy               ║
2025-06-10T18:25:08.6945415Z     ║                                                                      ║
2025-06-10T18:25:08.6946131Z     ║ <3 Playwright Team                                                   ║
2025-06-10T18:25:08.6946935Z     ╚══════════════════════════════════════════════════════════════════════╝
2025-06-10T18:25:08.6947267Z 
2025-06-10T18:25:08.6947885Z     Error Context: test-results/example-navigation-elements-are-present-CI-Firefox/error-context.md
2025-06-10T18:25:08.6948569Z 
2025-06-10T18:25:08.6949268Z     Retry #1 ───────────────────────────────────────────────────────────────────────────────────────
2025-06-10T18:25:08.6949682Z 
2025-06-10T18:25:08.6950249Z     Error: browserType.launch: Executable doesn't exist at /ms-playwright/firefox-1482/firefox/firefox
2025-06-10T18:25:08.6951321Z     ╔══════════════════════════════════════════════════════════════════════╗
2025-06-10T18:25:08.6952147Z     ║ Looks like Playwright Test or Playwright was just updated to 1.52.0. ║
2025-06-10T18:25:08.6953063Z     ║ Please update docker image as well.                                  ║
2025-06-10T18:25:08.6954144Z     ║ -  current: mcr.microsoft.com/playwright:v1.51.0-jammy               ║
2025-06-10T18:25:08.6955167Z     ║ - required: mcr.microsoft.com/playwright:v1.52.0-jammy               ║
2025-06-10T18:25:08.6956028Z     ║                                                                      ║
2025-06-10T18:25:08.6956835Z     ║ <3 Playwright Team                                                   ║
2025-06-10T18:25:08.6957736Z     ╚══════════════════════════════════════════════════════════════════════╝
2025-06-10T18:25:08.6958105Z 
2025-06-10T18:25:08.6958830Z     Error Context: test-results/example-navigation-elements-are-present-CI-Firefox-retry1/error-context.md
2025-06-10T18:25:08.6959756Z 
2025-06-10T18:25:08.6960505Z     attachment #2: trace (application/zip) ─────────────────────────────────────────────────────────
2025-06-10T18:25:08.6961685Z     test-results/example-navigation-elements-are-present-CI-Firefox-retry1/trace.zip
2025-06-10T18:25:08.6962457Z     Usage:
2025-06-10T18:25:08.6962629Z 
2025-06-10T18:25:08.6963390Z         npx playwright show-trace test-results/example-navigation-elements-are-present-CI-Firefox-retry1/trace.zip
2025-06-10T18:25:08.6964157Z 
2025-06-10T18:25:08.6964737Z     ────────────────────────────────────────────────────────────────────────────────────────────────
2025-06-10T18:25:08.6965118Z 
2025-06-10T18:25:08.6965675Z     Retry #2 ───────────────────────────────────────────────────────────────────────────────────────
2025-06-10T18:25:08.6966079Z 
2025-06-10T18:25:08.6966645Z     Error: browserType.launch: Executable doesn't exist at /ms-playwright/firefox-1482/firefox/firefox
2025-06-10T18:25:08.6967716Z     ╔══════════════════════════════════════════════════════════════════════╗
2025-06-10T18:25:08.6968544Z     ║ Looks like Playwright Test or Playwright was just updated to 1.52.0. ║
2025-06-10T18:25:08.6969658Z     ║ Please update docker image as well.                                  ║
2025-06-10T18:25:08.6970825Z     ║ -  current: mcr.microsoft.com/playwright:v1.51.0-jammy               ║
2025-06-10T18:25:08.6971764Z     ║ - required: mcr.microsoft.com/playwright:v1.52.0-jammy               ║
2025-06-10T18:25:08.6972572Z     ║                                                                      ║
2025-06-10T18:25:08.6973360Z     ║ <3 Playwright Team                                                   ║
2025-06-10T18:25:08.6974238Z     ╚══════════════════════════════════════════════════════════════════════╝
2025-06-10T18:25:08.6974592Z 
2025-06-10T18:25:08.6975316Z     Error Context: test-results/example-navigation-elements-are-present-CI-Firefox-retry2/error-context.md
2025-06-10T18:25:08.6976070Z 
2025-06-10T18:25:08.6976832Z   9) [CI Firefox] › e2e/example.spec.ts:56:5 › basic responsive layout works ───────────────────────
2025-06-10T18:25:08.6977395Z 
2025-06-10T18:25:08.6977992Z     Error: browserType.launch: Executable doesn't exist at /ms-playwright/firefox-1482/firefox/firefox
2025-06-10T18:25:08.6979316Z     ╔══════════════════════════════════════════════════════════════════════╗
2025-06-10T18:25:08.6980448Z     ║ Looks like Playwright Test or Playwright was just updated to 1.52.0. ║
2025-06-10T18:25:08.6981436Z     ║ Please update docker image as well.                                  ║
2025-06-10T18:25:08.6982398Z     ║ -  current: mcr.microsoft.com/playwright:v1.51.0-jammy               ║
2025-06-10T18:25:08.6983330Z     ║ - required: mcr.microsoft.com/playwright:v1.52.0-jammy               ║
2025-06-10T18:25:08.6984117Z     ║                                                                      ║
2025-06-10T18:25:08.6984845Z     ║ <3 Playwright Team                                                   ║
2025-06-10T18:25:08.6985655Z     ╚══════════════════════════════════════════════════════════════════════╝
2025-06-10T18:25:08.6985993Z 
2025-06-10T18:25:08.6986608Z     Error Context: test-results/example-basic-responsive-layout-works-CI-Firefox/error-context.md
2025-06-10T18:25:08.6987259Z 
2025-06-10T18:25:08.6987809Z     Retry #1 ───────────────────────────────────────────────────────────────────────────────────────
2025-06-10T18:25:08.6988181Z 
2025-06-10T18:25:08.6988719Z     Error: browserType.launch: Executable doesn't exist at /ms-playwright/firefox-1482/firefox/firefox
2025-06-10T18:25:08.6989961Z     ╔══════════════════════════════════════════════════════════════════════╗
2025-06-10T18:25:08.6990835Z     ║ Looks like Playwright Test or Playwright was just updated to 1.52.0. ║
2025-06-10T18:25:08.6991722Z     ║ Please update docker image as well.                                  ║
2025-06-10T18:25:08.6992751Z     ║ -  current: mcr.microsoft.com/playwright:v1.51.0-jammy               ║
2025-06-10T18:25:08.6993723Z     ║ - required: mcr.microsoft.com/playwright:v1.52.0-jammy               ║
2025-06-10T18:25:08.6994551Z     ║                                                                      ║
2025-06-10T18:25:08.6995608Z     ║ <3 Playwright Team                                                   ║
2025-06-10T18:25:08.6996504Z     ╚══════════════════════════════════════════════════════════════════════╝
2025-06-10T18:25:08.6996896Z 
2025-06-10T18:25:08.6997609Z     Error Context: test-results/example-basic-responsive-layout-works-CI-Firefox-retry1/error-context.md
2025-06-10T18:25:08.6998370Z 
2025-06-10T18:25:08.6999324Z     attachment #2: trace (application/zip) ─────────────────────────────────────────────────────────
2025-06-10T18:25:08.7000449Z     test-results/example-basic-responsive-layout-works-CI-Firefox-retry1/trace.zip
2025-06-10T18:25:08.7001201Z     Usage:
2025-06-10T18:25:08.7001391Z 
2025-06-10T18:25:08.7002122Z         npx playwright show-trace test-results/example-basic-responsive-layout-works-CI-Firefox-retry1/trace.zip
2025-06-10T18:25:08.7002862Z 
2025-06-10T18:25:08.7003458Z     ────────────────────────────────────────────────────────────────────────────────────────────────
2025-06-10T18:25:08.7003899Z 
2025-06-10T18:25:08.7004500Z     Retry #2 ───────────────────────────────────────────────────────────────────────────────────────
2025-06-10T18:25:08.7004916Z 
2025-06-10T18:25:08.7005746Z     Error: browserType.launch: Executable doesn't exist at /ms-playwright/firefox-1482/firefox/firefox
2025-06-10T18:25:08.7006867Z     ╔══════════════════════════════════════════════════════════════════════╗
2025-06-10T18:25:08.7007711Z     ║ Looks like Playwright Test or Playwright was just updated to 1.52.0. ║
2025-06-10T18:25:08.7008621Z     ║ Please update docker image as well.                                  ║
2025-06-10T18:25:08.7009745Z     ║ -  current: mcr.microsoft.com/playwright:v1.51.0-jammy               ║
2025-06-10T18:25:08.7010667Z     ║ - required: mcr.microsoft.com/playwright:v1.52.0-jammy               ║
2025-06-10T18:25:08.7011438Z     ║                                                                      ║
2025-06-10T18:25:08.7012149Z     ║ <3 Playwright Team                                                   ║
2025-06-10T18:25:08.7012986Z     ╚══════════════════════════════════════════════════════════════════════╝
2025-06-10T18:25:08.7013326Z 
2025-06-10T18:25:08.7014032Z     Error Context: test-results/example-basic-responsive-layout-works-CI-Firefox-retry2/error-context.md
2025-06-10T18:25:08.7014774Z 
2025-06-10T18:25:08.7015468Z   10) [CI Mobile Safari] › e2e/example.spec.ts:3:5 › homepage loads basic structure ────────────────
2025-06-10T18:25:08.7016004Z 
2025-06-10T18:25:08.7016535Z     Error: browserType.launch: Executable doesn't exist at /ms-playwright/webkit-2158/pw_run.sh
2025-06-10T18:25:08.7017691Z     ╔══════════════════════════════════════════════════════════════════════╗
2025-06-10T18:25:08.7018602Z     ║ Looks like Playwright Test or Playwright was just updated to 1.52.0. ║
2025-06-10T18:25:08.7019919Z     ║ Please update docker image as well.                                  ║
2025-06-10T18:25:08.7020917Z     ║ -  current: mcr.microsoft.com/playwright:v1.51.0-jammy               ║
2025-06-10T18:25:08.7022356Z     ║ - required: mcr.microsoft.com/playwright:v1.52.0-jammy               ║
2025-06-10T18:25:08.7023278Z     ║                                                                      ║
2025-06-10T18:25:08.7024092Z     ║ <3 Playwright Team                                                   ║
2025-06-10T18:25:08.7024950Z     ╚══════════════════════════════════════════════════════════════════════╝
2025-06-10T18:25:08.7025306Z 
2025-06-10T18:25:08.7026003Z     Error Context: test-results/example-homepage-loads-basic-structure-CI-Mobile-Safari/error-context.md
2025-06-10T18:25:08.7026776Z 
2025-06-10T18:25:08.7027431Z     Retry #1 ───────────────────────────────────────────────────────────────────────────────────────
2025-06-10T18:25:08.7027877Z 
2025-06-10T18:25:08.7028686Z     Error: browserType.launch: Executable doesn't exist at /ms-playwright/webkit-2158/pw_run.sh
2025-06-10T18:25:08.7030063Z     ╔══════════════════════════════════════════════════════════════════════╗
2025-06-10T18:25:08.7031056Z     ║ Looks like Playwright Test or Playwright was just updated to 1.52.0. ║
2025-06-10T18:25:08.7032074Z     ║ Please update docker image as well.                                  ║
2025-06-10T18:25:08.7033336Z     ║ -  current: mcr.microsoft.com/playwright:v1.51.0-jammy               ║
2025-06-10T18:25:08.7034421Z     ║ - required: mcr.microsoft.com/playwright:v1.52.0-jammy               ║
2025-06-10T18:25:08.7035317Z     ║                                                                      ║
2025-06-10T18:25:08.7036154Z     ║ <3 Playwright Team                                                   ║
2025-06-10T18:25:08.7037066Z     ╚══════════════════════════════════════════════════════════════════════╝
2025-06-10T18:25:08.7037435Z 
2025-06-10T18:25:08.7038219Z     Error Context: test-results/example-homepage-loads-basic-structure-CI-Mobile-Safari-retry1/error-context.md
2025-06-10T18:25:08.7039046Z 
2025-06-10T18:25:08.7040020Z     attachment #2: trace (application/zip) ─────────────────────────────────────────────────────────
2025-06-10T18:25:08.7041269Z     test-results/example-homepage-loads-basic-structure-CI-Mobile-Safari-retry1/trace.zip
2025-06-10T18:25:08.7042102Z     Usage:
2025-06-10T18:25:08.7042305Z 
2025-06-10T18:25:08.7043101Z         npx playwright show-trace test-results/example-homepage-loads-basic-structure-CI-Mobile-Safari-retry1/trace.zip
2025-06-10T18:25:08.7043922Z 
2025-06-10T18:25:08.7044549Z     ────────────────────────────────────────────────────────────────────────────────────────────────
2025-06-10T18:25:08.7044943Z 
2025-06-10T18:25:08.7045556Z     Retry #2 ───────────────────────────────────────────────────────────────────────────────────────
2025-06-10T18:25:08.7045983Z 
2025-06-10T18:25:08.7046519Z     Error: browserType.launch: Executable doesn't exist at /ms-playwright/webkit-2158/pw_run.sh
2025-06-10T18:25:08.7047444Z     ╔══════════════════════════════════════════════════════════════════════╗
2025-06-10T18:25:08.7047934Z     ║ Looks like Playwright Test or Playwright was just updated to 1.52.0. ║
2025-06-10T18:25:08.7049420Z     ║ Please update docker image as well.                                  ║
2025-06-10T18:25:08.7050113Z     ║ -  current: mcr.microsoft.com/playwright:v1.51.0-jammy               ║
2025-06-10T18:25:08.7050656Z     ║ - required: mcr.microsoft.com/playwright:v1.52.0-jammy               ║
2025-06-10T18:25:08.7051405Z     ║                                                                      ║
2025-06-10T18:25:08.7052205Z     ║ <3 Playwright Team                                                   ║
2025-06-10T18:25:08.7052874Z     ╚══════════════════════════════════════════════════════════════════════╝
2025-06-10T18:25:08.7053076Z 
2025-06-10T18:25:08.7053485Z     Error Context: test-results/example-homepage-loads-basic-structure-CI-Mobile-Safari-retry2/error-context.md
2025-06-10T18:25:08.7053915Z 
2025-06-10T18:25:08.7054465Z   11) [CI Mobile Safari] › e2e/example.spec.ts:31:5 › navigation elements are present ──────────────
2025-06-10T18:25:08.7055039Z 
2025-06-10T18:25:08.7055449Z     Error: browserType.launch: Executable doesn't exist at /ms-playwright/webkit-2158/pw_run.sh
2025-06-10T18:25:08.7056493Z     ╔══════════════════════════════════════════════════════════════════════╗
2025-06-10T18:25:08.7057445Z     ║ Looks like Playwright Test or Playwright was just updated to 1.52.0. ║
2025-06-10T18:25:08.7058104Z     ║ Please update docker image as well.                                  ║
2025-06-10T18:25:08.7059378Z     ║ -  current: mcr.microsoft.com/playwright:v1.51.0-jammy               ║
2025-06-10T18:25:08.7059952Z     ║ - required: mcr.microsoft.com/playwright:v1.52.0-jammy               ║
2025-06-10T18:25:08.7060810Z     ║                                                                      ║
2025-06-10T18:25:08.7061546Z     ║ <3 Playwright Team                                                   ║
2025-06-10T18:25:08.7062063Z     ╚══════════════════════════════════════════════════════════════════════╝
2025-06-10T18:25:08.7062420Z 
2025-06-10T18:25:08.7063151Z     Error Context: test-results/example-navigation-elements-are-present-CI-Mobile-Safari/error-context.md
2025-06-10T18:25:08.7063691Z 
2025-06-10T18:25:08.7064177Z     Retry #1 ───────────────────────────────────────────────────────────────────────────────────────
2025-06-10T18:25:08.7064590Z 
2025-06-10T18:25:08.7065221Z     Error: browserType.launch: Executable doesn't exist at /ms-playwright/webkit-2158/pw_run.sh
2025-06-10T18:25:08.7065869Z     ╔══════════════════════════════════════════════════════════════════════╗
2025-06-10T18:25:08.7066336Z     ║ Looks like Playwright Test or Playwright was just updated to 1.52.0. ║
2025-06-10T18:25:08.7067086Z     ║ Please update docker image as well.                                  ║
2025-06-10T18:25:08.7068001Z     ║ -  current: mcr.microsoft.com/playwright:v1.51.0-jammy               ║
2025-06-10T18:25:08.7068526Z     ║ - required: mcr.microsoft.com/playwright:v1.52.0-jammy               ║
2025-06-10T18:25:08.7068956Z     ║                                                                      ║
2025-06-10T18:25:08.7070441Z     ║ <3 Playwright Team                                                   ║
2025-06-10T18:25:08.7071164Z     ╚══════════════════════════════════════════════════════════════════════╝
2025-06-10T18:25:08.7071370Z 
2025-06-10T18:25:08.7071914Z     Error Context: test-results/example-navigation-elements-are-present-CI-Mobile-Safari-retry1/error-context.md
2025-06-10T18:25:08.7072734Z 
2025-06-10T18:25:08.7073183Z     attachment #2: trace (application/zip) ─────────────────────────────────────────────────────────
2025-06-10T18:25:08.7074408Z     test-results/example-navigation-elements-are-present-CI-Mobile-Safari-retry1/trace.zip
2025-06-10T18:25:08.7075021Z     Usage:
2025-06-10T18:25:08.7075122Z 
2025-06-10T18:25:08.7075635Z         npx playwright show-trace test-results/example-navigation-elements-are-present-CI-Mobile-Safari-retry1/trace.zip
2025-06-10T18:25:08.7076646Z 
2025-06-10T18:25:08.7077274Z     ────────────────────────────────────────────────────────────────────────────────────────────────
2025-06-10T18:25:08.7077713Z 
2025-06-10T18:25:08.7078507Z     Retry #2 ───────────────────────────────────────────────────────────────────────────────────────
2025-06-10T18:25:08.7078777Z 
2025-06-10T18:25:08.7079285Z     Error: browserType.launch: Executable doesn't exist at /ms-playwright/webkit-2158/pw_run.sh
2025-06-10T18:25:08.7079989Z     ╔══════════════════════════════════════════════════════════════════════╗
2025-06-10T18:25:08.7080475Z     ║ Looks like Playwright Test or Playwright was just updated to 1.52.0. ║
2025-06-10T18:25:08.7080975Z     ║ Please update docker image as well.                                  ║
2025-06-10T18:25:08.7081491Z     ║ -  current: mcr.microsoft.com/playwright:v1.51.0-jammy               ║
2025-06-10T18:25:08.7082272Z     ║ - required: mcr.microsoft.com/playwright:v1.52.0-jammy               ║
2025-06-10T18:25:08.7083173Z     ║                                                                      ║
2025-06-10T18:25:08.7083640Z     ║ <3 Playwright Team                                                   ║
2025-06-10T18:25:08.7084266Z     ╚══════════════════════════════════════════════════════════════════════╝
2025-06-10T18:25:08.7084462Z 
2025-06-10T18:25:08.7084870Z     Error Context: test-results/example-navigation-elements-are-present-CI-Mobile-Safari-retry2/error-context.md
2025-06-10T18:25:08.7085305Z 
2025-06-10T18:25:08.7085664Z   12) [CI Mobile Safari] › e2e/example.spec.ts:56:5 › basic responsive layout works ────────────────
2025-06-10T18:25:08.7085973Z 
2025-06-10T18:25:08.7086269Z     Error: browserType.launch: Executable doesn't exist at /ms-playwright/webkit-2158/pw_run.sh
2025-06-10T18:25:08.7086837Z     ╔══════════════════════════════════════════════════════════════════════╗
2025-06-10T18:25:08.7087289Z     ║ Looks like Playwright Test or Playwright was just updated to 1.52.0. ║
2025-06-10T18:25:08.7087780Z     ║ Please update docker image as well.                                  ║
2025-06-10T18:25:08.7088461Z     ║ -  current: mcr.microsoft.com/playwright:v1.51.0-jammy               ║
2025-06-10T18:25:08.7089473Z     ║ - required: mcr.microsoft.com/playwright:v1.52.0-jammy               ║
2025-06-10T18:25:08.7090396Z     ║                                                                      ║
2025-06-10T18:25:08.7091236Z     ║ <3 Playwright Team                                                   ║
2025-06-10T18:25:08.7092201Z     ╚══════════════════════════════════════════════════════════════════════╝
2025-06-10T18:25:08.7092575Z 
2025-06-10T18:25:08.7093278Z     Error Context: test-results/example-basic-responsive-layout-works-CI-Mobile-Safari/error-context.md
2025-06-10T18:25:08.7094290Z 
2025-06-10T18:25:08.7094940Z     Retry #1 ───────────────────────────────────────────────────────────────────────────────────────
2025-06-10T18:25:08.7095380Z 
2025-06-10T18:25:08.7095945Z     Error: browserType.launch: Executable doesn't exist at /ms-playwright/webkit-2158/pw_run.sh
2025-06-10T18:25:08.7097136Z     ╔══════════════════════════════════════════════════════════════════════╗
2025-06-10T18:25:08.7098086Z     ║ Looks like Playwright Test or Playwright was just updated to 1.52.0. ║
2025-06-10T18:25:08.7099808Z     ║ Please update docker image as well.                                  ║
2025-06-10T18:25:08.7100579Z     ║ -  current: mcr.microsoft.com/playwright:v1.51.0-jammy               ║
2025-06-10T18:25:08.7101167Z     ║ - required: mcr.microsoft.com/playwright:v1.52.0-jammy               ║
2025-06-10T18:25:08.7101625Z     ║                                                                      ║
2025-06-10T18:25:08.7102033Z     ║ <3 Playwright Team                                                   ║
2025-06-10T18:25:08.7102484Z     ╚══════════════════════════════════════════════════════════════════════╝
2025-06-10T18:25:08.7102672Z 
2025-06-10T18:25:08.7103074Z     Error Context: test-results/example-basic-responsive-layout-works-CI-Mobile-Safari-retry1/error-context.md
2025-06-10T18:25:08.7103514Z 
2025-06-10T18:25:08.7103881Z     attachment #2: trace (application/zip) ─────────────────────────────────────────────────────────
2025-06-10T18:25:08.7104509Z     test-results/example-basic-responsive-layout-works-CI-Mobile-Safari-retry1/trace.zip
2025-06-10T18:25:08.7104933Z     Usage:
2025-06-10T18:25:08.7105030Z 
2025-06-10T18:25:08.7105452Z         npx playwright show-trace test-results/example-basic-responsive-layout-works-CI-Mobile-Safari-retry1/trace.zip
2025-06-10T18:25:08.7105885Z 
2025-06-10T18:25:08.7106186Z     ────────────────────────────────────────────────────────────────────────────────────────────────
2025-06-10T18:25:08.7106408Z 
2025-06-10T18:25:08.7106710Z     Retry #2 ───────────────────────────────────────────────────────────────────────────────────────
2025-06-10T18:25:08.7106934Z 
2025-06-10T18:25:08.7107250Z     Error: browserType.launch: Executable doesn't exist at /ms-playwright/webkit-2158/pw_run.sh
2025-06-10T18:25:08.7107827Z     ╔══════════════════════════════════════════════════════════════════════╗
2025-06-10T18:25:08.7108675Z     ║ Looks like Playwright Test or Playwright was just updated to 1.52.0. ║
2025-06-10T18:25:08.7109521Z     ║ Please update docker image as well.                                  ║
2025-06-10T18:25:08.7110074Z     ║ -  current: mcr.microsoft.com/playwright:v1.51.0-jammy               ║
2025-06-10T18:25:08.7110589Z     ║ - required: mcr.microsoft.com/playwright:v1.52.0-jammy               ║
2025-06-10T18:25:08.7111011Z     ║                                                                      ║
2025-06-10T18:25:08.7111403Z     ║ <3 Playwright Team                                                   ║
2025-06-10T18:25:08.7111849Z     ╚══════════════════════════════════════════════════════════════════════╝
2025-06-10T18:25:08.7112031Z 
2025-06-10T18:25:08.7112428Z     Error Context: test-results/example-basic-responsive-layout-works-CI-Mobile-Safari-retry2/error-context.md
2025-06-10T18:25:08.7112845Z 
2025-06-10T18:25:08.7112918Z   12 failed
2025-06-10T18:25:08.7113386Z     [CI Chromium] › e2e/example.spec.ts:3:5 › homepage loads basic structure ───────────────────────
2025-06-10T18:25:08.7114045Z     [CI Chromium] › e2e/example.spec.ts:31:5 › navigation elements are present ─────────────────────
2025-06-10T18:25:08.7114750Z     [CI Chromium] › e2e/example.spec.ts:56:5 › basic responsive layout works ───────────────────────
2025-06-10T18:25:08.7115650Z     [CI WebKit] › e2e/example.spec.ts:3:5 › homepage loads basic structure ─────────────────────────
2025-06-10T18:25:08.7116304Z     [CI WebKit] › e2e/example.spec.ts:31:5 › navigation elements are present ───────────────────────
2025-06-10T18:25:08.7116941Z     [CI WebKit] › e2e/example.spec.ts:56:5 › basic responsive layout works ─────────────────────────
2025-06-10T18:25:08.7117655Z     [CI Firefox] › e2e/example.spec.ts:3:5 › homepage loads basic structure ────────────────────────
2025-06-10T18:25:08.7118368Z     [CI Firefox] › e2e/example.spec.ts:31:5 › navigation elements are present ──────────────────────
2025-06-10T18:25:08.7119023Z     [CI Firefox] › e2e/example.spec.ts:56:5 › basic responsive layout works ────────────────────────
2025-06-10T18:25:08.7119847Z     [CI Mobile Safari] › e2e/example.spec.ts:3:5 › homepage loads basic structure ──────────────────
2025-06-10T18:25:08.7120892Z     [CI Mobile Safari] › e2e/example.spec.ts:31:5 › navigation elements are present ────────────────
2025-06-10T18:25:08.7121576Z     [CI Mobile Safari] › e2e/example.spec.ts:56:5 › basic responsive layout works ──────────────────
2025-06-10T18:25:08.7150615Z ##[error]  1) [CI Chromium] › e2e/example.spec.ts:3:5 › homepage loads basic structure ──────────────────────
    Error: browserType.launch: Executable doesn't exist at /ms-playwright/chromium_headless_shell-1169/chrome-linux/headless_shell
    ╔══════════════════════════════════════════════════════════════════════╗
    ║ Looks like Playwright Test or Playwright was just updated to 1.52.0. ║
    ║ Please update docker image as well.                                  ║
    ║ -  current: mcr.microsoft.com/playwright:v1.51.0-jammy               ║
    ║ - required: mcr.microsoft.com/playwright:v1.52.0-jammy               ║
    ║                                                                      ║
    ║ <3 Playwright Team                                                   ║
    ╚══════════════════════════════════════════════════════════════════════╝
2025-06-10T18:25:08.7171357Z ##[error]  1) [CI Chromium] › e2e/example.spec.ts:3:5 › homepage loads basic structure ──────────────────────

    Retry #1 ───────────────────────────────────────────────────────────────────────────────────────
    Error: browserType.launch: Executable doesn't exist at /ms-playwright/chromium_headless_shell-1169/chrome-linux/headless_shell
    ╔══════════════════════════════════════════════════════════════════════╗
    ║ Looks like Playwright Test or Playwright was just updated to 1.52.0. ║
    ║ Please update docker image as well.                                  ║
    ║ -  current: mcr.microsoft.com/playwright:v1.51.0-jammy               ║
    ║ - required: mcr.microsoft.com/playwright:v1.52.0-jammy               ║
    ║                                                                      ║
    ║ <3 Playwright Team                                                   ║
    ╚══════════════════════════════════════════════════════════════════════╝
2025-06-10T18:25:08.7179684Z ##[error]  1) [CI Chromium] › e2e/example.spec.ts:3:5 › homepage loads basic structure ──────────────────────

    Retry #2 ───────────────────────────────────────────────────────────────────────────────────────
    Error: browserType.launch: Executable doesn't exist at /ms-playwright/chromium_headless_shell-1169/chrome-linux/headless_shell
    ╔══════════════════════════════════════════════════════════════════════╗
    ║ Looks like Playwright Test or Playwright was just updated to 1.52.0. ║
    ║ Please update docker image as well.                                  ║
    ║ -  current: mcr.microsoft.com/playwright:v1.51.0-jammy               ║
    ║ - required: mcr.microsoft.com/playwright:v1.52.0-jammy               ║
    ║                                                                      ║
    ║ <3 Playwright Team                                                   ║
    ╚══════════════════════════════════════════════════════════════════════╝
2025-06-10T18:25:08.7185846Z ##[error]  2) [CI Chromium] › e2e/example.spec.ts:31:5 › navigation elements are present ────────────────────
    Error: browserType.launch: Executable doesn't exist at /ms-playwright/chromium_headless_shell-1169/chrome-linux/headless_shell
    ╔══════════════════════════════════════════════════════════════════════╗
    ║ Looks like Playwright Test or Playwright was just updated to 1.52.0. ║
    ║ Please update docker image as well.                                  ║
    ║ -  current: mcr.microsoft.com/playwright:v1.51.0-jammy               ║
    ║ - required: mcr.microsoft.com/playwright:v1.52.0-jammy               ║
    ║                                                                      ║
    ║ <3 Playwright Team                                                   ║
    ╚══════════════════════════════════════════════════════════════════════╝
2025-06-10T18:25:08.7192177Z ##[error]  2) [CI Chromium] › e2e/example.spec.ts:31:5 › navigation elements are present ────────────────────

    Retry #1 ───────────────────────────────────────────────────────────────────────────────────────
    Error: browserType.launch: Executable doesn't exist at /ms-playwright/chromium_headless_shell-1169/chrome-linux/headless_shell
    ╔══════════════════════════════════════════════════════════════════════╗
    ║ Looks like Playwright Test or Playwright was just updated to 1.52.0. ║
    ║ Please update docker image as well.                                  ║
    ║ -  current: mcr.microsoft.com/playwright:v1.51.0-jammy               ║
    ║ - required: mcr.microsoft.com/playwright:v1.52.0-jammy               ║
    ║                                                                      ║
    ║ <3 Playwright Team                                                   ║
    ╚══════════════════════════════════════════════════════════════════════╝
2025-06-10T18:25:08.7198320Z ##[error]  2) [CI Chromium] › e2e/example.spec.ts:31:5 › navigation elements are present ────────────────────

    Retry #2 ───────────────────────────────────────────────────────────────────────────────────────
    Error: browserType.launch: Executable doesn't exist at /ms-playwright/chromium_headless_shell-1169/chrome-linux/headless_shell
    ╔══════════════════════════════════════════════════════════════════════╗
    ║ Looks like Playwright Test or Playwright was just updated to 1.52.0. ║
    ║ Please update docker image as well.                                  ║
    ║ -  current: mcr.microsoft.com/playwright:v1.51.0-jammy               ║
    ║ - required: mcr.microsoft.com/playwright:v1.52.0-jammy               ║
    ║                                                                      ║
    ║ <3 Playwright Team                                                   ║
    ╚══════════════════════════════════════════════════════════════════════╝
2025-06-10T18:25:08.7204611Z ##[error]  3) [CI Chromium] › e2e/example.spec.ts:56:5 › basic responsive layout works ──────────────────────
    Error: browserType.launch: Executable doesn't exist at /ms-playwright/chromium_headless_shell-1169/chrome-linux/headless_shell
    ╔══════════════════════════════════════════════════════════════════════╗
    ║ Looks like Playwright Test or Playwright was just updated to 1.52.0. ║
    ║ Please update docker image as well.                                  ║
    ║ -  current: mcr.microsoft.com/playwright:v1.51.0-jammy               ║
    ║ - required: mcr.microsoft.com/playwright:v1.52.0-jammy               ║
    ║                                                                      ║
    ║ <3 Playwright Team                                                   ║
    ╚══════════════════════════════════════════════════════════════════════╝
2025-06-10T18:25:08.7210873Z ##[error]  3) [CI Chromium] › e2e/example.spec.ts:56:5 › basic responsive layout works ──────────────────────

    Retry #1 ───────────────────────────────────────────────────────────────────────────────────────
    Error: browserType.launch: Executable doesn't exist at /ms-playwright/chromium_headless_shell-1169/chrome-linux/headless_shell
    ╔══════════════════════════════════════════════════════════════════════╗
    ║ Looks like Playwright Test or Playwright was just updated to 1.52.0. ║
    ║ Please update docker image as well.                                  ║
    ║ -  current: mcr.microsoft.com/playwright:v1.51.0-jammy               ║
    ║ - required: mcr.microsoft.com/playwright:v1.52.0-jammy               ║
    ║                                                                      ║
    ║ <3 Playwright Team                                                   ║
    ╚══════════════════════════════════════════════════════════════════════╝
2025-06-10T18:25:08.7217230Z ##[error]  3) [CI Chromium] › e2e/example.spec.ts:56:5 › basic responsive layout works ──────────────────────

    Retry #2 ───────────────────────────────────────────────────────────────────────────────────────
    Error: browserType.launch: Executable doesn't exist at /ms-playwright/chromium_headless_shell-1169/chrome-linux/headless_shell
    ╔══════════════════════════════════════════════════════════════════════╗
    ║ Looks like Playwright Test or Playwright was just updated to 1.52.0. ║
    ║ Please update docker image as well.                                  ║
    ║ -  current: mcr.microsoft.com/playwright:v1.51.0-jammy               ║
    ║ - required: mcr.microsoft.com/playwright:v1.52.0-jammy               ║
    ║                                                                      ║
    ║ <3 Playwright Team                                                   ║
    ╚══════════════════════════════════════════════════════════════════════╝
2025-06-10T18:25:08.7223701Z ##[error]  4) [CI WebKit] › e2e/example.spec.ts:3:5 › homepage loads basic structure ────────────────────────
    Error: browserType.launch: Executable doesn't exist at /ms-playwright/webkit-2158/pw_run.sh
    ╔══════════════════════════════════════════════════════════════════════╗
    ║ Looks like Playwright Test or Playwright was just updated to 1.52.0. ║
    ║ Please update docker image as well.                                  ║
    ║ -  current: mcr.microsoft.com/playwright:v1.51.0-jammy               ║
    ║ - required: mcr.microsoft.com/playwright:v1.52.0-jammy               ║
    ║                                                                      ║
    ║ <3 Playwright Team                                                   ║
    ╚══════════════════════════════════════════════════════════════════════╝
2025-06-10T18:25:08.7230185Z ##[error]  4) [CI WebKit] › e2e/example.spec.ts:3:5 › homepage loads basic structure ────────────────────────

    Retry #1 ───────────────────────────────────────────────────────────────────────────────────────
    Error: browserType.launch: Executable doesn't exist at /ms-playwright/webkit-2158/pw_run.sh
    ╔══════════════════════════════════════════════════════════════════════╗
    ║ Looks like Playwright Test or Playwright was just updated to 1.52.0. ║
    ║ Please update docker image as well.                                  ║
    ║ -  current: mcr.microsoft.com/playwright:v1.51.0-jammy               ║
    ║ - required: mcr.microsoft.com/playwright:v1.52.0-jammy               ║
    ║                                                                      ║
    ║ <3 Playwright Team                                                   ║
    ╚══════════════════════════════════════════════════════════════════════╝
2025-06-10T18:25:08.7236404Z ##[error]  4) [CI WebKit] › e2e/example.spec.ts:3:5 › homepage loads basic structure ────────────────────────

    Retry #2 ───────────────────────────────────────────────────────────────────────────────────────
    Error: browserType.launch: Executable doesn't exist at /ms-playwright/webkit-2158/pw_run.sh
    ╔══════════════════════════════════════════════════════════════════════╗
    ║ Looks like Playwright Test or Playwright was just updated to 1.52.0. ║
    ║ Please update docker image as well.                                  ║
    ║ -  current: mcr.microsoft.com/playwright:v1.51.0-jammy               ║
    ║ - required: mcr.microsoft.com/playwright:v1.52.0-jammy               ║
    ║                                                                      ║
    ║ <3 Playwright Team                                                   ║
    ╚══════════════════════════════════════════════════════════════════════╝
2025-06-10T18:25:08.7242890Z ##[error]  5) [CI WebKit] › e2e/example.spec.ts:31:5 › navigation elements are present ──────────────────────
    Error: browserType.launch: Executable doesn't exist at /ms-playwright/webkit-2158/pw_run.sh
    ╔══════════════════════════════════════════════════════════════════════╗
    ║ Looks like Playwright Test or Playwright was just updated to 1.52.0. ║
    ║ Please update docker image as well.                                  ║
    ║ -  current: mcr.microsoft.com/playwright:v1.51.0-jammy               ║
    ║ - required: mcr.microsoft.com/playwright:v1.52.0-jammy               ║
    ║                                                                      ║
    ║ <3 Playwright Team                                                   ║
    ╚══════════════════════════════════════════════════════════════════════╝
2025-06-10T18:25:08.7263404Z ##[error]  5) [CI WebKit] › e2e/example.spec.ts:31:5 › navigation elements are present ──────────────────────

    Retry #1 ───────────────────────────────────────────────────────────────────────────────────────
    Error: browserType.launch: Executable doesn't exist at /ms-playwright/webkit-2158/pw_run.sh
    ╔══════════════════════════════════════════════════════════════════════╗
    ║ Looks like Playwright Test or Playwright was just updated to 1.52.0. ║
    ║ Please update docker image as well.                                  ║
    ║ -  current: mcr.microsoft.com/playwright:v1.51.0-jammy               ║
    ║ - required: mcr.microsoft.com/playwright:v1.52.0-jammy               ║
    ║                                                                      ║
    ║ <3 Playwright Team                                                   ║
    ╚══════════════════════════════════════════════════════════════════════╝
2025-06-10T18:25:08.7272481Z ##[error]  5) [CI WebKit] › e2e/example.spec.ts:31:5 › navigation elements are present ──────────────────────

    Retry #2 ───────────────────────────────────────────────────────────────────────────────────────
    Error: browserType.launch: Executable doesn't exist at /ms-playwright/webkit-2158/pw_run.sh
    ╔══════════════════════════════════════════════════════════════════════╗
    ║ Looks like Playwright Test or Playwright was just updated to 1.52.0. ║
    ║ Please update docker image as well.                                  ║
    ║ -  current: mcr.microsoft.com/playwright:v1.51.0-jammy               ║
    ║ - required: mcr.microsoft.com/playwright:v1.52.0-jammy               ║
    ║                                                                      ║
    ║ <3 Playwright Team                                                   ║
    ╚══════════════════════════════════════════════════════════════════════╝
2025-06-10T18:25:08.7283077Z ##[error]  6) [CI WebKit] › e2e/example.spec.ts:56:5 › basic responsive layout works ────────────────────────
    Error: browserType.launch: Executable doesn't exist at /ms-playwright/webkit-2158/pw_run.sh
    ╔══════════════════════════════════════════════════════════════════════╗
    ║ Looks like Playwright Test or Playwright was just updated to 1.52.0. ║
    ║ Please update docker image as well.                                  ║
    ║ -  current: mcr.microsoft.com/playwright:v1.51.0-jammy               ║
    ║ - required: mcr.microsoft.com/playwright:v1.52.0-jammy               ║
    ║                                                                      ║
    ║ <3 Playwright Team                                                   ║
    ╚══════════════════════════════════════════════════════════════════════╝
2025-06-10T18:25:08.7296253Z ##[error]  6) [CI WebKit] › e2e/example.spec.ts:56:5 › basic responsive layout works ────────────────────────

    Retry #1 ───────────────────────────────────────────────────────────────────────────────────────
    Error: browserType.launch: Executable doesn't exist at /ms-playwright/webkit-2158/pw_run.sh
    ╔══════════════════════════════════════════════════════════════════════╗
    ║ Looks like Playwright Test or Playwright was just updated to 1.52.0. ║
    ║ Please update docker image as well.                                  ║
    ║ -  current: mcr.microsoft.com/playwright:v1.51.0-jammy               ║
    ║ - required: mcr.microsoft.com/playwright:v1.52.0-jammy               ║
    ║                                                                      ║
    ║ <3 Playwright Team                                                   ║
    ╚══════════════════════════════════════════════════════════════════════╝
2025-06-10T18:25:08.7307552Z ##[error]  6) [CI WebKit] › e2e/example.spec.ts:56:5 › basic responsive layout works ────────────────────────

    Retry #2 ───────────────────────────────────────────────────────────────────────────────────────
    Error: browserType.launch: Executable doesn't exist at /ms-playwright/webkit-2158/pw_run.sh
    ╔══════════════════════════════════════════════════════════════════════╗
    ║ Looks like Playwright Test or Playwright was just updated to 1.52.0. ║
    ║ Please update docker image as well.                                  ║
    ║ -  current: mcr.microsoft.com/playwright:v1.51.0-jammy               ║
    ║ - required: mcr.microsoft.com/playwright:v1.52.0-jammy               ║
    ║                                                                      ║
    ║ <3 Playwright Team                                                   ║
    ╚══════════════════════════════════════════════════════════════════════╝
2025-06-10T18:25:08.7318772Z ##[error]  7) [CI Firefox] › e2e/example.spec.ts:3:5 › homepage loads basic structure ───────────────────────
    Error: browserType.launch: Executable doesn't exist at /ms-playwright/firefox-1482/firefox/firefox
    ╔══════════════════════════════════════════════════════════════════════╗
    ║ Looks like Playwright Test or Playwright was just updated to 1.52.0. ║
    ║ Please update docker image as well.                                  ║
    ║ -  current: mcr.microsoft.com/playwright:v1.51.0-jammy               ║
    ║ - required: mcr.microsoft.com/playwright:v1.52.0-jammy               ║
    ║                                                                      ║
    ║ <3 Playwright Team                                                   ║
    ╚══════════════════════════════════════════════════════════════════════╝
2025-06-10T18:25:08.7327436Z ##[error]  7) [CI Firefox] › e2e/example.spec.ts:3:5 › homepage loads basic structure ───────────────────────

    Retry #1 ───────────────────────────────────────────────────────────────────────────────────────
    Error: browserType.launch: Executable doesn't exist at /ms-playwright/firefox-1482/firefox/firefox
    ╔══════════════════════════════════════════════════════════════════════╗
    ║ Looks like Playwright Test or Playwright was just updated to 1.52.0. ║
    ║ Please update docker image as well.                                  ║
    ║ -  current: mcr.microsoft.com/playwright:v1.51.0-jammy               ║
    ║ - required: mcr.microsoft.com/playwright:v1.52.0-jammy               ║
    ║                                                                      ║
    ║ <3 Playwright Team                                                   ║
    ╚══════════════════════════════════════════════════════════════════════╝
2025-06-10T18:25:08.7336309Z ##[error]  7) [CI Firefox] › e2e/example.spec.ts:3:5 › homepage loads basic structure ───────────────────────

    Retry #2 ───────────────────────────────────────────────────────────────────────────────────────
    Error: browserType.launch: Executable doesn't exist at /ms-playwright/firefox-1482/firefox/firefox
    ╔══════════════════════════════════════════════════════════════════════╗
    ║ Looks like Playwright Test or Playwright was just updated to 1.52.0. ║
    ║ Please update docker image as well.                                  ║
    ║ -  current: mcr.microsoft.com/playwright:v1.51.0-jammy               ║
    ║ - required: mcr.microsoft.com/playwright:v1.52.0-jammy               ║
    ║                                                                      ║
    ║ <3 Playwright Team                                                   ║
    ╚══════════════════════════════════════════════════════════════════════╝
2025-06-10T18:25:08.7346696Z ##[error]  8) [CI Firefox] › e2e/example.spec.ts:31:5 › navigation elements are present ─────────────────────
    Error: browserType.launch: Executable doesn't exist at /ms-playwright/firefox-1482/firefox/firefox
    ╔══════════════════════════════════════════════════════════════════════╗
    ║ Looks like Playwright Test or Playwright was just updated to 1.52.0. ║
    ║ Please update docker image as well.                                  ║
    ║ -  current: mcr.microsoft.com/playwright:v1.51.0-jammy               ║
    ║ - required: mcr.microsoft.com/playwright:v1.52.0-jammy               ║
    ║                                                                      ║
    ║ <3 Playwright Team                                                   ║
    ╚══════════════════════════════════════════════════════════════════════╝
2025-06-10T18:25:08.7356599Z ##[error]  8) [CI Firefox] › e2e/example.spec.ts:31:5 › navigation elements are present ─────────────────────

    Retry #1 ───────────────────────────────────────────────────────────────────────────────────────
    Error: browserType.launch: Executable doesn't exist at /ms-playwright/firefox-1482/firefox/firefox
    ╔══════════════════════════════════════════════════════════════════════╗
    ║ Looks like Playwright Test or Playwright was just updated to 1.52.0. ║
    ║ Please update docker image as well.                                  ║
    ║ -  current: mcr.microsoft.com/playwright:v1.51.0-jammy               ║
    ║ - required: mcr.microsoft.com/playwright:v1.52.0-jammy               ║
    ║                                                                      ║
    ║ <3 Playwright Team                                                   ║
    ╚══════════════════════════════════════════════════════════════════════╝
2025-06-10T18:25:08.7366782Z ##[error]  8) [CI Firefox] › e2e/example.spec.ts:31:5 › navigation elements are present ─────────────────────

    Retry #2 ───────────────────────────────────────────────────────────────────────────────────────
    Error: browserType.launch: Executable doesn't exist at /ms-playwright/firefox-1482/firefox/firefox
    ╔══════════════════════════════════════════════════════════════════════╗
    ║ Looks like Playwright Test or Playwright was just updated to 1.52.0. ║
    ║ Please update docker image as well.                                  ║
    ║ -  current: mcr.microsoft.com/playwright:v1.51.0-jammy               ║
    ║ - required: mcr.microsoft.com/playwright:v1.52.0-jammy               ║
    ║                                                                      ║
    ║ <3 Playwright Team                                                   ║
    ╚══════════════════════════════════════════════════════════════════════╝
2025-06-10T18:25:08.7376832Z ##[error]  9) [CI Firefox] › e2e/example.spec.ts:56:5 › basic responsive layout works ───────────────────────
    Error: browserType.launch: Executable doesn't exist at /ms-playwright/firefox-1482/firefox/firefox
    ╔══════════════════════════════════════════════════════════════════════╗
    ║ Looks like Playwright Test or Playwright was just updated to 1.52.0. ║
    ║ Please update docker image as well.                                  ║
    ║ -  current: mcr.microsoft.com/playwright:v1.51.0-jammy               ║
    ║ - required: mcr.microsoft.com/playwright:v1.52.0-jammy               ║
    ║                                                                      ║
    ║ <3 Playwright Team                                                   ║
    ╚══════════════════════════════════════════════════════════════════════╝
2025-06-10T18:25:08.7385687Z ##[error]  9) [CI Firefox] › e2e/example.spec.ts:56:5 › basic responsive layout works ───────────────────────

    Retry #1 ───────────────────────────────────────────────────────────────────────────────────────
    Error: browserType.launch: Executable doesn't exist at /ms-playwright/firefox-1482/firefox/firefox
    ╔══════════════════════════════════════════════════════════════════════╗
    ║ Looks like Playwright Test or Playwright was just updated to 1.52.0. ║
    ║ Please update docker image as well.                                  ║
    ║ -  current: mcr.microsoft.com/playwright:v1.51.0-jammy               ║
    ║ - required: mcr.microsoft.com/playwright:v1.52.0-jammy               ║
    ║                                                                      ║
    ║ <3 Playwright Team                                                   ║
    ╚══════════════════════════════════════════════════════════════════════╝
2025-06-10T18:25:08.7395664Z ##[error]  9) [CI Firefox] › e2e/example.spec.ts:56:5 › basic responsive layout works ───────────────────────

    Retry #2 ───────────────────────────────────────────────────────────────────────────────────────
    Error: browserType.launch: Executable doesn't exist at /ms-playwright/firefox-1482/firefox/firefox
    ╔══════════════════════════════════════════════════════════════════════╗
    ║ Looks like Playwright Test or Playwright was just updated to 1.52.0. ║
    ║ Please update docker image as well.                                  ║
    ║ -  current: mcr.microsoft.com/playwright:v1.51.0-jammy               ║
    ║ - required: mcr.microsoft.com/playwright:v1.52.0-jammy               ║
    ║                                                                      ║
    ║ <3 Playwright Team                                                   ║
    ╚══════════════════════════════════════════════════════════════════════╝
2025-06-10T18:25:08.7406665Z ##[error]  10) [CI Mobile Safari] › e2e/example.spec.ts:3:5 › homepage loads basic structure ────────────────
    Error: browserType.launch: Executable doesn't exist at /ms-playwright/webkit-2158/pw_run.sh
    ╔══════════════════════════════════════════════════════════════════════╗
    ║ Looks like Playwright Test or Playwright was just updated to 1.52.0. ║
    ║ Please update docker image as well.                                  ║
    ║ -  current: mcr.microsoft.com/playwright:v1.51.0-jammy               ║
    ║ - required: mcr.microsoft.com/playwright:v1.52.0-jammy               ║
    ║                                                                      ║
    ║ <3 Playwright Team                                                   ║
    ╚══════════════════════════════════════════════════════════════════════╝
2025-06-10T18:25:08.7416947Z ##[error]  10) [CI Mobile Safari] › e2e/example.spec.ts:3:5 › homepage loads basic structure ────────────────

    Retry #1 ───────────────────────────────────────────────────────────────────────────────────────
    Error: browserType.launch: Executable doesn't exist at /ms-playwright/webkit-2158/pw_run.sh
    ╔══════════════════════════════════════════════════════════════════════╗
    ║ Looks like Playwright Test or Playwright was just updated to 1.52.0. ║
    ║ Please update docker image as well.                                  ║
    ║ -  current: mcr.microsoft.com/playwright:v1.51.0-jammy               ║
    ║ - required: mcr.microsoft.com/playwright:v1.52.0-jammy               ║
    ║                                                                      ║
    ║ <3 Playwright Team                                                   ║
    ╚══════════════════════════════════════════════════════════════════════╝
2025-06-10T18:25:08.7426597Z ##[error]  10) [CI Mobile Safari] › e2e/example.spec.ts:3:5 › homepage loads basic structure ────────────────

    Retry #2 ───────────────────────────────────────────────────────────────────────────────────────
    Error: browserType.launch: Executable doesn't exist at /ms-playwright/webkit-2158/pw_run.sh
    ╔══════════════════════════════════════════════════════════════════════╗
    ║ Looks like Playwright Test or Playwright was just updated to 1.52.0. ║
    ║ Please update docker image as well.                                  ║
    ║ -  current: mcr.microsoft.com/playwright:v1.51.0-jammy               ║
    ║ - required: mcr.microsoft.com/playwright:v1.52.0-jammy               ║
    ║                                                                      ║
    ║ <3 Playwright Team                                                   ║
    ╚══════════════════════════════════════════════════════════════════════╝
2025-06-10T18:25:08.7433063Z ##[error]  11) [CI Mobile Safari] › e2e/example.spec.ts:31:5 › navigation elements are present ──────────────
    Error: browserType.launch: Executable doesn't exist at /ms-playwright/webkit-2158/pw_run.sh
    ╔══════════════════════════════════════════════════════════════════════╗
    ║ Looks like Playwright Test or Playwright was just updated to 1.52.0. ║
    ║ Please update docker image as well.                                  ║
    ║ -  current: mcr.microsoft.com/playwright:v1.51.0-jammy               ║
    ║ - required: mcr.microsoft.com/playwright:v1.52.0-jammy               ║
    ║                                                                      ║
    ║ <3 Playwright Team                                                   ║
    ╚══════════════════════════════════════════════════════════════════════╝
2025-06-10T18:25:08.7438796Z ##[error]  11) [CI Mobile Safari] › e2e/example.spec.ts:31:5 › navigation elements are present ──────────────

    Retry #1 ───────────────────────────────────────────────────────────────────────────────────────
    Error: browserType.launch: Executable doesn't exist at /ms-playwright/webkit-2158/pw_run.sh
    ╔══════════════════════════════════════════════════════════════════════╗
    ║ Looks like Playwright Test or Playwright was just updated to 1.52.0. ║
    ║ Please update docker image as well.                                  ║
    ║ -  current: mcr.microsoft.com/playwright:v1.51.0-jammy               ║
    ║ - required: mcr.microsoft.com/playwright:v1.52.0-jammy               ║
    ║                                                                      ║
    ║ <3 Playwright Team                                                   ║
    ╚══════════════════════════════════════════════════════════════════════╝
2025-06-10T18:25:08.7444819Z ##[error]  11) [CI Mobile Safari] › e2e/example.spec.ts:31:5 › navigation elements are present ──────────────

    Retry #2 ───────────────────────────────────────────────────────────────────────────────────────
    Error: browserType.launch: Executable doesn't exist at /ms-playwright/webkit-2158/pw_run.sh
    ╔══════════════════════════════════════════════════════════════════════╗
    ║ Looks like Playwright Test or Playwright was just updated to 1.52.0. ║
    ║ Please update docker image as well.                                  ║
    ║ -  current: mcr.microsoft.com/playwright:v1.51.0-jammy               ║
    ║ - required: mcr.microsoft.com/playwright:v1.52.0-jammy               ║
    ║                                                                      ║
    ║ <3 Playwright Team                                                   ║
    ╚══════════════════════════════════════════════════════════════════════╝
2025-06-10T18:25:08.7451087Z ##[error]  12) [CI Mobile Safari] › e2e/example.spec.ts:56:5 › basic responsive layout works ────────────────
    Error: browserType.launch: Executable doesn't exist at /ms-playwright/webkit-2158/pw_run.sh
    ╔══════════════════════════════════════════════════════════════════════╗
    ║ Looks like Playwright Test or Playwright was just updated to 1.52.0. ║
    ║ Please update docker image as well.                                  ║
    ║ -  current: mcr.microsoft.com/playwright:v1.51.0-jammy               ║
    ║ - required: mcr.microsoft.com/playwright:v1.52.0-jammy               ║
    ║                                                                      ║
    ║ <3 Playwright Team                                                   ║
    ╚══════════════════════════════════════════════════════════════════════╝
2025-06-10T18:25:08.7456861Z ##[error]  12) [CI Mobile Safari] › e2e/example.spec.ts:56:5 › basic responsive layout works ────────────────

    Retry #1 ───────────────────────────────────────────────────────────────────────────────────────
    Error: browserType.launch: Executable doesn't exist at /ms-playwright/webkit-2158/pw_run.sh
    ╔══════════════════════════════════════════════════════════════════════╗
    ║ Looks like Playwright Test or Playwright was just updated to 1.52.0. ║
    ║ Please update docker image as well.                                  ║
    ║ -  current: mcr.microsoft.com/playwright:v1.51.0-jammy               ║
    ║ - required: mcr.microsoft.com/playwright:v1.52.0-jammy               ║
    ║                                                                      ║
    ║ <3 Playwright Team                                                   ║
    ╚══════════════════════════════════════════════════════════════════════╝
2025-06-10T18:25:08.7462750Z ##[error]  12) [CI Mobile Safari] › e2e/example.spec.ts:56:5 › basic responsive layout works ────────────────

    Retry #2 ───────────────────────────────────────────────────────────────────────────────────────
    Error: browserType.launch: Executable doesn't exist at /ms-playwright/webkit-2158/pw_run.sh
    ╔══════════════════════════════════════════════════════════════════════╗
    ║ Looks like Playwright Test or Playwright was just updated to 1.52.0. ║
    ║ Please update docker image as well.                                  ║
    ║ -  current: mcr.microsoft.com/playwright:v1.51.0-jammy               ║
    ║ - required: mcr.microsoft.com/playwright:v1.52.0-jammy               ║
    ║                                                                      ║
    ║ <3 Playwright Team                                                   ║
    ╚══════════════════════════════════════════════════════════════════════╝
2025-06-10T18:25:08.7472993Z ##[notice]  12 failed
    [CI Chromium] › e2e/example.spec.ts:3:5 › homepage loads basic structure ───────────────────────
    [CI Chromium] › e2e/example.spec.ts:31:5 › navigation elements are present ─────────────────────
    [CI Chromium] › e2e/example.spec.ts:56:5 › basic responsive layout works ───────────────────────
    [CI WebKit] › e2e/example.spec.ts:3:5 › homepage loads basic structure ─────────────────────────
    [CI WebKit] › e2e/example.spec.ts:31:5 › navigation elements are present ───────────────────────
    [CI WebKit] › e2e/example.spec.ts:56:5 › basic responsive layout works ─────────────────────────
    [CI Firefox] › e2e/example.spec.ts:3:5 › homepage loads basic structure ────────────────────────
    [CI Firefox] › e2e/example.spec.ts:31:5 › navigation elements are present ──────────────────────
    [CI Firefox] › e2e/example.spec.ts:56:5 › basic responsive layout works ────────────────────────
    [CI Mobile Safari] › e2e/example.spec.ts:3:5 › homepage loads basic structure ──────────────────
    [CI Mobile Safari] › e2e/example.spec.ts:31:5 › navigation elements are present ────────────────
    [CI Mobile Safari] › e2e/example.spec.ts:56:5 › basic responsive layout works ──────────────────
2025-06-10T18:25:08.7478108Z ##[error]Process completed with exit code 1.
2025-06-10T18:25:08.7483687Z ##[debug]Finishing: 🎭 Run E2E tests
2025-06-10T18:25:08.7503353Z ##[debug]Evaluating condition for step: '📊 Upload test results'
2025-06-10T18:25:08.7505461Z ##[debug]Evaluating: always()
2025-06-10T18:25:08.7505837Z ##[debug]Evaluating always:
2025-06-10T18:25:08.7506558Z ##[debug]=> true
2025-06-10T18:25:08.7506885Z ##[debug]Result: true
2025-06-10T18:25:08.7507421Z ##[debug]Starting: 📊 Upload test results
2025-06-10T18:25:08.7526454Z ##[debug]Loading inputs
2025-06-10T18:25:08.7529381Z ##[debug]Loading env
2025-06-10T18:25:08.7532743Z ##[group]Run actions/upload-artifact@v4
2025-06-10T18:25:08.7532976Z with:
2025-06-10T18:25:08.7533133Z   name: e2e-results
2025-06-10T18:25:08.7533342Z   path: test-results/
playwright-report/

2025-06-10T18:25:08.7533584Z   retention-days: 7
2025-06-10T18:25:08.7533771Z   if-no-files-found: warn
2025-06-10T18:25:08.7533974Z   compression-level: 6
2025-06-10T18:25:08.7534158Z   overwrite: false
2025-06-10T18:25:08.7534337Z   include-hidden-files: false
2025-06-10T18:25:08.7534539Z env:
2025-06-10T18:25:08.7534715Z   NODE_VERSION: 18
2025-06-10T18:25:08.7534883Z ##[endgroup]
2025-06-10T18:25:08.7537382Z ##[command]/usr/bin/docker exec  9f25709fdf6df997a3d9a63a461760b6eedc33f735570c531349ff5cbfb448d4 sh -c "cat /etc/*release | grep ^ID"
2025-06-10T18:25:08.8076505Z ##[debug]ID=ubuntu
2025-06-10T18:25:08.8076791Z ##[debug]ID_LIKE=debian
2025-06-10T18:25:08.8077108Z ##[debug]Running JavaScript Action with default external tool: node20
2025-06-10T18:25:09.0654141Z ##[debug]followSymbolicLinks 'true'
2025-06-10T18:25:09.0655718Z ##[debug]implicitDescendants 'true'
2025-06-10T18:25:09.0656641Z ##[debug]omitBrokenSymbolicLinks 'true'
2025-06-10T18:25:09.0657273Z ##[debug]excludeHiddenFiles 'true'
2025-06-10T18:25:09.0680779Z ##[debug]followSymbolicLinks 'true'
2025-06-10T18:25:09.0681795Z ##[debug]implicitDescendants 'true'
2025-06-10T18:25:09.0682516Z ##[debug]matchDirectories 'true'
2025-06-10T18:25:09.0683447Z ##[debug]omitBrokenSymbolicLinks 'true'
2025-06-10T18:25:09.0684451Z ##[debug]excludeHiddenFiles 'true'
2025-06-10T18:25:09.0688682Z ##[debug]Search path '/__w/LocalLoop/LocalLoop/test-results'
2025-06-10T18:25:09.0695347Z ##[debug]Search path '/__w/LocalLoop/LocalLoop/playwright-report'
2025-06-10T18:25:09.0876203Z ##[debug]Removing /__w/LocalLoop/LocalLoop/test-results from rawSearchResults because it is a directory
2025-06-10T18:25:09.0878493Z ##[debug]Removing /__w/LocalLoop/LocalLoop/test-results/example-basic-responsive-layout-works-CI-Chromium from rawSearchResults because it is a directory
2025-06-10T18:25:09.0881002Z ##[debug]File:/__w/LocalLoop/LocalLoop/test-results/example-basic-responsive-layout-works-CI-Chromium/error-context.md was found using the provided searchPath
2025-06-10T18:25:09.0883508Z ##[debug]Removing /__w/LocalLoop/LocalLoop/test-results/example-basic-responsive-layout-works-CI-Chromium-retry1 from rawSearchResults because it is a directory
2025-06-10T18:25:09.0885926Z ##[debug]File:/__w/LocalLoop/LocalLoop/test-results/example-basic-responsive-layout-works-CI-Chromium-retry1/error-context.md was found using the provided searchPath
2025-06-10T18:25:09.0888339Z ##[debug]File:/__w/LocalLoop/LocalLoop/test-results/example-basic-responsive-layout-works-CI-Chromium-retry1/trace.zip was found using the provided searchPath
2025-06-10T18:25:09.0890885Z ##[debug]Removing /__w/LocalLoop/LocalLoop/test-results/example-basic-responsive-layout-works-CI-Chromium-retry2 from rawSearchResults because it is a directory
2025-06-10T18:25:09.0893243Z ##[debug]File:/__w/LocalLoop/LocalLoop/test-results/example-basic-responsive-layout-works-CI-Chromium-retry2/error-context.md was found using the provided searchPath
2025-06-10T18:25:09.0895483Z ##[debug]Removing /__w/LocalLoop/LocalLoop/test-results/example-basic-responsive-layout-works-CI-Firefox from rawSearchResults because it is a directory
2025-06-10T18:25:09.0897628Z ##[debug]File:/__w/LocalLoop/LocalLoop/test-results/example-basic-responsive-layout-works-CI-Firefox/error-context.md was found using the provided searchPath
2025-06-10T18:25:09.0900522Z ##[debug]Removing /__w/LocalLoop/LocalLoop/test-results/example-basic-responsive-layout-works-CI-Firefox-retry1 from rawSearchResults because it is a directory
2025-06-10T18:25:09.0902872Z ##[debug]File:/__w/LocalLoop/LocalLoop/test-results/example-basic-responsive-layout-works-CI-Firefox-retry1/error-context.md was found using the provided searchPath
2025-06-10T18:25:09.0905196Z ##[debug]File:/__w/LocalLoop/LocalLoop/test-results/example-basic-responsive-layout-works-CI-Firefox-retry1/trace.zip was found using the provided searchPath
2025-06-10T18:25:09.0907546Z ##[debug]Removing /__w/LocalLoop/LocalLoop/test-results/example-basic-responsive-layout-works-CI-Firefox-retry2 from rawSearchResults because it is a directory
2025-06-10T18:25:09.0909911Z ##[debug]File:/__w/LocalLoop/LocalLoop/test-results/example-basic-responsive-layout-works-CI-Firefox-retry2/error-context.md was found using the provided searchPath
2025-06-10T18:25:09.0912138Z ##[debug]Removing /__w/LocalLoop/LocalLoop/test-results/example-basic-responsive-layout-works-CI-Mobile-Safari from rawSearchResults because it is a directory
2025-06-10T18:25:09.0914352Z ##[debug]File:/__w/LocalLoop/LocalLoop/test-results/example-basic-responsive-layout-works-CI-Mobile-Safari/error-context.md was found using the provided searchPath
2025-06-10T18:25:09.0916583Z ##[debug]Removing /__w/LocalLoop/LocalLoop/test-results/example-basic-responsive-layout-works-CI-Mobile-Safari-retry1 from rawSearchResults because it is a directory
2025-06-10T18:25:09.0918914Z ##[debug]File:/__w/LocalLoop/LocalLoop/test-results/example-basic-responsive-layout-works-CI-Mobile-Safari-retry1/error-context.md was found using the provided searchPath
2025-06-10T18:25:09.0921349Z ##[debug]File:/__w/LocalLoop/LocalLoop/test-results/example-basic-responsive-layout-works-CI-Mobile-Safari-retry1/trace.zip was found using the provided searchPath
2025-06-10T18:25:09.0923592Z ##[debug]Removing /__w/LocalLoop/LocalLoop/test-results/example-basic-responsive-layout-works-CI-Mobile-Safari-retry2 from rawSearchResults because it is a directory
2025-06-10T18:25:09.0925857Z ##[debug]File:/__w/LocalLoop/LocalLoop/test-results/example-basic-responsive-layout-works-CI-Mobile-Safari-retry2/error-context.md was found using the provided searchPath
2025-06-10T18:25:09.0928027Z ##[debug]Removing /__w/LocalLoop/LocalLoop/test-results/example-basic-responsive-layout-works-CI-WebKit from rawSearchResults because it is a directory
2025-06-10T18:25:09.0930188Z ##[debug]File:/__w/LocalLoop/LocalLoop/test-results/example-basic-responsive-layout-works-CI-WebKit/error-context.md was found using the provided searchPath
2025-06-10T18:25:09.0932339Z ##[debug]Removing /__w/LocalLoop/LocalLoop/test-results/example-basic-responsive-layout-works-CI-WebKit-retry1 from rawSearchResults because it is a directory
2025-06-10T18:25:09.0934504Z ##[debug]File:/__w/LocalLoop/LocalLoop/test-results/example-basic-responsive-layout-works-CI-WebKit-retry1/error-context.md was found using the provided searchPath
2025-06-10T18:25:09.0936649Z ##[debug]File:/__w/LocalLoop/LocalLoop/test-results/example-basic-responsive-layout-works-CI-WebKit-retry1/trace.zip was found using the provided searchPath
2025-06-10T18:25:09.0938739Z ##[debug]Removing /__w/LocalLoop/LocalLoop/test-results/example-basic-responsive-layout-works-CI-WebKit-retry2 from rawSearchResults because it is a directory
2025-06-10T18:25:09.0941031Z ##[debug]File:/__w/LocalLoop/LocalLoop/test-results/example-basic-responsive-layout-works-CI-WebKit-retry2/error-context.md was found using the provided searchPath
2025-06-10T18:25:09.0943161Z ##[debug]Removing /__w/LocalLoop/LocalLoop/test-results/example-homepage-loads-basic-structure-CI-Chromium from rawSearchResults because it is a directory
2025-06-10T18:25:09.0945275Z ##[debug]File:/__w/LocalLoop/LocalLoop/test-results/example-homepage-loads-basic-structure-CI-Chromium/error-context.md was found using the provided searchPath
2025-06-10T18:25:09.0947656Z ##[debug]Removing /__w/LocalLoop/LocalLoop/test-results/example-homepage-loads-basic-structure-CI-Chromium-retry1 from rawSearchResults because it is a directory
2025-06-10T18:25:09.0950074Z ##[debug]File:/__w/LocalLoop/LocalLoop/test-results/example-homepage-loads-basic-structure-CI-Chromium-retry1/error-context.md was found using the provided searchPath
2025-06-10T18:25:09.0952296Z ##[debug]File:/__w/LocalLoop/LocalLoop/test-results/example-homepage-loads-basic-structure-CI-Chromium-retry1/trace.zip was found using the provided searchPath
2025-06-10T18:25:09.0954687Z ##[debug]Removing /__w/LocalLoop/LocalLoop/test-results/example-homepage-loads-basic-structure-CI-Chromium-retry2 from rawSearchResults because it is a directory
2025-06-10T18:25:09.0956894Z ##[debug]File:/__w/LocalLoop/LocalLoop/test-results/example-homepage-loads-basic-structure-CI-Chromium-retry2/error-context.md was found using the provided searchPath
2025-06-10T18:25:09.0959032Z ##[debug]Removing /__w/LocalLoop/LocalLoop/test-results/example-homepage-loads-basic-structure-CI-Firefox from rawSearchResults because it is a directory
2025-06-10T18:25:09.0961248Z ##[debug]File:/__w/LocalLoop/LocalLoop/test-results/example-homepage-loads-basic-structure-CI-Firefox/error-context.md was found using the provided searchPath
2025-06-10T18:25:09.0963359Z ##[debug]Removing /__w/LocalLoop/LocalLoop/test-results/example-homepage-loads-basic-structure-CI-Firefox-retry1 from rawSearchResults because it is a directory
2025-06-10T18:25:09.0965549Z ##[debug]File:/__w/LocalLoop/LocalLoop/test-results/example-homepage-loads-basic-structure-CI-Firefox-retry1/error-context.md was found using the provided searchPath
2025-06-10T18:25:09.0967718Z ##[debug]File:/__w/LocalLoop/LocalLoop/test-results/example-homepage-loads-basic-structure-CI-Firefox-retry1/trace.zip was found using the provided searchPath
2025-06-10T18:25:09.0969979Z ##[debug]Removing /__w/LocalLoop/LocalLoop/test-results/example-homepage-loads-basic-structure-CI-Firefox-retry2 from rawSearchResults because it is a directory
2025-06-10T18:25:09.0972182Z ##[debug]File:/__w/LocalLoop/LocalLoop/test-results/example-homepage-loads-basic-structure-CI-Firefox-retry2/error-context.md was found using the provided searchPath
2025-06-10T18:25:09.0974351Z ##[debug]Removing /__w/LocalLoop/LocalLoop/test-results/example-homepage-loads-basic-structure-CI-Mobile-Safari from rawSearchResults because it is a directory
2025-06-10T18:25:09.0976507Z ##[debug]File:/__w/LocalLoop/LocalLoop/test-results/example-homepage-loads-basic-structure-CI-Mobile-Safari/error-context.md was found using the provided searchPath
2025-06-10T18:25:09.0978727Z ##[debug]Removing /__w/LocalLoop/LocalLoop/test-results/example-homepage-loads-basic-structure-CI-Mobile-Safari-retry1 from rawSearchResults because it is a directory
2025-06-10T18:25:09.0981111Z ##[debug]File:/__w/LocalLoop/LocalLoop/test-results/example-homepage-loads-basic-structure-CI-Mobile-Safari-retry1/error-context.md was found using the provided searchPath
2025-06-10T18:25:09.0983380Z ##[debug]File:/__w/LocalLoop/LocalLoop/test-results/example-homepage-loads-basic-structure-CI-Mobile-Safari-retry1/trace.zip was found using the provided searchPath
2025-06-10T18:25:09.0985588Z ##[debug]Removing /__w/LocalLoop/LocalLoop/test-results/example-homepage-loads-basic-structure-CI-Mobile-Safari-retry2 from rawSearchResults because it is a directory
2025-06-10T18:25:09.0987842Z ##[debug]File:/__w/LocalLoop/LocalLoop/test-results/example-homepage-loads-basic-structure-CI-Mobile-Safari-retry2/error-context.md was found using the provided searchPath
2025-06-10T18:25:09.0990072Z ##[debug]Removing /__w/LocalLoop/LocalLoop/test-results/example-homepage-loads-basic-structure-CI-WebKit from rawSearchResults because it is a directory
2025-06-10T18:25:09.0992073Z ##[debug]File:/__w/LocalLoop/LocalLoop/test-results/example-homepage-loads-basic-structure-CI-WebKit/error-context.md was found using the provided searchPath
2025-06-10T18:25:09.0994122Z ##[debug]Removing /__w/LocalLoop/LocalLoop/test-results/example-homepage-loads-basic-structure-CI-WebKit-retry1 from rawSearchResults because it is a directory
2025-06-10T18:25:09.0996403Z ##[debug]File:/__w/LocalLoop/LocalLoop/test-results/example-homepage-loads-basic-structure-CI-WebKit-retry1/error-context.md was found using the provided searchPath
2025-06-10T18:25:09.0998510Z ##[debug]File:/__w/LocalLoop/LocalLoop/test-results/example-homepage-loads-basic-structure-CI-WebKit-retry1/trace.zip was found using the provided searchPath
2025-06-10T18:25:09.1000512Z ##[debug]Removing /__w/LocalLoop/LocalLoop/test-results/example-homepage-loads-basic-structure-CI-WebKit-retry2 from rawSearchResults because it is a directory
2025-06-10T18:25:09.1002603Z ##[debug]File:/__w/LocalLoop/LocalLoop/test-results/example-homepage-loads-basic-structure-CI-WebKit-retry2/error-context.md was found using the provided searchPath
2025-06-10T18:25:09.1003815Z ##[debug]Removing /__w/LocalLoop/LocalLoop/test-results/example-navigation-elements-are-present-CI-Chromium from rawSearchResults because it is a directory
2025-06-10T18:25:09.1006000Z ##[debug]File:/__w/LocalLoop/LocalLoop/test-results/example-navigation-elements-are-present-CI-Chromium/error-context.md was found using the provided searchPath
2025-06-10T18:25:09.1007909Z ##[debug]Removing /__w/LocalLoop/LocalLoop/test-results/example-navigation-elements-are-present-CI-Chromium-retry1 from rawSearchResults because it is a directory
2025-06-10T18:25:09.1009634Z ##[debug]File:/__w/LocalLoop/LocalLoop/test-results/example-navigation-elements-are-present-CI-Chromium-retry1/error-context.md was found using the provided searchPath
2025-06-10T18:25:09.1011004Z ##[debug]File:/__w/LocalLoop/LocalLoop/test-results/example-navigation-elements-are-present-CI-Chromium-retry1/trace.zip was found using the provided searchPath
2025-06-10T18:25:09.1012187Z ##[debug]Removing /__w/LocalLoop/LocalLoop/test-results/example-navigation-elements-are-present-CI-Chromium-retry2 from rawSearchResults because it is a directory
2025-06-10T18:25:09.1013388Z ##[debug]File:/__w/LocalLoop/LocalLoop/test-results/example-navigation-elements-are-present-CI-Chromium-retry2/error-context.md was found using the provided searchPath
2025-06-10T18:25:09.1014560Z ##[debug]Removing /__w/LocalLoop/LocalLoop/test-results/example-navigation-elements-are-present-CI-Firefox from rawSearchResults because it is a directory
2025-06-10T18:25:09.1015690Z ##[debug]File:/__w/LocalLoop/LocalLoop/test-results/example-navigation-elements-are-present-CI-Firefox/error-context.md was found using the provided searchPath
2025-06-10T18:25:09.1016851Z ##[debug]Removing /__w/LocalLoop/LocalLoop/test-results/example-navigation-elements-are-present-CI-Firefox-retry1 from rawSearchResults because it is a directory
2025-06-10T18:25:09.1018060Z ##[debug]File:/__w/LocalLoop/LocalLoop/test-results/example-navigation-elements-are-present-CI-Firefox-retry1/error-context.md was found using the provided searchPath
2025-06-10T18:25:09.1019351Z ##[debug]File:/__w/LocalLoop/LocalLoop/test-results/example-navigation-elements-are-present-CI-Firefox-retry1/trace.zip was found using the provided searchPath
2025-06-10T18:25:09.1020516Z ##[debug]Removing /__w/LocalLoop/LocalLoop/test-results/example-navigation-elements-are-present-CI-Firefox-retry2 from rawSearchResults because it is a directory
2025-06-10T18:25:09.1021696Z ##[debug]File:/__w/LocalLoop/LocalLoop/test-results/example-navigation-elements-are-present-CI-Firefox-retry2/error-context.md was found using the provided searchPath
2025-06-10T18:25:09.1022886Z ##[debug]Removing /__w/LocalLoop/LocalLoop/test-results/example-navigation-elements-are-present-CI-Mobile-Safari from rawSearchResults because it is a directory
2025-06-10T18:25:09.1024088Z ##[debug]File:/__w/LocalLoop/LocalLoop/test-results/example-navigation-elements-are-present-CI-Mobile-Safari/error-context.md was found using the provided searchPath
2025-06-10T18:25:09.1025303Z ##[debug]Removing /__w/LocalLoop/LocalLoop/test-results/example-navigation-elements-are-present-CI-Mobile-Safari-retry1 from rawSearchResults because it is a directory
2025-06-10T18:25:09.1026728Z ##[debug]File:/__w/LocalLoop/LocalLoop/test-results/example-navigation-elements-are-present-CI-Mobile-Safari-retry1/error-context.md was found using the provided searchPath
2025-06-10T18:25:09.1028002Z ##[debug]File:/__w/LocalLoop/LocalLoop/test-results/example-navigation-elements-are-present-CI-Mobile-Safari-retry1/trace.zip was found using the provided searchPath
2025-06-10T18:25:09.1029334Z ##[debug]Removing /__w/LocalLoop/LocalLoop/test-results/example-navigation-elements-are-present-CI-Mobile-Safari-retry2 from rawSearchResults because it is a directory
2025-06-10T18:25:09.1030706Z ##[debug]File:/__w/LocalLoop/LocalLoop/test-results/example-navigation-elements-are-present-CI-Mobile-Safari-retry2/error-context.md was found using the provided searchPath
2025-06-10T18:25:09.1031915Z ##[debug]Removing /__w/LocalLoop/LocalLoop/test-results/example-navigation-elements-are-present-CI-WebKit from rawSearchResults because it is a directory
2025-06-10T18:25:09.1033359Z ##[debug]File:/__w/LocalLoop/LocalLoop/test-results/example-navigation-elements-are-present-CI-WebKit/error-context.md was found using the provided searchPath
2025-06-10T18:25:09.1035579Z ##[debug]Removing /__w/LocalLoop/LocalLoop/test-results/example-navigation-elements-are-present-CI-WebKit-retry1 from rawSearchResults because it is a directory
2025-06-10T18:25:09.1036852Z ##[debug]File:/__w/LocalLoop/LocalLoop/test-results/example-navigation-elements-are-present-CI-WebKit-retry1/error-context.md was found using the provided searchPath
2025-06-10T18:25:09.1038036Z ##[debug]File:/__w/LocalLoop/LocalLoop/test-results/example-navigation-elements-are-present-CI-WebKit-retry1/trace.zip was found using the provided searchPath
2025-06-10T18:25:09.1039427Z ##[debug]Removing /__w/LocalLoop/LocalLoop/test-results/example-navigation-elements-are-present-CI-WebKit-retry2 from rawSearchResults because it is a directory
2025-06-10T18:25:09.1040670Z ##[debug]File:/__w/LocalLoop/LocalLoop/test-results/example-navigation-elements-are-present-CI-WebKit-retry2/error-context.md was found using the provided searchPath
2025-06-10T18:25:09.1041683Z ##[debug]Removing /__w/LocalLoop/LocalLoop/playwright-report from rawSearchResults because it is a directory
2025-06-10T18:25:09.1042466Z ##[debug]Removing /__w/LocalLoop/LocalLoop/playwright-report/data from rawSearchResults because it is a directory
2025-06-10T18:25:09.1043396Z ##[debug]File:/__w/LocalLoop/LocalLoop/playwright-report/data/04a8485bacb8c144521cfa6c30a61786a9687b99.md was found using the provided searchPath
2025-06-10T18:25:09.1044472Z ##[debug]File:/__w/LocalLoop/LocalLoop/playwright-report/data/095bd4ea2404cbba5c66ad4ad96e7a663f5b838e.zip was found using the provided searchPath
2025-06-10T18:25:09.1045521Z ##[debug]File:/__w/LocalLoop/LocalLoop/playwright-report/data/16df8eabcb2306489fb26cccdc3f402ab83034e5.zip was found using the provided searchPath
2025-06-10T18:25:09.1046562Z ##[debug]File:/__w/LocalLoop/LocalLoop/playwright-report/data/26798e449dc12286947b3db50bc49e04ffaeb63f.zip was found using the provided searchPath
2025-06-10T18:25:09.1047604Z ##[debug]File:/__w/LocalLoop/LocalLoop/playwright-report/data/37e3ba12a238e18ad99bf45da168a363b7b9659a.md was found using the provided searchPath
2025-06-10T18:25:09.1048633Z ##[debug]File:/__w/LocalLoop/LocalLoop/playwright-report/data/3bb3ada632372b573fa86694bd33dd11affe19c7.md was found using the provided searchPath
2025-06-10T18:25:09.1049807Z ##[debug]File:/__w/LocalLoop/LocalLoop/playwright-report/data/6f6a62f95acf7f60047aeb566df265e1f92ab96e.zip was found using the provided searchPath
2025-06-10T18:25:09.1051275Z ##[debug]File:/__w/LocalLoop/LocalLoop/playwright-report/data/70eb9cc7687d5232142b0f7c612c2d9e760cec84.zip was found using the provided searchPath
2025-06-10T18:25:09.1052996Z ##[debug]File:/__w/LocalLoop/LocalLoop/playwright-report/data/71f193629062c741b8925749777ee944c136503a.md was found using the provided searchPath
2025-06-10T18:25:09.1054109Z ##[debug]File:/__w/LocalLoop/LocalLoop/playwright-report/data/7ead000bccaa08e5a53e5ac02a3cb2dfcb8c65d8.zip was found using the provided searchPath
2025-06-10T18:25:09.1055339Z ##[debug]File:/__w/LocalLoop/LocalLoop/playwright-report/data/98425ed47c82804170df2abbb9cf7a6ba66ebb3d.zip was found using the provided searchPath
2025-06-10T18:25:09.1056441Z ##[debug]File:/__w/LocalLoop/LocalLoop/playwright-report/data/9a645dc3d69eba95f6817862cd1256000c19213b.zip was found using the provided searchPath
2025-06-10T18:25:09.1057490Z ##[debug]File:/__w/LocalLoop/LocalLoop/playwright-report/data/9bff88f763284307820e574056032690814d14c8.md was found using the provided searchPath
2025-06-10T18:25:09.1058634Z ##[debug]File:/__w/LocalLoop/LocalLoop/playwright-report/data/b80bdb7969f28d5e99fe5bc9582084541fbd1d13.md was found using the provided searchPath
2025-06-10T18:25:09.1059835Z ##[debug]File:/__w/LocalLoop/LocalLoop/playwright-report/data/b85f27db5555db73e6064a026637c4b6109d8d0a.md was found using the provided searchPath
2025-06-10T18:25:09.1060888Z ##[debug]File:/__w/LocalLoop/LocalLoop/playwright-report/data/bca69e07f3c7584ba784e96babe38b40bd7ec871.zip was found using the provided searchPath
2025-06-10T18:25:09.1061918Z ##[debug]File:/__w/LocalLoop/LocalLoop/playwright-report/data/bf2f82d2748275510c9b7c7a809361b1daec1ada.md was found using the provided searchPath
2025-06-10T18:25:09.1062944Z ##[debug]File:/__w/LocalLoop/LocalLoop/playwright-report/data/c8a803426f2cac966079703b1b2fef70c8fcb360.zip was found using the provided searchPath
2025-06-10T18:25:09.1064387Z ##[debug]File:/__w/LocalLoop/LocalLoop/playwright-report/data/da994cf94d8494408ecfe321e192c6b9ad2224ed.zip was found using the provided searchPath
2025-06-10T18:25:09.1066092Z ##[debug]File:/__w/LocalLoop/LocalLoop/playwright-report/data/ebbf36d59460147bce4ffa233afe4f2083660da9.md was found using the provided searchPath
2025-06-10T18:25:09.1067142Z ##[debug]File:/__w/LocalLoop/LocalLoop/playwright-report/data/ff5a92302fa4f9e4192b28f5fa1a3d5c1bd213d9.zip was found using the provided searchPath
2025-06-10T18:25:09.1068091Z ##[debug]File:/__w/LocalLoop/LocalLoop/playwright-report/index.html was found using the provided searchPath
2025-06-10T18:25:09.1068877Z ##[debug]Removing /__w/LocalLoop/LocalLoop/playwright-report/trace from rawSearchResults because it is a directory
2025-06-10T18:25:09.1070090Z ##[debug]Removing /__w/LocalLoop/LocalLoop/playwright-report/trace/assets from rawSearchResults because it is a directory
2025-06-10T18:25:09.1071074Z ##[debug]File:/__w/LocalLoop/LocalLoop/playwright-report/trace/assets/codeMirrorModule-DwAiTpyC.js was found using the provided searchPath
2025-06-10T18:25:09.1072114Z ##[debug]File:/__w/LocalLoop/LocalLoop/playwright-report/trace/assets/defaultSettingsView-DkkRvn5X.js was found using the provided searchPath
2025-06-10T18:25:09.1073126Z ##[debug]File:/__w/LocalLoop/LocalLoop/playwright-report/trace/codeMirrorModule.C3UTv-Ge.css was found using the provided searchPath
2025-06-10T18:25:09.1074201Z ##[debug]File:/__w/LocalLoop/LocalLoop/playwright-report/trace/codicon.DCmgc-ay.ttf was found using the provided searchPath
2025-06-10T18:25:09.1075143Z ##[debug]File:/__w/LocalLoop/LocalLoop/playwright-report/trace/defaultSettingsView.QdHITyLI.css was found using the provided searchPath
2025-06-10T18:25:09.1076070Z ##[debug]File:/__w/LocalLoop/LocalLoop/playwright-report/trace/index.CFOW-Ezb.css was found using the provided searchPath
2025-06-10T18:25:09.1076923Z ##[debug]File:/__w/LocalLoop/LocalLoop/playwright-report/trace/index.DvtSwn6E.js was found using the provided searchPath
2025-06-10T18:25:09.1077769Z ##[debug]File:/__w/LocalLoop/LocalLoop/playwright-report/trace/index.html was found using the provided searchPath
2025-06-10T18:25:09.1078618Z ##[debug]File:/__w/LocalLoop/LocalLoop/playwright-report/trace/playwright-logo.svg was found using the provided searchPath
2025-06-10T18:25:09.1079600Z ##[debug]File:/__w/LocalLoop/LocalLoop/playwright-report/trace/snapshot.html was found using the provided searchPath
2025-06-10T18:25:09.1080675Z ##[debug]File:/__w/LocalLoop/LocalLoop/playwright-report/trace/sw.bundle.js was found using the provided searchPath
2025-06-10T18:25:09.1081726Z ##[debug]File:/__w/LocalLoop/LocalLoop/playwright-report/trace/uiMode.BatfzHMG.css was found using the provided searchPath
2025-06-10T18:25:09.1082613Z ##[debug]File:/__w/LocalLoop/LocalLoop/playwright-report/trace/uiMode.Sdytl9wc.js was found using the provided searchPath
2025-06-10T18:25:09.1083457Z ##[debug]File:/__w/LocalLoop/LocalLoop/playwright-report/trace/uiMode.html was found using the provided searchPath
2025-06-10T18:25:09.1084316Z ##[debug]File:/__w/LocalLoop/LocalLoop/playwright-report/trace/xtermModule.Beg8tuEN.css was found using the provided searchPath
2025-06-10T18:25:09.1085507Z Multiple search paths detected. Calculating the least common ancestor of all paths
2025-06-10T18:25:09.1086531Z ##[debug]Using search path /__w/LocalLoop/LocalLoop/test-results
2025-06-10T18:25:09.1087099Z ##[debug]Using search path /__w/LocalLoop/LocalLoop/playwright-report
2025-06-10T18:25:09.1087758Z The least common ancestor is /__w/LocalLoop/LocalLoop. This will be the root directory of the artifact
2025-06-10T18:25:09.1088307Z With the provided path, there will be 85 files uploaded
2025-06-10T18:25:09.1088765Z ##[debug]Root artifact directory is /__w/LocalLoop/LocalLoop
2025-06-10T18:25:09.1089076Z Artifact name is valid!
2025-06-10T18:25:09.1089569Z Root directory input is valid!
2025-06-10T18:25:09.1090004Z ##[debug]Workflow Run Backend ID: bbd89b60-9ca4-412c-b2ed-21940b499e79
2025-06-10T18:25:09.1090523Z ##[debug]Workflow Job Run Backend ID: b0d6784e-0142-5961-bbee-e7fb70674e2b
2025-06-10T18:25:09.1091379Z ##[debug][Request] CreateArtifact https://results-receiver.actions.githubusercontent.com/twirp/github.actions.results.api.v1.ArtifactService/CreateArtifact
2025-06-10T18:25:09.2413647Z ##[debug][Response] - 200
2025-06-10T18:25:09.2414350Z ##[debug]Headers: {
2025-06-10T18:25:09.2414690Z ##[debug]  "content-length": "584",
2025-06-10T18:25:09.2415145Z ##[debug]  "content-type": "application/json",
2025-06-10T18:25:09.2415633Z ##[debug]  "date": "Tue, 10 Jun 2025 18:25:09 GMT",
2025-06-10T18:25:09.2416144Z ##[debug]  "x-github-backend": "Kubernetes",
2025-06-10T18:25:09.2416722Z ##[debug]  "x-github-request-id": "0400:2B2D8F:26F618:2CF23D:68487885"
2025-06-10T18:25:09.2417265Z ##[debug]}
2025-06-10T18:25:09.2420383Z ::add-mask::***
2025-06-10T18:25:09.2423626Z ::add-mask::***
2025-06-10T18:25:09.2424793Z ##[debug]Body: {
2025-06-10T18:25:09.2425122Z ##[debug]  "ok": true,
2025-06-10T18:25:09.2430234Z ##[debug]  "signed_upload_url": "https://productionresultssa5.blob.core.windows.net/actions-results/bbd89b60-9ca4-412c-b2ed-21940b499e79/workflow-job-run-b0d6784e-0142-5961-bbee-e7fb70674e2b/artifacts/8c18a6681c0ea1f251d223221098b2445fc897a3efc4cf7dd7c40c8e9f2d1621.zip?se=2025-06-10T19%3A25%3A09Z&sig=***&ske=2025-06-11T06%3A04%3A31Z&skoid=ca7593d4-ee42-46cd-af88-8b886a2f84eb&sks=b&skt=2025-06-10T18%3A04%3A31Z&sktid=398a6654-997b-47e9-b12b-9515b896b4de&skv=2025-05-05&sp=cw&spr=https&sr=b&st=2025-06-10T18%3A25%3A04Z&sv=2025-05-05"
2025-06-10T18:25:09.2433560Z ##[debug]}
2025-06-10T18:25:09.2434285Z ##[debug]Creating Artifact archive with compressionLevel: 6
2025-06-10T18:25:09.2455659Z ##[debug]Zip write high watermark value 8388608
2025-06-10T18:25:09.2456450Z ##[debug]Zip read high watermark value 8388608
2025-06-10T18:25:09.2511276Z ##[debug]Uploading artifact zip to blob storage with maxConcurrency: 5, bufferSize: 8388608
2025-06-10T18:25:09.2519445Z Beginning upload of artifact content to blob storage
2025-06-10T18:25:09.4072259Z ##[debug]Zip stream for upload has ended.
2025-06-10T18:25:09.4073911Z ##[debug]Zip stream for upload has finished.
2025-06-10T18:25:09.6541191Z Uploaded bytes 730751
2025-06-10T18:25:09.6890365Z Finished uploading artifact content to blob storage!
2025-06-10T18:25:09.6894019Z SHA256 digest of uploaded artifact zip is 89d312a100013e99b6660bbbd9c3704eecc9676ae20f1a7eef2aae8096fb1259
2025-06-10T18:25:09.6895514Z Finalizing artifact upload
2025-06-10T18:25:09.6899383Z ##[debug][Request] FinalizeArtifact https://results-receiver.actions.githubusercontent.com/twirp/github.actions.results.api.v1.ArtifactService/FinalizeArtifact
2025-06-10T18:25:09.7781672Z ##[debug][Response] - 200
2025-06-10T18:25:09.7782518Z ##[debug]Headers: {
2025-06-10T18:25:09.7782941Z ##[debug]  "content-length": "39",
2025-06-10T18:25:09.7783514Z ##[debug]  "content-type": "application/json",
2025-06-10T18:25:09.7784136Z ##[debug]  "date": "Tue, 10 Jun 2025 18:25:09 GMT",
2025-06-10T18:25:09.7784766Z ##[debug]  "x-github-backend": "Kubernetes",
2025-06-10T18:25:09.7785421Z ##[debug]  "x-github-request-id": "0400:2B2D8F:26F7CD:2CF431:68487885"
2025-06-10T18:25:09.7786242Z ##[debug]}
2025-06-10T18:25:09.7786621Z ##[debug]Body: {
2025-06-10T18:25:09.7786828Z ##[debug]  "ok": true,
2025-06-10T18:25:09.7787059Z ##[debug]  "artifact_id": "3299141784"
2025-06-10T18:25:09.7787318Z ##[debug]}
2025-06-10T18:25:09.7787793Z Artifact e2e-results.zip successfully finalized. Artifact ID 3299141784
2025-06-10T18:25:09.7788618Z Artifact e2e-results has been successfully uploaded! Final size is 730751 bytes. Artifact ID is 3299141784
2025-06-10T18:25:09.7793025Z Artifact download URL: https://github.com/JacksonR64/LocalLoop/actions/runs/15565333921/artifacts/3299141784
2025-06-10T18:25:09.7918855Z ##[debug]Node Action run completed with exit code 0
2025-06-10T18:25:09.7921412Z ##[debug]Set output artifact-id = 3299141784
2025-06-10T18:25:09.7921903Z ##[debug]Set output artifact-digest = 89d312a100013e99b6660bbbd9c3704eecc9676ae20f1a7eef2aae8096fb1259
2025-06-10T18:25:09.7922596Z ##[debug]Set output artifact-url = https://github.com/JacksonR64/LocalLoop/actions/runs/15565333921/artifacts/3299141784
2025-06-10T18:25:09.7923379Z ##[debug]Finishing: 📊 Upload test results
2025-06-10T18:25:09.7931777Z ##[debug]Evaluating condition for step: 'Post 📦 Setup Node.js'
2025-06-10T18:25:09.7935334Z ##[debug]Evaluating: success()
2025-06-10T18:25:09.7935685Z ##[debug]Evaluating success:
2025-06-10T18:25:09.7936104Z ##[debug]=> false
2025-06-10T18:25:09.7936426Z ##[debug]Result: false
2025-06-10T18:25:09.7941635Z ##[debug]Evaluating condition for step: 'Post 📥 Checkout code'
2025-06-10T18:25:09.7942573Z ##[debug]Evaluating: always()
2025-06-10T18:25:09.7942899Z ##[debug]Evaluating always:
2025-06-10T18:25:09.7943192Z ##[debug]=> true
2025-06-10T18:25:09.7943494Z ##[debug]Result: true
2025-06-10T18:25:09.7943916Z ##[debug]Starting: Post 📥 Checkout code
2025-06-10T18:25:09.7970404Z ##[debug]Loading inputs
2025-06-10T18:25:09.7971308Z ##[debug]Evaluating: github.repository
2025-06-10T18:25:09.7971625Z ##[debug]Evaluating Index:
2025-06-10T18:25:09.7971864Z ##[debug]..Evaluating github:
2025-06-10T18:25:09.7972102Z ##[debug]..=> Object
2025-06-10T18:25:09.7972319Z ##[debug]..Evaluating String:
2025-06-10T18:25:09.7972560Z ##[debug]..=> 'repository'
2025-06-10T18:25:09.7972834Z ##[debug]=> 'JacksonR64/LocalLoop'
2025-06-10T18:25:09.7973092Z ##[debug]Result: 'JacksonR64/LocalLoop'
2025-06-10T18:25:09.7974382Z ##[debug]Evaluating: github.token
2025-06-10T18:25:09.7974659Z ##[debug]Evaluating Index:
2025-06-10T18:25:09.7974877Z ##[debug]..Evaluating github:
2025-06-10T18:25:09.7975103Z ##[debug]..=> Object
2025-06-10T18:25:09.7975304Z ##[debug]..Evaluating String:
2025-06-10T18:25:09.7975519Z ##[debug]..=> 'token'
2025-06-10T18:25:09.7975937Z ##[debug]=> '***'
2025-06-10T18:25:09.7976254Z ##[debug]Result: '***'
2025-06-10T18:25:09.7983191Z ##[debug]Loading env
2025-06-10T18:25:09.7986464Z Post job cleanup.
2025-06-10T18:25:09.7990747Z ##[command]/usr/bin/docker exec  9f25709fdf6df997a3d9a63a461760b6eedc33f735570c531349ff5cbfb448d4 sh -c "cat /etc/*release | grep ^ID"
2025-06-10T18:25:09.8506275Z ##[debug]ID=ubuntu
2025-06-10T18:25:09.8506678Z ##[debug]ID_LIKE=debian
2025-06-10T18:25:09.8507084Z ##[debug]Running JavaScript Action with default external tool: node20
2025-06-10T18:25:09.9947664Z ##[debug]Getting git version
2025-06-10T18:25:09.9963277Z [command]/usr/bin/git version
2025-06-10T18:25:09.9998782Z git version 2.34.1
2025-06-10T18:25:10.0022766Z ##[debug]0
2025-06-10T18:25:10.0023436Z ##[debug]git version 2.34.1
2025-06-10T18:25:10.0023858Z ##[debug]
2025-06-10T18:25:10.0024993Z ##[debug]Set git useragent to: git/2.34.1 (github-actions-checkout)
2025-06-10T18:25:10.0028545Z ::add-mask::***
2025-06-10T18:25:10.0045574Z Temporarily overriding HOME='/__w/_temp/669d2611-6d41-4e63-827b-b238847d8d53' before making global git config changes
2025-06-10T18:25:10.0046958Z Adding repository directory to the temporary git global config as a safe directory
2025-06-10T18:25:10.0052755Z [command]/usr/bin/git config --global --add safe.directory /__w/LocalLoop/LocalLoop
2025-06-10T18:25:10.0080309Z ##[debug]0
2025-06-10T18:25:10.0080860Z ##[debug]
2025-06-10T18:25:10.0088301Z [command]/usr/bin/git config --local --name-only --get-regexp core\.sshCommand
2025-06-10T18:25:10.0116870Z ##[debug]1
2025-06-10T18:25:10.0117407Z ##[debug]
2025-06-10T18:25:10.0123115Z [command]/usr/bin/git submodule foreach --recursive sh -c "git config --local --name-only --get-regexp 'core\.sshCommand' && git config --local --unset-all 'core.sshCommand' || :"
2025-06-10T18:25:10.0362514Z ##[debug]0
2025-06-10T18:25:10.0363161Z ##[debug]
2025-06-10T18:25:10.0368692Z [command]/usr/bin/git config --local --name-only --get-regexp http\.https\:\/\/github\.com\/\.extraheader
2025-06-10T18:25:10.0388850Z http.https://github.com/.extraheader
2025-06-10T18:25:10.0395448Z ##[debug]0
2025-06-10T18:25:10.0395872Z ##[debug]http.https://github.com/.extraheader
2025-06-10T18:25:10.0396146Z ##[debug]
2025-06-10T18:25:10.0400967Z [command]/usr/bin/git config --local --unset-all http.https://github.com/.extraheader
2025-06-10T18:25:10.0425033Z ##[debug]0
2025-06-10T18:25:10.0425366Z ##[debug]
2025-06-10T18:25:10.0430919Z [command]/usr/bin/git submodule foreach --recursive sh -c "git config --local --name-only --get-regexp 'http\.https\:\/\/github\.com\/\.extraheader' && git config --local --unset-all 'http.https://github.com/.extraheader' || :"
2025-06-10T18:25:10.0669526Z ##[debug]0
2025-06-10T18:25:10.0670175Z ##[debug]
2025-06-10T18:25:10.0672344Z ##[debug]Unsetting HOME override
2025-06-10T18:25:10.0772806Z ##[debug]Node Action run completed with exit code 0
2025-06-10T18:25:10.0775069Z ##[debug]Finishing: Post 📥 Checkout code
2025-06-10T18:25:10.0781678Z ##[debug]Evaluating condition for step: 'Stop containers'
2025-06-10T18:25:10.0783422Z ##[debug]Evaluating: always()
2025-06-10T18:25:10.0783774Z ##[debug]Evaluating always:
2025-06-10T18:25:10.0784097Z ##[debug]=> true
2025-06-10T18:25:10.0784414Z ##[debug]Result: true
2025-06-10T18:25:10.0784900Z ##[debug]Starting: Stop containers
2025-06-10T18:25:10.0798524Z Stop and remove container: 807ea631ad9d471ba0923b1db51e38a5_mcrmicrosoftcomplaywrightv1510jammy_643138
2025-06-10T18:25:10.0803132Z ##[command]/usr/bin/docker rm --force 9f25709fdf6df997a3d9a63a461760b6eedc33f735570c531349ff5cbfb448d4
2025-06-10T18:25:10.1765415Z 9f25709fdf6df997a3d9a63a461760b6eedc33f735570c531349ff5cbfb448d4
2025-06-10T18:25:10.1798009Z Remove container network: github_network_f7f35897a5294b2dbf354f9908371115
2025-06-10T18:25:10.1802700Z ##[command]/usr/bin/docker network rm github_network_f7f35897a5294b2dbf354f9908371115
2025-06-10T18:25:10.3183495Z github_network_f7f35897a5294b2dbf354f9908371115
2025-06-10T18:25:10.3207874Z ##[debug]Finishing: Stop containers
2025-06-10T18:25:10.3243987Z ##[debug]Starting: Complete job
2025-06-10T18:25:10.3245730Z Uploading runner diagnostic logs
2025-06-10T18:25:10.3256822Z ##[debug]Starting diagnostic file upload.
2025-06-10T18:25:10.3257136Z ##[debug]Setting up diagnostic log folders.
2025-06-10T18:25:10.3258822Z ##[debug]Creating diagnostic log files folder.
2025-06-10T18:25:10.3266869Z ##[debug]Copying 1 worker diagnostic logs.
2025-06-10T18:25:10.3275398Z ##[debug]Copying 1 runner diagnostic logs.
2025-06-10T18:25:10.3276459Z ##[debug]Zipping diagnostic files.
2025-06-10T18:25:10.3362586Z ##[debug]Uploading diagnostic metadata file.
2025-06-10T18:25:10.3392095Z ##[debug]Diagnostic file upload complete.
2025-06-10T18:25:10.3392598Z Completed runner diagnostic log upload
2025-06-10T18:25:10.3392859Z Cleaning up orphan processes
2025-06-10T18:25:10.3685697Z ##[debug]Finishing: Complete job
2025-06-10T18:25:10.3713804Z ##[debug]Finishing: 🎭 E2E Tests
