2025-06-09T16:41:36.0349833Z Current runner version: '2.325.0'
2025-06-09T16:41:36.0380951Z ##[group]Runner Image Provisioner
2025-06-09T16:41:36.0382171Z Hosted Compute Agent
2025-06-09T16:41:36.0383152Z Version: 20250508.323
2025-06-09T16:41:36.0384113Z Commit: 81b259f29879f73b4213d199e42d8c3465dae986
2025-06-09T16:41:36.0385493Z Build Date: 2025-05-08T19:40:08Z
2025-06-09T16:41:36.0386534Z ##[endgroup]
2025-06-09T16:41:36.0387362Z ##[group]Operating System
2025-06-09T16:41:36.0388244Z Ubuntu
2025-06-09T16:41:36.0389080Z 24.04.2
2025-06-09T16:41:36.0389837Z LTS
2025-06-09T16:41:36.0390604Z ##[endgroup]
2025-06-09T16:41:36.0391389Z ##[group]Runner Image
2025-06-09T16:41:36.0392307Z Image: ubuntu-24.04
2025-06-09T16:41:36.0393102Z Version: 20250511.1.0
2025-06-09T16:41:36.0395075Z Included Software: https://github.com/actions/runner-images/blob/ubuntu24/20250511.1/images/ubuntu/Ubuntu2404-Readme.md
2025-06-09T16:41:36.0397830Z Image Release: https://github.com/actions/runner-images/releases/tag/ubuntu24%2F20250511.1
2025-06-09T16:41:36.0399562Z ##[endgroup]
2025-06-09T16:41:36.0401374Z ##[group]GITHUB_TOKEN Permissions
2025-06-09T16:41:36.0403911Z Contents: read
2025-06-09T16:41:36.0405059Z Metadata: read
2025-06-09T16:41:36.0405996Z Packages: read
2025-06-09T16:41:36.0406811Z ##[endgroup]
2025-06-09T16:41:36.0409921Z Secret source: Actions
2025-06-09T16:41:36.0411085Z Prepare workflow directory
2025-06-09T16:41:36.0958497Z Prepare all required actions
2025-06-09T16:41:36.1013442Z Getting action download info
2025-06-09T16:41:36.3976615Z ##[group]Download immutable action package 'actions/checkout@v4'
2025-06-09T16:41:36.3977654Z Version: 4.2.2
2025-06-09T16:41:36.3978683Z Digest: sha256:ccb2698953eaebd21c7bf6268a94f9c26518a7e38e27e0b83c1fe1ad049819b1
2025-06-09T16:41:36.3979898Z Source commit SHA: 11bd71901bbe5b1630ceea73d27597364c9af683
2025-06-09T16:41:36.3980623Z ##[endgroup]
2025-06-09T16:41:36.4655857Z ##[group]Download immutable action package 'actions/setup-node@v4'
2025-06-09T16:41:36.4656663Z Version: 4.4.0
2025-06-09T16:41:36.4657560Z Digest: sha256:9427cefe82346e992fb5b949e3569b39d537ae41aa3086483b14eceebfc16bc1
2025-06-09T16:41:36.4658520Z Source commit SHA: 49933ea5288caeca8642d1e84afbd3f7d6820020
2025-06-09T16:41:36.4659169Z ##[endgroup]
2025-06-09T16:41:36.5566020Z ##[group]Download immutable action package 'actions/upload-artifact@v4'
2025-06-09T16:41:36.5567701Z Version: 4.6.2
2025-06-09T16:41:36.5568463Z Digest: sha256:290722aa3281d5caf23d0acdc3dbeb3424786a1a01a9cc97e72f147225e37c38
2025-06-09T16:41:36.5569452Z Source commit SHA: ea165f8d65b6e75b540449e92b4886f43607fa02
2025-06-09T16:41:36.5570223Z ##[endgroup]
2025-06-09T16:41:36.7547553Z Complete job name: 🎭 E2E Tests
2025-06-09T16:41:36.8217495Z ##[group]Run actions/checkout@v4
2025-06-09T16:41:36.8218322Z with:
2025-06-09T16:41:36.8218737Z   repository: JacksonR64/LocalLoop
2025-06-09T16:41:36.8219411Z   token: ***
2025-06-09T16:41:36.8219794Z   ssh-strict: true
2025-06-09T16:41:36.8220197Z   ssh-user: git
2025-06-09T16:41:36.8220609Z   persist-credentials: true
2025-06-09T16:41:36.8221082Z   clean: true
2025-06-09T16:41:36.8221483Z   sparse-checkout-cone-mode: true
2025-06-09T16:41:36.8221969Z   fetch-depth: 1
2025-06-09T16:41:36.8222354Z   fetch-tags: false
2025-06-09T16:41:36.8222748Z   show-progress: true
2025-06-09T16:41:36.8223147Z   lfs: false
2025-06-09T16:41:36.8223509Z   submodules: false
2025-06-09T16:41:36.8223928Z   set-safe-directory: true
2025-06-09T16:41:36.8224687Z env:
2025-06-09T16:41:36.8225316Z   NODE_VERSION: 18
2025-06-09T16:41:36.8225711Z ##[endgroup]
2025-06-09T16:41:36.9282173Z Syncing repository: JacksonR64/LocalLoop
2025-06-09T16:41:36.9284058Z ##[group]Getting Git version info
2025-06-09T16:41:36.9285101Z Working directory is '/home/runner/work/LocalLoop/LocalLoop'
2025-06-09T16:41:36.9286308Z [command]/usr/bin/git version
2025-06-09T16:41:36.9319315Z git version 2.49.0
2025-06-09T16:41:36.9345261Z ##[endgroup]
2025-06-09T16:41:36.9359141Z Temporarily overriding HOME='/home/runner/work/_temp/e779e546-8b27-4b63-be96-e7283efcf1c2' before making global git config changes
2025-06-09T16:41:36.9360838Z Adding repository directory to the temporary git global config as a safe directory
2025-06-09T16:41:36.9371493Z [command]/usr/bin/git config --global --add safe.directory /home/runner/work/LocalLoop/LocalLoop
2025-06-09T16:41:36.9405280Z Deleting the contents of '/home/runner/work/LocalLoop/LocalLoop'
2025-06-09T16:41:36.9408814Z ##[group]Initializing the repository
2025-06-09T16:41:36.9412501Z [command]/usr/bin/git init /home/runner/work/LocalLoop/LocalLoop
2025-06-09T16:41:36.9474660Z hint: Using 'master' as the name for the initial branch. This default branch name
2025-06-09T16:41:36.9476563Z hint: is subject to change. To configure the initial branch name to use in all
2025-06-09T16:41:36.9478278Z hint: of your new repositories, which will suppress this warning, call:
2025-06-09T16:41:36.9479408Z hint:
2025-06-09T16:41:36.9480187Z hint: 	git config --global init.defaultBranch <name>
2025-06-09T16:41:36.9481070Z hint:
2025-06-09T16:41:36.9481624Z hint: Names commonly chosen instead of 'master' are 'main', 'trunk' and
2025-06-09T16:41:36.9482554Z hint: 'development'. The just-created branch can be renamed via this command:
2025-06-09T16:41:36.9483363Z hint:
2025-06-09T16:41:36.9483980Z hint: 	git branch -m <name>
2025-06-09T16:41:36.9484797Z Initialized empty Git repository in /home/runner/work/LocalLoop/LocalLoop/.git/
2025-06-09T16:41:36.9489317Z [command]/usr/bin/git remote add origin https://github.com/JacksonR64/LocalLoop
2025-06-09T16:41:36.9519993Z ##[endgroup]
2025-06-09T16:41:36.9520720Z ##[group]Disabling automatic garbage collection
2025-06-09T16:41:36.9523802Z [command]/usr/bin/git config --local gc.auto 0
2025-06-09T16:41:36.9551250Z ##[endgroup]
2025-06-09T16:41:36.9551934Z ##[group]Setting up auth
2025-06-09T16:41:36.9557821Z [command]/usr/bin/git config --local --name-only --get-regexp core\.sshCommand
2025-06-09T16:41:36.9586795Z [command]/usr/bin/git submodule foreach --recursive sh -c "git config --local --name-only --get-regexp 'core\.sshCommand' && git config --local --unset-all 'core.sshCommand' || :"
2025-06-09T16:41:36.9844695Z [command]/usr/bin/git config --local --name-only --get-regexp http\.https\:\/\/github\.com\/\.extraheader
2025-06-09T16:41:36.9872820Z [command]/usr/bin/git submodule foreach --recursive sh -c "git config --local --name-only --get-regexp 'http\.https\:\/\/github\.com\/\.extraheader' && git config --local --unset-all 'http.https://github.com/.extraheader' || :"
2025-06-09T16:41:37.0096002Z [command]/usr/bin/git config --local http.https://github.com/.extraheader AUTHORIZATION: basic ***
2025-06-09T16:41:37.0138203Z ##[endgroup]
2025-06-09T16:41:37.0139801Z ##[group]Fetching the repository
2025-06-09T16:41:37.0148408Z [command]/usr/bin/git -c protocol.version=2 fetch --no-tags --prune --no-recurse-submodules --depth=1 origin +347924a6a8fee257cd300c025765969c7c9e9217:refs/remotes/origin/main
2025-06-09T16:41:37.9426046Z From https://github.com/JacksonR64/LocalLoop
2025-06-09T16:41:37.9428053Z  * [new ref]         347924a6a8fee257cd300c025765969c7c9e9217 -> origin/main
2025-06-09T16:41:37.9449957Z ##[endgroup]
2025-06-09T16:41:37.9451869Z ##[group]Determining the checkout info
2025-06-09T16:41:37.9453859Z ##[endgroup]
2025-06-09T16:41:37.9458395Z [command]/usr/bin/git sparse-checkout disable
2025-06-09T16:41:37.9496391Z [command]/usr/bin/git config --local --unset-all extensions.worktreeConfig
2025-06-09T16:41:37.9523886Z ##[group]Checking out the ref
2025-06-09T16:41:37.9528028Z [command]/usr/bin/git checkout --progress --force -B main refs/remotes/origin/main
2025-06-09T16:41:38.0183272Z Switched to a new branch 'main'
2025-06-09T16:41:38.0185329Z branch 'main' set up to track 'origin/main'.
2025-06-09T16:41:38.0197081Z ##[endgroup]
2025-06-09T16:41:38.0231804Z [command]/usr/bin/git log -1 --format=%H
2025-06-09T16:41:38.0253581Z 347924a6a8fee257cd300c025765969c7c9e9217
2025-06-09T16:41:38.0539135Z ##[group]Run actions/setup-node@v4
2025-06-09T16:41:38.0540222Z with:
2025-06-09T16:41:38.0540932Z   node-version: 18
2025-06-09T16:41:38.0541935Z   cache: npm
2025-06-09T16:41:38.0542704Z   always-auth: false
2025-06-09T16:41:38.0543557Z   check-latest: false
2025-06-09T16:41:38.0544661Z   token: ***
2025-06-09T16:41:38.0545531Z env:
2025-06-09T16:41:38.0546234Z   NODE_VERSION: 18
2025-06-09T16:41:38.0547028Z ##[endgroup]
2025-06-09T16:41:38.2334318Z Found in cache @ /opt/hostedtoolcache/node/18.20.8/x64
2025-06-09T16:41:38.2339930Z ##[group]Environment details
2025-06-09T16:41:40.2316272Z node: v18.20.8
2025-06-09T16:41:40.2316865Z npm: 10.8.2
2025-06-09T16:41:40.2317282Z yarn: 1.22.22
2025-06-09T16:41:40.2321695Z ##[endgroup]
2025-06-09T16:41:40.2341904Z [command]/opt/hostedtoolcache/node/18.20.8/x64/bin/npm config get cache
2025-06-09T16:41:40.5411323Z /home/runner/.npm
2025-06-09T16:41:40.6383148Z Cache hit for: node-cache-Linux-x64-npm-c12c6ac637b018150c9ab8486a2ab8d5c875f0013e7356ae5e08bc546e10a4bd
2025-06-09T16:41:41.6302503Z Received 202515877 of 202515877 (100.0%), 201.2 MBs/sec
2025-06-09T16:41:41.6304658Z Cache Size: ~193 MB (202515877 B)
2025-06-09T16:41:41.6343857Z [command]/usr/bin/tar -xf /home/runner/work/_temp/0140de76-a65a-4cae-8290-a64b45944566/cache.tzst -P -C /home/runner/work/LocalLoop/LocalLoop --use-compress-program unzstd
2025-06-09T16:41:42.0357219Z Cache restored successfully
2025-06-09T16:41:42.0809331Z Cache restored from key: node-cache-Linux-x64-npm-c12c6ac637b018150c9ab8486a2ab8d5c875f0013e7356ae5e08bc546e10a4bd
2025-06-09T16:41:42.0962300Z ##[group]Run npm ci --legacy-peer-deps
2025-06-09T16:41:42.0962691Z [36;1mnpm ci --legacy-peer-deps[0m
2025-06-09T16:41:42.1132909Z shell: /usr/bin/bash -e {0}
2025-06-09T16:41:42.1133201Z env:
2025-06-09T16:41:42.1133401Z   NODE_VERSION: 18
2025-06-09T16:41:42.1133616Z ##[endgroup]
2025-06-09T16:41:47.9101425Z npm warn deprecated inflight@1.0.6: This module is not supported, and leaks memory. Do not use it. Check out lru-cache if you want a good and tested way to coalesce async requests by a key value, which is much more comprehensive and powerful.
2025-06-09T16:41:48.1108000Z npm warn deprecated abab@2.0.6: Use your platform's native atob() and btoa() methods instead
2025-06-09T16:41:48.2062213Z npm warn deprecated glob@7.2.3: Glob versions prior to v9 are no longer supported
2025-06-09T16:41:48.2857021Z npm warn deprecated domexception@4.0.0: Use your platform's native DOMException instead
2025-06-09T16:41:56.8075130Z 
2025-06-09T16:41:56.8075668Z > localloop@0.1.0 prepare
2025-06-09T16:41:56.8076218Z > husky install
2025-06-09T16:41:56.8076364Z 
2025-06-09T16:41:56.8691959Z husky - install command is DEPRECATED
2025-06-09T16:41:56.8920838Z 
2025-06-09T16:41:56.8921440Z added 822 packages, and audited 823 packages in 15s
2025-06-09T16:41:56.8923341Z 
2025-06-09T16:41:56.8923762Z 184 packages are looking for funding
2025-06-09T16:41:56.8924306Z   run `npm fund` for details
2025-06-09T16:41:56.8937024Z 
2025-06-09T16:41:56.8937355Z found 0 vulnerabilities
2025-06-09T16:41:56.9797746Z ##[group]Run npx playwright install --with-deps chromium webkit firefox
2025-06-09T16:41:56.9798300Z [36;1mnpx playwright install --with-deps chromium webkit firefox[0m
2025-06-09T16:41:56.9856053Z shell: /usr/bin/bash -e {0}
2025-06-09T16:41:56.9856302Z env:
2025-06-09T16:41:56.9856481Z   NODE_VERSION: 18
2025-06-09T16:41:56.9856675Z ##[endgroup]
2025-06-09T16:41:57.8995218Z Installing dependencies...
2025-06-09T16:41:57.9056187Z Switching to root user to install dependencies...
2025-06-09T16:41:57.9736699Z Get:1 file:/etc/apt/apt-mirrors.txt Mirrorlist [144 B]
2025-06-09T16:41:58.0015666Z Hit:2 http://azure.archive.ubuntu.com/ubuntu noble InRelease
2025-06-09T16:41:58.0064735Z Get:3 http://azure.archive.ubuntu.com/ubuntu noble-updates InRelease [126 kB]
2025-06-09T16:41:58.0105498Z Get:4 http://azure.archive.ubuntu.com/ubuntu noble-backports InRelease [126 kB]
2025-06-09T16:41:58.0148103Z Get:6 https://packages.microsoft.com/repos/azure-cli noble InRelease [3564 B]
2025-06-09T16:41:58.0153014Z Get:5 http://azure.archive.ubuntu.com/ubuntu noble-security InRelease [126 kB]
2025-06-09T16:41:58.0256396Z Get:7 https://packages.microsoft.com/ubuntu/24.04/prod noble InRelease [3600 B]
2025-06-09T16:41:58.1296654Z Get:8 http://azure.archive.ubuntu.com/ubuntu noble-updates/main amd64 Packages [1118 kB]
2025-06-09T16:41:58.1486903Z Get:9 http://azure.archive.ubuntu.com/ubuntu noble-updates/main Translation-en [238 kB]
2025-06-09T16:41:58.1513794Z Get:10 http://azure.archive.ubuntu.com/ubuntu noble-updates/main amd64 Components [161 kB]
2025-06-09T16:41:58.1538172Z Get:11 http://azure.archive.ubuntu.com/ubuntu noble-updates/universe amd64 Packages [1078 kB]
2025-06-09T16:41:58.1719299Z Get:12 http://azure.archive.ubuntu.com/ubuntu noble-updates/universe Translation-en [274 kB]
2025-06-09T16:41:58.1842536Z Get:13 http://azure.archive.ubuntu.com/ubuntu noble-updates/universe amd64 Components [376 kB]
2025-06-09T16:41:58.1848001Z Get:14 http://azure.archive.ubuntu.com/ubuntu noble-updates/restricted amd64 Packages [1179 kB]
2025-06-09T16:41:58.1907512Z Get:15 http://azure.archive.ubuntu.com/ubuntu noble-updates/restricted Translation-en [245 kB]
2025-06-09T16:41:58.1936700Z Get:16 http://azure.archive.ubuntu.com/ubuntu noble-updates/restricted amd64 Components [212 B]
2025-06-09T16:41:58.1944173Z Get:17 http://azure.archive.ubuntu.com/ubuntu noble-updates/multiverse amd64 Components [940 B]
2025-06-09T16:41:58.2394154Z Get:18 http://azure.archive.ubuntu.com/ubuntu noble-backports/main amd64 Packages [39.2 kB]
2025-06-09T16:41:58.2399191Z Get:19 http://azure.archive.ubuntu.com/ubuntu noble-backports/main amd64 Components [7076 B]
2025-06-09T16:41:58.2402287Z Get:24 https://packages.microsoft.com/repos/azure-cli noble/main amd64 Packages [1377 B]
2025-06-09T16:41:58.2413182Z Get:20 http://azure.archive.ubuntu.com/ubuntu noble-backports/universe amd64 Packages [27.1 kB]
2025-06-09T16:41:58.2422937Z Get:21 http://azure.archive.ubuntu.com/ubuntu noble-backports/universe amd64 Components [16.3 kB]
2025-06-09T16:41:58.2436712Z Get:22 http://azure.archive.ubuntu.com/ubuntu noble-backports/restricted amd64 Components [216 B]
2025-06-09T16:41:58.2440989Z Get:23 http://azure.archive.ubuntu.com/ubuntu noble-backports/multiverse amd64 Components [212 B]
2025-06-09T16:41:58.2923492Z Get:25 http://azure.archive.ubuntu.com/ubuntu noble-security/main amd64 Packages [868 kB]
2025-06-09T16:41:58.3007118Z Get:26 http://azure.archive.ubuntu.com/ubuntu noble-security/main Translation-en [160 kB]
2025-06-09T16:41:58.3029732Z Get:27 http://azure.archive.ubuntu.com/ubuntu noble-security/main amd64 Components [21.5 kB]
2025-06-09T16:41:58.3048070Z Get:28 http://azure.archive.ubuntu.com/ubuntu noble-security/universe amd64 Packages [849 kB]
2025-06-09T16:41:58.3135730Z Get:29 http://azure.archive.ubuntu.com/ubuntu noble-security/universe Translation-en [187 kB]
2025-06-09T16:41:58.3143671Z Get:30 http://azure.archive.ubuntu.com/ubuntu noble-security/universe amd64 Components [52.2 kB]
2025-06-09T16:41:58.3150511Z Get:31 http://azure.archive.ubuntu.com/ubuntu noble-security/restricted amd64 Packages [1138 kB]
2025-06-09T16:41:58.3247264Z Get:32 http://azure.archive.ubuntu.com/ubuntu noble-security/restricted Translation-en [236 kB]
2025-06-09T16:41:58.3528406Z Get:35 https://packages.microsoft.com/ubuntu/24.04/prod noble/main armhf Packages [8426 B]
2025-06-09T16:41:58.3558565Z Get:36 https://packages.microsoft.com/ubuntu/24.04/prod noble/main arm64 Packages [20.9 kB]
2025-06-09T16:41:58.3588872Z Get:37 https://packages.microsoft.com/ubuntu/24.04/prod noble/main amd64 Packages [33.7 kB]
2025-06-09T16:41:58.3712176Z Get:33 http://azure.archive.ubuntu.com/ubuntu noble-security/restricted amd64 Components [212 B]
2025-06-09T16:41:58.3727240Z Get:34 http://azure.archive.ubuntu.com/ubuntu noble-security/multiverse amd64 Components [212 B]
2025-06-09T16:42:01.9663337Z Fetched 8721 kB in 1s (8163 kB/s)
2025-06-09T16:42:02.6055592Z Reading package lists...
2025-06-09T16:42:02.6301806Z Reading package lists...
2025-06-09T16:42:02.7933401Z Building dependency tree...
2025-06-09T16:42:02.7941973Z Reading state information...
2025-06-09T16:42:02.8110235Z libasound2t64 is already the newest version (1.2.11-1build2).
2025-06-09T16:42:02.8111392Z libasound2t64 set to manually installed.
2025-06-09T16:42:02.8112134Z libatk-bridge2.0-0t64 is already the newest version (2.52.0-1build1).
2025-06-09T16:42:02.8112869Z libatk-bridge2.0-0t64 set to manually installed.
2025-06-09T16:42:02.8113575Z libatk1.0-0t64 is already the newest version (2.52.0-1build1).
2025-06-09T16:42:02.8114215Z libatk1.0-0t64 set to manually installed.
2025-06-09T16:42:02.8115122Z libatspi2.0-0t64 is already the newest version (2.52.0-1build1).
2025-06-09T16:42:02.8115801Z libatspi2.0-0t64 set to manually installed.
2025-06-09T16:42:02.8116467Z libcairo2 is already the newest version (1.18.0-3build1).
2025-06-09T16:42:02.8117092Z libcairo2 set to manually installed.
2025-06-09T16:42:02.8117805Z libcups2t64 is already the newest version (2.4.7-1.2ubuntu7.3).
2025-06-09T16:42:02.8118470Z libcups2t64 set to manually installed.
2025-06-09T16:42:02.8119136Z libdbus-1-3 is already the newest version (1.14.10-4ubuntu4.1).
2025-06-09T16:42:02.8119792Z libdbus-1-3 set to manually installed.
2025-06-09T16:42:02.8120468Z libdrm2 is already the newest version (2.4.122-1~ubuntu0.24.04.1).
2025-06-09T16:42:02.8121097Z libdrm2 set to manually installed.
2025-06-09T16:42:02.8121741Z libgbm1 is already the newest version (24.2.8-1ubuntu1~24.04.1).
2025-06-09T16:42:02.8122355Z libgbm1 set to manually installed.
2025-06-09T16:42:02.8122982Z libnspr4 is already the newest version (2:4.35-1.1build1).
2025-06-09T16:42:02.8123581Z libnspr4 set to manually installed.
2025-06-09T16:42:02.8124185Z libnss3 is already the newest version (2:3.98-1build1).
2025-06-09T16:42:02.8124753Z libnss3 set to manually installed.
2025-06-09T16:42:02.8125561Z libpango-1.0-0 is already the newest version (1.52.1+ds-1build1).
2025-06-09T16:42:02.8126205Z libpango-1.0-0 set to manually installed.
2025-06-09T16:42:02.8126881Z libx11-6 is already the newest version (2:1.8.7-1build1).
2025-06-09T16:42:02.8127455Z libx11-6 set to manually installed.
2025-06-09T16:42:02.8128043Z libxcb1 is already the newest version (1.15-1ubuntu2).
2025-06-09T16:42:02.8128604Z libxcb1 set to manually installed.
2025-06-09T16:42:02.8129260Z libxcomposite1 is already the newest version (1:0.4.5-1build3).
2025-06-09T16:42:02.8129916Z libxcomposite1 set to manually installed.
2025-06-09T16:42:02.8130582Z libxdamage1 is already the newest version (1:1.1.6-1build1).
2025-06-09T16:42:02.8131202Z libxdamage1 set to manually installed.
2025-06-09T16:42:02.8131824Z libxext6 is already the newest version (2:1.3.4-1build2).
2025-06-09T16:42:02.8132398Z libxext6 set to manually installed.
2025-06-09T16:42:02.8133019Z libxfixes3 is already the newest version (1:6.0.0-2build1).
2025-06-09T16:42:02.8133628Z libxfixes3 set to manually installed.
2025-06-09T16:42:02.8134272Z libxkbcommon0 is already the newest version (1.6.0-1build1).
2025-06-09T16:42:02.8135315Z libxkbcommon0 set to manually installed.
2025-06-09T16:42:02.8136002Z libxrandr2 is already the newest version (2:1.5.2-2build1).
2025-06-09T16:42:02.8136628Z libxrandr2 set to manually installed.
2025-06-09T16:42:02.8137249Z xvfb is already the newest version (2:21.1.12-1ubuntu1.3).
2025-06-09T16:42:02.8138101Z fonts-noto-color-emoji is already the newest version (2.047-0ubuntu0.24.04.1).
2025-06-09T16:42:02.8139004Z libfontconfig1 is already the newest version (2.15.0-1.1ubuntu2).
2025-06-09T16:42:02.8139676Z libfontconfig1 set to manually installed.
2025-06-09T16:42:02.8140371Z libfreetype6 is already the newest version (2.13.2+dfsg-1build3).
2025-06-09T16:42:02.8141037Z libfreetype6 set to manually installed.
2025-06-09T16:42:02.8141698Z fonts-liberation is already the newest version (1:2.1.5-3).
2025-06-09T16:42:02.8142347Z fonts-liberation set to manually installed.
2025-06-09T16:42:02.8142998Z libicu74 is already the newest version (74.2-1ubuntu3.1).
2025-06-09T16:42:02.8143592Z libicu74 set to manually installed.
2025-06-09T16:42:02.8144260Z libatomic1 is already the newest version (14.2.0-4ubuntu2~24.04).
2025-06-09T16:42:02.8145236Z libatomic1 set to manually installed.
2025-06-09T16:42:02.8145913Z libcairo-gobject2 is already the newest version (1.18.0-3build1).
2025-06-09T16:42:02.8146526Z libcairo-gobject2 set to manually installed.
2025-06-09T16:42:02.8147116Z libenchant-2-2 is already the newest version (2.3.3-2build2).
2025-06-09T16:42:02.8147660Z libenchant-2-2 set to manually installed.
2025-06-09T16:42:02.8148235Z libepoxy0 is already the newest version (1.5.10-1build1).
2025-06-09T16:42:02.8148777Z libepoxy0 set to manually installed.
2025-06-09T16:42:02.8149437Z libgdk-pixbuf-2.0-0 is already the newest version (2.42.10+dfsg-3ubuntu3.1).
2025-06-09T16:42:02.8150101Z libgdk-pixbuf-2.0-0 set to manually installed.
2025-06-09T16:42:02.8150748Z libgstreamer1.0-0 is already the newest version (1.24.2-1ubuntu0.1).
2025-06-09T16:42:02.8151349Z libgstreamer1.0-0 set to manually installed.
2025-06-09T16:42:02.8151919Z libharfbuzz0b is already the newest version (8.3.0-2build2).
2025-06-09T16:42:02.8152477Z libharfbuzz0b set to manually installed.
2025-06-09T16:42:02.8153104Z libjpeg-turbo8 is already the newest version (2.1.5-2ubuntu2).
2025-06-09T16:42:02.8153663Z libjpeg-turbo8 set to manually installed.
2025-06-09T16:42:02.8154221Z liblcms2-2 is already the newest version (2.14-2build1).
2025-06-09T16:42:02.8154725Z liblcms2-2 set to manually installed.
2025-06-09T16:42:02.8155540Z libpangocairo-1.0-0 is already the newest version (1.52.1+ds-1build1).
2025-06-09T16:42:02.8156150Z libpangocairo-1.0-0 set to manually installed.
2025-06-09T16:42:02.8156751Z libpng16-16t64 is already the newest version (1.6.43-5build1).
2025-06-09T16:42:02.8157288Z libpng16-16t64 set to manually installed.
2025-06-09T16:42:02.8157896Z libwayland-client0 is already the newest version (1.22.0-2.1build1).
2025-06-09T16:42:02.8158508Z libwayland-client0 set to manually installed.
2025-06-09T16:42:02.8159122Z libwayland-egl1 is already the newest version (1.22.0-2.1build1).
2025-06-09T16:42:02.8159684Z libwayland-egl1 set to manually installed.
2025-06-09T16:42:02.8160306Z libwayland-server0 is already the newest version (1.22.0-2.1build1).
2025-06-09T16:42:02.8160897Z libwayland-server0 set to manually installed.
2025-06-09T16:42:02.9523248Z libwebp7 is already the newest version (1.3.2-0.4build3).
2025-06-09T16:42:02.9523936Z libwebp7 set to manually installed.
2025-06-09T16:42:02.9524633Z libwebpdemux2 is already the newest version (1.3.2-0.4build3).
2025-06-09T16:42:02.9525624Z libwebpdemux2 set to manually installed.
2025-06-09T16:42:02.9526394Z libxml2 is already the newest version (2.9.14+dfsg-1.3ubuntu3.3).
2025-06-09T16:42:02.9527035Z libxml2 set to manually installed.
2025-06-09T16:42:02.9527775Z libxslt1.1 is already the newest version (1.1.39-0exp1ubuntu0.24.04.2).
2025-06-09T16:42:02.9528479Z libxslt1.1 set to manually installed.
2025-06-09T16:42:02.9529241Z libgtk-3-0t64 is already the newest version (3.24.41-4ubuntu1.3).
2025-06-09T16:42:02.9530352Z libgtk-3-0t64 set to manually installed.
2025-06-09T16:42:02.9531069Z libx11-xcb1 is already the newest version (2:1.8.7-1build1).
2025-06-09T16:42:02.9531731Z libx11-xcb1 set to manually installed.
2025-06-09T16:42:02.9532393Z libxcb-shm0 is already the newest version (1.15-1ubuntu2).
2025-06-09T16:42:02.9533004Z libxcb-shm0 set to manually installed.
2025-06-09T16:42:02.9533639Z libxcursor1 is already the newest version (1:1.2.1-1build1).
2025-06-09T16:42:02.9534247Z libxcursor1 set to manually installed.
2025-06-09T16:42:02.9535150Z libxi6 is already the newest version (2:1.8.1-1build1).
2025-06-09T16:42:02.9535835Z libxi6 set to manually installed.
2025-06-09T16:42:02.9536470Z libxrender1 is already the newest version (1:0.9.10-1.1build1).
2025-06-09T16:42:02.9537164Z libxrender1 set to manually installed.
2025-06-09T16:42:02.9537790Z The following additional packages will be installed:
2025-06-09T16:42:02.9538458Z   gir1.2-glib-2.0 glib-networking glib-networking-common
2025-06-09T16:42:02.9539286Z   glib-networking-services gsettings-desktop-schemas libaa1 libabsl20220623t64
2025-06-09T16:42:02.9540329Z   libass9 libasyncns0 libavc1394-0 libavcodec60 libavfilter9 libavformat60
2025-06-09T16:42:02.9541157Z   libavtp0 libavutil58 libblas3 libbluray2 libbs2b0 libcaca0
2025-06-09T16:42:02.9541679Z   libcairo-script-interpreter2 libcdparanoia0 libchromaprint1 libcjson1
2025-06-09T16:42:02.9542391Z   libcodec2-1.2 libdav1d7 libdc1394-25 libdca0 libdecor-0-0
2025-06-09T16:42:02.9542859Z   libdirectfb-1.7-7t64 libdv4t64 libdvdnav4 libdvdread8t64 libegl-mesa0
2025-06-09T16:42:02.9543337Z   libegl1 libfaad2 libflac12t64 libfluidsynth3 libfreeaptx0 libgav1-1
2025-06-09T16:42:02.9543806Z   libglib2.0-bin libglib2.0-data libgme0 libgraphene-1.0-0 libgsm1
2025-06-09T16:42:02.9544330Z   libgssdp-1.6-0 libgstreamer-plugins-good1.0-0 libgtk-4-common libgupnp-1.6-0
2025-06-09T16:42:02.9544828Z   libgupnp-igd-1.6-0 libhwy1t64 libiec61883-0 libimath-3-1-29t64
2025-06-09T16:42:02.9545596Z   libinstpatch-1.0-2 libjack-jackd2-0 libjxl0.7 liblapack3 liblc3-1
2025-06-09T16:42:02.9546140Z   libldacbt-enc2 liblilv-0-0 liblrdf0 libltc11 libmbedcrypto7t64 libmfx1
2025-06-09T16:42:02.9546616Z   libmjpegutils-2.1-0t64 libmodplug1 libmp3lame0 libmpcdec6
2025-06-09T16:42:02.9547062Z   libmpeg2encpp-2.1-0t64 libmpg123-0t64 libmplex2-2.1-0t64 libmysofa1
2025-06-09T16:42:02.9547536Z   libneon27t64 libnice10 libopenal-data libopenal1 libopenexr-3-1-30
2025-06-09T16:42:02.9548322Z   libopenh264-7 libopenmpt0t64 libopenni2-0 liborc-0.4-0t64
2025-06-09T16:42:02.9549072Z   libpipewire-0.3-0t64 libplacebo338 libpocketsphinx3 libpostproc57
2025-06-09T16:42:02.9549940Z   libproxy1v5 libpulse0 libqrencode4 libraptor2-0 librav1e0 libraw1394-11
2025-06-09T16:42:02.9550793Z   librist4 librsvg2-2 librubberband2 libsamplerate0 libsbc1 libsdl2-2.0-0
2025-06-09T16:42:02.9551538Z   libsecret-common libserd-0-0 libshine3 libshout3 libsndfile1 libsndio7.0
2025-06-09T16:42:02.9552466Z   libsord-0-0 libsoundtouch1 libsoup-3.0-0 libsoup-3.0-common libsoxr0
2025-06-09T16:42:02.9553351Z   libspa-0.2-modules libspandsp2t64 libspeex1 libsphinxbase3t64 libsratom-0-0
2025-06-09T16:42:02.9553906Z   libsrt1.5-gnutls libsrtp2-1 libssh-gcrypt-4 libsvtav1enc1d1 libswresample4
2025-06-09T16:42:02.9554426Z   libswscale7 libtag1v5 libtag1v5-vanilla libtheora0 libtwolame0 libudfread0
2025-06-09T16:42:02.9555122Z   libunibreak5 libv4l-0t64 libv4lconvert0t64 libva-drm2 libva-x11-2 libva2
2025-06-09T16:42:02.9555630Z   libvdpau1 libvidstab1.1 libvisual-0.4-0 libvo-aacenc0 libvo-amrwbenc0
2025-06-09T16:42:02.9556149Z   libvorbisenc2 libvpl2 libwavpack1 libwebrtc-audio-processing1 libwildmidi2
2025-06-09T16:42:02.9556682Z   libx265-199 libxcb-xkb1 libxkbcommon-x11-0 libxvidcore4 libyuv0 libzbar0t64
2025-06-09T16:42:02.9557702Z   libzimg2 libzix-0-0 libzvbi-common libzvbi0t64 libzxing3 ocl-icd-libopencl1
2025-06-09T16:42:02.9558645Z   session-migration timgm6mb-soundfont xfonts-encodings xfonts-utils
2025-06-09T16:42:02.9559313Z Suggested packages:
2025-06-09T16:42:02.9560174Z   frei0r-plugins gvfs libcuda1 libnvcuvid1 libnvidia-encode1 libbluray-bdj
2025-06-09T16:42:02.9561103Z   libdirectfb-extra libdv-bin oss-compat libdvdcss2 low-memory-monitor
2025-06-09T16:42:02.9562033Z   libvisual-0.4-plugins jackd2 liblrdf0-dev libportaudio2 opus-tools pipewire
2025-06-09T16:42:02.9562957Z   pulseaudio raptor2-utils libraw1394-doc librsvg2-bin serdi sndiod sordi
2025-06-09T16:42:02.9563770Z   speex libwildmidi-config opencl-icd fluid-soundfont-gm
2025-06-09T16:42:02.9564329Z Recommended packages:
2025-06-09T16:42:02.9565053Z   fonts-ipafont-mincho fonts-tlwg-loma gstreamer1.0-x libaacs0
2025-06-09T16:42:02.9565897Z   default-libdecor-0-plugin-1 | libdecor-0-plugin-1 gstreamer1.0-gl
2025-06-09T16:42:02.9566821Z   libgtk-4-bin librsvg2-common libgtk-4-media-gstreamer libpipewire-0.3-common
2025-06-09T16:42:02.9567777Z   pocketsphinx-en-us va-driver-all | va-driver vdpau-driver-all | vdpau-driver
2025-06-09T16:42:02.9568449Z   libmagickcore-6.q16-7-extra
2025-06-09T16:42:03.0229762Z The following NEW packages will be installed:
2025-06-09T16:42:03.0230877Z   fonts-freefont-ttf fonts-ipafont-gothic fonts-tlwg-loma-otf fonts-unifont
2025-06-09T16:42:03.0232201Z   fonts-wqy-zenhei glib-networking glib-networking-common
2025-06-09T16:42:03.0233263Z   glib-networking-services gsettings-desktop-schemas gstreamer1.0-libav
2025-06-09T16:42:03.0234395Z   gstreamer1.0-plugins-bad gstreamer1.0-plugins-base gstreamer1.0-plugins-good
2025-06-09T16:42:03.0235276Z   libaa1 libabsl20220623t64 libass9 libasyncns0 libavc1394-0 libavcodec60
2025-06-09T16:42:03.0235867Z   libavfilter9 libavformat60 libavif16 libavtp0 libavutil58 libblas3
2025-06-09T16:42:03.0236562Z   libbluray2 libbs2b0 libcaca0 libcairo-script-interpreter2 libcdparanoia0
2025-06-09T16:42:03.0237546Z   libchromaprint1 libcjson1 libcodec2-1.2 libdav1d7 libdc1394-25 libdca0
2025-06-09T16:42:03.0238215Z   libdecor-0-0 libdirectfb-1.7-7t64 libdv4t64 libdvdnav4 libdvdread8t64
2025-06-09T16:42:03.0238801Z   libegl-mesa0 libegl1 libevent-2.1-7t64 libfaad2 libflac12t64 libflite1
2025-06-09T16:42:03.0239400Z   libfluidsynth3 libfreeaptx0 libgav1-1 libgles2 libgme0 libgraphene-1.0-0
2025-06-09T16:42:03.0240025Z   libgsm1 libgssdp-1.6-0 libgstreamer-gl1.0-0 libgstreamer-plugins-bad1.0-0
2025-06-09T16:42:03.0240651Z   libgstreamer-plugins-base1.0-0 libgstreamer-plugins-good1.0-0 libgtk-4-1
2025-06-09T16:42:03.0241257Z   libgtk-4-common libgupnp-1.6-0 libgupnp-igd-1.6-0 libharfbuzz-icu0
2025-06-09T16:42:03.0241959Z   libhwy1t64 libhyphen0 libiec61883-0 libimath-3-1-29t64 libinstpatch-1.0-2
2025-06-09T16:42:03.0242599Z   libjack-jackd2-0 libjxl0.7 liblapack3 liblc3-1 libldacbt-enc2 liblilv-0-0
2025-06-09T16:42:03.0243309Z   liblrdf0 libltc11 libmanette-0.2-0 libmbedcrypto7t64 libmfx1
2025-06-09T16:42:03.0243806Z   libmjpegutils-2.1-0t64 libmodplug1 libmp3lame0 libmpcdec6
2025-06-09T16:42:03.0244334Z   libmpeg2encpp-2.1-0t64 libmpg123-0t64 libmplex2-2.1-0t64 libmysofa1
2025-06-09T16:42:03.0245004Z   libneon27t64 libnice10 libopenal-data libopenal1 libopenexr-3-1-30
2025-06-09T16:42:03.0245565Z   libopenh264-7 libopenmpt0t64 libopenni2-0 libopus0 liborc-0.4-0t64
2025-06-09T16:42:03.0246071Z   libpipewire-0.3-0t64 libplacebo338 libpocketsphinx3 libpostproc57
2025-06-09T16:42:03.0246562Z   libproxy1v5 libpulse0 libqrencode4 libraptor2-0 librav1e0 libraw1394-11
2025-06-09T16:42:03.0247088Z   librist4 librsvg2-2 librubberband2 libsamplerate0 libsbc1 libsdl2-2.0-0
2025-06-09T16:42:03.0247608Z   libsecret-1-0 libsecret-common libserd-0-0 libshine3 libshout3 libsndfile1
2025-06-09T16:42:03.0248106Z   libsndio7.0 libsord-0-0 libsoundtouch1 libsoup-3.0-0 libsoup-3.0-common
2025-06-09T16:42:03.0248591Z   libsoxr0 libspa-0.2-modules libspandsp2t64 libspeex1 libsphinxbase3t64
2025-06-09T16:42:03.0249250Z   libsratom-0-0 libsrt1.5-gnutls libsrtp2-1 libssh-gcrypt-4 libsvtav1enc1d1
2025-06-09T16:42:03.0250057Z   libswresample4 libswscale7 libtag1v5 libtag1v5-vanilla libtheora0
2025-06-09T16:42:03.0250525Z   libtwolame0 libudfread0 libunibreak5 libv4l-0t64 libv4lconvert0t64
2025-06-09T16:42:03.0251256Z   libva-drm2 libva-x11-2 libva2 libvdpau1 libvidstab1.1 libvisual-0.4-0
2025-06-09T16:42:03.0251833Z   libvo-aacenc0 libvo-amrwbenc0 libvorbisenc2 libvpl2 libvpx9 libwavpack1
2025-06-09T16:42:03.0252339Z   libwebrtc-audio-processing1 libwildmidi2 libwoff1 libx264-164 libx265-199
2025-06-09T16:42:03.0252848Z   libxcb-xkb1 libxkbcommon-x11-0 libxvidcore4 libyuv0 libzbar0t64 libzimg2
2025-06-09T16:42:03.0253342Z   libzix-0-0 libzvbi-common libzvbi0t64 libzxing3 ocl-icd-libopencl1
2025-06-09T16:42:03.0253818Z   session-migration timgm6mb-soundfont xfonts-cyrillic xfonts-encodings
2025-06-09T16:42:03.0254205Z   xfonts-scalable xfonts-utils
2025-06-09T16:42:03.0254518Z The following packages will be upgraded:
2025-06-09T16:42:03.0259324Z   gir1.2-glib-2.0 libglib2.0-0t64 libglib2.0-bin libglib2.0-data
2025-06-09T16:42:03.0477469Z 4 upgraded, 179 newly installed, 0 to remove and 67 not upgraded.
2025-06-09T16:42:03.0478028Z Need to get 116 MB of archives.
2025-06-09T16:42:03.0478465Z After this operation, 363 MB of additional disk space will be used.
2025-06-09T16:42:03.0478929Z Get:1 file:/etc/apt/apt-mirrors.txt Mirrorlist [144 B]
2025-06-09T16:42:03.0812536Z Get:2 http://azure.archive.ubuntu.com/ubuntu noble/universe amd64 fonts-ipafont-gothic all 00303-21ubuntu1 [3513 kB]
2025-06-09T16:42:03.1346655Z Get:3 http://azure.archive.ubuntu.com/ubuntu noble-updates/main amd64 libglib2.0-data all 2.80.0-6ubuntu3.4 [48.7 kB]
2025-06-09T16:42:03.1526694Z Get:4 http://azure.archive.ubuntu.com/ubuntu noble-updates/main amd64 libglib2.0-bin amd64 2.80.0-6ubuntu3.4 [97.9 kB]
2025-06-09T16:42:03.1714691Z Get:5 http://azure.archive.ubuntu.com/ubuntu noble-updates/main amd64 gir1.2-glib-2.0 amd64 2.80.0-6ubuntu3.4 [183 kB]
2025-06-09T16:42:03.1908760Z Get:6 http://azure.archive.ubuntu.com/ubuntu noble-updates/main amd64 libglib2.0-0t64 amd64 2.80.0-6ubuntu3.4 [1544 kB]
2025-06-09T16:42:03.2227743Z Get:7 http://azure.archive.ubuntu.com/ubuntu noble/main amd64 fonts-freefont-ttf all 20211204+svn4273-2 [5641 kB]
2025-06-09T16:42:03.2949195Z Get:8 http://azure.archive.ubuntu.com/ubuntu noble/universe amd64 fonts-tlwg-loma-otf all 1:0.7.3-1 [107 kB]
2025-06-09T16:42:03.3152267Z Get:9 http://azure.archive.ubuntu.com/ubuntu noble/universe amd64 fonts-unifont all 1:15.1.01-1build1 [2993 kB]
2025-06-09T16:42:03.3926111Z Get:10 http://azure.archive.ubuntu.com/ubuntu noble/universe amd64 fonts-wqy-zenhei all 0.9.45-8 [7472 kB]
2025-06-09T16:42:03.5106183Z Get:11 http://azure.archive.ubuntu.com/ubuntu noble/main amd64 libproxy1v5 amd64 0.5.4-4build1 [26.5 kB]
2025-06-09T16:42:03.5297326Z Get:12 http://azure.archive.ubuntu.com/ubuntu noble/main amd64 glib-networking-common all 2.80.0-1build1 [6702 B]
2025-06-09T16:42:03.5499876Z Get:13 http://azure.archive.ubuntu.com/ubuntu noble/main amd64 glib-networking-services amd64 2.80.0-1build1 [12.8 kB]
2025-06-09T16:42:03.5687627Z Get:14 http://azure.archive.ubuntu.com/ubuntu noble/main amd64 session-migration amd64 0.3.9build1 [9034 B]
2025-06-09T16:42:03.5875552Z Get:15 http://azure.archive.ubuntu.com/ubuntu noble-updates/main amd64 gsettings-desktop-schemas all 46.1-0ubuntu1 [35.6 kB]
2025-06-09T16:42:03.6065729Z Get:16 http://azure.archive.ubuntu.com/ubuntu noble/main amd64 glib-networking amd64 2.80.0-1build1 [64.1 kB]
2025-06-09T16:42:03.6268789Z Get:17 http://azure.archive.ubuntu.com/ubuntu noble/universe amd64 libva2 amd64 2.20.0-2build1 [66.2 kB]
2025-06-09T16:42:03.6463760Z Get:18 http://azure.archive.ubuntu.com/ubuntu noble/universe amd64 libva-drm2 amd64 2.20.0-2build1 [7124 B]
2025-06-09T16:42:03.6652209Z Get:19 http://azure.archive.ubuntu.com/ubuntu noble/universe amd64 libva-x11-2 amd64 2.20.0-2build1 [12.0 kB]
2025-06-09T16:42:03.7263670Z Get:20 http://azure.archive.ubuntu.com/ubuntu noble/main amd64 libvdpau1 amd64 1.5-2build1 [27.8 kB]
2025-06-09T16:42:03.7443606Z Get:21 http://azure.archive.ubuntu.com/ubuntu noble/universe amd64 libvpl2 amd64 2023.3.0-1build1 [99.8 kB]
2025-06-09T16:42:03.7627958Z Get:22 http://azure.archive.ubuntu.com/ubuntu noble/universe amd64 ocl-icd-libopencl1 amd64 2.3.2-1build1 [38.5 kB]
2025-06-09T16:42:03.7805801Z Get:23 http://azure.archive.ubuntu.com/ubuntu noble/universe amd64 libavutil58 amd64 7:6.1.1-3ubuntu5 [401 kB]
2025-06-09T16:42:03.8016339Z Get:24 http://azure.archive.ubuntu.com/ubuntu noble/universe amd64 libcodec2-1.2 amd64 1.2.0-2build1 [8998 kB]
2025-06-09T16:42:03.9146195Z Get:25 http://azure.archive.ubuntu.com/ubuntu noble/universe amd64 libdav1d7 amd64 1.4.1-1build1 [604 kB]
2025-06-09T16:42:03.9525190Z Get:26 http://azure.archive.ubuntu.com/ubuntu noble/universe amd64 libgsm1 amd64 1.0.22-1build1 [27.8 kB]
2025-06-09T16:42:03.9731581Z Get:27 http://azure.archive.ubuntu.com/ubuntu noble/universe amd64 libhwy1t64 amd64 1.0.7-8.1build1 [584 kB]
2025-06-09T16:42:04.0094681Z Get:28 http://azure.archive.ubuntu.com/ubuntu noble/universe amd64 libjxl0.7 amd64 0.7.0-10.2ubuntu6 [999 kB]
2025-06-09T16:42:04.0607250Z Get:29 http://azure.archive.ubuntu.com/ubuntu noble/main amd64 libmp3lame0 amd64 3.100-6build1 [142 kB]
2025-06-09T16:42:04.0804508Z Get:30 http://azure.archive.ubuntu.com/ubuntu noble/main amd64 libopus0 amd64 1.4-1build1 [208 kB]
2025-06-09T16:42:04.1014487Z Get:31 http://azure.archive.ubuntu.com/ubuntu noble/universe amd64 librav1e0 amd64 0.7.1-2 [1022 kB]
2025-06-09T16:42:04.1403962Z Get:32 http://azure.archive.ubuntu.com/ubuntu noble/main amd64 librsvg2-2 amd64 2.58.0+dfsg-1build1 [2135 kB]
2025-06-09T16:42:04.1966353Z Get:33 http://azure.archive.ubuntu.com/ubuntu noble/universe amd64 libshine3 amd64 3.1.1-2build1 [23.2 kB]
2025-06-09T16:42:04.2147284Z Get:34 http://azure.archive.ubuntu.com/ubuntu noble-updates/main amd64 libspeex1 amd64 1.2.1-2ubuntu2.24.04.1 [59.6 kB]
2025-06-09T16:42:04.2331759Z Get:35 http://azure.archive.ubuntu.com/ubuntu noble/universe amd64 libsvtav1enc1d1 amd64 1.7.0+dfsg-2build1 [2425 kB]
2025-06-09T16:42:04.2973989Z Get:36 http://azure.archive.ubuntu.com/ubuntu noble/universe amd64 libsoxr0 amd64 0.1.3-4build3 [80.0 kB]
2025-06-09T16:42:04.3170345Z Get:37 http://azure.archive.ubuntu.com/ubuntu noble/universe amd64 libswresample4 amd64 7:6.1.1-3ubuntu5 [63.8 kB]
2025-06-09T16:42:04.3358137Z Get:38 http://azure.archive.ubuntu.com/ubuntu noble/main amd64 libtheora0 amd64 1.1.1+dfsg.1-16.1build3 [211 kB]
2025-06-09T16:42:04.4005463Z Get:39 http://azure.archive.ubuntu.com/ubuntu noble/main amd64 libtwolame0 amd64 0.4.0-2build3 [52.3 kB]
2025-06-09T16:42:04.4188167Z Get:40 http://azure.archive.ubuntu.com/ubuntu noble/main amd64 libvorbisenc2 amd64 1.3.7-1build3 [80.8 kB]
2025-06-09T16:42:04.4372244Z Get:41 http://azure.archive.ubuntu.com/ubuntu noble-updates/main amd64 libvpx9 amd64 1.14.0-1ubuntu2.2 [1143 kB]
2025-06-09T16:42:04.4795765Z Get:42 http://azure.archive.ubuntu.com/ubuntu noble/universe amd64 libx264-164 amd64 2:0.164.3108+git31e19f9-1 [604 kB]
2025-06-09T16:42:04.5150689Z Get:43 http://azure.archive.ubuntu.com/ubuntu noble/universe amd64 libx265-199 amd64 3.5-2build1 [1226 kB]
2025-06-09T16:42:04.5736172Z Get:44 http://azure.archive.ubuntu.com/ubuntu noble/universe amd64 libxvidcore4 amd64 2:1.3.7-1build1 [219 kB]
2025-06-09T16:42:04.5928109Z Get:45 http://azure.archive.ubuntu.com/ubuntu noble/universe amd64 libzvbi-common all 0.2.42-2 [42.4 kB]
2025-06-09T16:42:04.6115986Z Get:46 http://azure.archive.ubuntu.com/ubuntu noble/universe amd64 libzvbi0t64 amd64 0.2.42-2 [261 kB]
2025-06-09T16:42:04.6315639Z Get:47 http://azure.archive.ubuntu.com/ubuntu noble/universe amd64 libavcodec60 amd64 7:6.1.1-3ubuntu5 [5851 kB]
2025-06-09T16:42:04.7216947Z Get:48 http://azure.archive.ubuntu.com/ubuntu noble/universe amd64 libunibreak5 amd64 5.1-2build1 [25.0 kB]
2025-06-09T16:42:04.7400497Z Get:49 http://azure.archive.ubuntu.com/ubuntu noble/universe amd64 libass9 amd64 1:0.17.1-2build1 [104 kB]
2025-06-09T16:42:04.7592038Z Get:50 http://azure.archive.ubuntu.com/ubuntu noble/universe amd64 libudfread0 amd64 1.1.2-1build1 [19.0 kB]
2025-06-09T16:42:04.7770052Z Get:51 http://azure.archive.ubuntu.com/ubuntu noble/universe amd64 libbluray2 amd64 1:1.3.4-1build1 [159 kB]
2025-06-09T16:42:04.7972792Z Get:52 http://azure.archive.ubuntu.com/ubuntu noble/universe amd64 libchromaprint1 amd64 1.5.1-5 [30.5 kB]
2025-06-09T16:42:04.8157406Z Get:53 http://azure.archive.ubuntu.com/ubuntu noble/universe amd64 libgme0 amd64 0.6.3-7build1 [134 kB]
2025-06-09T16:42:04.8353983Z Get:54 http://azure.archive.ubuntu.com/ubuntu noble-updates/main amd64 libmpg123-0t64 amd64 1.32.5-1ubuntu1.1 [169 kB]
2025-06-09T16:42:04.8547014Z Get:55 http://azure.archive.ubuntu.com/ubuntu noble/universe amd64 libopenmpt0t64 amd64 0.7.3-1.1build3 [647 kB]
2025-06-09T16:42:04.9015759Z Get:56 http://azure.archive.ubuntu.com/ubuntu noble/universe amd64 libcjson1 amd64 1.7.17-1 [24.8 kB]
2025-06-09T16:42:04.9625848Z Get:57 http://azure.archive.ubuntu.com/ubuntu noble/universe amd64 libmbedcrypto7t64 amd64 2.28.8-1 [209 kB]
2025-06-09T16:42:04.9827563Z Get:58 http://azure.archive.ubuntu.com/ubuntu noble/universe amd64 librist4 amd64 0.2.10+dfsg-2 [74.9 kB]
2025-06-09T16:42:05.0013521Z Get:59 http://azure.archive.ubuntu.com/ubuntu noble/universe amd64 libsrt1.5-gnutls amd64 1.5.3-1build2 [316 kB]
2025-06-09T16:42:05.0227806Z Get:60 http://azure.archive.ubuntu.com/ubuntu noble/main amd64 libssh-gcrypt-4 amd64 0.10.6-2build2 [223 kB]
2025-06-09T16:42:05.0424584Z Get:61 http://azure.archive.ubuntu.com/ubuntu noble/universe amd64 libavformat60 amd64 7:6.1.1-3ubuntu5 [1153 kB]
2025-06-09T16:42:05.0821237Z Get:62 http://azure.archive.ubuntu.com/ubuntu noble/universe amd64 libbs2b0 amd64 3.1.0+dfsg-7build1 [10.6 kB]
2025-06-09T16:42:05.0999822Z Get:63 http://azure.archive.ubuntu.com/ubuntu noble/universe amd64 libflite1 amd64 2.2-6build3 [13.6 MB]
2025-06-09T16:42:05.2523324Z Get:64 http://azure.archive.ubuntu.com/ubuntu noble/universe amd64 libserd-0-0 amd64 0.32.2-1 [43.6 kB]
2025-06-09T16:42:05.2709971Z Get:65 http://azure.archive.ubuntu.com/ubuntu noble/universe amd64 libzix-0-0 amd64 0.4.2-2build1 [23.6 kB]
2025-06-09T16:42:05.2892405Z Get:66 http://azure.archive.ubuntu.com/ubuntu noble/universe amd64 libsord-0-0 amd64 0.16.16-2build1 [15.8 kB]
2025-06-09T16:42:05.3077148Z Get:67 http://azure.archive.ubuntu.com/ubuntu noble/universe amd64 libsratom-0-0 amd64 0.6.16-1build1 [17.3 kB]
2025-06-09T16:42:05.3263083Z Get:68 http://azure.archive.ubuntu.com/ubuntu noble/universe amd64 liblilv-0-0 amd64 0.24.22-1build1 [41.0 kB]
2025-06-09T16:42:05.3450884Z Get:69 http://azure.archive.ubuntu.com/ubuntu noble/universe amd64 libmysofa1 amd64 1.3.2+dfsg-2ubuntu2 [1158 kB]
2025-06-09T16:42:05.3857383Z Get:70 http://azure.archive.ubuntu.com/ubuntu noble/universe amd64 libplacebo338 amd64 6.338.2-2build1 [2654 kB]
2025-06-09T16:42:05.4473350Z Get:71 http://azure.archive.ubuntu.com/ubuntu noble-updates/main amd64 libblas3 amd64 3.12.0-3build1.1 [238 kB]
2025-06-09T16:42:05.4668087Z Get:72 http://azure.archive.ubuntu.com/ubuntu noble-updates/main amd64 liblapack3 amd64 3.12.0-3build1.1 [2646 kB]
2025-06-09T16:42:05.5278455Z Get:73 http://azure.archive.ubuntu.com/ubuntu noble/main amd64 libasyncns0 amd64 0.8-6build4 [11.3 kB]
2025-06-09T16:42:05.5461722Z Get:74 http://azure.archive.ubuntu.com/ubuntu noble/main amd64 libflac12t64 amd64 1.4.3+ds-2.1ubuntu2 [197 kB]
2025-06-09T16:42:05.5666192Z Get:75 http://azure.archive.ubuntu.com/ubuntu noble-updates/main amd64 libsndfile1 amd64 1.2.2-1ubuntu5.24.04.1 [209 kB]
2025-06-09T16:42:05.6306449Z Get:76 http://azure.archive.ubuntu.com/ubuntu noble-updates/main amd64 libpulse0 amd64 1:16.1+dfsg1-2ubuntu10.1 [292 kB]
2025-06-09T16:42:05.6512994Z Get:77 http://azure.archive.ubuntu.com/ubuntu noble/universe amd64 libsphinxbase3t64 amd64 0.8+5prealpha+1-17build2 [126 kB]
2025-06-09T16:42:05.6702695Z Get:78 http://azure.archive.ubuntu.com/ubuntu noble/universe amd64 libpocketsphinx3 amd64 0.8.0+real5prealpha+1-15ubuntu5 [133 kB]
2025-06-09T16:42:05.6900164Z Get:79 http://azure.archive.ubuntu.com/ubuntu noble/universe amd64 libpostproc57 amd64 7:6.1.1-3ubuntu5 [49.9 kB]
2025-06-09T16:42:05.7089054Z Get:80 http://azure.archive.ubuntu.com/ubuntu noble/main amd64 libsamplerate0 amd64 0.2.2-4build1 [1344 kB]
2025-06-09T16:42:05.7592433Z Get:81 http://azure.archive.ubuntu.com/ubuntu noble/universe amd64 librubberband2 amd64 3.3.0+dfsg-2build1 [130 kB]
2025-06-09T16:42:05.7785479Z Get:82 http://azure.archive.ubuntu.com/ubuntu noble/universe amd64 libswscale7 amd64 7:6.1.1-3ubuntu5 [193 kB]
2025-06-09T16:42:05.7982390Z Get:83 http://azure.archive.ubuntu.com/ubuntu noble/universe amd64 libvidstab1.1 amd64 1.1.0-2build1 [38.5 kB]
2025-06-09T16:42:05.8175522Z Get:84 http://azure.archive.ubuntu.com/ubuntu noble/universe amd64 libzimg2 amd64 3.0.5+ds1-1build1 [254 kB]
2025-06-09T16:42:05.8380233Z Get:85 http://azure.archive.ubuntu.com/ubuntu noble/universe amd64 libavfilter9 amd64 7:6.1.1-3ubuntu5 [4235 kB]
2025-06-09T16:42:05.9132140Z Get:86 http://azure.archive.ubuntu.com/ubuntu noble-updates/main amd64 liborc-0.4-0t64 amd64 1:0.4.38-1ubuntu0.1 [207 kB]
2025-06-09T16:42:05.9338426Z Get:87 http://azure.archive.ubuntu.com/ubuntu noble-updates/main amd64 libgstreamer-plugins-base1.0-0 amd64 1.24.2-1ubuntu0.2 [862 kB]
2025-06-09T16:42:05.9715477Z Get:88 http://azure.archive.ubuntu.com/ubuntu noble/universe amd64 gstreamer1.0-libav amd64 1.24.1-1build1 [103 kB]
2025-06-09T16:42:05.9913490Z Get:89 http://azure.archive.ubuntu.com/ubuntu noble/main amd64 libcdparanoia0 amd64 3.10.2+debian-14build3 [48.5 kB]
2025-06-09T16:42:06.0120584Z Get:90 http://azure.archive.ubuntu.com/ubuntu noble/main amd64 libvisual-0.4-0 amd64 0.4.2-2build1 [115 kB]
2025-06-09T16:42:06.0310049Z Get:91 http://azure.archive.ubuntu.com/ubuntu noble-updates/main amd64 gstreamer1.0-plugins-base amd64 1.24.2-1ubuntu0.2 [721 kB]
2025-06-09T16:42:06.0668593Z Get:92 http://azure.archive.ubuntu.com/ubuntu noble/main amd64 libaa1 amd64 1.4p5-51.1 [49.9 kB]
2025-06-09T16:42:06.0855674Z Get:93 http://azure.archive.ubuntu.com/ubuntu noble/main amd64 libraw1394-11 amd64 2.1.2-2build3 [26.2 kB]
2025-06-09T16:42:06.1467055Z Get:94 http://azure.archive.ubuntu.com/ubuntu noble/main amd64 libavc1394-0 amd64 0.5.4-5build3 [15.4 kB]
2025-06-09T16:42:06.1653596Z Get:95 http://azure.archive.ubuntu.com/ubuntu noble/main amd64 libcaca0 amd64 0.99.beta20-4build2 [208 kB]
2025-06-09T16:42:06.1864300Z Get:96 http://azure.archive.ubuntu.com/ubuntu noble/main amd64 libdv4t64 amd64 1.0.0-17.1build1 [63.2 kB]
2025-06-09T16:42:06.2058308Z Get:97 http://azure.archive.ubuntu.com/ubuntu noble-updates/main amd64 libgstreamer-plugins-good1.0-0 amd64 1.24.2-1ubuntu1.1 [32.9 kB]
2025-06-09T16:42:06.2243935Z Get:98 http://azure.archive.ubuntu.com/ubuntu noble/main amd64 libiec61883-0 amd64 1.2.0-6build1 [24.5 kB]
2025-06-09T16:42:06.2431122Z Get:99 http://azure.archive.ubuntu.com/ubuntu noble/main amd64 libshout3 amd64 2.4.6-1build2 [50.3 kB]
2025-06-09T16:42:06.2618589Z Get:100 http://azure.archive.ubuntu.com/ubuntu noble/main amd64 libtag1v5-vanilla amd64 1.13.1-1build1 [326 kB]
2025-06-09T16:42:06.2831429Z Get:101 http://azure.archive.ubuntu.com/ubuntu noble/main amd64 libtag1v5 amd64 1.13.1-1build1 [11.7 kB]
2025-06-09T16:42:06.3018646Z Get:102 http://azure.archive.ubuntu.com/ubuntu noble/main amd64 libv4lconvert0t64 amd64 1.26.1-4build3 [87.6 kB]
2025-06-09T16:42:06.3208872Z Get:103 http://azure.archive.ubuntu.com/ubuntu noble/main amd64 libv4l-0t64 amd64 1.26.1-4build3 [46.9 kB]
2025-06-09T16:42:06.3397867Z Get:104 http://azure.archive.ubuntu.com/ubuntu noble/main amd64 libwavpack1 amd64 5.6.0-1build1 [84.6 kB]
2025-06-09T16:42:06.3583979Z Get:105 http://azure.archive.ubuntu.com/ubuntu noble-updates/main amd64 libsoup-3.0-common all 3.4.4-5ubuntu0.4 [11.1 kB]
2025-06-09T16:42:06.3771335Z Get:106 http://azure.archive.ubuntu.com/ubuntu noble-updates/main amd64 libsoup-3.0-0 amd64 3.4.4-5ubuntu0.4 [290 kB]
2025-06-09T16:42:06.4018811Z Get:107 http://azure.archive.ubuntu.com/ubuntu noble-updates/main amd64 gstreamer1.0-plugins-good amd64 1.24.2-1ubuntu1.1 [2238 kB]
2025-06-09T16:42:06.4708734Z Get:108 http://azure.archive.ubuntu.com/ubuntu noble-updates/main amd64 libabsl20220623t64 amd64 20220623.1-3.1ubuntu3.2 [423 kB]
2025-06-09T16:42:06.4974827Z Get:109 http://azure.archive.ubuntu.com/ubuntu noble/universe amd64 libgav1-1 amd64 0.18.0-1build3 [357 kB]
2025-06-09T16:42:06.5187948Z Get:110 http://azure.archive.ubuntu.com/ubuntu noble/universe amd64 libyuv0 amd64 0.0~git202401110.af6ac82-1 [178 kB]
2025-06-09T16:42:06.5385431Z Get:111 http://azure.archive.ubuntu.com/ubuntu noble/universe amd64 libavif16 amd64 1.0.4-1ubuntu3 [91.2 kB]
2025-06-09T16:42:06.5563837Z Get:112 http://azure.archive.ubuntu.com/ubuntu noble/universe amd64 libavtp0 amd64 0.2.0-1build1 [6414 B]
2025-06-09T16:42:06.5784256Z Get:113 http://azure.archive.ubuntu.com/ubuntu noble/main amd64 libcairo-script-interpreter2 amd64 1.18.0-3build1 [60.3 kB]
2025-06-09T16:42:06.5968001Z Get:114 http://azure.archive.ubuntu.com/ubuntu noble/universe amd64 libdc1394-25 amd64 2.2.6-4build1 [90.1 kB]
2025-06-09T16:42:06.6146327Z Get:115 http://azure.archive.ubuntu.com/ubuntu noble/main amd64 libdecor-0-0 amd64 0.2.2-1build2 [16.5 kB]
2025-06-09T16:42:06.6357995Z Get:116 http://azure.archive.ubuntu.com/ubuntu noble/main amd64 libgles2 amd64 1.7.0-1build1 [17.1 kB]
2025-06-09T16:42:06.6501823Z Get:117 http://azure.archive.ubuntu.com/ubuntu noble/universe amd64 libdirectfb-1.7-7t64 amd64 1.7.7-11.1ubuntu2 [1035 kB]
2025-06-09T16:42:06.6863521Z Get:118 http://azure.archive.ubuntu.com/ubuntu noble/universe amd64 libdvdread8t64 amd64 6.1.3-1.1build1 [54.7 kB]
2025-06-09T16:42:06.7043818Z Get:119 http://azure.archive.ubuntu.com/ubuntu noble/universe amd64 libdvdnav4 amd64 6.1.1-3build1 [39.5 kB]
2025-06-09T16:42:06.7215527Z Get:120 http://azure.archive.ubuntu.com/ubuntu noble-updates/main amd64 libegl-mesa0 amd64 24.2.8-1ubuntu1~24.04.1 [129 kB]
2025-06-09T16:42:06.7831658Z Get:121 http://azure.archive.ubuntu.com/ubuntu noble/main amd64 libevent-2.1-7t64 amd64 2.1.12-stable-9ubuntu2 [145 kB]
2025-06-09T16:42:06.8043355Z Get:122 http://azure.archive.ubuntu.com/ubuntu noble/universe amd64 libfaad2 amd64 2.11.1-1build1 [207 kB]
2025-06-09T16:42:06.8278051Z Get:123 http://azure.archive.ubuntu.com/ubuntu noble/universe amd64 libinstpatch-1.0-2 amd64 1.1.6-1build2 [251 kB]
2025-06-09T16:42:06.8490669Z Get:124 http://azure.archive.ubuntu.com/ubuntu noble/main amd64 libjack-jackd2-0 amd64 1.9.21~dfsg-3ubuntu3 [289 kB]
2025-06-09T16:42:06.8711401Z Get:125 http://azure.archive.ubuntu.com/ubuntu noble/main amd64 libwebrtc-audio-processing1 amd64 0.3.1-0ubuntu6 [290 kB]
2025-06-09T16:42:06.8911302Z Get:126 http://azure.archive.ubuntu.com/ubuntu noble-updates/main amd64 libspa-0.2-modules amd64 1.0.5-1ubuntu3 [626 kB]
2025-06-09T16:42:06.9297242Z Get:127 http://azure.archive.ubuntu.com/ubuntu noble-updates/main amd64 libpipewire-0.3-0t64 amd64 1.0.5-1ubuntu3 [252 kB]
2025-06-09T16:42:06.9534600Z Get:128 http://azure.archive.ubuntu.com/ubuntu noble-updates/main amd64 libsdl2-2.0-0 amd64 2.30.0+dfsg-1ubuntu3.1 [686 kB]
2025-06-09T16:42:06.9890807Z Get:129 http://azure.archive.ubuntu.com/ubuntu noble/universe amd64 timgm6mb-soundfont all 1.3-5 [5427 kB]
2025-06-09T16:42:07.1393232Z Get:130 http://azure.archive.ubuntu.com/ubuntu noble/universe amd64 libfluidsynth3 amd64 2.3.4-1build3 [249 kB]
2025-06-09T16:42:07.1611572Z Get:131 http://azure.archive.ubuntu.com/ubuntu noble/main amd64 libfreeaptx0 amd64 0.1.1-2build1 [13.5 kB]
2025-06-09T16:42:07.1818174Z Get:132 http://azure.archive.ubuntu.com/ubuntu noble/main amd64 libgraphene-1.0-0 amd64 1.10.8-3build2 [46.2 kB]
2025-06-09T16:42:07.1998878Z Get:133 http://azure.archive.ubuntu.com/ubuntu noble/main amd64 libgssdp-1.6-0 amd64 1.6.3-1build3 [40.4 kB]
2025-06-09T16:42:07.2184291Z Get:134 http://azure.archive.ubuntu.com/ubuntu noble/main amd64 libegl1 amd64 1.7.0-1build1 [28.7 kB]
2025-06-09T16:42:07.2365545Z Get:135 http://azure.archive.ubuntu.com/ubuntu noble-updates/main amd64 libgstreamer-gl1.0-0 amd64 1.24.2-1ubuntu0.2 [214 kB]
2025-06-09T16:42:07.2583079Z Get:136 http://azure.archive.ubuntu.com/ubuntu noble-updates/main amd64 libgtk-4-common all 4.14.2+ds-1ubuntu3 [1496 kB]
2025-06-09T16:42:07.3152839Z Get:137 http://azure.archive.ubuntu.com/ubuntu noble-updates/main amd64 libgtk-4-1 amd64 4.14.2+ds-1ubuntu3 [3289 kB]
2025-06-09T16:42:07.4011905Z Get:138 http://azure.archive.ubuntu.com/ubuntu noble/main amd64 libgupnp-1.6-0 amd64 1.6.6-1build3 [92.7 kB]
2025-06-09T16:42:07.5035338Z Get:139 http://azure.archive.ubuntu.com/ubuntu noble/universe amd64 libgupnp-igd-1.6-0 amd64 1.6.0-3build3 [16.5 kB]
2025-06-09T16:42:07.5373808Z Get:140 http://azure.archive.ubuntu.com/ubuntu noble/main amd64 libharfbuzz-icu0 amd64 8.3.0-2build2 [13.3 kB]
2025-06-09T16:42:07.5577146Z Get:141 http://azure.archive.ubuntu.com/ubuntu noble/main amd64 libhyphen0 amd64 2.8.8-7build3 [26.5 kB]
2025-06-09T16:42:07.5839430Z Get:142 http://azure.archive.ubuntu.com/ubuntu noble/universe amd64 libimath-3-1-29t64 amd64 3.1.9-3.1ubuntu2 [72.2 kB]
2025-06-09T16:42:07.6222178Z Get:143 http://azure.archive.ubuntu.com/ubuntu noble/main amd64 liblc3-1 amd64 1.0.4-3build1 [69.7 kB]
2025-06-09T16:42:07.6473674Z Get:144 http://azure.archive.ubuntu.com/ubuntu noble/main amd64 libldacbt-enc2 amd64 2.0.2.3+git20200429+ed310a0-4ubuntu2 [27.1 kB]
2025-06-09T16:42:07.6672827Z Get:145 http://azure.archive.ubuntu.com/ubuntu noble-updates/main amd64 libraptor2-0 amd64 2.0.16-3ubuntu0.1 [165 kB]
2025-06-09T16:42:07.6872697Z Get:146 http://azure.archive.ubuntu.com/ubuntu noble/universe amd64 liblrdf0 amd64 0.6.1-4build1 [18.5 kB]
2025-06-09T16:42:07.7051268Z Get:147 http://azure.archive.ubuntu.com/ubuntu noble/universe amd64 libltc11 amd64 1.3.2-1build1 [13.0 kB]
2025-06-09T16:42:07.7232337Z Get:148 http://azure.archive.ubuntu.com/ubuntu noble/main amd64 libmanette-0.2-0 amd64 0.2.7-1build2 [30.6 kB]
2025-06-09T16:42:07.7415694Z Get:149 http://azure.archive.ubuntu.com/ubuntu noble/universe amd64 libmfx1 amd64 22.5.4-1 [3124 kB]
2025-06-09T16:42:07.8152942Z Get:150 http://azure.archive.ubuntu.com/ubuntu noble/universe amd64 libmjpegutils-2.1-0t64 amd64 1:2.1.0+debian-8.1build1 [25.5 kB]
2025-06-09T16:42:07.8322911Z Get:151 http://azure.archive.ubuntu.com/ubuntu noble/universe amd64 libmodplug1 amd64 1:0.8.9.0-3build1 [166 kB]
2025-06-09T16:42:07.8548799Z Get:152 http://azure.archive.ubuntu.com/ubuntu noble/universe amd64 libmpcdec6 amd64 2:0.1~r495-2build1 [32.7 kB]
2025-06-09T16:42:07.8721795Z Get:153 http://azure.archive.ubuntu.com/ubuntu noble/universe amd64 libmpeg2encpp-2.1-0t64 amd64 1:2.1.0+debian-8.1build1 [75.6 kB]
2025-06-09T16:42:07.8893299Z Get:154 http://azure.archive.ubuntu.com/ubuntu noble/universe amd64 libmplex2-2.1-0t64 amd64 1:2.1.0+debian-8.1build1 [46.1 kB]
2025-06-09T16:42:07.9068392Z Get:155 http://azure.archive.ubuntu.com/ubuntu noble/universe amd64 libneon27t64 amd64 0.33.0-1.1build3 [102 kB]
2025-06-09T16:42:07.9283339Z Get:156 http://azure.archive.ubuntu.com/ubuntu noble/universe amd64 libnice10 amd64 0.1.21-2build3 [157 kB]
2025-06-09T16:42:08.0062421Z Get:157 http://azure.archive.ubuntu.com/ubuntu noble/universe amd64 libopenal-data all 1:1.23.1-4build1 [161 kB]
2025-06-09T16:42:08.0301101Z Get:158 http://azure.archive.ubuntu.com/ubuntu noble/universe amd64 libopenexr-3-1-30 amd64 3.1.5-5.1build3 [1004 kB]
2025-06-09T16:42:08.1358298Z Get:159 http://azure.archive.ubuntu.com/ubuntu noble/universe amd64 libopenh264-7 amd64 2.4.1+dfsg-1 [409 kB]
2025-06-09T16:42:08.1677863Z Get:160 http://azure.archive.ubuntu.com/ubuntu noble/universe amd64 libopenni2-0 amd64 2.2.0.33+dfsg-18 [370 kB]
2025-06-09T16:42:08.2030921Z Get:161 http://azure.archive.ubuntu.com/ubuntu noble/universe amd64 libqrencode4 amd64 4.1.1-1build2 [25.0 kB]
2025-06-09T16:42:08.2218832Z Get:162 http://azure.archive.ubuntu.com/ubuntu noble/main amd64 libsecret-common all 0.21.4-1build3 [4962 B]
2025-06-09T16:42:08.2396169Z Get:163 http://azure.archive.ubuntu.com/ubuntu noble/main amd64 libsecret-1-0 amd64 0.21.4-1build3 [116 kB]
2025-06-09T16:42:08.2580027Z Get:164 http://azure.archive.ubuntu.com/ubuntu noble/universe amd64 libsndio7.0 amd64 1.9.0-0.3build3 [29.6 kB]
2025-06-09T16:42:08.2757794Z Get:165 http://azure.archive.ubuntu.com/ubuntu noble/universe amd64 libsoundtouch1 amd64 2.3.2+ds1-1build1 [60.5 kB]
2025-06-09T16:42:08.2933171Z Get:166 http://azure.archive.ubuntu.com/ubuntu noble/universe amd64 libspandsp2t64 amd64 0.0.6+dfsg-2.1build1 [311 kB]
2025-06-09T16:42:08.3193265Z Get:167 http://azure.archive.ubuntu.com/ubuntu noble/universe amd64 libsrtp2-1 amd64 2.5.0-3build1 [41.9 kB]
2025-06-09T16:42:08.3431769Z Get:168 http://azure.archive.ubuntu.com/ubuntu noble/universe amd64 libwildmidi2 amd64 0.4.3-1build3 [68.5 kB]
2025-06-09T16:42:08.3606566Z Get:169 http://azure.archive.ubuntu.com/ubuntu noble/main amd64 libwoff1 amd64 1.0.2-2build1 [45.3 kB]
2025-06-09T16:42:08.3795733Z Get:170 http://azure.archive.ubuntu.com/ubuntu noble/main amd64 libxcb-xkb1 amd64 1.15-1ubuntu2 [32.3 kB]
2025-06-09T16:42:08.3988826Z Get:171 http://azure.archive.ubuntu.com/ubuntu noble/main amd64 libxkbcommon-x11-0 amd64 1.6.0-1build1 [14.5 kB]
2025-06-09T16:42:08.4158654Z Get:172 http://azure.archive.ubuntu.com/ubuntu noble/universe amd64 libzbar0t64 amd64 0.23.93-4build3 [123 kB]
2025-06-09T16:42:08.4356903Z Get:173 http://azure.archive.ubuntu.com/ubuntu noble/universe amd64 libzxing3 amd64 2.2.1-3 [583 kB]
2025-06-09T16:42:08.4714834Z Get:174 http://azure.archive.ubuntu.com/ubuntu noble/main amd64 xfonts-encodings all 1:1.0.5-0ubuntu2 [578 kB]
2025-06-09T16:42:08.5107470Z Get:175 http://azure.archive.ubuntu.com/ubuntu noble/main amd64 xfonts-utils amd64 1:7.7+6build3 [94.4 kB]
2025-06-09T16:42:08.5727673Z Get:176 http://azure.archive.ubuntu.com/ubuntu noble/universe amd64 xfonts-cyrillic all 1:1.0.5+nmu1 [384 kB]
2025-06-09T16:42:08.5961704Z Get:177 http://azure.archive.ubuntu.com/ubuntu noble/main amd64 xfonts-scalable all 1:1.0.3-1.3 [304 kB]
2025-06-09T16:42:08.6206852Z Get:178 http://azure.archive.ubuntu.com/ubuntu noble/universe amd64 libgstreamer-plugins-bad1.0-0 amd64 1.24.2-1ubuntu4 [797 kB]
2025-06-09T16:42:08.6587116Z Get:179 http://azure.archive.ubuntu.com/ubuntu noble/universe amd64 libdca0 amd64 0.0.7-2build1 [93.8 kB]
2025-06-09T16:42:08.6765974Z Get:180 http://azure.archive.ubuntu.com/ubuntu noble/universe amd64 libopenal1 amd64 1:1.23.1-4build1 [540 kB]
2025-06-09T16:42:08.7178673Z Get:181 http://azure.archive.ubuntu.com/ubuntu noble/main amd64 libsbc1 amd64 2.0-1build1 [33.9 kB]
2025-06-09T16:42:08.7365465Z Get:182 http://azure.archive.ubuntu.com/ubuntu noble/universe amd64 libvo-aacenc0 amd64 0.1.3-2build1 [67.8 kB]
2025-06-09T16:42:08.7561695Z Get:183 http://azure.archive.ubuntu.com/ubuntu noble/universe amd64 libvo-amrwbenc0 amd64 0.1.3-2build1 [76.7 kB]
2025-06-09T16:42:08.8155688Z Get:184 http://azure.archive.ubuntu.com/ubuntu noble/universe amd64 gstreamer1.0-plugins-bad amd64 1.24.2-1ubuntu4 [3081 kB]
2025-06-09T16:42:09.3516427Z Fetched 116 MB in 6s (19.7 MB/s)
2025-06-09T16:42:09.3847717Z Selecting previously unselected package fonts-ipafont-gothic.
2025-06-09T16:42:09.4100040Z (Reading database ... 
2025-06-09T16:42:09.4100541Z (Reading database ... 5%
2025-06-09T16:42:09.4100982Z (Reading database ... 10%
2025-06-09T16:42:09.4101406Z (Reading database ... 15%
2025-06-09T16:42:09.4102226Z (Reading database ... 20%
2025-06-09T16:42:09.4102812Z (Reading database ... 25%
2025-06-09T16:42:09.4103194Z (Reading database ... 30%
2025-06-09T16:42:09.4103625Z (Reading database ... 35%
2025-06-09T16:42:09.4104038Z (Reading database ... 40%
2025-06-09T16:42:09.4104411Z (Reading database ... 45%
2025-06-09T16:42:09.4104828Z (Reading database ... 50%
2025-06-09T16:42:09.4197630Z (Reading database ... 55%
2025-06-09T16:42:09.4520150Z (Reading database ... 60%
2025-06-09T16:42:09.4745458Z (Reading database ... 65%
2025-06-09T16:42:09.5017431Z (Reading database ... 70%
2025-06-09T16:42:09.5176489Z (Reading database ... 75%
2025-06-09T16:42:09.5648528Z (Reading database ... 80%
2025-06-09T16:42:09.6027404Z (Reading database ... 85%
2025-06-09T16:42:09.6679634Z (Reading database ... 90%
2025-06-09T16:42:09.7108947Z (Reading database ... 95%
2025-06-09T16:42:09.7109364Z (Reading database ... 100%
2025-06-09T16:42:09.7109972Z (Reading database ... 222694 files and directories currently installed.)
2025-06-09T16:42:09.7154131Z Preparing to unpack .../000-fonts-ipafont-gothic_00303-21ubuntu1_all.deb ...
2025-06-09T16:42:09.7242838Z Unpacking fonts-ipafont-gothic (00303-21ubuntu1) ...
2025-06-09T16:42:09.9669972Z Preparing to unpack .../001-libglib2.0-data_2.80.0-6ubuntu3.4_all.deb ...
2025-06-09T16:42:09.9695690Z Unpacking libglib2.0-data (2.80.0-6ubuntu3.4) over (2.80.0-6ubuntu3.2) ...
2025-06-09T16:42:10.0047031Z Preparing to unpack .../002-libglib2.0-bin_2.80.0-6ubuntu3.4_amd64.deb ...
2025-06-09T16:42:10.0071561Z Unpacking libglib2.0-bin (2.80.0-6ubuntu3.4) over (2.80.0-6ubuntu3.2) ...
2025-06-09T16:42:10.0559909Z Preparing to unpack .../003-gir1.2-glib-2.0_2.80.0-6ubuntu3.4_amd64.deb ...
2025-06-09T16:42:10.0631442Z Unpacking gir1.2-glib-2.0:amd64 (2.80.0-6ubuntu3.4) over (2.80.0-6ubuntu3.2) ...
2025-06-09T16:42:10.1064342Z Preparing to unpack .../004-libglib2.0-0t64_2.80.0-6ubuntu3.4_amd64.deb ...
2025-06-09T16:42:10.1138472Z Unpacking libglib2.0-0t64:amd64 (2.80.0-6ubuntu3.4) over (2.80.0-6ubuntu3.2) ...
2025-06-09T16:42:10.1587916Z Selecting previously unselected package fonts-freefont-ttf.
2025-06-09T16:42:10.1731037Z Preparing to unpack .../005-fonts-freefont-ttf_20211204+svn4273-2_all.deb ...
2025-06-09T16:42:10.1740171Z Unpacking fonts-freefont-ttf (20211204+svn4273-2) ...
2025-06-09T16:42:10.2561180Z Selecting previously unselected package fonts-tlwg-loma-otf.
2025-06-09T16:42:10.2698008Z Preparing to unpack .../006-fonts-tlwg-loma-otf_1%3a0.7.3-1_all.deb ...
2025-06-09T16:42:10.2713809Z Unpacking fonts-tlwg-loma-otf (1:0.7.3-1) ...
2025-06-09T16:42:10.2952674Z Selecting previously unselected package fonts-unifont.
2025-06-09T16:42:10.3089371Z Preparing to unpack .../007-fonts-unifont_1%3a15.1.01-1build1_all.deb ...
2025-06-09T16:42:10.3098154Z Unpacking fonts-unifont (1:15.1.01-1build1) ...
2025-06-09T16:42:10.4334091Z Selecting previously unselected package fonts-wqy-zenhei.
2025-06-09T16:42:10.4471348Z Preparing to unpack .../008-fonts-wqy-zenhei_0.9.45-8_all.deb ...
2025-06-09T16:42:10.4574197Z Unpacking fonts-wqy-zenhei (0.9.45-8) ...
2025-06-09T16:42:10.9257701Z Selecting previously unselected package libproxy1v5:amd64.
2025-06-09T16:42:10.9395043Z Preparing to unpack .../009-libproxy1v5_0.5.4-4build1_amd64.deb ...
2025-06-09T16:42:10.9403809Z Unpacking libproxy1v5:amd64 (0.5.4-4build1) ...
2025-06-09T16:42:10.9611573Z Selecting previously unselected package glib-networking-common.
2025-06-09T16:42:10.9747477Z Preparing to unpack .../010-glib-networking-common_2.80.0-1build1_all.deb ...
2025-06-09T16:42:10.9756220Z Unpacking glib-networking-common (2.80.0-1build1) ...
2025-06-09T16:42:10.9956233Z Selecting previously unselected package glib-networking-services.
2025-06-09T16:42:11.0089256Z Preparing to unpack .../011-glib-networking-services_2.80.0-1build1_amd64.deb ...
2025-06-09T16:42:11.0099928Z Unpacking glib-networking-services (2.80.0-1build1) ...
2025-06-09T16:42:11.0315223Z Selecting previously unselected package session-migration.
2025-06-09T16:42:11.0449758Z Preparing to unpack .../012-session-migration_0.3.9build1_amd64.deb ...
2025-06-09T16:42:11.0461068Z Unpacking session-migration (0.3.9build1) ...
2025-06-09T16:42:11.0706182Z Selecting previously unselected package gsettings-desktop-schemas.
2025-06-09T16:42:11.0842886Z Preparing to unpack .../013-gsettings-desktop-schemas_46.1-0ubuntu1_all.deb ...
2025-06-09T16:42:11.0852505Z Unpacking gsettings-desktop-schemas (46.1-0ubuntu1) ...
2025-06-09T16:42:11.1180490Z Selecting previously unselected package glib-networking:amd64.
2025-06-09T16:42:11.1315597Z Preparing to unpack .../014-glib-networking_2.80.0-1build1_amd64.deb ...
2025-06-09T16:42:11.1327068Z Unpacking glib-networking:amd64 (2.80.0-1build1) ...
2025-06-09T16:42:11.1562238Z Selecting previously unselected package libva2:amd64.
2025-06-09T16:42:11.1696581Z Preparing to unpack .../015-libva2_2.20.0-2build1_amd64.deb ...
2025-06-09T16:42:11.1707373Z Unpacking libva2:amd64 (2.20.0-2build1) ...
2025-06-09T16:42:11.1949438Z Selecting previously unselected package libva-drm2:amd64.
2025-06-09T16:42:11.2082220Z Preparing to unpack .../016-libva-drm2_2.20.0-2build1_amd64.deb ...
2025-06-09T16:42:11.2098357Z Unpacking libva-drm2:amd64 (2.20.0-2build1) ...
2025-06-09T16:42:11.2307416Z Selecting previously unselected package libva-x11-2:amd64.
2025-06-09T16:42:11.2440248Z Preparing to unpack .../017-libva-x11-2_2.20.0-2build1_amd64.deb ...
2025-06-09T16:42:11.2449988Z Unpacking libva-x11-2:amd64 (2.20.0-2build1) ...
2025-06-09T16:42:11.2677916Z Selecting previously unselected package libvdpau1:amd64.
2025-06-09T16:42:11.2811119Z Preparing to unpack .../018-libvdpau1_1.5-2build1_amd64.deb ...
2025-06-09T16:42:11.2822488Z Unpacking libvdpau1:amd64 (1.5-2build1) ...
2025-06-09T16:42:11.3058322Z Selecting previously unselected package libvpl2.
2025-06-09T16:42:11.3193338Z Preparing to unpack .../019-libvpl2_2023.3.0-1build1_amd64.deb ...
2025-06-09T16:42:11.3207098Z Unpacking libvpl2 (2023.3.0-1build1) ...
2025-06-09T16:42:11.3439415Z Selecting previously unselected package ocl-icd-libopencl1:amd64.
2025-06-09T16:42:11.3571815Z Preparing to unpack .../020-ocl-icd-libopencl1_2.3.2-1build1_amd64.deb ...
2025-06-09T16:42:11.3582174Z Unpacking ocl-icd-libopencl1:amd64 (2.3.2-1build1) ...
2025-06-09T16:42:11.3828389Z Selecting previously unselected package libavutil58:amd64.
2025-06-09T16:42:11.3963951Z Preparing to unpack .../021-libavutil58_7%3a6.1.1-3ubuntu5_amd64.deb ...
2025-06-09T16:42:11.3973923Z Unpacking libavutil58:amd64 (7:6.1.1-3ubuntu5) ...
2025-06-09T16:42:11.4236740Z Selecting previously unselected package libcodec2-1.2:amd64.
2025-06-09T16:42:11.4370349Z Preparing to unpack .../022-libcodec2-1.2_1.2.0-2build1_amd64.deb ...
2025-06-09T16:42:11.4380637Z Unpacking libcodec2-1.2:amd64 (1.2.0-2build1) ...
2025-06-09T16:42:11.5219093Z Selecting previously unselected package libdav1d7:amd64.
2025-06-09T16:42:11.5355280Z Preparing to unpack .../023-libdav1d7_1.4.1-1build1_amd64.deb ...
2025-06-09T16:42:11.5364281Z Unpacking libdav1d7:amd64 (1.4.1-1build1) ...
2025-06-09T16:42:11.5659285Z Selecting previously unselected package libgsm1:amd64.
2025-06-09T16:42:11.5795249Z Preparing to unpack .../024-libgsm1_1.0.22-1build1_amd64.deb ...
2025-06-09T16:42:11.5805524Z Unpacking libgsm1:amd64 (1.0.22-1build1) ...
2025-06-09T16:42:11.6031474Z Selecting previously unselected package libhwy1t64:amd64.
2025-06-09T16:42:11.6165925Z Preparing to unpack .../025-libhwy1t64_1.0.7-8.1build1_amd64.deb ...
2025-06-09T16:42:11.6177070Z Unpacking libhwy1t64:amd64 (1.0.7-8.1build1) ...
2025-06-09T16:42:11.6531709Z Selecting previously unselected package libjxl0.7:amd64.
2025-06-09T16:42:11.6664650Z Preparing to unpack .../026-libjxl0.7_0.7.0-10.2ubuntu6_amd64.deb ...
2025-06-09T16:42:11.6675802Z Unpacking libjxl0.7:amd64 (0.7.0-10.2ubuntu6) ...
2025-06-09T16:42:11.7049462Z Selecting previously unselected package libmp3lame0:amd64.
2025-06-09T16:42:11.7182184Z Preparing to unpack .../027-libmp3lame0_3.100-6build1_amd64.deb ...
2025-06-09T16:42:11.7192743Z Unpacking libmp3lame0:amd64 (3.100-6build1) ...
2025-06-09T16:42:11.7433110Z Selecting previously unselected package libopus0:amd64.
2025-06-09T16:42:11.7566521Z Preparing to unpack .../028-libopus0_1.4-1build1_amd64.deb ...
2025-06-09T16:42:11.7578626Z Unpacking libopus0:amd64 (1.4-1build1) ...
2025-06-09T16:42:11.7824707Z Selecting previously unselected package librav1e0:amd64.
2025-06-09T16:42:11.7957196Z Preparing to unpack .../029-librav1e0_0.7.1-2_amd64.deb ...
2025-06-09T16:42:11.7967090Z Unpacking librav1e0:amd64 (0.7.1-2) ...
2025-06-09T16:42:11.8317608Z Selecting previously unselected package librsvg2-2:amd64.
2025-06-09T16:42:11.8452880Z Preparing to unpack .../030-librsvg2-2_2.58.0+dfsg-1build1_amd64.deb ...
2025-06-09T16:42:11.8462609Z Unpacking librsvg2-2:amd64 (2.58.0+dfsg-1build1) ...
2025-06-09T16:42:11.8957603Z Selecting previously unselected package libshine3:amd64.
2025-06-09T16:42:11.9092762Z Preparing to unpack .../031-libshine3_3.1.1-2build1_amd64.deb ...
2025-06-09T16:42:11.9104717Z Unpacking libshine3:amd64 (3.1.1-2build1) ...
2025-06-09T16:42:11.9322483Z Selecting previously unselected package libspeex1:amd64.
2025-06-09T16:42:11.9457791Z Preparing to unpack .../032-libspeex1_1.2.1-2ubuntu2.24.04.1_amd64.deb ...
2025-06-09T16:42:11.9468703Z Unpacking libspeex1:amd64 (1.2.1-2ubuntu2.24.04.1) ...
2025-06-09T16:42:11.9690527Z Selecting previously unselected package libsvtav1enc1d1:amd64.
2025-06-09T16:42:11.9825426Z Preparing to unpack .../033-libsvtav1enc1d1_1.7.0+dfsg-2build1_amd64.deb ...
2025-06-09T16:42:11.9836290Z Unpacking libsvtav1enc1d1:amd64 (1.7.0+dfsg-2build1) ...
2025-06-09T16:42:12.0357476Z Selecting previously unselected package libsoxr0:amd64.
2025-06-09T16:42:12.0493605Z Preparing to unpack .../034-libsoxr0_0.1.3-4build3_amd64.deb ...
2025-06-09T16:42:12.0505242Z Unpacking libsoxr0:amd64 (0.1.3-4build3) ...
2025-06-09T16:42:12.0748055Z Selecting previously unselected package libswresample4:amd64.
2025-06-09T16:42:12.0882816Z Preparing to unpack .../035-libswresample4_7%3a6.1.1-3ubuntu5_amd64.deb ...
2025-06-09T16:42:12.0897967Z Unpacking libswresample4:amd64 (7:6.1.1-3ubuntu5) ...
2025-06-09T16:42:12.1136817Z Selecting previously unselected package libtheora0:amd64.
2025-06-09T16:42:12.1270376Z Preparing to unpack .../036-libtheora0_1.1.1+dfsg.1-16.1build3_amd64.deb ...
2025-06-09T16:42:12.1282003Z Unpacking libtheora0:amd64 (1.1.1+dfsg.1-16.1build3) ...
2025-06-09T16:42:12.1531857Z Selecting previously unselected package libtwolame0:amd64.
2025-06-09T16:42:12.1667084Z Preparing to unpack .../037-libtwolame0_0.4.0-2build3_amd64.deb ...
2025-06-09T16:42:12.1677056Z Unpacking libtwolame0:amd64 (0.4.0-2build3) ...
2025-06-09T16:42:12.1906753Z Selecting previously unselected package libvorbisenc2:amd64.
2025-06-09T16:42:12.2040629Z Preparing to unpack .../038-libvorbisenc2_1.3.7-1build3_amd64.deb ...
2025-06-09T16:42:12.2049827Z Unpacking libvorbisenc2:amd64 (1.3.7-1build3) ...
2025-06-09T16:42:12.2297406Z Selecting previously unselected package libvpx9:amd64.
2025-06-09T16:42:12.2430969Z Preparing to unpack .../039-libvpx9_1.14.0-1ubuntu2.2_amd64.deb ...
2025-06-09T16:42:12.2441825Z Unpacking libvpx9:amd64 (1.14.0-1ubuntu2.2) ...
2025-06-09T16:42:12.2808614Z Selecting previously unselected package libx264-164:amd64.
2025-06-09T16:42:12.2949615Z Preparing to unpack .../040-libx264-164_2%3a0.164.3108+git31e19f9-1_amd64.deb ...
2025-06-09T16:42:12.2977947Z Unpacking libx264-164:amd64 (2:0.164.3108+git31e19f9-1) ...
2025-06-09T16:42:12.3287503Z Selecting previously unselected package libx265-199:amd64.
2025-06-09T16:42:12.3423052Z Preparing to unpack .../041-libx265-199_3.5-2build1_amd64.deb ...
2025-06-09T16:42:12.3435234Z Unpacking libx265-199:amd64 (3.5-2build1) ...
2025-06-09T16:42:12.4207605Z Selecting previously unselected package libxvidcore4:amd64.
2025-06-09T16:42:12.4344594Z Preparing to unpack .../042-libxvidcore4_2%3a1.3.7-1build1_amd64.deb ...
2025-06-09T16:42:12.4354106Z Unpacking libxvidcore4:amd64 (2:1.3.7-1build1) ...
2025-06-09T16:42:12.4596068Z Selecting previously unselected package libzvbi-common.
2025-06-09T16:42:12.4731135Z Preparing to unpack .../043-libzvbi-common_0.2.42-2_all.deb ...
2025-06-09T16:42:12.4741927Z Unpacking libzvbi-common (0.2.42-2) ...
2025-06-09T16:42:12.5028050Z Selecting previously unselected package libzvbi0t64:amd64.
2025-06-09T16:42:12.5165292Z Preparing to unpack .../044-libzvbi0t64_0.2.42-2_amd64.deb ...
2025-06-09T16:42:12.5175696Z Unpacking libzvbi0t64:amd64 (0.2.42-2) ...
2025-06-09T16:42:12.5445436Z Selecting previously unselected package libavcodec60:amd64.
2025-06-09T16:42:12.5579780Z Preparing to unpack .../045-libavcodec60_7%3a6.1.1-3ubuntu5_amd64.deb ...
2025-06-09T16:42:12.5591054Z Unpacking libavcodec60:amd64 (7:6.1.1-3ubuntu5) ...
2025-06-09T16:42:12.6506690Z Selecting previously unselected package libunibreak5:amd64.
2025-06-09T16:42:12.6642920Z Preparing to unpack .../046-libunibreak5_5.1-2build1_amd64.deb ...
2025-06-09T16:42:12.6653740Z Unpacking libunibreak5:amd64 (5.1-2build1) ...
2025-06-09T16:42:12.6877894Z Selecting previously unselected package libass9:amd64.
2025-06-09T16:42:12.7010222Z Preparing to unpack .../047-libass9_1%3a0.17.1-2build1_amd64.deb ...
2025-06-09T16:42:12.7021120Z Unpacking libass9:amd64 (1:0.17.1-2build1) ...
2025-06-09T16:42:12.7250338Z Selecting previously unselected package libudfread0:amd64.
2025-06-09T16:42:12.7380613Z Preparing to unpack .../048-libudfread0_1.1.2-1build1_amd64.deb ...
2025-06-09T16:42:12.7391352Z Unpacking libudfread0:amd64 (1.1.2-1build1) ...
2025-06-09T16:42:12.7634178Z Selecting previously unselected package libbluray2:amd64.
2025-06-09T16:42:12.7765168Z Preparing to unpack .../049-libbluray2_1%3a1.3.4-1build1_amd64.deb ...
2025-06-09T16:42:12.7776739Z Unpacking libbluray2:amd64 (1:1.3.4-1build1) ...
2025-06-09T16:42:12.8009472Z Selecting previously unselected package libchromaprint1:amd64.
2025-06-09T16:42:12.8144223Z Preparing to unpack .../050-libchromaprint1_1.5.1-5_amd64.deb ...
2025-06-09T16:42:12.8156424Z Unpacking libchromaprint1:amd64 (1.5.1-5) ...
2025-06-09T16:42:12.8376794Z Selecting previously unselected package libgme0:amd64.
2025-06-09T16:42:12.8507642Z Preparing to unpack .../051-libgme0_0.6.3-7build1_amd64.deb ...
2025-06-09T16:42:12.8517644Z Unpacking libgme0:amd64 (0.6.3-7build1) ...
2025-06-09T16:42:12.8763826Z Selecting previously unselected package libmpg123-0t64:amd64.
2025-06-09T16:42:12.8896748Z Preparing to unpack .../052-libmpg123-0t64_1.32.5-1ubuntu1.1_amd64.deb ...
2025-06-09T16:42:12.8906969Z Unpacking libmpg123-0t64:amd64 (1.32.5-1ubuntu1.1) ...
2025-06-09T16:42:12.9146294Z Selecting previously unselected package libopenmpt0t64:amd64.
2025-06-09T16:42:12.9280315Z Preparing to unpack .../053-libopenmpt0t64_0.7.3-1.1build3_amd64.deb ...
2025-06-09T16:42:12.9289154Z Unpacking libopenmpt0t64:amd64 (0.7.3-1.1build3) ...
2025-06-09T16:42:12.9574326Z Selecting previously unselected package libcjson1:amd64.
2025-06-09T16:42:12.9711598Z Preparing to unpack .../054-libcjson1_1.7.17-1_amd64.deb ...
2025-06-09T16:42:12.9723242Z Unpacking libcjson1:amd64 (1.7.17-1) ...
2025-06-09T16:42:12.9955412Z Selecting previously unselected package libmbedcrypto7t64:amd64.
2025-06-09T16:42:13.0088960Z Preparing to unpack .../055-libmbedcrypto7t64_2.28.8-1_amd64.deb ...
2025-06-09T16:42:13.0099386Z Unpacking libmbedcrypto7t64:amd64 (2.28.8-1) ...
2025-06-09T16:42:13.0347513Z Selecting previously unselected package librist4:amd64.
2025-06-09T16:42:13.0480062Z Preparing to unpack .../056-librist4_0.2.10+dfsg-2_amd64.deb ...
2025-06-09T16:42:13.0492324Z Unpacking librist4:amd64 (0.2.10+dfsg-2) ...
2025-06-09T16:42:13.0716166Z Selecting previously unselected package libsrt1.5-gnutls:amd64.
2025-06-09T16:42:13.0850940Z Preparing to unpack .../057-libsrt1.5-gnutls_1.5.3-1build2_amd64.deb ...
2025-06-09T16:42:13.0861329Z Unpacking libsrt1.5-gnutls:amd64 (1.5.3-1build2) ...
2025-06-09T16:42:13.1126046Z Selecting previously unselected package libssh-gcrypt-4:amd64.
2025-06-09T16:42:13.1260633Z Preparing to unpack .../058-libssh-gcrypt-4_0.10.6-2build2_amd64.deb ...
2025-06-09T16:42:13.1270603Z Unpacking libssh-gcrypt-4:amd64 (0.10.6-2build2) ...
2025-06-09T16:42:13.1521792Z Selecting previously unselected package libavformat60:amd64.
2025-06-09T16:42:13.1657356Z Preparing to unpack .../059-libavformat60_7%3a6.1.1-3ubuntu5_amd64.deb ...
2025-06-09T16:42:13.1668103Z Unpacking libavformat60:amd64 (7:6.1.1-3ubuntu5) ...
2025-06-09T16:42:13.2010603Z Selecting previously unselected package libbs2b0:amd64.
2025-06-09T16:42:13.2145521Z Preparing to unpack .../060-libbs2b0_3.1.0+dfsg-7build1_amd64.deb ...
2025-06-09T16:42:13.2157298Z Unpacking libbs2b0:amd64 (3.1.0+dfsg-7build1) ...
2025-06-09T16:42:13.2405545Z Selecting previously unselected package libflite1:amd64.
2025-06-09T16:42:13.2540427Z Preparing to unpack .../061-libflite1_2.2-6build3_amd64.deb ...
2025-06-09T16:42:13.2548948Z Unpacking libflite1:amd64 (2.2-6build3) ...
2025-06-09T16:42:13.3759133Z Selecting previously unselected package libserd-0-0:amd64.
2025-06-09T16:42:13.3895947Z Preparing to unpack .../062-libserd-0-0_0.32.2-1_amd64.deb ...
2025-06-09T16:42:13.3908204Z Unpacking libserd-0-0:amd64 (0.32.2-1) ...
2025-06-09T16:42:13.4139366Z Selecting previously unselected package libzix-0-0:amd64.
2025-06-09T16:42:13.4275935Z Preparing to unpack .../063-libzix-0-0_0.4.2-2build1_amd64.deb ...
2025-06-09T16:42:13.4292616Z Unpacking libzix-0-0:amd64 (0.4.2-2build1) ...
2025-06-09T16:42:13.4528429Z Selecting previously unselected package libsord-0-0:amd64.
2025-06-09T16:42:13.4663794Z Preparing to unpack .../064-libsord-0-0_0.16.16-2build1_amd64.deb ...
2025-06-09T16:42:13.4676248Z Unpacking libsord-0-0:amd64 (0.16.16-2build1) ...
2025-06-09T16:42:13.4894570Z Selecting previously unselected package libsratom-0-0:amd64.
2025-06-09T16:42:13.5028598Z Preparing to unpack .../065-libsratom-0-0_0.6.16-1build1_amd64.deb ...
2025-06-09T16:42:13.5039412Z Unpacking libsratom-0-0:amd64 (0.6.16-1build1) ...
2025-06-09T16:42:13.5252290Z Selecting previously unselected package liblilv-0-0:amd64.
2025-06-09T16:42:13.5385831Z Preparing to unpack .../066-liblilv-0-0_0.24.22-1build1_amd64.deb ...
2025-06-09T16:42:13.5396645Z Unpacking liblilv-0-0:amd64 (0.24.22-1build1) ...
2025-06-09T16:42:13.5624726Z Selecting previously unselected package libmysofa1:amd64.
2025-06-09T16:42:13.5759807Z Preparing to unpack .../067-libmysofa1_1.3.2+dfsg-2ubuntu2_amd64.deb ...
2025-06-09T16:42:13.5770536Z Unpacking libmysofa1:amd64 (1.3.2+dfsg-2ubuntu2) ...
2025-06-09T16:42:13.6038379Z Selecting previously unselected package libplacebo338:amd64.
2025-06-09T16:42:13.6174056Z Preparing to unpack .../068-libplacebo338_6.338.2-2build1_amd64.deb ...
2025-06-09T16:42:13.6182904Z Unpacking libplacebo338:amd64 (6.338.2-2build1) ...
2025-06-09T16:42:13.6764089Z Selecting previously unselected package libblas3:amd64.
2025-06-09T16:42:13.6902259Z Preparing to unpack .../069-libblas3_3.12.0-3build1.1_amd64.deb ...
2025-06-09T16:42:13.6933384Z Unpacking libblas3:amd64 (3.12.0-3build1.1) ...
2025-06-09T16:42:13.7197945Z Selecting previously unselected package liblapack3:amd64.
2025-06-09T16:42:13.7334448Z Preparing to unpack .../070-liblapack3_3.12.0-3build1.1_amd64.deb ...
2025-06-09T16:42:13.7367065Z Unpacking liblapack3:amd64 (3.12.0-3build1.1) ...
2025-06-09T16:42:13.7886643Z Selecting previously unselected package libasyncns0:amd64.
2025-06-09T16:42:13.8023080Z Preparing to unpack .../071-libasyncns0_0.8-6build4_amd64.deb ...
2025-06-09T16:42:13.8035095Z Unpacking libasyncns0:amd64 (0.8-6build4) ...
2025-06-09T16:42:13.8255757Z Selecting previously unselected package libflac12t64:amd64.
2025-06-09T16:42:13.8390707Z Preparing to unpack .../072-libflac12t64_1.4.3+ds-2.1ubuntu2_amd64.deb ...
2025-06-09T16:42:13.8399856Z Unpacking libflac12t64:amd64 (1.4.3+ds-2.1ubuntu2) ...
2025-06-09T16:42:13.8644324Z Selecting previously unselected package libsndfile1:amd64.
2025-06-09T16:42:13.8780265Z Preparing to unpack .../073-libsndfile1_1.2.2-1ubuntu5.24.04.1_amd64.deb ...
2025-06-09T16:42:13.8791647Z Unpacking libsndfile1:amd64 (1.2.2-1ubuntu5.24.04.1) ...
2025-06-09T16:42:13.9062505Z Selecting previously unselected package libpulse0:amd64.
2025-06-09T16:42:13.9197898Z Preparing to unpack .../074-libpulse0_1%3a16.1+dfsg1-2ubuntu10.1_amd64.deb ...
2025-06-09T16:42:13.9262364Z Unpacking libpulse0:amd64 (1:16.1+dfsg1-2ubuntu10.1) ...
2025-06-09T16:42:13.9522459Z Selecting previously unselected package libsphinxbase3t64:amd64.
2025-06-09T16:42:13.9656667Z Preparing to unpack .../075-libsphinxbase3t64_0.8+5prealpha+1-17build2_amd64.deb ...
2025-06-09T16:42:13.9667376Z Unpacking libsphinxbase3t64:amd64 (0.8+5prealpha+1-17build2) ...
2025-06-09T16:42:13.9921823Z Selecting previously unselected package libpocketsphinx3:amd64.
2025-06-09T16:42:14.0055451Z Preparing to unpack .../076-libpocketsphinx3_0.8.0+real5prealpha+1-15ubuntu5_amd64.deb ...
2025-06-09T16:42:14.0065699Z Unpacking libpocketsphinx3:amd64 (0.8.0+real5prealpha+1-15ubuntu5) ...
2025-06-09T16:42:14.0300762Z Selecting previously unselected package libpostproc57:amd64.
2025-06-09T16:42:14.0432921Z Preparing to unpack .../077-libpostproc57_7%3a6.1.1-3ubuntu5_amd64.deb ...
2025-06-09T16:42:14.0444116Z Unpacking libpostproc57:amd64 (7:6.1.1-3ubuntu5) ...
2025-06-09T16:42:14.0670408Z Selecting previously unselected package libsamplerate0:amd64.
2025-06-09T16:42:14.0803991Z Preparing to unpack .../078-libsamplerate0_0.2.2-4build1_amd64.deb ...
2025-06-09T16:42:14.0813406Z Unpacking libsamplerate0:amd64 (0.2.2-4build1) ...
2025-06-09T16:42:14.1228702Z Selecting previously unselected package librubberband2:amd64.
2025-06-09T16:42:14.1365392Z Preparing to unpack .../079-librubberband2_3.3.0+dfsg-2build1_amd64.deb ...
2025-06-09T16:42:14.1376036Z Unpacking librubberband2:amd64 (3.3.0+dfsg-2build1) ...
2025-06-09T16:42:14.1610328Z Selecting previously unselected package libswscale7:amd64.
2025-06-09T16:42:14.1744822Z Preparing to unpack .../080-libswscale7_7%3a6.1.1-3ubuntu5_amd64.deb ...
2025-06-09T16:42:14.1756445Z Unpacking libswscale7:amd64 (7:6.1.1-3ubuntu5) ...
2025-06-09T16:42:14.2000390Z Selecting previously unselected package libvidstab1.1:amd64.
2025-06-09T16:42:14.2135954Z Preparing to unpack .../081-libvidstab1.1_1.1.0-2build1_amd64.deb ...
2025-06-09T16:42:14.2145685Z Unpacking libvidstab1.1:amd64 (1.1.0-2build1) ...
2025-06-09T16:42:14.2439174Z Selecting previously unselected package libzimg2:amd64.
2025-06-09T16:42:14.2574233Z Preparing to unpack .../082-libzimg2_3.0.5+ds1-1build1_amd64.deb ...
2025-06-09T16:42:14.2584302Z Unpacking libzimg2:amd64 (3.0.5+ds1-1build1) ...
2025-06-09T16:42:14.2837105Z Selecting previously unselected package libavfilter9:amd64.
2025-06-09T16:42:14.2973999Z Preparing to unpack .../083-libavfilter9_7%3a6.1.1-3ubuntu5_amd64.deb ...
2025-06-09T16:42:14.2987604Z Unpacking libavfilter9:amd64 (7:6.1.1-3ubuntu5) ...
2025-06-09T16:42:14.3766928Z Selecting previously unselected package liborc-0.4-0t64:amd64.
2025-06-09T16:42:14.3905018Z Preparing to unpack .../084-liborc-0.4-0t64_1%3a0.4.38-1ubuntu0.1_amd64.deb ...
2025-06-09T16:42:14.3916154Z Unpacking liborc-0.4-0t64:amd64 (1:0.4.38-1ubuntu0.1) ...
2025-06-09T16:42:14.4209598Z Selecting previously unselected package libgstreamer-plugins-base1.0-0:amd64.
2025-06-09T16:42:14.4346834Z Preparing to unpack .../085-libgstreamer-plugins-base1.0-0_1.24.2-1ubuntu0.2_amd64.deb ...
2025-06-09T16:42:14.4356941Z Unpacking libgstreamer-plugins-base1.0-0:amd64 (1.24.2-1ubuntu0.2) ...
2025-06-09T16:42:14.4702824Z Selecting previously unselected package gstreamer1.0-libav:amd64.
2025-06-09T16:42:14.4841775Z Preparing to unpack .../086-gstreamer1.0-libav_1.24.1-1build1_amd64.deb ...
2025-06-09T16:42:14.4871422Z Unpacking gstreamer1.0-libav:amd64 (1.24.1-1build1) ...
2025-06-09T16:42:14.5131426Z Selecting previously unselected package libcdparanoia0:amd64.
2025-06-09T16:42:14.5269721Z Preparing to unpack .../087-libcdparanoia0_3.10.2+debian-14build3_amd64.deb ...
2025-06-09T16:42:14.5279675Z Unpacking libcdparanoia0:amd64 (3.10.2+debian-14build3) ...
2025-06-09T16:42:14.5544432Z Selecting previously unselected package libvisual-0.4-0:amd64.
2025-06-09T16:42:14.5683868Z Preparing to unpack .../088-libvisual-0.4-0_0.4.2-2build1_amd64.deb ...
2025-06-09T16:42:14.5698579Z Unpacking libvisual-0.4-0:amd64 (0.4.2-2build1) ...
2025-06-09T16:42:14.5956457Z Selecting previously unselected package gstreamer1.0-plugins-base:amd64.
2025-06-09T16:42:14.6102330Z Preparing to unpack .../089-gstreamer1.0-plugins-base_1.24.2-1ubuntu0.2_amd64.deb ...
2025-06-09T16:42:14.6113816Z Unpacking gstreamer1.0-plugins-base:amd64 (1.24.2-1ubuntu0.2) ...
2025-06-09T16:42:14.6487973Z Selecting previously unselected package libaa1:amd64.
2025-06-09T16:42:14.6627046Z Preparing to unpack .../090-libaa1_1.4p5-51.1_amd64.deb ...
2025-06-09T16:42:14.6638302Z Unpacking libaa1:amd64 (1.4p5-51.1) ...
2025-06-09T16:42:14.6875973Z Selecting previously unselected package libraw1394-11:amd64.
2025-06-09T16:42:14.7013163Z Preparing to unpack .../091-libraw1394-11_2.1.2-2build3_amd64.deb ...
2025-06-09T16:42:14.7022180Z Unpacking libraw1394-11:amd64 (2.1.2-2build3) ...
2025-06-09T16:42:14.7252492Z Selecting previously unselected package libavc1394-0:amd64.
2025-06-09T16:42:14.7389893Z Preparing to unpack .../092-libavc1394-0_0.5.4-5build3_amd64.deb ...
2025-06-09T16:42:14.7400044Z Unpacking libavc1394-0:amd64 (0.5.4-5build3) ...
2025-06-09T16:42:14.7627271Z Selecting previously unselected package libcaca0:amd64.
2025-06-09T16:42:14.7762639Z Preparing to unpack .../093-libcaca0_0.99.beta20-4build2_amd64.deb ...
2025-06-09T16:42:14.7771810Z Unpacking libcaca0:amd64 (0.99.beta20-4build2) ...
2025-06-09T16:42:14.8030341Z Selecting previously unselected package libdv4t64:amd64.
2025-06-09T16:42:14.8165699Z Preparing to unpack .../094-libdv4t64_1.0.0-17.1build1_amd64.deb ...
2025-06-09T16:42:14.8175835Z Unpacking libdv4t64:amd64 (1.0.0-17.1build1) ...
2025-06-09T16:42:14.8409552Z Selecting previously unselected package libgstreamer-plugins-good1.0-0:amd64.
2025-06-09T16:42:14.8544516Z Preparing to unpack .../095-libgstreamer-plugins-good1.0-0_1.24.2-1ubuntu1.1_amd64.deb ...
2025-06-09T16:42:14.8552774Z Unpacking libgstreamer-plugins-good1.0-0:amd64 (1.24.2-1ubuntu1.1) ...
2025-06-09T16:42:14.8813545Z Selecting previously unselected package libiec61883-0:amd64.
2025-06-09T16:42:14.8947342Z Preparing to unpack .../096-libiec61883-0_1.2.0-6build1_amd64.deb ...
2025-06-09T16:42:14.8956711Z Unpacking libiec61883-0:amd64 (1.2.0-6build1) ...
2025-06-09T16:42:14.9182477Z Selecting previously unselected package libshout3:amd64.
2025-06-09T16:42:14.9315525Z Preparing to unpack .../097-libshout3_2.4.6-1build2_amd64.deb ...
2025-06-09T16:42:14.9323606Z Unpacking libshout3:amd64 (2.4.6-1build2) ...
2025-06-09T16:42:14.9552864Z Selecting previously unselected package libtag1v5-vanilla:amd64.
2025-06-09T16:42:14.9685622Z Preparing to unpack .../098-libtag1v5-vanilla_1.13.1-1build1_amd64.deb ...
2025-06-09T16:42:14.9695534Z Unpacking libtag1v5-vanilla:amd64 (1.13.1-1build1) ...
2025-06-09T16:42:14.9943769Z Selecting previously unselected package libtag1v5:amd64.
2025-06-09T16:42:15.0078320Z Preparing to unpack .../099-libtag1v5_1.13.1-1build1_amd64.deb ...
2025-06-09T16:42:15.0086383Z Unpacking libtag1v5:amd64 (1.13.1-1build1) ...
2025-06-09T16:42:15.0311224Z Selecting previously unselected package libv4lconvert0t64:amd64.
2025-06-09T16:42:15.0443579Z Preparing to unpack .../100-libv4lconvert0t64_1.26.1-4build3_amd64.deb ...
2025-06-09T16:42:15.0453996Z Unpacking libv4lconvert0t64:amd64 (1.26.1-4build3) ...
2025-06-09T16:42:15.0737292Z Selecting previously unselected package libv4l-0t64:amd64.
2025-06-09T16:42:15.0872911Z Preparing to unpack .../101-libv4l-0t64_1.26.1-4build3_amd64.deb ...
2025-06-09T16:42:15.0883445Z Unpacking libv4l-0t64:amd64 (1.26.1-4build3) ...
2025-06-09T16:42:15.1181186Z Selecting previously unselected package libwavpack1:amd64.
2025-06-09T16:42:15.1315696Z Preparing to unpack .../102-libwavpack1_5.6.0-1build1_amd64.deb ...
2025-06-09T16:42:15.1330743Z Unpacking libwavpack1:amd64 (5.6.0-1build1) ...
2025-06-09T16:42:15.1546274Z Selecting previously unselected package libsoup-3.0-common.
2025-06-09T16:42:15.1682169Z Preparing to unpack .../103-libsoup-3.0-common_3.4.4-5ubuntu0.4_all.deb ...
2025-06-09T16:42:15.1690555Z Unpacking libsoup-3.0-common (3.4.4-5ubuntu0.4) ...
2025-06-09T16:42:15.1913583Z Selecting previously unselected package libsoup-3.0-0:amd64.
2025-06-09T16:42:15.2050782Z Preparing to unpack .../104-libsoup-3.0-0_3.4.4-5ubuntu0.4_amd64.deb ...
2025-06-09T16:42:15.2060812Z Unpacking libsoup-3.0-0:amd64 (3.4.4-5ubuntu0.4) ...
2025-06-09T16:42:15.2378310Z Selecting previously unselected package gstreamer1.0-plugins-good:amd64.
2025-06-09T16:42:15.2515223Z Preparing to unpack .../105-gstreamer1.0-plugins-good_1.24.2-1ubuntu1.1_amd64.deb ...
2025-06-09T16:42:15.2526016Z Unpacking gstreamer1.0-plugins-good:amd64 (1.24.2-1ubuntu1.1) ...
2025-06-09T16:42:15.3158192Z Selecting previously unselected package libabsl20220623t64:amd64.
2025-06-09T16:42:15.3299899Z Preparing to unpack .../106-libabsl20220623t64_20220623.1-3.1ubuntu3.2_amd64.deb ...
2025-06-09T16:42:15.3309532Z Unpacking libabsl20220623t64:amd64 (20220623.1-3.1ubuntu3.2) ...
2025-06-09T16:42:15.3757190Z Selecting previously unselected package libgav1-1:amd64.
2025-06-09T16:42:15.3893318Z Preparing to unpack .../107-libgav1-1_0.18.0-1build3_amd64.deb ...
2025-06-09T16:42:15.3905473Z Unpacking libgav1-1:amd64 (0.18.0-1build3) ...
2025-06-09T16:42:15.4166473Z Selecting previously unselected package libyuv0:amd64.
2025-06-09T16:42:15.4301442Z Preparing to unpack .../108-libyuv0_0.0~git202401110.af6ac82-1_amd64.deb ...
2025-06-09T16:42:15.4312076Z Unpacking libyuv0:amd64 (0.0~git202401110.af6ac82-1) ...
2025-06-09T16:42:15.4611127Z Selecting previously unselected package libavif16:amd64.
2025-06-09T16:42:15.4746923Z Preparing to unpack .../109-libavif16_1.0.4-1ubuntu3_amd64.deb ...
2025-06-09T16:42:15.4757242Z Unpacking libavif16:amd64 (1.0.4-1ubuntu3) ...
2025-06-09T16:42:15.4989121Z Selecting previously unselected package libavtp0:amd64.
2025-06-09T16:42:15.5123837Z Preparing to unpack .../110-libavtp0_0.2.0-1build1_amd64.deb ...
2025-06-09T16:42:15.5136220Z Unpacking libavtp0:amd64 (0.2.0-1build1) ...
2025-06-09T16:42:15.5363161Z Selecting previously unselected package libcairo-script-interpreter2:amd64.
2025-06-09T16:42:15.5498487Z Preparing to unpack .../111-libcairo-script-interpreter2_1.18.0-3build1_amd64.deb ...
2025-06-09T16:42:15.5513451Z Unpacking libcairo-script-interpreter2:amd64 (1.18.0-3build1) ...
2025-06-09T16:42:15.5745124Z Selecting previously unselected package libdc1394-25:amd64.
2025-06-09T16:42:15.5879693Z Preparing to unpack .../112-libdc1394-25_2.2.6-4build1_amd64.deb ...
2025-06-09T16:42:15.5889299Z Unpacking libdc1394-25:amd64 (2.2.6-4build1) ...
2025-06-09T16:42:15.6121815Z Selecting previously unselected package libdecor-0-0:amd64.
2025-06-09T16:42:15.6254207Z Preparing to unpack .../113-libdecor-0-0_0.2.2-1build2_amd64.deb ...
2025-06-09T16:42:15.6263549Z Unpacking libdecor-0-0:amd64 (0.2.2-1build2) ...
2025-06-09T16:42:15.6490643Z Selecting previously unselected package libgles2:amd64.
2025-06-09T16:42:15.6623720Z Preparing to unpack .../114-libgles2_1.7.0-1build1_amd64.deb ...
2025-06-09T16:42:15.6635320Z Unpacking libgles2:amd64 (1.7.0-1build1) ...
2025-06-09T16:42:15.6856825Z Selecting previously unselected package libdirectfb-1.7-7t64:amd64.
2025-06-09T16:42:15.6987760Z Preparing to unpack .../115-libdirectfb-1.7-7t64_1.7.7-11.1ubuntu2_amd64.deb ...
2025-06-09T16:42:15.7001252Z Unpacking libdirectfb-1.7-7t64:amd64 (1.7.7-11.1ubuntu2) ...
2025-06-09T16:42:15.7424700Z Selecting previously unselected package libdvdread8t64:amd64.
2025-06-09T16:42:15.7559760Z Preparing to unpack .../116-libdvdread8t64_6.1.3-1.1build1_amd64.deb ...
2025-06-09T16:42:15.7571323Z Unpacking libdvdread8t64:amd64 (6.1.3-1.1build1) ...
2025-06-09T16:42:15.7806177Z Selecting previously unselected package libdvdnav4:amd64.
2025-06-09T16:42:15.7940457Z Preparing to unpack .../117-libdvdnav4_6.1.1-3build1_amd64.deb ...
2025-06-09T16:42:15.7953543Z Unpacking libdvdnav4:amd64 (6.1.1-3build1) ...
2025-06-09T16:42:15.8193890Z Selecting previously unselected package libegl-mesa0:amd64.
2025-06-09T16:42:15.8328332Z Preparing to unpack .../118-libegl-mesa0_24.2.8-1ubuntu1~24.04.1_amd64.deb ...
2025-06-09T16:42:15.8340199Z Unpacking libegl-mesa0:amd64 (24.2.8-1ubuntu1~24.04.1) ...
2025-06-09T16:42:15.8591741Z Selecting previously unselected package libevent-2.1-7t64:amd64.
2025-06-09T16:42:15.8725831Z Preparing to unpack .../119-libevent-2.1-7t64_2.1.12-stable-9ubuntu2_amd64.deb ...
2025-06-09T16:42:15.8734324Z Unpacking libevent-2.1-7t64:amd64 (2.1.12-stable-9ubuntu2) ...
2025-06-09T16:42:15.9000407Z Selecting previously unselected package libfaad2:amd64.
2025-06-09T16:42:15.9134596Z Preparing to unpack .../120-libfaad2_2.11.1-1build1_amd64.deb ...
2025-06-09T16:42:15.9219585Z Unpacking libfaad2:amd64 (2.11.1-1build1) ...
2025-06-09T16:42:15.9473544Z Selecting previously unselected package libinstpatch-1.0-2:amd64.
2025-06-09T16:42:15.9608441Z Preparing to unpack .../121-libinstpatch-1.0-2_1.1.6-1build2_amd64.deb ...
2025-06-09T16:42:15.9621530Z Unpacking libinstpatch-1.0-2:amd64 (1.1.6-1build2) ...
2025-06-09T16:42:15.9874191Z Selecting previously unselected package libjack-jackd2-0:amd64.
2025-06-09T16:42:16.0010479Z Preparing to unpack .../122-libjack-jackd2-0_1.9.21~dfsg-3ubuntu3_amd64.deb ...
2025-06-09T16:42:16.0025080Z Unpacking libjack-jackd2-0:amd64 (1.9.21~dfsg-3ubuntu3) ...
2025-06-09T16:42:16.0288705Z Selecting previously unselected package libwebrtc-audio-processing1:amd64.
2025-06-09T16:42:16.0420607Z Preparing to unpack .../123-libwebrtc-audio-processing1_0.3.1-0ubuntu6_amd64.deb ...
2025-06-09T16:42:16.0430094Z Unpacking libwebrtc-audio-processing1:amd64 (0.3.1-0ubuntu6) ...
2025-06-09T16:42:16.0665255Z Selecting previously unselected package libspa-0.2-modules:amd64.
2025-06-09T16:42:16.0798138Z Preparing to unpack .../124-libspa-0.2-modules_1.0.5-1ubuntu3_amd64.deb ...
2025-06-09T16:42:16.0811346Z Unpacking libspa-0.2-modules:amd64 (1.0.5-1ubuntu3) ...
2025-06-09T16:42:16.1157313Z Selecting previously unselected package libpipewire-0.3-0t64:amd64.
2025-06-09T16:42:16.1291985Z Preparing to unpack .../125-libpipewire-0.3-0t64_1.0.5-1ubuntu3_amd64.deb ...
2025-06-09T16:42:16.1302322Z Unpacking libpipewire-0.3-0t64:amd64 (1.0.5-1ubuntu3) ...
2025-06-09T16:42:16.1569632Z Selecting previously unselected package libsdl2-2.0-0:amd64.
2025-06-09T16:42:16.1705629Z Preparing to unpack .../126-libsdl2-2.0-0_2.30.0+dfsg-1ubuntu3.1_amd64.deb ...
2025-06-09T16:42:16.1720524Z Unpacking libsdl2-2.0-0:amd64 (2.30.0+dfsg-1ubuntu3.1) ...
2025-06-09T16:42:16.2027275Z Selecting previously unselected package timgm6mb-soundfont.
2025-06-09T16:42:16.2162632Z Preparing to unpack .../127-timgm6mb-soundfont_1.3-5_all.deb ...
2025-06-09T16:42:16.2172801Z Unpacking timgm6mb-soundfont (1.3-5) ...
2025-06-09T16:42:16.5570887Z Selecting previously unselected package libfluidsynth3:amd64.
2025-06-09T16:42:16.5709270Z Preparing to unpack .../128-libfluidsynth3_2.3.4-1build3_amd64.deb ...
2025-06-09T16:42:16.5724173Z Unpacking libfluidsynth3:amd64 (2.3.4-1build3) ...
2025-06-09T16:42:16.5982899Z Selecting previously unselected package libfreeaptx0:amd64.
2025-06-09T16:42:16.6119343Z Preparing to unpack .../129-libfreeaptx0_0.1.1-2build1_amd64.deb ...
2025-06-09T16:42:16.6128385Z Unpacking libfreeaptx0:amd64 (0.1.1-2build1) ...
2025-06-09T16:42:16.6353024Z Selecting previously unselected package libgraphene-1.0-0:amd64.
2025-06-09T16:42:16.6487779Z Preparing to unpack .../130-libgraphene-1.0-0_1.10.8-3build2_amd64.deb ...
2025-06-09T16:42:16.6496559Z Unpacking libgraphene-1.0-0:amd64 (1.10.8-3build2) ...
2025-06-09T16:42:16.6750900Z Selecting previously unselected package libgssdp-1.6-0:amd64.
2025-06-09T16:42:16.6884827Z Preparing to unpack .../131-libgssdp-1.6-0_1.6.3-1build3_amd64.deb ...
2025-06-09T16:42:16.6904548Z Unpacking libgssdp-1.6-0:amd64 (1.6.3-1build3) ...
2025-06-09T16:42:16.7130023Z Selecting previously unselected package libegl1:amd64.
2025-06-09T16:42:16.7263783Z Preparing to unpack .../132-libegl1_1.7.0-1build1_amd64.deb ...
2025-06-09T16:42:16.7276779Z Unpacking libegl1:amd64 (1.7.0-1build1) ...
2025-06-09T16:42:16.7511479Z Selecting previously unselected package libgstreamer-gl1.0-0:amd64.
2025-06-09T16:42:16.7645275Z Preparing to unpack .../133-libgstreamer-gl1.0-0_1.24.2-1ubuntu0.2_amd64.deb ...
2025-06-09T16:42:16.7655877Z Unpacking libgstreamer-gl1.0-0:amd64 (1.24.2-1ubuntu0.2) ...
2025-06-09T16:42:16.7910770Z Selecting previously unselected package libgtk-4-common.
2025-06-09T16:42:16.8043610Z Preparing to unpack .../134-libgtk-4-common_4.14.2+ds-1ubuntu3_all.deb ...
2025-06-09T16:42:16.8053853Z Unpacking libgtk-4-common (4.14.2+ds-1ubuntu3) ...
2025-06-09T16:42:16.8584192Z Selecting previously unselected package libgtk-4-1:amd64.
2025-06-09T16:42:16.8719444Z Preparing to unpack .../135-libgtk-4-1_4.14.2+ds-1ubuntu3_amd64.deb ...
2025-06-09T16:42:16.8731688Z Unpacking libgtk-4-1:amd64 (4.14.2+ds-1ubuntu3) ...
2025-06-09T16:42:16.9466945Z Selecting previously unselected package libgupnp-1.6-0:amd64.
2025-06-09T16:42:16.9602909Z Preparing to unpack .../136-libgupnp-1.6-0_1.6.6-1build3_amd64.deb ...
2025-06-09T16:42:16.9612691Z Unpacking libgupnp-1.6-0:amd64 (1.6.6-1build3) ...
2025-06-09T16:42:16.9857693Z Selecting previously unselected package libgupnp-igd-1.6-0:amd64.
2025-06-09T16:42:16.9990122Z Preparing to unpack .../137-libgupnp-igd-1.6-0_1.6.0-3build3_amd64.deb ...
2025-06-09T16:42:17.0001242Z Unpacking libgupnp-igd-1.6-0:amd64 (1.6.0-3build3) ...
2025-06-09T16:42:17.0237192Z Selecting previously unselected package libharfbuzz-icu0:amd64.
2025-06-09T16:42:17.0368918Z Preparing to unpack .../138-libharfbuzz-icu0_8.3.0-2build2_amd64.deb ...
2025-06-09T16:42:17.0379190Z Unpacking libharfbuzz-icu0:amd64 (8.3.0-2build2) ...
2025-06-09T16:42:17.0606711Z Selecting previously unselected package libhyphen0:amd64.
2025-06-09T16:42:17.0741111Z Preparing to unpack .../139-libhyphen0_2.8.8-7build3_amd64.deb ...
2025-06-09T16:42:17.0755991Z Unpacking libhyphen0:amd64 (2.8.8-7build3) ...
2025-06-09T16:42:17.0995360Z Selecting previously unselected package libimath-3-1-29t64:amd64.
2025-06-09T16:42:17.1131228Z Preparing to unpack .../140-libimath-3-1-29t64_3.1.9-3.1ubuntu2_amd64.deb ...
2025-06-09T16:42:17.1142752Z Unpacking libimath-3-1-29t64:amd64 (3.1.9-3.1ubuntu2) ...
2025-06-09T16:42:17.1400535Z Selecting previously unselected package liblc3-1:amd64.
2025-06-09T16:42:17.1534592Z Preparing to unpack .../141-liblc3-1_1.0.4-3build1_amd64.deb ...
2025-06-09T16:42:17.1546830Z Unpacking liblc3-1:amd64 (1.0.4-3build1) ...
2025-06-09T16:42:17.1782717Z Selecting previously unselected package libldacbt-enc2:amd64.
2025-06-09T16:42:17.1916527Z Preparing to unpack .../142-libldacbt-enc2_2.0.2.3+git20200429+ed310a0-4ubuntu2_amd64.deb ...
2025-06-09T16:42:17.1929260Z Unpacking libldacbt-enc2:amd64 (2.0.2.3+git20200429+ed310a0-4ubuntu2) ...
2025-06-09T16:42:17.2168287Z Selecting previously unselected package libraptor2-0:amd64.
2025-06-09T16:42:17.2301097Z Preparing to unpack .../143-libraptor2-0_2.0.16-3ubuntu0.1_amd64.deb ...
2025-06-09T16:42:17.2337330Z Unpacking libraptor2-0:amd64 (2.0.16-3ubuntu0.1) ...
2025-06-09T16:42:17.2579922Z Selecting previously unselected package liblrdf0:amd64.
2025-06-09T16:42:17.2714296Z Preparing to unpack .../144-liblrdf0_0.6.1-4build1_amd64.deb ...
2025-06-09T16:42:17.2723308Z Unpacking liblrdf0:amd64 (0.6.1-4build1) ...
2025-06-09T16:42:17.2969629Z Selecting previously unselected package libltc11:amd64.
2025-06-09T16:42:17.3104704Z Preparing to unpack .../145-libltc11_1.3.2-1build1_amd64.deb ...
2025-06-09T16:42:17.3116816Z Unpacking libltc11:amd64 (1.3.2-1build1) ...
2025-06-09T16:42:17.3349008Z Selecting previously unselected package libmanette-0.2-0:amd64.
2025-06-09T16:42:17.3484502Z Preparing to unpack .../146-libmanette-0.2-0_0.2.7-1build2_amd64.deb ...
2025-06-09T16:42:17.3495498Z Unpacking libmanette-0.2-0:amd64 (0.2.7-1build2) ...
2025-06-09T16:42:17.3731672Z Selecting previously unselected package libmfx1:amd64.
2025-06-09T16:42:17.3866536Z Preparing to unpack .../147-libmfx1_22.5.4-1_amd64.deb ...
2025-06-09T16:42:17.3877029Z Unpacking libmfx1:amd64 (22.5.4-1) ...
2025-06-09T16:42:17.4914472Z Selecting previously unselected package libmjpegutils-2.1-0t64:amd64.
2025-06-09T16:42:17.5052229Z Preparing to unpack .../148-libmjpegutils-2.1-0t64_1%3a2.1.0+debian-8.1build1_amd64.deb ...
2025-06-09T16:42:17.5062064Z Unpacking libmjpegutils-2.1-0t64:amd64 (1:2.1.0+debian-8.1build1) ...
2025-06-09T16:42:17.5299759Z Selecting previously unselected package libmodplug1:amd64.
2025-06-09T16:42:17.5436504Z Preparing to unpack .../149-libmodplug1_1%3a0.8.9.0-3build1_amd64.deb ...
2025-06-09T16:42:17.5446207Z Unpacking libmodplug1:amd64 (1:0.8.9.0-3build1) ...
2025-06-09T16:42:17.5722558Z Selecting previously unselected package libmpcdec6:amd64.
2025-06-09T16:42:17.5857091Z Preparing to unpack .../150-libmpcdec6_2%3a0.1~r495-2build1_amd64.deb ...
2025-06-09T16:42:17.5869108Z Unpacking libmpcdec6:amd64 (2:0.1~r495-2build1) ...
2025-06-09T16:42:17.6091292Z Selecting previously unselected package libmpeg2encpp-2.1-0t64:amd64.
2025-06-09T16:42:17.6227588Z Preparing to unpack .../151-libmpeg2encpp-2.1-0t64_1%3a2.1.0+debian-8.1build1_amd64.deb ...
2025-06-09T16:42:17.6241521Z Unpacking libmpeg2encpp-2.1-0t64:amd64 (1:2.1.0+debian-8.1build1) ...
2025-06-09T16:42:17.6466902Z Selecting previously unselected package libmplex2-2.1-0t64:amd64.
2025-06-09T16:42:17.6602789Z Preparing to unpack .../152-libmplex2-2.1-0t64_1%3a2.1.0+debian-8.1build1_amd64.deb ...
2025-06-09T16:42:17.6613925Z Unpacking libmplex2-2.1-0t64:amd64 (1:2.1.0+debian-8.1build1) ...
2025-06-09T16:42:17.6842567Z Selecting previously unselected package libneon27t64:amd64.
2025-06-09T16:42:17.6977046Z Preparing to unpack .../153-libneon27t64_0.33.0-1.1build3_amd64.deb ...
2025-06-09T16:42:17.6988295Z Unpacking libneon27t64:amd64 (0.33.0-1.1build3) ...
2025-06-09T16:42:17.7225945Z Selecting previously unselected package libnice10:amd64.
2025-06-09T16:42:17.7364730Z Preparing to unpack .../154-libnice10_0.1.21-2build3_amd64.deb ...
2025-06-09T16:42:17.7375686Z Unpacking libnice10:amd64 (0.1.21-2build3) ...
2025-06-09T16:42:17.7626475Z Selecting previously unselected package libopenal-data.
2025-06-09T16:42:17.7768003Z Preparing to unpack .../155-libopenal-data_1%3a1.23.1-4build1_all.deb ...
2025-06-09T16:42:17.7781562Z Unpacking libopenal-data (1:1.23.1-4build1) ...
2025-06-09T16:42:17.8047358Z Selecting previously unselected package libopenexr-3-1-30:amd64.
2025-06-09T16:42:17.8188187Z Preparing to unpack .../156-libopenexr-3-1-30_3.1.5-5.1build3_amd64.deb ...
2025-06-09T16:42:17.8197477Z Unpacking libopenexr-3-1-30:amd64 (3.1.5-5.1build3) ...
2025-06-09T16:42:17.8611656Z Selecting previously unselected package libopenh264-7:amd64.
2025-06-09T16:42:17.8753674Z Preparing to unpack .../157-libopenh264-7_2.4.1+dfsg-1_amd64.deb ...
2025-06-09T16:42:17.8762993Z Unpacking libopenh264-7:amd64 (2.4.1+dfsg-1) ...
2025-06-09T16:42:17.9087659Z Selecting previously unselected package libopenni2-0:amd64.
2025-06-09T16:42:17.9223124Z Preparing to unpack .../158-libopenni2-0_2.2.0.33+dfsg-18_amd64.deb ...
2025-06-09T16:42:17.9258694Z Unpacking libopenni2-0:amd64 (2.2.0.33+dfsg-18) ...
2025-06-09T16:42:17.9579469Z Selecting previously unselected package libqrencode4:amd64.
2025-06-09T16:42:17.9716958Z Preparing to unpack .../159-libqrencode4_4.1.1-1build2_amd64.deb ...
2025-06-09T16:42:17.9725755Z Unpacking libqrencode4:amd64 (4.1.1-1build2) ...
2025-06-09T16:42:17.9951324Z Selecting previously unselected package libsecret-common.
2025-06-09T16:42:18.0090991Z Preparing to unpack .../160-libsecret-common_0.21.4-1build3_all.deb ...
2025-06-09T16:42:18.0104358Z Unpacking libsecret-common (0.21.4-1build3) ...
2025-06-09T16:42:18.0388616Z Selecting previously unselected package libsecret-1-0:amd64.
2025-06-09T16:42:18.0529161Z Preparing to unpack .../161-libsecret-1-0_0.21.4-1build3_amd64.deb ...
2025-06-09T16:42:18.0540105Z Unpacking libsecret-1-0:amd64 (0.21.4-1build3) ...
2025-06-09T16:42:18.0819162Z Selecting previously unselected package libsndio7.0:amd64.
2025-06-09T16:42:18.0963039Z Preparing to unpack .../162-libsndio7.0_1.9.0-0.3build3_amd64.deb ...
2025-06-09T16:42:18.1102503Z Unpacking libsndio7.0:amd64 (1.9.0-0.3build3) ...
2025-06-09T16:42:18.1353724Z Selecting previously unselected package libsoundtouch1:amd64.
2025-06-09T16:42:18.1494736Z Preparing to unpack .../163-libsoundtouch1_2.3.2+ds1-1build1_amd64.deb ...
2025-06-09T16:42:18.1508272Z Unpacking libsoundtouch1:amd64 (2.3.2+ds1-1build1) ...
2025-06-09T16:42:18.1810510Z Selecting previously unselected package libspandsp2t64:amd64.
2025-06-09T16:42:18.1952847Z Preparing to unpack .../164-libspandsp2t64_0.0.6+dfsg-2.1build1_amd64.deb ...
2025-06-09T16:42:18.1963878Z Unpacking libspandsp2t64:amd64 (0.0.6+dfsg-2.1build1) ...
2025-06-09T16:42:18.2266514Z Selecting previously unselected package libsrtp2-1:amd64.
2025-06-09T16:42:18.2403408Z Preparing to unpack .../165-libsrtp2-1_2.5.0-3build1_amd64.deb ...
2025-06-09T16:42:18.2441528Z Unpacking libsrtp2-1:amd64 (2.5.0-3build1) ...
2025-06-09T16:42:18.2690706Z Selecting previously unselected package libwildmidi2:amd64.
2025-06-09T16:42:18.2827984Z Preparing to unpack .../166-libwildmidi2_0.4.3-1build3_amd64.deb ...
2025-06-09T16:42:18.2837041Z Unpacking libwildmidi2:amd64 (0.4.3-1build3) ...
2025-06-09T16:42:18.3068033Z Selecting previously unselected package libwoff1:amd64.
2025-06-09T16:42:18.3205070Z Preparing to unpack .../167-libwoff1_1.0.2-2build1_amd64.deb ...
2025-06-09T16:42:18.3217090Z Unpacking libwoff1:amd64 (1.0.2-2build1) ...
2025-06-09T16:42:18.3460618Z Selecting previously unselected package libxcb-xkb1:amd64.
2025-06-09T16:42:18.3608959Z Preparing to unpack .../168-libxcb-xkb1_1.15-1ubuntu2_amd64.deb ...
2025-06-09T16:42:18.3620014Z Unpacking libxcb-xkb1:amd64 (1.15-1ubuntu2) ...
2025-06-09T16:42:18.3865935Z Selecting previously unselected package libxkbcommon-x11-0:amd64.
2025-06-09T16:42:18.4001947Z Preparing to unpack .../169-libxkbcommon-x11-0_1.6.0-1build1_amd64.deb ...
2025-06-09T16:42:18.4016907Z Unpacking libxkbcommon-x11-0:amd64 (1.6.0-1build1) ...
2025-06-09T16:42:18.4255549Z Selecting previously unselected package libzbar0t64:amd64.
2025-06-09T16:42:18.4392656Z Preparing to unpack .../170-libzbar0t64_0.23.93-4build3_amd64.deb ...
2025-06-09T16:42:18.4402290Z Unpacking libzbar0t64:amd64 (0.23.93-4build3) ...
2025-06-09T16:42:18.4650896Z Selecting previously unselected package libzxing3:amd64.
2025-06-09T16:42:18.4789101Z Preparing to unpack .../171-libzxing3_2.2.1-3_amd64.deb ...
2025-06-09T16:42:18.4801337Z Unpacking libzxing3:amd64 (2.2.1-3) ...
2025-06-09T16:42:18.5071720Z Selecting previously unselected package xfonts-encodings.
2025-06-09T16:42:18.5210144Z Preparing to unpack .../172-xfonts-encodings_1%3a1.0.5-0ubuntu2_all.deb ...
2025-06-09T16:42:18.5221131Z Unpacking xfonts-encodings (1:1.0.5-0ubuntu2) ...
2025-06-09T16:42:18.5539159Z Selecting previously unselected package xfonts-utils.
2025-06-09T16:42:18.5676769Z Preparing to unpack .../173-xfonts-utils_1%3a7.7+6build3_amd64.deb ...
2025-06-09T16:42:18.5690474Z Unpacking xfonts-utils (1:7.7+6build3) ...
2025-06-09T16:42:18.6041985Z Selecting previously unselected package xfonts-cyrillic.
2025-06-09T16:42:18.6178943Z Preparing to unpack .../174-xfonts-cyrillic_1%3a1.0.5+nmu1_all.deb ...
2025-06-09T16:42:18.6190789Z Unpacking xfonts-cyrillic (1:1.0.5+nmu1) ...
2025-06-09T16:42:18.6562383Z Selecting previously unselected package xfonts-scalable.
2025-06-09T16:42:18.6699161Z Preparing to unpack .../175-xfonts-scalable_1%3a1.0.3-1.3_all.deb ...
2025-06-09T16:42:18.6708640Z Unpacking xfonts-scalable (1:1.0.3-1.3) ...
2025-06-09T16:42:18.6983369Z Selecting previously unselected package libgstreamer-plugins-bad1.0-0:amd64.
2025-06-09T16:42:18.7121519Z Preparing to unpack .../176-libgstreamer-plugins-bad1.0-0_1.24.2-1ubuntu4_amd64.deb ...
2025-06-09T16:42:18.7132123Z Unpacking libgstreamer-plugins-bad1.0-0:amd64 (1.24.2-1ubuntu4) ...
2025-06-09T16:42:18.7593432Z Selecting previously unselected package libdca0:amd64.
2025-06-09T16:42:18.7731058Z Preparing to unpack .../177-libdca0_0.0.7-2build1_amd64.deb ...
2025-06-09T16:42:18.7747481Z Unpacking libdca0:amd64 (0.0.7-2build1) ...
2025-06-09T16:42:18.8016357Z Selecting previously unselected package libopenal1:amd64.
2025-06-09T16:42:18.8150963Z Preparing to unpack .../178-libopenal1_1%3a1.23.1-4build1_amd64.deb ...
2025-06-09T16:42:18.8162517Z Unpacking libopenal1:amd64 (1:1.23.1-4build1) ...
2025-06-09T16:42:18.8442260Z Selecting previously unselected package libsbc1:amd64.
2025-06-09T16:42:18.8576712Z Preparing to unpack .../179-libsbc1_2.0-1build1_amd64.deb ...
2025-06-09T16:42:18.8588117Z Unpacking libsbc1:amd64 (2.0-1build1) ...
2025-06-09T16:42:18.8814072Z Selecting previously unselected package libvo-aacenc0:amd64.
2025-06-09T16:42:18.8948107Z Preparing to unpack .../180-libvo-aacenc0_0.1.3-2build1_amd64.deb ...
2025-06-09T16:42:18.8958175Z Unpacking libvo-aacenc0:amd64 (0.1.3-2build1) ...
2025-06-09T16:42:18.9203732Z Selecting previously unselected package libvo-amrwbenc0:amd64.
2025-06-09T16:42:18.9362197Z Preparing to unpack .../181-libvo-amrwbenc0_0.1.3-2build1_amd64.deb ...
2025-06-09T16:42:18.9372557Z Unpacking libvo-amrwbenc0:amd64 (0.1.3-2build1) ...
2025-06-09T16:42:18.9606993Z Selecting previously unselected package gstreamer1.0-plugins-bad:amd64.
2025-06-09T16:42:18.9743840Z Preparing to unpack .../182-gstreamer1.0-plugins-bad_1.24.2-1ubuntu4_amd64.deb ...
2025-06-09T16:42:18.9754598Z Unpacking gstreamer1.0-plugins-bad:amd64 (1.24.2-1ubuntu4) ...
2025-06-09T16:42:19.0989281Z Setting up libgme0:amd64 (0.6.3-7build1) ...
2025-06-09T16:42:19.1019085Z Setting up libchromaprint1:amd64 (1.5.1-5) ...
2025-06-09T16:42:19.1047374Z Setting up libssh-gcrypt-4:amd64 (0.10.6-2build2) ...
2025-06-09T16:42:19.1105069Z Setting up libhwy1t64:amd64 (1.0.7-8.1build1) ...
2025-06-09T16:42:19.1129927Z Setting up libcairo-script-interpreter2:amd64 (1.18.0-3build1) ...
2025-06-09T16:42:19.1157834Z Setting up libfreeaptx0:amd64 (0.1.1-2build1) ...
2025-06-09T16:42:19.1183587Z Setting up libdvdread8t64:amd64 (6.1.3-1.1build1) ...
2025-06-09T16:42:19.1207193Z Setting up libudfread0:amd64 (1.1.2-1build1) ...
2025-06-09T16:42:19.1285185Z Setting up libmodplug1:amd64 (1:0.8.9.0-3build1) ...
2025-06-09T16:42:19.1319075Z Setting up libcdparanoia0:amd64 (3.10.2+debian-14build3) ...
2025-06-09T16:42:19.1350786Z Setting up libvo-amrwbenc0:amd64 (0.1.3-2build1) ...
2025-06-09T16:42:19.1378409Z Setting up libraw1394-11:amd64 (2.1.2-2build3) ...
2025-06-09T16:42:19.1407170Z Setting up libsbc1:amd64 (2.0-1build1) ...
2025-06-09T16:42:19.1444515Z Setting up libneon27t64:amd64 (0.33.0-1.1build3) ...
2025-06-09T16:42:19.1470119Z Setting up libtag1v5-vanilla:amd64 (1.13.1-1build1) ...
2025-06-09T16:42:19.1496246Z Setting up libharfbuzz-icu0:amd64 (8.3.0-2build2) ...
2025-06-09T16:42:19.1527045Z Setting up libopenni2-0:amd64 (2.2.0.33+dfsg-18) ...
2025-06-09T16:42:19.1702646Z Setting up libspeex1:amd64 (1.2.1-2ubuntu2.24.04.1) ...
2025-06-09T16:42:19.1746894Z Setting up libshine3:amd64 (3.1.1-2build1) ...
2025-06-09T16:42:19.1776583Z Setting up libcaca0:amd64 (0.99.beta20-4build2) ...
2025-06-09T16:42:19.1805981Z Setting up libvpl2 (2023.3.0-1build1) ...
2025-06-09T16:42:19.1830416Z Setting up libv4lconvert0t64:amd64 (1.26.1-4build3) ...
2025-06-09T16:42:19.1857187Z Setting up libx264-164:amd64 (2:0.164.3108+git31e19f9-1) ...
2025-06-09T16:42:19.1892015Z Setting up libtwolame0:amd64 (0.4.0-2build3) ...
2025-06-09T16:42:19.1919398Z Setting up libmbedcrypto7t64:amd64 (2.28.8-1) ...
2025-06-09T16:42:19.1949976Z Setting up libwoff1:amd64 (1.0.2-2build1) ...
2025-06-09T16:42:19.1973913Z Setting up liblc3-1:amd64 (1.0.4-3build1) ...
2025-06-09T16:42:19.2000628Z Setting up libqrencode4:amd64 (4.1.1-1build2) ...
2025-06-09T16:42:19.2030883Z Setting up libhyphen0:amd64 (2.8.8-7build3) ...
2025-06-09T16:42:19.2061215Z Setting up libgsm1:amd64 (1.0.22-1build1) ...
2025-06-09T16:42:19.2092215Z Setting up libvisual-0.4-0:amd64 (0.4.2-2build1) ...
2025-06-09T16:42:19.2119588Z Setting up libsoxr0:amd64 (0.1.3-4build3) ...
2025-06-09T16:42:19.2144165Z Setting up libzix-0-0:amd64 (0.4.2-2build1) ...
2025-06-09T16:42:19.2170957Z Setting up libcodec2-1.2:amd64 (1.2.0-2build1) ...
2025-06-09T16:42:19.2202897Z Setting up libsrtp2-1:amd64 (2.5.0-3build1) ...
2025-06-09T16:42:19.2226750Z Setting up libmysofa1:amd64 (1.3.2+dfsg-2ubuntu2) ...
2025-06-09T16:42:19.2261803Z Setting up libraptor2-0:amd64 (2.0.16-3ubuntu0.1) ...
2025-06-09T16:42:19.2286819Z Setting up libldacbt-enc2:amd64 (2.0.2.3+git20200429+ed310a0-4ubuntu2) ...
2025-06-09T16:42:19.2314675Z Setting up fonts-wqy-zenhei (0.9.45-8) ...
2025-06-09T16:42:19.2485337Z Setting up libwebrtc-audio-processing1:amd64 (0.3.1-0ubuntu6) ...
2025-06-09T16:42:19.2510145Z Setting up fonts-freefont-ttf (20211204+svn4273-2) ...
2025-06-09T16:42:19.2547221Z Setting up libevent-2.1-7t64:amd64 (2.1.12-stable-9ubuntu2) ...
2025-06-09T16:42:19.2572372Z Setting up libsvtav1enc1d1:amd64 (1.7.0+dfsg-2build1) ...
2025-06-09T16:42:19.2603925Z Setting up libsoup-3.0-common (3.4.4-5ubuntu0.4) ...
2025-06-09T16:42:19.2628259Z Setting up libmpg123-0t64:amd64 (1.32.5-1ubuntu1.1) ...
2025-06-09T16:42:19.2653042Z Setting up libcjson1:amd64 (1.7.17-1) ...
2025-06-09T16:42:19.2684623Z Setting up libxvidcore4:amd64 (2:1.3.7-1build1) ...
2025-06-09T16:42:19.2721066Z Setting up libmpcdec6:amd64 (2:0.1~r495-2build1) ...
2025-06-09T16:42:19.2754765Z Setting up libmjpegutils-2.1-0t64:amd64 (1:2.1.0+debian-8.1build1) ...
2025-06-09T16:42:19.2783770Z Setting up librav1e0:amd64 (0.7.1-2) ...
2025-06-09T16:42:19.2811619Z Setting up liborc-0.4-0t64:amd64 (1:0.4.38-1ubuntu0.1) ...
2025-06-09T16:42:19.2834755Z Setting up libxcb-xkb1:amd64 (1.15-1ubuntu2) ...
2025-06-09T16:42:19.2873035Z Setting up libvo-aacenc0:amd64 (0.1.3-2build1) ...
2025-06-09T16:42:19.2903224Z Setting up librist4:amd64 (0.2.10+dfsg-2) ...
2025-06-09T16:42:19.2929793Z Setting up libglib2.0-0t64:amd64 (2.80.0-6ubuntu3.4) ...
2025-06-09T16:42:19.3125739Z Setting up libblas3:amd64 (3.12.0-3build1.1) ...
2025-06-09T16:42:19.3186348Z update-alternatives: using /usr/lib/x86_64-linux-gnu/blas/libblas.so.3 to provide /usr/lib/x86_64-linux-gnu/libblas.so.3 (libblas.so.3-x86_64-linux-gnu) in auto mode
2025-06-09T16:42:19.3208734Z Setting up libegl-mesa0:amd64 (24.2.8-1ubuntu1~24.04.1) ...
2025-06-09T16:42:19.3237105Z Setting up libsoundtouch1:amd64 (2.3.2+ds1-1build1) ...
2025-06-09T16:42:19.3263338Z Setting up libglib2.0-data (2.80.0-6ubuntu3.4) ...
2025-06-09T16:42:19.3305790Z Setting up libplacebo338:amd64 (6.338.2-2build1) ...
2025-06-09T16:42:19.3333250Z Setting up libgles2:amd64 (1.7.0-1build1) ...
2025-06-09T16:42:19.3358465Z Setting up fonts-tlwg-loma-otf (1:0.7.3-1) ...
2025-06-09T16:42:19.3387964Z Setting up libva2:amd64 (2.20.0-2build1) ...
2025-06-09T16:42:19.3416919Z Setting up libspa-0.2-modules:amd64 (1.0.5-1ubuntu3) ...
2025-06-09T16:42:19.3448487Z Setting up libzxing3:amd64 (2.2.1-3) ...
2025-06-09T16:42:19.3511911Z Setting up xfonts-encodings (1:1.0.5-0ubuntu2) ...
2025-06-09T16:42:19.3538220Z Setting up libopus0:amd64 (1.4-1build1) ...
2025-06-09T16:42:19.3567437Z Setting up libfaad2:amd64 (2.11.1-1build1) ...
2025-06-09T16:42:19.3601358Z Setting up libxkbcommon-x11-0:amd64 (1.6.0-1build1) ...
2025-06-09T16:42:19.3632027Z Setting up libdc1394-25:amd64 (2.2.6-4build1) ...
2025-06-09T16:42:19.3668107Z Setting up libimath-3-1-29t64:amd64 (3.1.9-3.1ubuntu2) ...
2025-06-09T16:42:19.3699776Z Setting up libunibreak5:amd64 (5.1-2build1) ...
2025-06-09T16:42:19.3729576Z Setting up libdv4t64:amd64 (1.0.0-17.1build1) ...
2025-06-09T16:42:19.3766212Z Setting up gir1.2-glib-2.0:amd64 (2.80.0-6ubuntu3.4) ...
2025-06-09T16:42:19.3801306Z Setting up libjxl0.7:amd64 (0.7.0-10.2ubuntu6) ...
2025-06-09T16:42:19.3831574Z Setting up libopenh264-7:amd64 (2.4.1+dfsg-1) ...
2025-06-09T16:42:19.3863160Z Setting up libltc11:amd64 (1.3.2-1build1) ...
2025-06-09T16:42:19.3890093Z Setting up libx265-199:amd64 (3.5-2build1) ...
2025-06-09T16:42:19.3919948Z Setting up libv4l-0t64:amd64 (1.26.1-4build3) ...
2025-06-09T16:42:19.3953451Z Setting up libavtp0:amd64 (0.2.0-1build1) ...
2025-06-09T16:42:19.3986937Z Setting up libsndio7.0:amd64 (1.9.0-0.3build3) ...
2025-06-09T16:42:19.4015364Z Setting up libdirectfb-1.7-7t64:amd64 (1.7.7-11.1ubuntu2) ...
2025-06-09T16:42:19.4047162Z Setting up libspandsp2t64:amd64 (0.0.6+dfsg-2.1build1) ...
2025-06-09T16:42:19.4198239Z Setting up libvidstab1.1:amd64 (1.1.0-2build1) ...
2025-06-09T16:42:19.4227451Z Setting up libvpx9:amd64 (1.14.0-1ubuntu2.2) ...
2025-06-09T16:42:19.4253678Z Setting up libsrt1.5-gnutls:amd64 (1.5.3-1build2) ...
2025-06-09T16:42:19.4284576Z Setting up libtag1v5:amd64 (1.13.1-1build1) ...
2025-06-09T16:42:19.4314143Z Setting up libflite1:amd64 (2.2-6build3) ...
2025-06-09T16:42:19.4341802Z Setting up libdav1d7:amd64 (1.4.1-1build1) ...
2025-06-09T16:42:19.4370780Z Setting up libva-drm2:amd64 (2.20.0-2build1) ...
2025-06-09T16:42:19.4400366Z Setting up fonts-ipafont-gothic (00303-21ubuntu1) ...
2025-06-09T16:42:19.4483132Z update-alternatives: using /usr/share/fonts/opentype/ipafont-gothic/ipag.ttf to provide /usr/share/fonts/truetype/fonts-japanese-gothic.ttf (fonts-japanese-gothic.ttf) in auto mode
2025-06-09T16:42:19.4502196Z Setting up ocl-icd-libopencl1:amd64 (2.3.2-1build1) ...
2025-06-09T16:42:19.4529135Z Setting up libasyncns0:amd64 (0.8-6build4) ...
2025-06-09T16:42:19.4552413Z Setting up libwildmidi2:amd64 (0.4.3-1build3) ...
2025-06-09T16:42:19.4584178Z Setting up libvdpau1:amd64 (1.5-2build1) ...
2025-06-09T16:42:19.4662007Z Setting up libwavpack1:amd64 (5.6.0-1build1) ...
2025-06-09T16:42:19.4692707Z Setting up libbs2b0:amd64 (3.1.0+dfsg-7build1) ...
2025-06-09T16:42:19.4720335Z Setting up libtheora0:amd64 (1.1.1+dfsg.1-16.1build3) ...
2025-06-09T16:42:19.4743811Z Setting up libegl1:amd64 (1.7.0-1build1) ...
2025-06-09T16:42:19.4772923Z Setting up libdecor-0-0:amd64 (0.2.2-1build2) ...
2025-06-09T16:42:19.4801849Z Setting up libdca0:amd64 (0.0.7-2build1) ...
2025-06-09T16:42:19.4827500Z Setting up libzimg2:amd64 (3.0.5+ds1-1build1) ...
2025-06-09T16:42:19.4856333Z Setting up libopenal-data (1:1.23.1-4build1) ...
2025-06-09T16:42:19.4889679Z Setting up libabsl20220623t64:amd64 (20220623.1-3.1ubuntu3.2) ...
2025-06-09T16:42:19.4918688Z Setting up libflac12t64:amd64 (1.4.3+ds-2.1ubuntu2) ...
2025-06-09T16:42:19.4949106Z Setting up libgtk-4-common (4.14.2+ds-1ubuntu3) ...
2025-06-09T16:42:19.4980834Z Setting up libmpeg2encpp-2.1-0t64:amd64 (1:2.1.0+debian-8.1build1) ...
2025-06-09T16:42:19.5015450Z Setting up glib-networking-common (2.80.0-1build1) ...
2025-06-09T16:42:19.5042605Z Setting up libmfx1:amd64 (22.5.4-1) ...
2025-06-09T16:42:19.5072118Z Setting up libbluray2:amd64 (1:1.3.4-1build1) ...
2025-06-09T16:42:19.5101055Z Setting up libsamplerate0:amd64 (0.2.2-4build1) ...
2025-06-09T16:42:19.5129718Z Setting up timgm6mb-soundfont (1.3-5) ...
2025-06-09T16:42:19.5216575Z update-alternatives: using /usr/share/sounds/sf2/TimGM6mb.sf2 to provide /usr/share/sounds/sf2/default-GM.sf2 (default-GM.sf2) in auto mode
2025-06-09T16:42:19.5260685Z update-alternatives: using /usr/share/sounds/sf2/TimGM6mb.sf2 to provide /usr/share/sounds/sf3/default-GM.sf3 (default-GM.sf3) in auto mode
2025-06-09T16:42:19.5281586Z Setting up libva-x11-2:amd64 (2.20.0-2build1) ...
2025-06-09T16:42:19.5310739Z Setting up libyuv0:amd64 (0.0~git202401110.af6ac82-1) ...
2025-06-09T16:42:19.5340833Z Setting up libmplex2-2.1-0t64:amd64 (1:2.1.0+debian-8.1build1) ...
2025-06-09T16:42:19.5367195Z Setting up libpipewire-0.3-0t64:amd64 (1.0.5-1ubuntu3) ...
2025-06-09T16:42:19.5394771Z Setting up libopenmpt0t64:amd64 (0.7.3-1.1build3) ...
2025-06-09T16:42:19.5422784Z Setting up libzvbi-common (0.2.42-2) ...
2025-06-09T16:42:19.5458867Z Setting up libsecret-common (0.21.4-1build3) ...
2025-06-09T16:42:19.5490359Z Setting up libmp3lame0:amd64 (3.100-6build1) ...
2025-06-09T16:42:19.5522077Z Setting up libgraphene-1.0-0:amd64 (1.10.8-3build2) ...
2025-06-09T16:42:19.5551006Z Setting up libvorbisenc2:amd64 (1.3.7-1build3) ...
2025-06-09T16:42:19.5583171Z Setting up libdvdnav4:amd64 (6.1.1-3build1) ...
2025-06-09T16:42:19.5616930Z Setting up fonts-unifont (1:15.1.01-1build1) ...
2025-06-09T16:42:19.5658100Z Setting up libaa1:amd64 (1.4p5-51.1) ...
2025-06-09T16:42:19.5706019Z Setting up libiec61883-0:amd64 (1.2.0-6build1) ...
2025-06-09T16:42:19.5759928Z Setting up libserd-0-0:amd64 (0.32.2-1) ...
2025-06-09T16:42:19.5786984Z Setting up libavc1394-0:amd64 (0.5.4-5build3) ...
2025-06-09T16:42:19.5815934Z Setting up session-migration (0.3.9build1) ...
2025-06-09T16:42:19.6895865Z Created symlink /etc/systemd/user/graphical-session-pre.target.wants/session-migration.service → /usr/lib/systemd/user/session-migration.service.
2025-06-09T16:42:19.6896455Z 
2025-06-09T16:42:19.6932093Z Setting up liblapack3:amd64 (3.12.0-3build1.1) ...
2025-06-09T16:42:19.6996035Z update-alternatives: using /usr/lib/x86_64-linux-gnu/lapack/liblapack.so.3 to provide /usr/lib/x86_64-linux-gnu/liblapack.so.3 (liblapack.so.3-x86_64-linux-gnu) in auto mode
2025-06-09T16:42:19.7016266Z Setting up libproxy1v5:amd64 (0.5.4-4build1) ...
2025-06-09T16:42:19.7045786Z Setting up libzvbi0t64:amd64 (0.2.42-2) ...
2025-06-09T16:42:19.7076889Z Setting up liblrdf0:amd64 (0.6.1-4build1) ...
2025-06-09T16:42:19.7101947Z Setting up libmanette-0.2-0:amd64 (0.2.7-1build2) ...
2025-06-09T16:42:19.7130611Z Setting up libglib2.0-bin (2.80.0-6ubuntu3.4) ...
2025-06-09T16:42:19.7160212Z Setting up libzbar0t64:amd64 (0.23.93-4build3) ...
2025-06-09T16:42:19.7194369Z Setting up libgstreamer-plugins-base1.0-0:amd64 (1.24.2-1ubuntu0.2) ...
2025-06-09T16:42:19.7219946Z Setting up libavutil58:amd64 (7:6.1.1-3ubuntu5) ...
2025-06-09T16:42:19.7257419Z Setting up libopenal1:amd64 (1:1.23.1-4build1) ...
2025-06-09T16:42:19.7284025Z Setting up xfonts-utils (1:7.7+6build3) ...
2025-06-09T16:42:19.7341437Z Setting up librsvg2-2:amd64 (2.58.0+dfsg-1build1) ...
2025-06-09T16:42:19.7367365Z Setting up libsecret-1-0:amd64 (0.21.4-1build3) ...
2025-06-09T16:42:19.7396454Z Setting up libgstreamer-plugins-good1.0-0:amd64 (1.24.2-1ubuntu1.1) ...
2025-06-09T16:42:19.7422381Z Setting up libgstreamer-gl1.0-0:amd64 (1.24.2-1ubuntu0.2) ...
2025-06-09T16:42:19.7449985Z Setting up gstreamer1.0-plugins-base:amd64 (1.24.2-1ubuntu0.2) ...
2025-06-09T16:42:19.7479607Z Setting up libass9:amd64 (1:0.17.1-2build1) ...
2025-06-09T16:42:19.7512997Z Setting up libswresample4:amd64 (7:6.1.1-3ubuntu5) ...
2025-06-09T16:42:19.7543132Z Setting up libopenexr-3-1-30:amd64 (3.1.5-5.1build3) ...
2025-06-09T16:42:19.7575671Z Setting up libshout3:amd64 (2.4.6-1build2) ...
2025-06-09T16:42:19.7604319Z Setting up libgav1-1:amd64 (0.18.0-1build3) ...
2025-06-09T16:42:19.7635641Z Setting up libavcodec60:amd64 (7:6.1.1-3ubuntu5) ...
2025-06-09T16:42:19.7667064Z Setting up librubberband2:amd64 (3.3.0+dfsg-2build1) ...
2025-06-09T16:42:19.7695483Z Setting up libjack-jackd2-0:amd64 (1.9.21~dfsg-3ubuntu3) ...
2025-06-09T16:42:19.7727732Z Setting up libsord-0-0:amd64 (0.16.16-2build1) ...
2025-06-09T16:42:19.7756433Z Setting up xfonts-cyrillic (1:1.0.5+nmu1) ...
2025-06-09T16:42:19.8053650Z Setting up libpostproc57:amd64 (7:6.1.1-3ubuntu5) ...
2025-06-09T16:42:19.8087622Z Setting up libsratom-0-0:amd64 (0.6.16-1build1) ...
2025-06-09T16:42:19.8116909Z Setting up libgtk-4-1:amd64 (4.14.2+ds-1ubuntu3) ...
2025-06-09T16:42:19.8597513Z Setting up libsndfile1:amd64 (1.2.2-1ubuntu5.24.04.1) ...
2025-06-09T16:42:19.8626394Z Setting up liblilv-0-0:amd64 (0.24.22-1build1) ...
2025-06-09T16:42:19.8657128Z Setting up libinstpatch-1.0-2:amd64 (1.1.6-1build2) ...
2025-06-09T16:42:19.8691350Z Setting up xfonts-scalable (1:1.0.3-1.3) ...
2025-06-09T16:42:19.8965079Z Setting up libswscale7:amd64 (7:6.1.1-3ubuntu5) ...
2025-06-09T16:42:19.8998847Z Setting up gsettings-desktop-schemas (46.1-0ubuntu1) ...
2025-06-09T16:42:19.9149499Z Setting up glib-networking-services (2.80.0-1build1) ...
2025-06-09T16:42:19.9180389Z Setting up libavif16:amd64 (1.0.4-1ubuntu3) ...
2025-06-09T16:42:19.9209488Z Setting up libpulse0:amd64 (1:16.1+dfsg1-2ubuntu10.1) ...
2025-06-09T16:42:19.9298148Z Setting up libavformat60:amd64 (7:6.1.1-3ubuntu5) ...
2025-06-09T16:42:19.9328283Z Setting up libsphinxbase3t64:amd64 (0.8+5prealpha+1-17build2) ...
2025-06-09T16:42:19.9358855Z Setting up glib-networking:amd64 (2.80.0-1build1) ...
2025-06-09T16:42:19.9387750Z Setting up libsdl2-2.0-0:amd64 (2.30.0+dfsg-1ubuntu3.1) ...
2025-06-09T16:42:19.9412374Z Setting up libfluidsynth3:amd64 (2.3.4-1build3) ...
2025-06-09T16:42:19.9443524Z Setting up libsoup-3.0-0:amd64 (3.4.4-5ubuntu0.4) ...
2025-06-09T16:42:19.9468372Z Setting up libpocketsphinx3:amd64 (0.8.0+real5prealpha+1-15ubuntu5) ...
2025-06-09T16:42:19.9494478Z Setting up libgssdp-1.6-0:amd64 (1.6.3-1build3) ...
2025-06-09T16:42:19.9530708Z Setting up gstreamer1.0-plugins-good:amd64 (1.24.2-1ubuntu1.1) ...
2025-06-09T16:42:19.9555974Z Setting up libgupnp-1.6-0:amd64 (1.6.6-1build3) ...
2025-06-09T16:42:19.9583752Z Setting up libavfilter9:amd64 (7:6.1.1-3ubuntu5) ...
2025-06-09T16:42:19.9611643Z Setting up libgupnp-igd-1.6-0:amd64 (1.6.0-3build3) ...
2025-06-09T16:42:19.9641377Z Setting up gstreamer1.0-libav:amd64 (1.24.1-1build1) ...
2025-06-09T16:42:19.9670674Z Setting up libnice10:amd64 (0.1.21-2build3) ...
2025-06-09T16:42:19.9698659Z Setting up libgstreamer-plugins-bad1.0-0:amd64 (1.24.2-1ubuntu4) ...
2025-06-09T16:42:19.9740284Z Setting up gstreamer1.0-plugins-bad:amd64 (1.24.2-1ubuntu4) ...
2025-06-09T16:42:19.9770499Z Processing triggers for libc-bin (2.39-0ubuntu8.4) ...
2025-06-09T16:42:20.0237214Z Processing triggers for man-db (2.12.0-4build2) ...
2025-06-09T16:42:28.9377852Z Processing triggers for fontconfig (2.15.0-1.1ubuntu2) ...
2025-06-09T16:42:29.5490228Z 
2025-06-09T16:42:29.5491243Z Running kernel seems to be up-to-date.
2025-06-09T16:42:29.5491609Z 
2025-06-09T16:42:29.5491747Z Restarting services...
2025-06-09T16:42:29.5980342Z  systemctl restart packagekit.service php8.3-fpm.service polkit.service udisks2.service
2025-06-09T16:42:29.7316660Z 
2025-06-09T16:42:29.7317501Z Service restarts being deferred:
2025-06-09T16:42:29.7318208Z  systemctl restart ModemManager.service
2025-06-09T16:42:29.7318786Z  systemctl restart hosted-compute-agent.service
2025-06-09T16:42:29.7319388Z  systemctl restart networkd-dispatcher.service
2025-06-09T16:42:29.7319673Z 
2025-06-09T16:42:29.7319880Z No containers need to be restarted.
2025-06-09T16:42:29.7320171Z 
2025-06-09T16:42:29.7320476Z No user sessions are running outdated binaries.
2025-06-09T16:42:29.7320815Z 
2025-06-09T16:42:29.7321413Z No VM guests are running outdated hypervisor (qemu) binaries on this host.
2025-06-09T16:42:30.6247010Z Downloading Chromium 136.0.7103.25 (playwright build v1169) from https://cdn.playwright.dev/dbazure/download/playwright/builds/chromium/1169/chromium-linux.zip
2025-06-09T16:42:30.8291006Z |                                                                                |   0% of 167.7 MiB
2025-06-09T16:42:31.0099895Z |■■■■■■■■                                                                        |  10% of 167.7 MiB
2025-06-09T16:42:31.1350758Z |■■■■■■■■■■■■■■■■                                                                |  20% of 167.7 MiB
2025-06-09T16:42:31.2454821Z |■■■■■■■■■■■■■■■■■■■■■■■■                                                        |  30% of 167.7 MiB
2025-06-09T16:42:31.3491193Z |■■■■■■■■■■■■■■■■■■■■■■■■■■■■■■■■                                                |  40% of 167.7 MiB
2025-06-09T16:42:31.4536474Z |■■■■■■■■■■■■■■■■■■■■■■■■■■■■■■■■■■■■■■■■                                        |  50% of 167.7 MiB
2025-06-09T16:42:31.5521646Z |■■■■■■■■■■■■■■■■■■■■■■■■■■■■■■■■■■■■■■■■■■■■■■■■                                |  60% of 167.7 MiB
2025-06-09T16:42:31.6510252Z |■■■■■■■■■■■■■■■■■■■■■■■■■■■■■■■■■■■■■■■■■■■■■■■■■■■■■■■■                        |  70% of 167.7 MiB
2025-06-09T16:42:31.7368086Z |■■■■■■■■■■■■■■■■■■■■■■■■■■■■■■■■■■■■■■■■■■■■■■■■■■■■■■■■■■■■■■■■                |  80% of 167.7 MiB
2025-06-09T16:42:31.8380227Z |■■■■■■■■■■■■■■■■■■■■■■■■■■■■■■■■■■■■■■■■■■■■■■■■■■■■■■■■■■■■■■■■■■■■■■■■        |  90% of 167.7 MiB
2025-06-09T16:42:31.9270289Z |■■■■■■■■■■■■■■■■■■■■■■■■■■■■■■■■■■■■■■■■■■■■■■■■■■■■■■■■■■■■■■■■■■■■■■■■■■■■■■■■| 100% of 167.7 MiB
2025-06-09T16:42:35.6075458Z Chromium 136.0.7103.25 (playwright build v1169) downloaded to /home/runner/.cache/ms-playwright/chromium-1169
2025-06-09T16:42:35.6077862Z Downloading FFMPEG playwright build v1011 from https://cdn.playwright.dev/dbazure/download/playwright/builds/ffmpeg/1011/ffmpeg-linux.zip
2025-06-09T16:42:35.7921191Z |                                                                                |   0% of 2.3 MiB
2025-06-09T16:42:35.8035071Z |■■■■■■■■                                                                        |  10% of 2.3 MiB
2025-06-09T16:42:35.8115290Z |■■■■■■■■■■■■■■■■                                                                |  20% of 2.3 MiB
2025-06-09T16:42:35.8155716Z |■■■■■■■■■■■■■■■■■■■■■■■■                                                        |  30% of 2.3 MiB
2025-06-09T16:42:35.8254591Z |■■■■■■■■■■■■■■■■■■■■■■■■■■■■■■■■                                                |  40% of 2.3 MiB
2025-06-09T16:42:35.8316805Z |■■■■■■■■■■■■■■■■■■■■■■■■■■■■■■■■■■■■■■■■                                        |  50% of 2.3 MiB
2025-06-09T16:42:35.8349885Z |■■■■■■■■■■■■■■■■■■■■■■■■■■■■■■■■■■■■■■■■■■■■■■■■                                |  60% of 2.3 MiB
2025-06-09T16:42:35.8383514Z |■■■■■■■■■■■■■■■■■■■■■■■■■■■■■■■■■■■■■■■■■■■■■■■■■■■■■■■■                        |  70% of 2.3 MiB
2025-06-09T16:42:35.8415304Z |■■■■■■■■■■■■■■■■■■■■■■■■■■■■■■■■■■■■■■■■■■■■■■■■■■■■■■■■■■■■■■■■                |  80% of 2.3 MiB
2025-06-09T16:42:35.8627762Z |■■■■■■■■■■■■■■■■■■■■■■■■■■■■■■■■■■■■■■■■■■■■■■■■■■■■■■■■■■■■■■■■■■■■■■■■        |  90% of 2.3 MiB
2025-06-09T16:42:35.8659208Z |■■■■■■■■■■■■■■■■■■■■■■■■■■■■■■■■■■■■■■■■■■■■■■■■■■■■■■■■■■■■■■■■■■■■■■■■■■■■■■■■| 100% of 2.3 MiB
2025-06-09T16:42:35.9323901Z FFMPEG playwright build v1011 downloaded to /home/runner/.cache/ms-playwright/ffmpeg-1011
2025-06-09T16:42:35.9326481Z Downloading Chromium Headless Shell 136.0.7103.25 (playwright build v1169) from https://cdn.playwright.dev/dbazure/download/playwright/builds/chromium/1169/chromium-headless-shell-linux.zip
2025-06-09T16:42:36.1019133Z |                                                                                |   0% of 101.4 MiB
2025-06-09T16:42:36.2282973Z |■■■■■■■■                                                                        |  10% of 101.4 MiB
2025-06-09T16:42:36.3123773Z |■■■■■■■■■■■■■■■■                                                                |  20% of 101.4 MiB
2025-06-09T16:42:36.3935171Z |■■■■■■■■■■■■■■■■■■■■■■■■                                                        |  30% of 101.4 MiB
2025-06-09T16:42:36.4624462Z |■■■■■■■■■■■■■■■■■■■■■■■■■■■■■■■■                                                |  40% of 101.4 MiB
2025-06-09T16:42:36.5205967Z |■■■■■■■■■■■■■■■■■■■■■■■■■■■■■■■■■■■■■■■■                                        |  50% of 101.4 MiB
2025-06-09T16:42:36.5859923Z |■■■■■■■■■■■■■■■■■■■■■■■■■■■■■■■■■■■■■■■■■■■■■■■■                                |  60% of 101.4 MiB
2025-06-09T16:42:36.6501040Z |■■■■■■■■■■■■■■■■■■■■■■■■■■■■■■■■■■■■■■■■■■■■■■■■■■■■■■■■                        |  70% of 101.4 MiB
2025-06-09T16:42:36.7139830Z |■■■■■■■■■■■■■■■■■■■■■■■■■■■■■■■■■■■■■■■■■■■■■■■■■■■■■■■■■■■■■■■■                |  80% of 101.4 MiB
2025-06-09T16:42:36.7706887Z |■■■■■■■■■■■■■■■■■■■■■■■■■■■■■■■■■■■■■■■■■■■■■■■■■■■■■■■■■■■■■■■■■■■■■■■■        |  90% of 101.4 MiB
2025-06-09T16:42:36.8276423Z |■■■■■■■■■■■■■■■■■■■■■■■■■■■■■■■■■■■■■■■■■■■■■■■■■■■■■■■■■■■■■■■■■■■■■■■■■■■■■■■■| 100% of 101.4 MiB
2025-06-09T16:42:38.9479436Z Chromium Headless Shell 136.0.7103.25 (playwright build v1169) downloaded to /home/runner/.cache/ms-playwright/chromium_headless_shell-1169
2025-06-09T16:42:38.9481214Z Downloading Webkit 18.4 (playwright build v2158) from https://cdn.playwright.dev/dbazure/download/playwright/builds/webkit/2158/webkit-ubuntu-24.04.zip
2025-06-09T16:42:39.1170153Z |                                                                                |   0% of 93.5 MiB
2025-06-09T16:42:39.2289497Z |■■■■■■■■                                                                        |  10% of 93.5 MiB
2025-06-09T16:42:39.3037690Z |■■■■■■■■■■■■■■■■                                                                |  20% of 93.5 MiB
2025-06-09T16:42:39.3805367Z |■■■■■■■■■■■■■■■■■■■■■■■■                                                        |  30% of 93.5 MiB
2025-06-09T16:42:39.4491518Z |■■■■■■■■■■■■■■■■■■■■■■■■■■■■■■■■                                                |  40% of 93.5 MiB
2025-06-09T16:42:39.5076689Z |■■■■■■■■■■■■■■■■■■■■■■■■■■■■■■■■■■■■■■■■                                        |  50% of 93.5 MiB
2025-06-09T16:42:39.5591434Z |■■■■■■■■■■■■■■■■■■■■■■■■■■■■■■■■■■■■■■■■■■■■■■■■                                |  60% of 93.5 MiB
2025-06-09T16:42:39.6090819Z |■■■■■■■■■■■■■■■■■■■■■■■■■■■■■■■■■■■■■■■■■■■■■■■■■■■■■■■■                        |  70% of 93.5 MiB
2025-06-09T16:42:39.6582301Z |■■■■■■■■■■■■■■■■■■■■■■■■■■■■■■■■■■■■■■■■■■■■■■■■■■■■■■■■■■■■■■■■                |  80% of 93.5 MiB
2025-06-09T16:42:39.7141776Z |■■■■■■■■■■■■■■■■■■■■■■■■■■■■■■■■■■■■■■■■■■■■■■■■■■■■■■■■■■■■■■■■■■■■■■■■        |  90% of 93.5 MiB
2025-06-09T16:42:39.7629156Z |■■■■■■■■■■■■■■■■■■■■■■■■■■■■■■■■■■■■■■■■■■■■■■■■■■■■■■■■■■■■■■■■■■■■■■■■■■■■■■■■| 100% of 93.5 MiB
2025-06-09T16:42:41.7339830Z Webkit 18.4 (playwright build v2158) downloaded to /home/runner/.cache/ms-playwright/webkit-2158
2025-06-09T16:42:41.7342221Z Downloading Firefox 137.0 (playwright build v1482) from https://cdn.playwright.dev/dbazure/download/playwright/builds/firefox/1482/firefox-ubuntu-24.04.zip
2025-06-09T16:42:41.9094151Z |                                                                                |   0% of 91 MiB
2025-06-09T16:42:42.0185520Z |■■■■■■■■                                                                        |  10% of 91 MiB
2025-06-09T16:42:42.0936263Z |■■■■■■■■■■■■■■■■                                                                |  20% of 91 MiB
2025-06-09T16:42:42.1614533Z |■■■■■■■■■■■■■■■■■■■■■■■■                                                        |  30% of 91 MiB
2025-06-09T16:42:42.2258533Z |■■■■■■■■■■■■■■■■■■■■■■■■■■■■■■■■                                                |  40% of 91 MiB
2025-06-09T16:42:42.2860449Z |■■■■■■■■■■■■■■■■■■■■■■■■■■■■■■■■■■■■■■■■                                        |  50% of 91 MiB
2025-06-09T16:42:42.3431813Z |■■■■■■■■■■■■■■■■■■■■■■■■■■■■■■■■■■■■■■■■■■■■■■■■                                |  60% of 91 MiB
2025-06-09T16:42:42.3935432Z |■■■■■■■■■■■■■■■■■■■■■■■■■■■■■■■■■■■■■■■■■■■■■■■■■■■■■■■■                        |  70% of 91 MiB
2025-06-09T16:42:42.4513286Z |■■■■■■■■■■■■■■■■■■■■■■■■■■■■■■■■■■■■■■■■■■■■■■■■■■■■■■■■■■■■■■■■                |  80% of 91 MiB
2025-06-09T16:42:42.5035202Z |■■■■■■■■■■■■■■■■■■■■■■■■■■■■■■■■■■■■■■■■■■■■■■■■■■■■■■■■■■■■■■■■■■■■■■■■        |  90% of 91 MiB
2025-06-09T16:42:42.5563164Z |■■■■■■■■■■■■■■■■■■■■■■■■■■■■■■■■■■■■■■■■■■■■■■■■■■■■■■■■■■■■■■■■■■■■■■■■■■■■■■■■| 100% of 91 MiB
2025-06-09T16:42:44.4067576Z Firefox 137.0 (playwright build v1482) downloaded to /home/runner/.cache/ms-playwright/firefox-1482
2025-06-09T16:42:44.8260527Z ##[group]Run npm run build
2025-06-09T16:42:44.8260808Z [36;1mnpm run build[0m
2025-06-09T16:42:44.8313965Z shell: /usr/bin/bash -e {0}
2025-06-09T16:42:44.8314208Z env:
2025-06-09T16:42:44.8314384Z   NODE_VERSION: 18
2025-06-09T16:42:44.8315015Z   NEXT_PUBLIC_SUPABASE_URL: ***
2025-06-09T16:42:44.8316341Z   NEXT_PUBLIC_SUPABASE_ANON_KEY: ***
2025-06-09T16:42:44.8316597Z ##[endgroup]
2025-06-09T16:42:44.9662859Z 
2025-06-09T16:42:44.9663341Z > localloop@0.1.0 build
2025-06-09T16:42:44.9663739Z > next build
2025-06-09T16:42:44.9663864Z 
2025-06-09T16:42:45.5713942Z ⚠ No build cache found. Please configure build caching for faster rebuilds. Read more: https://nextjs.org/docs/messages/no-cache
2025-06-09T16:42:45.5783839Z Attention: Next.js now collects completely anonymous telemetry regarding usage.
2025-06-09T16:42:45.5786414Z This information is used to shape Next.js' roadmap and prioritize features.
2025-06-09T16:42:45.5788583Z You can learn more, including how to opt-out if you'd not like to participate in this anonymous program, by visiting the following URL:
2025-06-09T16:42:45.5789614Z https://nextjs.org/telemetry
2025-06-09T16:42:45.5789921Z 
2025-06-09T16:42:45.6781308Z    ▲ Next.js 15.3.2
2025-06-09T16:42:45.6781577Z 
2025-06-09T16:42:45.7024548Z    Creating an optimized production build ...
2025-06-09T16:43:09.1665389Z <w> [webpack.cache.PackFileCacheStrategy] Serializing big strings (100kiB) impacts deserialization performance (consider using Buffer instead and decode when needed)
2025-06-09T16:43:13.2077694Z  ⚠ Compiled with warnings in 27.0s
2025-06-09T16:43:13.2078438Z 
2025-06-09T16:43:13.2079194Z ./node_modules/@supabase/realtime-js/dist/main/RealtimeClient.js
2025-06-09T16:43:13.2080060Z Critical dependency: the request of a dependency is an expression
2025-06-09T16:43:13.2080595Z 
2025-06-09T16:43:13.2080833Z Import trace for requested module:
2025-06-09T16:43:13.2081550Z ./node_modules/@supabase/realtime-js/dist/main/RealtimeClient.js
2025-06-09T16:43:13.2082343Z ./node_modules/@supabase/realtime-js/dist/main/index.js
2025-06-09T16:43:13.2083058Z ./node_modules/@supabase/supabase-js/dist/module/index.js
2025-06-09T16:43:13.2083830Z ./node_modules/@supabase/ssr/dist/module/createBrowserClient.js
2025-06-09T16:43:13.2084404Z ./node_modules/@supabase/ssr/dist/module/index.js
2025-06-09T16:43:13.2084732Z ./lib/supabase-server.ts
2025-06-09T16:43:13.2085261Z ./app/page.tsx
2025-06-09T16:43:13.2085392Z 
2025-06-09T16:43:13.2113682Z    Skipping linting
2025-06-09T16:43:13.2116415Z    Checking validity of types ...
2025-06-09T16:43:31.3318196Z    Collecting page data ...
2025-06-09T16:43:34.7220844Z    Generating static pages (0/49) ...
2025-06-09T16:43:40.6128251Z    Generating static pages (12/49) 
2025-06-09T16:43:40.6128890Z    Generating static pages (24/49) 
2025-06-09T16:43:40.6131588Z  ⚠ metadataBase property in metadata export is not set for resolving social open graph or twitter images, using "http://localhost:3000". See https://nextjs.org/docs/app/api-reference/functions/generate-metadata#metadatabase
2025-06-09T16:43:40.6133573Z  ⚠ metadataBase property in metadata export is not set for resolving social open graph or twitter images, using "http://localhost:3000". See https://nextjs.org/docs/app/api-reference/functions/generate-metadata#metadatabase
2025-06-09T16:43:40.6134780Z    Generating static pages (36/49) 
2025-06-09T16:43:40.6135468Z  ✓ Generating static pages (49/49)
2025-06-09T16:43:40.9969797Z    Finalizing page optimization ...
2025-06-09T16:43:40.9970489Z    Collecting build traces ...
2025-06-09T16:43:47.1530870Z 
2025-06-09T16:43:47.1656589Z Route (app)                                 Size  First Load JS
2025-06-09T16:43:47.1657814Z ┌ ƒ /                                    7.95 kB         232 kB
2025-06-09T16:43:47.1658968Z ├ ○ /_not-found                            981 B         102 kB
2025-06-09T16:43:47.1659517Z ├ ○ /about                                 188 B         105 kB
2025-06-09T16:43:47.1660326Z ├ ƒ /api/analytics/performance             228 B         101 kB
2025-06-09T16:43:47.1660958Z ├ ƒ /api/auth/google/callback              228 B         101 kB
2025-06-09T16:43:47.1661534Z ├ ƒ /api/auth/google/connect               228 B         101 kB
2025-06-09T16:43:47.1662098Z ├ ƒ /api/auth/google/disconnect            228 B         101 kB
2025-06-09T16:43:47.1662663Z ├ ƒ /api/auth/google/status                228 B         101 kB
2025-06-09T16:43:47.1663213Z ├ ƒ /api/auth/welcome                      228 B         101 kB
2025-06-09T16:43:47.1663822Z ├ ƒ /api/calendar/add-to-calendar          228 B         101 kB
2025-06-09T16:43:47.1664433Z ├ ƒ /api/calendar/create-event             228 B         101 kB
2025-06-09T16:43:47.1665150Z ├ ƒ /api/checkout                          228 B         101 kB
2025-06-09T16:43:47.1665705Z ├ ƒ /api/debug-oauth                       228 B         101 kB
2025-06-09T16:43:47.1666263Z ├ ƒ /api/events                            228 B         101 kB
2025-06-09T16:43:47.1666956Z ├ ƒ /api/events/[id]                       228 B         101 kB
2025-06-09T16:43:47.1667512Z ├ ƒ /api/events/cancellation               228 B         101 kB
2025-06-09T16:43:47.1668071Z ├ ƒ /api/events/reminders                  228 B         101 kB
2025-06-09T16:43:47.1668603Z ├ ƒ /api/health                            228 B         101 kB
2025-06-09T16:43:47.1669109Z ├ ƒ /api/orders                            228 B         101 kB
2025-06-09T16:43:47.1669619Z ├ ƒ /api/refunds                           228 B         101 kB
2025-06-09T16:43:47.1670129Z ├ ƒ /api/rsvps                             228 B         101 kB
2025-06-09T16:43:47.1670640Z ├ ƒ /api/rsvps/[id]                        228 B         101 kB
2025-06-09T16:43:47.1671170Z ├ ƒ /api/staff/analytics                   228 B         101 kB
2025-06-09T16:43:47.1671732Z ├ ƒ /api/staff/attendees                   228 B         101 kB
2025-06-09T16:43:47.1672284Z ├ ƒ /api/staff/dashboard                   228 B         101 kB
2025-06-09T16:43:47.1672840Z ├ ƒ /api/staff/export                      228 B         101 kB
2025-06-09T16:43:47.1673367Z ├ ƒ /api/test-env                          228 B         101 kB
2025-06-09T16:43:47.1673900Z ├ ƒ /api/test-upgrade-role                 228 B         101 kB
2025-06-09T16:43:47.1674456Z ├ ƒ /api/ticket-types                      228 B         101 kB
2025-06-09T16:43:47.1675107Z ├ ƒ /api/ticket-types/[id]                 228 B         101 kB
2025-06-09T16:43:47.1675661Z ├ ƒ /api/update-customer-info              228 B         101 kB
2025-06-09T16:43:47.1676119Z ├ ƒ /api/webhooks/stripe                   228 B         101 kB
2025-06-09T16:43:47.1676556Z ├ ○ /auth/callback                         957 B         142 kB
2025-06-09T16:43:47.1676993Z ├ ○ /auth/google/callback                2.29 kB         103 kB
2025-06-09T16:43:47.1677441Z ├ ○ /auth/login                          3.29 kB         148 kB
2025-06-09T16:43:47.1677884Z ├ ○ /auth/reset-password                 2.09 kB         146 kB
2025-06-09T16:43:47.1678334Z ├ ○ /auth/signup                         3.26 kB         148 kB
2025-06-09T16:43:47.1678771Z ├ ○ /auth/update-password                2.48 kB         147 kB
2025-06-09T16:43:47.1679203Z ├ ○ /contact                               188 B         105 kB
2025-06-09T16:43:47.1679620Z ├ ○ /create-event                          188 B         105 kB
2025-06-09T16:43:47.1680028Z ├ ○ /demo                                2.93 kB         227 kB
2025-06-09T16:43:47.1680431Z ├ ○ /demo/lists                          3.78 kB         228 kB
2025-06-09T16:43:47.1680919Z ├ ƒ /events/[id]                          2.1 kB         212 kB
2025-06-09T16:43:47.1681743Z ├ ƒ /my-events                            7.4 kB         126 kB
2025-06-09T16:43:47.1682546Z ├ ○ /privacy                               188 B         105 kB
2025-06-09T16:43:47.1683552Z ├ ○ /robots.txt                            228 B         101 kB
2025-06-09T16:43:47.1684215Z ├ ○ /sitemap.xml                           228 B         101 kB
2025-06-09T16:43:47.1685153Z ├ ƒ /staff                               14.6 kB         160 kB
2025-06-09T16:43:47.1685813Z ├ ○ /staff/dashboard                       228 B         101 kB
2025-06-09T16:43:47.1686474Z ├ ƒ /staff/events/[id]/edit              1.94 kB         157 kB
2025-06-09T16:43:47.1687141Z ├ ƒ /staff/events/create                 1.92 kB         157 kB
2025-06-09T16:43:47.1687766Z ├ ○ /terms                                 188 B         105 kB
2025-06-09T16:43:47.1688349Z └ ƒ /test-auth                             228 B         101 kB
2025-06-09T16:43:47.1688895Z + First Load JS shared by all             101 kB
2025-06-09T16:43:47.1689452Z   ├ chunks/1684-0df89d9f25c583b2.js      45.9 kB
2025-06-09T16:43:47.1690090Z   ├ chunks/4bd1b696-b638aa3d70fba23c.js  53.2 kB
2025-06-09T16:43:47.1690746Z   └ other shared chunks (total)          1.96 kB
2025-06-09T16:43:47.1691099Z 
2025-06-09T16:43:47.1691108Z 
2025-06-09T16:43:47.1691448Z ƒ Middleware                             66.2 kB
2025-06-09T16:43:47.1691766Z 
2025-06-09T16:43:47.1692122Z ○  (Static)   prerendered as static content
2025-06-09T16:43:47.1692767Z ƒ  (Dynamic)  server-rendered on demand
2025-06-09T16:43:47.1693077Z 
2025-06-09T16:43:47.2779033Z ##[group]Run npx playwright test --config=playwright.ci.config.ts
2025-06-09T16:43:47.2779516Z [36;1mnpx playwright test --config=playwright.ci.config.ts[0m
2025-06-09T16:43:47.2831457Z shell: /usr/bin/bash -e {0}
2025-06-09T16:43:47.2831693Z env:
2025-06-09T16:43:47.2831862Z   NODE_VERSION: 18
2025-06-09T16:43:47.2832047Z   CI: true
2025-06-09T16:43:47.2832443Z   NEXT_PUBLIC_SUPABASE_URL: ***
2025-06-09T16:43:47.2833749Z   NEXT_PUBLIC_SUPABASE_ANON_KEY: ***
2025-06-09T16:43:47.2834006Z ##[endgroup]
2025-06-09T16:43:48.8948152Z [WebServer] 
2025-06-09T16:43:48.8948724Z [WebServer] > localloop@0.1.0 start
2025-06-09T16:43:48.8949293Z [WebServer] > next start
2025-06-09T16:43:48.8949672Z [WebServer] 
2025-06-09T16:43:49.1980682Z [WebServer]    [1m[38;2;173;127;168m▲ Next.js 15.3.2[39m[22m
2025-06-09T16:43:49.1982820Z [WebServer]    - Local:        http://localhost:3000
2025-06-09T16:43:49.1983586Z [WebServer]    - Network:      http://10.1.0.223:3000
2025-06-09T16:43:49.1984189Z [WebServer] 
2025-06-09T16:43:49.1984826Z [WebServer]  [32m[1m✓[22m[39m Starting...
2025-06-09T16:43:49.4529525Z [WebServer]  [32m[1m✓[22m[39m Ready in 452ms
2025-06-09T16:43:50.2093624Z [WebServer]  [33m[1m⚠[22m[39m metadataBase property in metadata export is not set for resolving social open graph or twitter images, using "http://localhost:3000". See https://nextjs.org/docs/app/api-reference/functions/generate-metadata#metadatabase
2025-06-09T16:43:50.8348426Z 
2025-06-09T16:43:50.8349013Z Running 12 tests using 1 worker
2025-06-09T16:43:53.0226530Z Homepage basic structure loaded successfully
2025-06-09T16:43:53.5761475Z ·Navigation elements are present and responsive
2025-06-09T16:43:55.3560494Z ·Basic responsive layout works correctly
2025-06-09T16:43:59.4732704Z ·Homepage basic structure loaded successfully
2025-06-09T16:44:00.4416856Z ·Navigation elements are present and responsive
2025-06-09T16:44:02.5413248Z ·Basic responsive layout works correctly
2025-06-09T16:44:05.1081775Z ·Homepage basic structure loaded successfully
2025-06-09T16:44:05.8488078Z ·Navigation elements are present and responsive
2025-06-09T16:44:07.6883356Z ·Basic responsive layout works correctly
2025-06-09T16:44:09.9826050Z ·Homepage basic structure loaded successfully
2025-06-09T16:44:10.9359617Z ·Navigation elements are present and responsive
2025-06-09T16:44:12.7905401Z ·Basic responsive layout works correctly
2025-06-09T16:44:13.8330755Z ·
2025-06-09T16:44:13.8336107Z   12 passed (25.4s)
2025-06-09T16:44:13.8368621Z ##[notice]  12 passed (25.4s)
2025-06-09T16:44:13.8790676Z ##[group]Run actions/upload-artifact@v4
2025-06-09T16:44:13.8790955Z with:
2025-06-09T16:44:13.8791302Z   name: e2e-results
2025-06-09T16:44:13.8791528Z   path: test-results/
playwright-report/

2025-06-09T16:44:13.8791791Z   retention-days: 7
2025-06-09T16:44:13.8791984Z   if-no-files-found: warn
2025-06-09T16:44:13.8792196Z   compression-level: 6
2025-06-09T16:44:13.8792385Z   overwrite: false
2025-06-09T16:44:13.8792573Z   include-hidden-files: false
2025-06-09T16:44:13.8792784Z env:
2025-06-09T16:44:13.8792941Z   NODE_VERSION: 18
2025-06-09T16:44:13.8793119Z ##[endgroup]
2025-06-09T16:44:14.1051156Z Multiple search paths detected. Calculating the least common ancestor of all paths
2025-06-09T16:44:14.1076535Z The least common ancestor is /home/runner/work/LocalLoop/LocalLoop. This will be the root directory of the artifact
2025-06-09T16:44:14.1077575Z With the provided path, there will be 1 file uploaded
2025-06-09T16:44:14.1078398Z Artifact name is valid!
2025-06-09T16:44:14.1078879Z Root directory input is valid!
2025-06-09T16:44:14.2266988Z Beginning upload of artifact content to blob storage
2025-06-09T16:44:14.3049099Z Uploaded bytes 181270
2025-06-09T16:44:14.3169953Z Finished uploading artifact content to blob storage!
2025-06-09T16:44:14.3173191Z SHA256 digest of uploaded artifact zip is c6586da4fc88aebb0d235c6345aebcaa3ecb9d808f689d1ac9030f48fb29cb9b
2025-06-09T16:44:14.3174546Z Finalizing artifact upload
2025-06-09T16:44:14.3970428Z Artifact e2e-results.zip successfully finalized. Artifact ID 3289498270
2025-06-09T16:44:14.3971915Z Artifact e2e-results has been successfully uploaded! Final size is 181270 bytes. Artifact ID is 3289498270
2025-06-09T16:44:14.3977744Z Artifact download URL: https://github.com/JacksonR64/LocalLoop/actions/runs/15539644474/artifacts/3289498270
2025-06-09T16:44:14.4090180Z Post job cleanup.
2025-06-09T16:44:14.5579969Z Cache hit occurred on the primary key node-cache-Linux-x64-npm-c12c6ac637b018150c9ab8486a2ab8d5c875f0013e7356ae5e08bc546e10a4bd, not saving cache.
2025-06-09T16:44:14.5693917Z Post job cleanup.
2025-06-09T16:44:14.6621456Z [command]/usr/bin/git version
2025-06-09T16:44:14.6673936Z git version 2.49.0
2025-06-09T16:44:14.6736132Z Temporarily overriding HOME='/home/runner/work/_temp/e06c4986-aad7-485a-8335-9883f03247b3' before making global git config changes
2025-06-09T16:44:14.6737534Z Adding repository directory to the temporary git global config as a safe directory
2025-06-09T16:44:14.6743452Z [command]/usr/bin/git config --global --add safe.directory /home/runner/work/LocalLoop/LocalLoop
2025-06-09T16:44:14.6784660Z [command]/usr/bin/git config --local --name-only --get-regexp core\.sshCommand
2025-06-09T16:44:14.6823868Z [command]/usr/bin/git submodule foreach --recursive sh -c "git config --local --name-only --get-regexp 'core\.sshCommand' && git config --local --unset-all 'core.sshCommand' || :"
2025-06-09T16:44:14.7068171Z [command]/usr/bin/git config --local --name-only --get-regexp http\.https\:\/\/github\.com\/\.extraheader
2025-06-09T16:44:14.7090450Z http.https://github.com/.extraheader
2025-06-09T16:44:14.7103136Z [command]/usr/bin/git config --local --unset-all http.https://github.com/.extraheader
2025-06-09T16:44:14.7136777Z [command]/usr/bin/git submodule foreach --recursive sh -c "git config --local --name-only --get-regexp 'http\.https\:\/\/github\.com\/\.extraheader' && git config --local --unset-all 'http.https://github.com/.extraheader' || :"
2025-06-09T16:44:14.7485803Z Cleaning up orphan processes
