2025-06-06T16:25:56.8270395Z Current runner version: '2.325.0'
2025-06-06T16:25:56.8344062Z ##[group]Runner Image Provisioner
2025-06-06T16:25:56.8345283Z Hosted Compute Agent
2025-06-06T16:25:56.8346155Z Version: 20250508.323
2025-06-06T16:25:56.8347429Z Commit: 81b259f29879f73b4213d199e42d8c3465dae986
2025-06-06T16:25:56.8348506Z Build Date: 2025-05-08T19:40:08Z
2025-06-06T16:25:56.8349476Z ##[endgroup]
2025-06-06T16:25:56.8350219Z ##[group]Operating System
2025-06-06T16:25:56.8351327Z Ubuntu
2025-06-06T16:25:56.8352022Z 24.04.2
2025-06-06T16:25:56.8352900Z LTS
2025-06-06T16:25:56.8353972Z ##[endgroup]
2025-06-06T16:25:56.8354834Z ##[group]Runner Image
2025-06-06T16:25:56.8355747Z Image: ubuntu-24.04
2025-06-06T16:25:56.8377106Z Version: 20250511.1.0
2025-06-06T16:25:56.8378995Z Included Software: https://github.com/actions/runner-images/blob/ubuntu24/20250511.1/images/ubuntu/Ubuntu2404-Readme.md
2025-06-06T16:25:56.8381849Z Image Release: https://github.com/actions/runner-images/releases/tag/ubuntu24%2F20250511.1
2025-06-06T16:25:56.8383584Z ##[endgroup]
2025-06-06T16:25:56.8385556Z ##[group]GITHUB_TOKEN Permissions
2025-06-06T16:25:56.8388428Z Contents: read
2025-06-06T16:25:56.8389646Z Metadata: read
2025-06-06T16:25:56.8390502Z Packages: read
2025-06-06T16:25:56.8391419Z ##[endgroup]
2025-06-06T16:25:56.8394755Z Secret source: Actions
2025-06-06T16:25:56.8396053Z Prepare workflow directory
2025-06-06T16:25:56.9546172Z Prepare all required actions
2025-06-06T16:25:56.9663470Z Getting action download info
2025-06-06T16:25:57.2981659Z ##[group]Download immutable action package 'actions/checkout@v4'
2025-06-06T16:25:57.2982639Z Version: 4.2.2
2025-06-06T16:25:57.2983616Z Digest: sha256:ccb2698953eaebd21c7bf6268a94f9c26518a7e38e27e0b83c1fe1ad049819b1
2025-06-06T16:25:57.2984760Z Source commit SHA: 11bd71901bbe5b1630ceea73d27597364c9af683
2025-06-06T16:25:57.2985509Z ##[endgroup]
2025-06-06T16:25:57.4002043Z ##[group]Download immutable action package 'actions/setup-node@v4'
2025-06-06T16:25:57.4003422Z Version: 4.4.0
2025-06-06T16:25:57.4004611Z Digest: sha256:9427cefe82346e992fb5b949e3569b39d537ae41aa3086483b14eceebfc16bc1
2025-06-06T16:25:57.4007074Z Source commit SHA: 49933ea5288caeca8642d1e84afbd3f7d6820020
2025-06-06T16:25:57.4008221Z ##[endgroup]
2025-06-06T16:25:57.5752412Z Complete job name: 🧪 Tests
2025-06-06T16:25:57.6381475Z ##[group]Run actions/checkout@v4
2025-06-06T16:25:57.6382297Z with:
2025-06-06T16:25:57.6382701Z   repository: JacksonR64/LocalLoop-V0.3
2025-06-06T16:25:57.6383370Z   token: ***
2025-06-06T16:25:57.6383747Z   ssh-strict: true
2025-06-06T16:25:57.6384130Z   ssh-user: git
2025-06-06T16:25:57.6384520Z   persist-credentials: true
2025-06-06T16:25:57.6384955Z   clean: true
2025-06-06T16:25:57.6385337Z   sparse-checkout-cone-mode: true
2025-06-06T16:25:57.6385798Z   fetch-depth: 1
2025-06-06T16:25:57.6386166Z   fetch-tags: false
2025-06-06T16:25:57.6386768Z   show-progress: true
2025-06-06T16:25:57.6387159Z   lfs: false
2025-06-06T16:25:57.6387508Z   submodules: false
2025-06-06T16:25:57.6387897Z   set-safe-directory: true
2025-06-06T16:25:57.6388706Z env:
2025-06-06T16:25:57.6389070Z   NODE_VERSION: 18
2025-06-06T16:25:57.6389440Z ##[endgroup]
2025-06-06T16:25:57.7527944Z Syncing repository: JacksonR64/LocalLoop-V0.3
2025-06-06T16:25:57.7530584Z ##[group]Getting Git version info
2025-06-06T16:25:57.7531932Z Working directory is '/home/runner/work/LocalLoop-V0.3/LocalLoop-V0.3'
2025-06-06T16:25:57.7651728Z [command]/usr/bin/git version
2025-06-06T16:25:57.7653327Z git version 2.49.0
2025-06-06T16:25:57.7675417Z ##[endgroup]
2025-06-06T16:25:57.7700801Z Temporarily overriding HOME='/home/runner/work/_temp/04f14120-edc1-4b3d-956a-bad105720097' before making global git config changes
2025-06-06T16:25:57.7704281Z Adding repository directory to the temporary git global config as a safe directory
2025-06-06T16:25:57.7707642Z [command]/usr/bin/git config --global --add safe.directory /home/runner/work/LocalLoop-V0.3/LocalLoop-V0.3
2025-06-06T16:25:57.7744607Z Deleting the contents of '/home/runner/work/LocalLoop-V0.3/LocalLoop-V0.3'
2025-06-06T16:25:57.7747809Z ##[group]Initializing the repository
2025-06-06T16:25:57.7752844Z [command]/usr/bin/git init /home/runner/work/LocalLoop-V0.3/LocalLoop-V0.3
2025-06-06T16:25:57.7832917Z hint: Using 'master' as the name for the initial branch. This default branch name
2025-06-06T16:25:57.7835097Z hint: is subject to change. To configure the initial branch name to use in all
2025-06-06T16:25:57.7836815Z hint: of your new repositories, which will suppress this warning, call:
2025-06-06T16:25:57.7838199Z hint:
2025-06-06T16:25:57.7839882Z hint: 	git config --global init.defaultBranch <name>
2025-06-06T16:25:57.7840808Z hint:
2025-06-06T16:25:57.7841688Z hint: Names commonly chosen instead of 'master' are 'main', 'trunk' and
2025-06-06T16:25:57.7843293Z hint: 'development'. The just-created branch can be renamed via this command:
2025-06-06T16:25:57.7844555Z hint:
2025-06-06T16:25:57.7845262Z hint: 	git branch -m <name>
2025-06-06T16:25:57.7846946Z Initialized empty Git repository in /home/runner/work/LocalLoop-V0.3/LocalLoop-V0.3/.git/
2025-06-06T16:25:57.7855113Z [command]/usr/bin/git remote add origin https://github.com/JacksonR64/LocalLoop-V0.3
2025-06-06T16:25:57.7890868Z ##[endgroup]
2025-06-06T16:25:57.7892067Z ##[group]Disabling automatic garbage collection
2025-06-06T16:25:57.8709248Z [command]/usr/bin/git config --local gc.auto 0
2025-06-06T16:25:57.8712821Z ##[endgroup]
2025-06-06T16:25:57.8713906Z ##[group]Setting up auth
2025-06-06T16:25:57.8715022Z [command]/usr/bin/git config --local --name-only --get-regexp core\.sshCommand
2025-06-06T16:25:57.8718583Z [command]/usr/bin/git submodule foreach --recursive sh -c "git config --local --name-only --get-regexp 'core\.sshCommand' && git config --local --unset-all 'core.sshCommand' || :"
2025-06-06T16:25:57.8722195Z [command]/usr/bin/git config --local --name-only --get-regexp http\.https\:\/\/github\.com\/\.extraheader
2025-06-06T16:25:57.8731762Z [command]/usr/bin/git submodule foreach --recursive sh -c "git config --local --name-only --get-regexp 'http\.https\:\/\/github\.com\/\.extraheader' && git config --local --unset-all 'http.https://github.com/.extraheader' || :"
2025-06-06T16:25:57.8783269Z [command]/usr/bin/git config --local http.https://github.com/.extraheader AUTHORIZATION: basic ***
2025-06-06T16:25:57.8830505Z ##[endgroup]
2025-06-06T16:25:57.8832257Z ##[group]Fetching the repository
2025-06-06T16:25:57.8842210Z [command]/usr/bin/git -c protocol.version=2 fetch --no-tags --prune --no-recurse-submodules --depth=1 origin +1a853785723970227154fb8279695052df184f77:refs/remotes/origin/fix/ci-pipeline
2025-06-06T16:25:58.6492311Z From https://github.com/JacksonR64/LocalLoop-V0.3
2025-06-06T16:25:58.6505343Z  * [new ref]         1a853785723970227154fb8279695052df184f77 -> origin/fix/ci-pipeline
2025-06-06T16:25:58.6532999Z ##[endgroup]
2025-06-06T16:25:58.6535032Z ##[group]Determining the checkout info
2025-06-06T16:25:58.6541562Z ##[endgroup]
2025-06-06T16:25:58.6552105Z [command]/usr/bin/git sparse-checkout disable
2025-06-06T16:25:58.6614162Z [command]/usr/bin/git config --local --unset-all extensions.worktreeConfig
2025-06-06T16:25:58.6667662Z ##[group]Checking out the ref
2025-06-06T16:25:58.6671643Z [command]/usr/bin/git checkout --progress --force -B fix/ci-pipeline refs/remotes/origin/fix/ci-pipeline
2025-06-06T16:25:58.7520273Z Switched to a new branch 'fix/ci-pipeline'
2025-06-06T16:25:58.7525053Z branch 'fix/ci-pipeline' set up to track 'origin/fix/ci-pipeline'.
2025-06-06T16:25:58.7535891Z ##[endgroup]
2025-06-06T16:25:58.7575800Z [command]/usr/bin/git log -1 --format=%H
2025-06-06T16:25:58.7598773Z 1a853785723970227154fb8279695052df184f77
2025-06-06T16:25:58.7885690Z ##[group]Run actions/setup-node@v4
2025-06-06T16:25:58.7887124Z with:
2025-06-06T16:25:58.7887929Z   node-version: 18
2025-06-06T16:25:58.7888784Z   cache: npm
2025-06-06T16:25:58.7889600Z   always-auth: false
2025-06-06T16:25:58.7890497Z   check-latest: false
2025-06-06T16:25:58.7891693Z   token: ***
2025-06-06T16:25:58.7892476Z env:
2025-06-06T16:25:58.7893229Z   NODE_VERSION: 18
2025-06-06T16:25:58.7894327Z ##[endgroup]
2025-06-06T16:25:58.9823934Z Found in cache @ /opt/hostedtoolcache/node/18.20.8/x64
2025-06-06T16:25:58.9829643Z ##[group]Environment details
2025-06-06T16:26:00.6243674Z node: v18.20.8
2025-06-06T16:26:00.6248029Z npm: 10.8.2
2025-06-06T16:26:00.6249649Z yarn: 1.22.22
2025-06-06T16:26:00.6253964Z ##[endgroup]
2025-06-06T16:26:00.6282734Z [command]/opt/hostedtoolcache/node/18.20.8/x64/bin/npm config get cache
2025-06-06T16:26:00.9010749Z /home/runner/.npm
2025-06-06T16:26:01.0104136Z Cache hit for: node-cache-Linux-x64-npm-2be94d80918732632554aac3646f7ebd6a7b87a8da6fd4ec5f1428c609b1c779
2025-06-06T16:26:02.0451347Z Received 163577856 of 201999962 (81.0%), 155.5 MBs/sec
2025-06-06T16:26:02.2454855Z Received 201999962 of 201999962 (100.0%), 160.1 MBs/sec
2025-06-06T16:26:02.2457173Z Cache Size: ~193 MB (201999962 B)
2025-06-06T16:26:02.2544396Z [command]/usr/bin/tar -xf /home/runner/work/_temp/87be1a77-09f0-4562-9b2a-f46281585d23/cache.tzst -P -C /home/runner/work/LocalLoop-V0.3/LocalLoop-V0.3 --use-compress-program unzstd
2025-06-06T16:26:02.7487397Z Cache restored successfully
2025-06-06T16:26:02.7905331Z Cache restored from key: node-cache-Linux-x64-npm-2be94d80918732632554aac3646f7ebd6a7b87a8da6fd4ec5f1428c609b1c779
2025-06-06T16:26:02.8092424Z ##[group]Run npm ci --legacy-peer-deps
2025-06-06T16:26:02.8092803Z [36;1mnpm ci --legacy-peer-deps[0m
2025-06-06T16:26:02.8260818Z shell: /usr/bin/bash -e {0}
2025-06-06T16:26:02.8261092Z env:
2025-06-06T16:26:02.8261274Z   NODE_VERSION: 18
2025-06-06T16:26:02.8261477Z ##[endgroup]
2025-06-06T16:26:10.2459401Z npm warn deprecated inflight@1.0.6: This module is not supported, and leaks memory. Do not use it. Check out lru-cache if you want a good and tested way to coalesce async requests by a key value, which is much more comprehensive and powerful.
2025-06-06T16:26:10.5569668Z npm warn deprecated abab@2.0.6: Use your platform's native atob() and btoa() methods instead
2025-06-06T16:26:10.7208364Z npm warn deprecated glob@7.2.3: Glob versions prior to v9 are no longer supported
2025-06-06T16:26:10.8601821Z npm warn deprecated domexception@4.0.0: Use your platform's native DOMException instead
2025-06-06T16:26:22.0038229Z 
2025-06-06T16:26:22.0040302Z > 1000x-app@0.1.0 prepare
2025-06-06T16:26:22.0074582Z > husky install
2025-06-06T16:26:22.0074951Z 
2025-06-06T16:26:22.0676201Z husky - install command is DEPRECATED
2025-06-06T16:26:22.0923200Z 
2025-06-06T16:26:22.0924566Z added 811 packages, and audited 812 packages in 19s
2025-06-06T16:26:22.0925904Z 
2025-06-06T16:26:22.0926707Z 183 packages are looking for funding
2025-06-06T16:26:22.0928540Z   run `npm fund` for details
2025-06-06T16:26:22.0945584Z 
2025-06-06T16:26:22.0948395Z found 0 vulnerabilities
2025-06-06T16:26:22.1855757Z ##[group]Run npm run test:ci
2025-06-06T16:26:22.1856052Z [36;1mnpm run test:ci[0m
2025-06-06T16:26:22.1911386Z shell: /usr/bin/bash -e {0}
2025-06-06T16:26:22.1911614Z env:
2025-06-06T16:26:22.1911792Z   NODE_VERSION: 18
2025-06-06T16:26:22.1911985Z ##[endgroup]
2025-06-06T16:26:22.3499609Z 
2025-06-06T16:26:22.3500214Z > 1000x-app@0.1.0 test:ci
2025-06-06T16:26:22.3501690Z > jest --ci --coverage --watchAll=false
2025-06-06T16:26:22.3502037Z 
2025-06-06T16:26:23.3813381Z jest-haste-map: Haste module naming collision: 1000x-app
2025-06-06T16:26:23.3823805Z   The following files share their name; please adjust your hasteImpl:
2025-06-06T16:26:23.3824462Z     * <rootDir>/package.json
2025-06-06T16:26:23.3824951Z     * <rootDir>/copy/package.json
2025-06-06T16:26:23.3825258Z 
2025-06-06T16:26:24.6843867Z PASS lib/utils/__tests__/ticket-utils.test.ts
2025-06-06T16:26:24.6849138Z   Ticket Utils
2025-06-06T16:26:24.6851591Z     formatPrice
2025-06-06T16:26:24.6854552Z       ✓ should format price correctly for paid tickets (15 ms)
2025-06-06T16:26:24.6857187Z       ✓ should display "Free" for zero price
2025-06-06T16:26:24.6870698Z       ✓ should handle different currencies
2025-06-06T16:26:24.6871347Z       ✓ should handle large amounts (1 ms)
2025-06-06T16:26:24.6872458Z       ✓ should handle small amounts (1 ms)
2025-06-06T16:26:24.6872943Z     convertToStripeAmount
2025-06-06T16:26:24.6873641Z       ✓ should convert dollars to cents correctly (1 ms)
2025-06-06T16:26:24.6874284Z       ✓ should handle zero amount
2025-06-06T16:26:24.6874884Z       ✓ should round properly for precision issues
2025-06-06T16:26:24.6875548Z       ✓ should handle large amounts
2025-06-06T16:26:24.6876045Z     convertToDollars
2025-06-06T16:26:24.6876893Z       ✓ should convert cents to dollars correctly (1 ms)
2025-06-06T16:26:24.6877567Z       ✓ should handle zero amount (1 ms)
2025-06-06T16:26:24.6878167Z       ✓ should handle single cents
2025-06-06T16:26:24.6878592Z     calculateStripeFee
2025-06-06T16:26:24.6879199Z       ✓ should calculate Stripe fees correctly (8 ms)
2025-06-06T16:26:24.6879829Z       ✓ should handle zero amount (1 ms)
2025-06-06T16:26:24.6880410Z       ✓ should handle small amounts
2025-06-06T16:26:24.6880988Z       ✓ should handle large amounts (1 ms)
2025-06-06T16:26:24.6881458Z     calculateCustomerTotal
2025-06-06T16:26:24.6882221Z       ✓ should calculate total amount customer pays
2025-06-06T16:26:24.6882819Z       ✓ should handle free tickets
2025-06-06T16:26:24.6883252Z     checkTicketAvailability
2025-06-06T16:26:24.6976754Z       ✓ should return availability for tickets with capacity (1 ms)
2025-06-06T16:26:24.6977756Z       ✓ should handle tickets without capacity limits (1 ms)
2025-06-06T16:26:24.6978425Z       ✓ should detect sold out tickets
2025-06-06T16:26:24.6979023Z       ✓ should handle tickets with sale periods
2025-06-06T16:26:24.6979623Z       ✓ should detect ended sales (1 ms)
2025-06-06T16:26:24.6980077Z     formatAvailabilityStatus
2025-06-06T16:26:24.6980627Z       ✓ should format available status
2025-06-06T16:26:24.6981212Z       ✓ should format unlimited availability
2025-06-06T16:26:24.6981794Z       ✓ should format sold out status (1 ms)
2025-06-06T16:26:24.6982265Z     validateTicketPrice
2025-06-06T16:26:24.6982849Z       ✓ should validate correct prices (1 ms)
2025-06-06T16:26:24.6983486Z       ✓ should reject negative prices
2025-06-06T16:26:24.6984182Z       ✓ should reject prices below minimum for paid tickets
2025-06-06T16:26:24.6984870Z       ✓ should reject prices above maximum
2025-06-06T16:26:24.6985321Z     calculateRefundAmount
2025-06-06T16:26:24.6985996Z       ✓ should calculate customer refund with Stripe fee deduction
2025-06-06T16:26:24.6987304Z       ✓ should calculate full refund for event cancellation (1 ms)
2025-06-06T16:26:24.6987963Z       ✓ should handle small amounts
2025-06-06T16:26:24.6988401Z     getTicketTypeDisplayName
2025-06-06T16:26:24.6989010Z       ✓ should return the ticket type name with price
2025-06-06T16:26:24.6990059Z       ✓ should handle empty or undefined names (1 ms)
2025-06-06T16:26:24.6990612Z     sortTicketTypes
2025-06-06T16:26:24.6991209Z       ✓ should sort ticket types by price ascending
2025-06-06T16:26:24.6991692Z     getActiveTicketTypes
2025-06-06T16:26:24.6992331Z       ✓ should filter only active ticket types (1 ms)
2025-06-06T16:26:24.6993062Z       ✓ should maintain order of active tickets
2025-06-06T16:26:24.6993567Z     calculateTotalRevenue
2025-06-06T16:26:24.6994260Z       ✓ should calculate total revenue from sold tickets (1 ms)
2025-06-06T16:26:24.6995011Z       ✓ should handle tickets with no sales
2025-06-06T16:26:24.6995480Z     formatSaleDate
2025-06-06T16:26:24.6996019Z       ✓ should format date strings (4 ms)
2025-06-06T16:26:24.6997021Z       ✓ should handle different date formats (1 ms)
2025-06-06T16:26:24.6997533Z     hasCapacityLimit
2025-06-06T16:26:24.6998166Z       ✓ should return true for tickets with capacity
2025-06-06T16:26:24.6998889Z       ✓ should return false for unlimited tickets
2025-06-06T16:26:24.6999408Z     getMinimumTicketPrice
2025-06-06T16:26:24.7000060Z       ✓ should return minimum price from ticket types
2025-06-06T16:26:24.7000766Z       ✓ should return null for empty array
2025-06-06T16:26:24.7001551Z       ✓ should exclude inactive tickets from price calculation
2025-06-06T16:26:24.7002471Z     getMaximumTicketPrice
2025-06-06T16:26:24.7003220Z       ✓ should return maximum price from ticket types
2025-06-06T16:26:24.7003955Z       ✓ should return null for empty array (1 ms)
2025-06-06T16:26:24.7004445Z     formatPriceRange
2025-06-06T16:26:24.7005079Z       ✓ should format price range for mixed ticket types
2025-06-06T16:26:24.7005789Z       ✓ should handle single price point
2025-06-06T16:26:24.7006719Z       ✓ should handle all free tickets
2025-06-06T16:26:24.7007359Z       ✓ should handle empty array
2025-06-06T16:26:24.7007655Z 
2025-06-06T16:26:25.0988993Z PASS lib/utils/__tests__/eventFilters.test.ts
2025-06-06T16:26:25.0990817Z   Event Filters
2025-06-06T16:26:25.0992341Z     applyFilters
2025-06-06T16:26:25.0994348Z       ✓ should return all events with empty filters
2025-06-06T16:26:25.0996178Z       ✓ should filter by categories (1 ms)
2025-06-06T16:26:25.0998160Z       ✓ should filter by price type (free)
2025-06-06T16:26:25.0999941Z       ✓ should filter by price type (paid) (1 ms)
2025-06-06T16:26:25.1001835Z       ✓ should filter by search query
2025-06-06T16:26:25.1003568Z       ✓ should sort by date ascending (6 ms)
2025-06-06T16:26:25.1037726Z       ✓ should sort by date descending (1 ms)
2025-06-06T16:26:25.1038426Z       ✓ should sort by title ascending (1 ms)
2025-06-06T16:26:25.1039070Z       ✓ should combine multiple filters
2025-06-06T16:26:25.1039532Z     getEventCategories
2025-06-06T16:26:25.1040170Z       ✓ should return unique categories with counts (1 ms)
2025-06-06T16:26:25.1040848Z       ✓ should handle empty events array
2025-06-06T16:26:25.1041505Z       ✓ should sort categories alphabetically (1 ms)
2025-06-06T16:26:25.1042038Z     getEventPriceCounts
2025-06-06T16:26:25.1042605Z       ✓ should count free and paid events (1 ms)
2025-06-06T16:26:25.1043226Z       ✓ should handle empty events array
2025-06-06T16:26:25.1043828Z       ✓ should handle all free events (1 ms)
2025-06-06T16:26:25.1044312Z     hasActiveFilters
2025-06-06T16:26:25.1044853Z       ✓ should return false for empty filters (1 ms)
2025-06-06T16:26:25.1045543Z       ✓ should return true when categories are selected
2025-06-06T16:26:25.1046538Z       ✓ should return true when price type is filtered (1 ms)
2025-06-06T16:26:25.1047312Z       ✓ should return true when search query is present
2025-06-06T16:26:25.1047785Z     getFilterSummary
2025-06-06T16:26:25.1048285Z       ✓ should generate filter summary (1 ms)
2025-06-06T16:26:25.1048884Z       ✓ should handle no filters applied
2025-06-06T16:26:25.1049347Z     filtersToQueryParams
2025-06-06T16:26:25.1050148Z       ✓ should convert filters to query params (1 ms)
2025-06-06T16:26:25.1051150Z       ✓ should skip empty values (1 ms)
2025-06-06T16:26:25.1051643Z     queryParamsToFilters
2025-06-06T16:26:25.1052206Z       ✓ should convert query params to filters
2025-06-06T16:26:25.1052827Z       ✓ should handle empty params (1 ms)
2025-06-06T16:26:25.1053137Z 
2025-06-06T16:26:25.5352074Z   console.log
2025-06-06T16:26:25.5355369Z     🧪 Component integration test framework working correctly
2025-06-06T16:26:25.5355812Z 
2025-06-06T16:26:25.5356268Z       at Object.log (tests/integration/component-interactions.test.ts:254:21)
2025-06-06T16:26:25.5357132Z 
2025-06-06T16:26:25.5419689Z PASS tests/integration/component-interactions.test.ts
2025-06-06T16:26:25.5421876Z   Component Interactions Integration
2025-06-06T16:26:25.5422560Z     Event Filters and Event List Integration
2025-06-06T16:26:25.5423413Z       ✓ should filter events when filter options are selected (1 ms)
2025-06-06T16:26:25.5424596Z     Authentication Flow Integration
2025-06-06T16:26:25.5425548Z       ✓ should handle authentication state changes across components (1 ms)
2025-06-06T16:26:25.5427259Z     Form Submission and Data Persistence Integration
2025-06-06T16:26:25.5429215Z       ✓ should handle form submission with validation and API calls (3 ms)
2025-06-06T16:26:25.5429955Z     Error Handling and User Feedback Integration
2025-06-06T16:26:25.5431274Z       ✓ should display appropriate error messages when API calls fail (1 ms)
2025-06-06T16:26:25.5431928Z     State Management Integration
2025-06-06T16:26:25.5432632Z       ✓ should maintain consistent state across component updates
2025-06-06T16:26:25.5433259Z     Real-time Updates Integration
2025-06-06T16:26:25.5433917Z       ✓ should handle real-time data updates correctly
2025-06-06T16:26:25.5434527Z     Performance and Loading States Integration
2025-06-06T16:26:25.5435473Z       ✓ should handle loading states appropriately during data fetching (101 ms)
2025-06-06T16:26:25.5436196Z     Integration Test Framework Verification
2025-06-06T16:26:25.5437270Z       ✓ should verify component integration test setup is working (20 ms)
2025-06-06T16:26:25.5437722Z 
2025-06-06T16:26:25.6879759Z PASS tests/integration/database-validation.test.ts
2025-06-06T16:26:25.6880342Z   console.log
2025-06-06T16:26:25.6882332Z   Database Validation Integration
2025-06-06T16:26:25.6883344Z     🧪 Database validation integration tests working correctly
2025-06-06T16:26:25.6883731Z 
2025-06-06T16:26:25.6884116Z       at Object.log (tests/integration/database-validation.test.ts:219:21)
2025-06-06T16:26:25.6884595Z 
2025-06-06T16:26:25.6885736Z     Data Structure Validation
2025-06-06T16:26:25.6886635Z       ✓ should validate event data structure (1 ms)
2025-06-06T16:26:25.6887308Z       ✓ should validate RSVP data structure
2025-06-06T16:26:25.6887983Z       ✓ should validate ticket type data structure (2 ms)
2025-06-06T16:26:25.6888538Z     API Response Format Validation
2025-06-06T16:26:25.6889204Z       ✓ should validate events API response format (2 ms)
2025-06-06T16:26:25.6889968Z       ✓ should validate error response format (1 ms)
2025-06-06T16:26:25.6890491Z     Business Logic Validation
2025-06-06T16:26:25.6891105Z       ✓ should validate event capacity logic (1 ms)
2025-06-06T16:26:25.6891727Z       ✓ should validate ticket pricing logic
2025-06-06T16:26:25.6892334Z       ✓ should validate date logic for events
2025-06-06T16:26:25.6892819Z     Data Transformation Logic
2025-06-06T16:26:25.6893447Z       ✓ should transform event data for API responses (1 ms)
2025-06-06T16:26:25.6894158Z       ✓ should handle pagination logic correctly (8 ms)
2025-06-06T16:26:25.6894725Z     Integration Test Framework Verification
2025-06-06T16:26:25.6895479Z       ✓ should verify database integration test setup is working (4 ms)
2025-06-06T16:26:25.6895911Z 
2025-06-06T16:26:25.8225737Z   console.log
2025-06-06T16:26:25.8226935Z     🧪 API integration test framework working correctly
2025-06-06T16:26:25.8227340Z 
2025-06-06T16:26:25.8227719Z       at Object.log (tests/integration/api-routes.test.ts:198:21)
2025-06-06T16:26:25.8228154Z 
2025-06-06T16:26:25.8247727Z PASS tests/integration/api-routes.test.ts
2025-06-06T16:26:25.8249327Z   API Routes Integration
2025-06-06T16:26:25.8249793Z     API Route Structure Validation
2025-06-06T16:26:25.8250562Z       ✓ should validate API endpoint configurations (3 ms)
2025-06-06T16:26:25.8251296Z       ✓ should validate HTTP method patterns (3 ms)
2025-06-06T16:26:25.8251841Z     Request/Response Format Validation
2025-06-06T16:26:25.8252546Z       ✓ should validate event creation request format (7 ms)
2025-06-06T16:26:25.8253303Z       ✓ should validate RSVP creation request format
2025-06-06T16:26:25.8254085Z       ✓ should validate performance analytics data format (1 ms)
2025-06-06T16:26:25.8254630Z     Error Handling Patterns
2025-06-06T16:26:25.8255196Z       ✓ should validate error response structure
2025-06-06T16:26:25.8255902Z       ✓ should validate success response structure (1 ms)
2025-06-06T16:26:25.8256739Z     Authentication Integration Patterns
2025-06-06T16:26:25.8257465Z       ✓ should validate authentication header patterns
2025-06-06T16:26:25.8258196Z       ✓ should validate user session data structure (1 ms)
2025-06-06T16:26:25.8258774Z     Integration Test Framework Verification
2025-06-06T16:26:25.8259502Z       ✓ should verify API integration test setup is working (2 ms)
2025-06-06T16:26:25.8260590Z       ✓ should validate test data consistency (1 ms)
2025-06-06T16:26:25.8260949Z 
2025-06-06T16:26:26.3999545Z PASS components/ui/__tests__/button.test.tsx
2025-06-06T16:26:26.4003997Z   Button Component
2025-06-06T16:26:26.4009061Z     ✓ should render with default props (68 ms)
2025-06-06T16:26:26.4012259Z     ✓ should render different variants correctly (30 ms)
2025-06-06T16:26:26.4014574Z     ✓ should render different sizes correctly (25 ms)
2025-06-06T16:26:26.4015265Z     ✓ should handle click events (28 ms)
2025-06-06T16:26:26.4015991Z     ✓ should be disabled when disabled prop is true (6 ms)
2025-06-06T16:26:26.4017157Z     ✓ should render as different HTML elements when asChild is used (4 ms)
2025-06-06T16:26:26.4017917Z     ✓ should forward refs correctly (3 ms)
2025-06-06T16:26:26.4018535Z     ✓ should accept custom className (8 ms)
2025-06-06T16:26:26.4019168Z     ✓ should handle keyboard navigation (19 ms)
2025-06-06T16:26:26.4019909Z     ✓ should have proper accessibility attributes (6 ms)
2025-06-06T16:26:26.4020659Z     ✓ should render loading state correctly (6 ms)
2025-06-06T16:26:26.4021337Z     ✓ should handle focus and blur events (30 ms)
2025-06-06T16:26:26.4022058Z     ✓ should prevent default behavior when needed (13 ms)
2025-06-06T16:26:26.4022734Z     ✓ should render with icons (3 ms)
2025-06-06T16:26:26.4023386Z     ✓ should handle rapid clicks gracefully (32 ms)
2025-06-06T16:26:26.4023744Z 
2025-06-06T16:26:26.7010579Z PASS app/api/events/__tests__/route.test.ts
2025-06-06T16:26:26.7015246Z   /api/events
2025-06-06T16:26:26.7020169Z     ✓ should return 401 when user is not authenticated (7 ms)
2025-06-06T16:26:26.7024941Z     ✓ should return events when user is authenticated (2 ms)
2025-06-06T16:26:26.7029337Z 
2025-06-06T16:26:33.0686290Z ----------------------------------|---------|----------|---------|---------|---------------------------------------------------
2025-06-06T16:26:33.0688213Z File                              | % Stmts | % Branch | % Funcs | % Lines | Uncovered Line #s                                 
2025-06-06T16:26:33.0690957Z ----------------------------------|---------|----------|---------|---------|---------------------------------------------------
2025-06-06T16:26:33.0703486Z All files                         |    4.43 |     2.95 |    5.03 |     4.2 |                                                   
2025-06-06T16:26:33.0704735Z  app                              |       0 |        0 |       0 |       0 |                                                   
2025-06-06T16:26:33.0707105Z   robots.ts                       |       0 |        0 |       0 |       0 | 3-6                                               
2025-06-06T16:26:33.0709964Z   sitemap.ts                      |       0 |        0 |       0 |       0 | 3-25                                              
2025-06-06T16:26:33.0711261Z  app/about                        |       0 |      100 |       0 |       0 |                                                   
2025-06-06T16:26:33.0712370Z   page.tsx                        |       0 |      100 |       0 |       0 | 1-4                                               
2025-06-06T16:26:33.0731998Z  app/api/analytics/performance    |       0 |        0 |       0 |       0 |                                                   
2025-06-06T16:26:33.0737273Z   route.ts                        |       0 |        0 |       0 |       0 | 1-231                                             
2025-06-06T16:26:33.0738204Z  app/api/auth/google/callback     |       0 |        0 |       0 |       0 |                                                   
2025-06-06T16:26:33.0739134Z   route.ts                        |       0 |        0 |       0 |       0 | 1-269                                             
2025-06-06T16:26:33.0740030Z  app/api/auth/google/connect      |       0 |        0 |       0 |       0 |                                                   
2025-06-06T16:26:33.0740923Z   route.ts                        |       0 |        0 |       0 |       0 | 1-118                                             
2025-06-06T16:26:33.0742135Z  app/api/auth/google/disconnect   |       0 |        0 |       0 |       0 |                                                   
2025-06-06T16:26:33.0743059Z   route.ts                        |       0 |        0 |       0 |       0 | 1-106                                             
2025-06-06T16:26:33.0743946Z  app/api/auth/google/status       |       0 |        0 |       0 |       0 |                                                   
2025-06-06T16:26:33.0744774Z   route.ts                        |       0 |        0 |       0 |       0 | 1-185                                             
2025-06-06T16:26:33.0745629Z  app/api/auth/welcome             |       0 |        0 |       0 |       0 |                                                   
2025-06-06T16:26:33.0746642Z   route.ts                        |       0 |        0 |       0 |       0 | 1-127                                             
2025-06-06T16:26:33.0747564Z  app/api/calendar/add-to-calendar |       0 |        0 |       0 |       0 |                                                   
2025-06-06T16:26:33.0748464Z   route.ts                        |       0 |        0 |       0 |       0 | 1-218                                             
2025-06-06T16:26:33.0749352Z  app/api/calendar/create-event    |       0 |        0 |       0 |       0 |                                                   
2025-06-06T16:26:33.0750234Z   route.ts                        |       0 |        0 |       0 |       0 | 1-94                                              
2025-06-06T16:26:33.0751034Z  app/api/checkout                 |       0 |        0 |       0 |       0 |                                                   
2025-06-06T16:26:33.0751867Z   route.ts                        |       0 |        0 |       0 |       0 | 1-289                                             
2025-06-06T16:26:33.0752686Z  app/api/events                   |   37.71 |    18.51 |   66.66 |   39.44 |                                                   
2025-06-06T16:26:33.0753543Z   route.ts                        |   37.71 |    18.51 |   66.66 |   39.44 | 7-163,209,213,217,221,231-245,271,290-300,321-322 
2025-06-06T16:26:33.0754406Z  app/api/events/[id]              |       0 |        0 |       0 |       0 |                                                   
2025-06-06T16:26:33.0755208Z   route.ts                        |       0 |        0 |       0 |       0 | 1-327                                             
2025-06-06T16:26:33.0756081Z  app/api/events/cancellation      |       0 |        0 |       0 |       0 |                                                   
2025-06-06T16:26:33.0797698Z   route.ts                        |       0 |        0 |       0 |       0 | 1-293                                             
2025-06-06T16:26:33.0798648Z  app/api/events/reminders         |       0 |        0 |       0 |       0 |                                                   
2025-06-06T16:26:33.0799542Z   route.ts                        |       0 |        0 |       0 |       0 | 1-322                                             
2025-06-06T16:26:33.0800374Z  app/api/orders                   |       0 |        0 |       0 |       0 |                                                   
2025-06-06T16:26:33.0801191Z   route.ts                        |       0 |        0 |       0 |       0 | 1-269                                             
2025-06-06T16:26:33.0802040Z  app/api/refunds                  |       0 |        0 |       0 |       0 |                                                   
2025-06-06T16:26:33.0802866Z   route.ts                        |       0 |        0 |       0 |       0 | 1-309                                             
2025-06-06T16:26:33.0803657Z  app/api/rsvps                    |       0 |        0 |       0 |       0 |                                                   
2025-06-06T16:26:33.0804474Z   route.ts                        |       0 |        0 |       0 |       0 | 1-334                                             
2025-06-06T16:26:33.0805537Z  app/api/rsvps/[id]               |       0 |        0 |       0 |       0 |                                                   
2025-06-06T16:26:33.0806548Z   route.ts                        |       0 |        0 |       0 |       0 | 1-315                                             
2025-06-06T16:26:33.0807394Z  app/api/staff/analytics          |       0 |        0 |       0 |       0 |                                                   
2025-06-06T16:26:33.0808279Z   route.ts                        |       0 |        0 |       0 |       0 | 1-207                                             
2025-06-06T16:26:33.0809232Z  app/api/staff/attendees          |       0 |        0 |       0 |       0 |                                                   
2025-06-06T16:26:33.0810089Z   route.ts                        |       0 |        0 |       0 |       0 | 1-272                                             
2025-06-06T16:26:33.0810944Z  app/api/staff/dashboard          |       0 |        0 |       0 |       0 |                                                   
2025-06-06T16:26:33.0811830Z   route.ts                        |       0 |        0 |       0 |       0 | 1-168                                             
2025-06-06T16:26:33.0812692Z  app/api/staff/export             |       0 |        0 |       0 |       0 |                                                   
2025-06-06T16:26:33.0813540Z   route.ts                        |       0 |        0 |       0 |       0 | 1-501                                             
2025-06-06T16:26:33.0814434Z  app/api/test-env                 |       0 |        0 |       0 |       0 |                                                   
2025-06-06T16:26:33.0815314Z   route.ts                        |       0 |        0 |       0 |       0 | 1-4                                               
2025-06-06T16:26:33.0816192Z  app/api/test-upgrade-role        |       0 |        0 |       0 |       0 |                                                   
2025-06-06T16:26:33.0817247Z   route.ts                        |       0 |        0 |       0 |       0 | 1-40                                              
2025-06-06T16:26:33.0818041Z  app/api/ticket-types             |       0 |        0 |       0 |       0 |                                                   
2025-06-06T16:26:33.0818986Z   route.ts                        |       0 |        0 |       0 |       0 | 1-373                                             
2025-06-06T16:26:33.0819919Z  app/api/ticket-types/[id]        |       0 |        0 |       0 |       0 |                                                   
2025-06-06T16:26:33.0821007Z   route.ts                        |       0 |        0 |       0 |       0 | 1-358                                             
2025-06-06T16:26:33.0821921Z  app/api/update-customer-info     |       0 |        0 |       0 |       0 |                                                   
2025-06-06T16:26:33.0822840Z   route.ts                        |       0 |        0 |       0 |       0 | 1-61                                              
2025-06-06T16:26:33.0823727Z  app/api/webhooks/stripe          |       0 |        0 |       0 |       0 |                                                   
2025-06-06T16:26:33.0824620Z   route.ts                        |       0 |        0 |       0 |       0 | 1-665                                             
2025-06-06T16:26:33.0825452Z  app/auth/callback                |       0 |        0 |       0 |       0 |                                                   
2025-06-06T16:26:33.0826490Z   page.tsx                        |       0 |        0 |       0 |       0 | 3-37                                              
2025-06-06T16:26:33.0827330Z  app/auth/google/callback         |       0 |        0 |       0 |       0 |                                                   
2025-06-06T16:26:33.0828209Z   page.tsx                        |       0 |        0 |       0 |       0 | 3-193                                             
2025-06-06T16:26:33.0829390Z  app/auth/login                   |       0 |        0 |       0 |       0 |                                                   
2025-06-06T16:26:33.0830207Z   page.tsx                        |       0 |        0 |       0 |       0 | 3-112                                             
2025-06-06T16:26:33.0831090Z  app/auth/reset-password          |       0 |        0 |       0 |       0 |                                                   
2025-06-06T16:26:33.0831979Z   page.tsx                        |       0 |        0 |       0 |       0 | 3-56                                              
2025-06-06T16:26:33.0832830Z  app/auth/signup                  |       0 |        0 |       0 |       0 |                                                   
2025-06-06T16:26:33.0833664Z   page.tsx                        |       0 |        0 |       0 |       0 | 3-103                                             
2025-06-06T16:26:33.0834618Z  app/auth/update-password         |       0 |        0 |       0 |       0 |                                                   
2025-06-06T16:26:33.0835533Z   page.tsx                        |       0 |      100 |       0 |       0 | 3-6                                               
2025-06-06T16:26:33.0836775Z   update-password-form.tsx        |       0 |        0 |       0 |       0 | 3-103                                             
2025-06-06T16:26:33.0837731Z  app/contact                      |       0 |      100 |       0 |       0 |                                                   
2025-06-06T16:26:33.0838562Z   page.tsx                        |       0 |      100 |       0 |       0 | 1-4                                               
2025-06-06T16:26:33.0839434Z  app/create-event                 |       0 |      100 |       0 |       0 |                                                   
2025-06-06T16:26:33.0840275Z   page.tsx                        |       0 |      100 |       0 |       0 | 1-4                                               
2025-06-06T16:26:33.0841088Z  app/demo                         |       0 |      100 |       0 |       0 |                                                   
2025-06-06T16:26:33.0841913Z   page.tsx                        |       0 |      100 |       0 |       0 | 3-249                                             
2025-06-06T16:26:33.0842772Z  app/demo/lists                   |       0 |        0 |       0 |       0 |                                                   
2025-06-06T16:26:33.0843604Z   page.tsx                        |       0 |        0 |       0 |       0 | 3-254                                             
2025-06-06T16:26:33.0844618Z  app/events/[id]                  |       0 |        0 |       0 |       0 |                                                   
2025-06-06T16:26:33.0845455Z   page.tsx                        |       0 |        0 |       0 |       0 | 1-127                                             
2025-06-06T16:26:33.0846264Z  app/my-events                    |       0 |        0 |       0 |       0 |                                                   
2025-06-06T16:26:33.0847303Z   page.tsx                        |       0 |        0 |       0 |       0 | 2-18                                              
2025-06-06T16:26:33.0848124Z  app/privacy                      |       0 |      100 |       0 |       0 |                                                   
2025-06-06T16:26:33.0848955Z   page.tsx                        |       0 |      100 |       0 |       0 | 1-4                                               
2025-06-06T16:26:33.0849739Z  app/staff                        |       0 |        0 |       0 |       0 |                                                   
2025-06-06T16:26:33.0850529Z   page.tsx                        |       0 |        0 |       0 |       0 | 1-36                                              
2025-06-06T16:26:33.0851390Z  app/staff/dashboard              |       0 |      100 |       0 |       0 |                                                   
2025-06-06T16:26:33.0852534Z   page.tsx                        |       0 |      100 |       0 |       0 | 1-5                                               
2025-06-06T16:26:33.0853430Z  app/staff/events/[id]/edit       |       0 |        0 |       0 |       0 |                                                   
2025-06-06T16:26:33.0854433Z   StaffEventEditClient.tsx        |       0 |      100 |       0 |       0 | 3-19                                              
2025-06-06T16:26:33.0855367Z   page.tsx                        |       0 |        0 |       0 |       0 | 1-45                                              
2025-06-06T16:26:33.0856283Z  app/staff/events/create          |       0 |        0 |       0 |       0 |                                                   
2025-06-06T16:26:33.0857622Z   StaffEventCreateClient.tsx      |       0 |      100 |       0 |       0 | 3-15                                              
2025-06-06T16:26:33.0858557Z   page.tsx                        |       0 |        0 |       0 |       0 | 1-24                                              
2025-06-06T16:26:33.0859360Z  app/terms                        |       0 |      100 |       0 |       0 |                                                   
2025-06-06T16:26:33.0860176Z   page.tsx                        |       0 |      100 |       0 |       0 | 1-4                                               
2025-06-06T16:26:33.0860987Z  app/test-auth                    |       0 |        0 |       0 |       0 |                                                   
2025-06-06T16:26:33.0861792Z   page.tsx                        |       0 |        0 |       0 |       0 | 1-23                                              
2025-06-06T16:26:33.0862595Z  components                       |       0 |        0 |       0 |       0 |                                                   
2025-06-06T16:26:33.0863533Z   GoogleCalendarConnect.tsx       |       0 |        0 |       0 |       0 | 3-420                                             
2025-06-06T16:26:33.0864532Z  components/analytics             |       0 |        0 |       0 |       0 |                                                   
2025-06-06T16:26:33.0865484Z   PerformanceMonitor.tsx          |       0 |        0 |       0 |       0 | 3-50                                              
2025-06-06T16:26:33.0866585Z  components/auth                  |       0 |        0 |       0 |       0 |                                                   
2025-06-06T16:26:33.0867528Z   ProfileDropdown.tsx             |       0 |        0 |       0 |       0 | 3-52                                              
2025-06-06T16:26:33.0868631Z   ProtectedRoute.tsx              |       0 |        0 |       0 |       0 | 3-148                                             
2025-06-06T16:26:33.0869576Z  components/checkout              |       0 |        0 |       0 |       0 |                                                   
2025-06-06T16:26:33.0870482Z   CheckoutForm.tsx                |       0 |        0 |       0 |       0 | 3-528                                             
2025-06-06T16:26:33.0871462Z   GoogleCalendarAddButton.tsx     |       0 |        0 |       0 |       0 | 3-14                                              
2025-06-06T16:26:33.0872440Z  components/dashboard             |       0 |        0 |       0 |       0 |                                                   
2025-06-06T16:26:33.0873359Z   Analytics.tsx                   |       0 |        0 |       0 |       0 | 3-423                                             
2025-06-06T16:26:33.0874286Z   AttendeeManagement.tsx          |       0 |        0 |       0 |       0 | 3-613                                             
2025-06-06T16:26:33.0875087Z   PerformanceDashboard.tsx        |       0 |        0 |       0 |       0 | 3-237                                             
2025-06-06T16:26:33.0875868Z   RefundDialog.tsx                |       0 |        0 |       0 |       0 | 3-303                                             
2025-06-06T16:26:33.0877225Z   StaffDashboard.tsx              |       0 |        0 |       0 |       0 | 3-438                                             
2025-06-06T16:26:33.0878160Z   UserDashboard.tsx               |       0 |        0 |       0 |       0 | 3-693                                             
2025-06-06T16:26:33.0879070Z  components/events                |       0 |        0 |       0 |       0 |                                                   
2025-06-06T16:26:33.0879965Z   EventCard.tsx                   |       0 |        0 |       0 |       0 | 3-527                                             
2025-06-06T16:26:33.0880894Z   EventDetailClient.tsx           |       0 |        0 |       0 |       0 | 3-293                                             
2025-06-06T16:26:33.0881842Z   EventForm.tsx                   |       0 |        0 |       0 |       0 | 3-825                                             
2025-06-06T16:26:33.0882764Z   EventImageGallery.tsx           |       0 |        0 |       0 |       0 | 3-276                                             
2025-06-06T16:26:33.0883725Z   EventList.tsx                   |       0 |        0 |       0 |       0 | 3-407                                             
2025-06-06T16:26:33.0884650Z   EventMapWrapper.tsx             |       0 |        0 |       0 |       0 | 3-13                                              
2025-06-06T16:26:33.0885602Z   RSVPTicketSection.tsx           |       0 |        0 |       0 |       0 | 3-469                                             
2025-06-06T16:26:33.0886799Z   TicketSelection.tsx             |       0 |        0 |       0 |       0 | 3-298                                             
2025-06-06T16:26:33.0887797Z   TicketTypeManager.tsx           |       0 |        0 |       0 |       0 | 3-500                                             
2025-06-06T16:26:33.0888706Z   index.ts                        |       0 |      100 |     100 |       0 | 5-44                                              
2025-06-06T16:26:33.0889601Z  components/filters               |       0 |        0 |       0 |       0 |                                                   
2025-06-06T16:26:33.0890539Z   ActiveFilters.tsx               |       0 |        0 |       0 |       0 | 3-62                                              
2025-06-06T16:26:33.0891501Z   CategoryFilter.tsx              |       0 |        0 |       0 |       0 | 3-104                                             
2025-06-06T16:26:33.0892429Z   DateFilter.tsx                  |       0 |        0 |       0 |       0 | 3-167                                             
2025-06-06T16:26:33.0893736Z   EventFilters.tsx                |       0 |        0 |       0 |       0 | 3-206                                             
2025-06-06T16:26:33.0894671Z   PriceFilter.tsx                 |       0 |        0 |       0 |       0 | 3-90                                              
2025-06-06T16:26:33.0895564Z   SortControl.tsx                 |       0 |        0 |       0 |       0 | 3-71                                              
2025-06-06T16:26:33.0896694Z  components/homepage              |       0 |        0 |       0 |       0 |                                                   
2025-06-06T16:26:33.0897648Z   HomePageClient.tsx              |       0 |        0 |       0 |       0 | 3-313                                             
2025-06-06T16:26:33.0898574Z  components/ui                    |    4.59 |       16 |    5.26 |    5.26 |                                                   
2025-06-06T16:26:33.0899441Z   Card.tsx                        |       0 |        0 |       0 |       0 | 3-161                                             
2025-06-06T16:26:33.0900316Z   LoadingSpinner.tsx              |       0 |        0 |       0 |       0 | 1-20                                              
2025-06-06T16:26:33.0901206Z   alert.tsx                       |       0 |        0 |       0 |       0 | 1-44                                              
2025-06-06T16:26:33.0902261Z   badge.tsx                       |       0 |        0 |       0 |       0 | 1-33                                              
2025-06-06T16:26:33.0903103Z   button.tsx                      |     100 |      100 |     100 |     100 |                                                   
2025-06-06T16:26:33.0903996Z   checkbox.tsx                    |       0 |      100 |     100 |       0 | 3-30                                              
2025-06-06T16:26:33.0904861Z   dialog.tsx                      |       0 |        0 |       0 |       0 | 1-87                                              
2025-06-06T16:26:33.0905692Z   index.ts                        |       0 |      100 |     100 |       0 | 3-49                                              
2025-06-06T16:26:33.0906699Z   input.tsx                       |       0 |      100 |       0 |       0 | 1-26                                              
2025-06-06T16:26:33.0907525Z   label.tsx                       |       0 |      100 |     100 |       0 | 3-26                                              
2025-06-06T16:26:33.0908350Z   select.tsx                      |       0 |        0 |     100 |       0 | 3-159                                             
2025-06-06T16:26:33.0909266Z   switch.tsx                      |       0 |      100 |     100 |       0 | 3-29                                              
2025-06-06T16:26:33.0910115Z   table.tsx                       |       0 |      100 |     100 |       0 | 1-116                                             
2025-06-06T16:26:33.0910961Z   tabs.tsx                        |       0 |      100 |     100 |       0 | 3-55                                              
2025-06-06T16:26:33.0911798Z   textarea.tsx                    |       0 |      100 |       0 |       0 | 1-25                                              
2025-06-06T16:26:33.0912593Z  lib                              |    0.58 |        0 |    0.76 |    0.61 |                                                   
2025-06-06T16:26:33.0913402Z   auth-context.tsx                |       0 |        0 |       0 |       0 | 3-143                                             
2025-06-06T16:26:33.0914238Z   auth.ts                         |       0 |        0 |       0 |       0 | 1-280                                             
2025-06-06T16:26:33.0915014Z   config.ts                       |       0 |        0 |       0 |       0 | 2-25                                              
2025-06-06T16:26:33.0915836Z   csv-export.ts                   |       0 |        0 |       0 |       0 | 66-278                                            
2025-06-06T16:26:33.0917064Z   email-service.ts                |       0 |        0 |       0 |       0 | 1-817                                             
2025-06-06T16:26:33.0917827Z   google-auth.ts                  |       0 |        0 |       0 |       0 | 1-569                                             
2025-06-06T16:26:33.0918593Z   google-calendar.ts              |       0 |        0 |       0 |       0 | 1-336                                             
2025-06-06T16:26:33.0919401Z   stripe-client.ts                |       0 |        0 |       0 |       0 | 1-155                                             
2025-06-06T16:26:33.0920127Z   stripe.ts                       |       0 |        0 |       0 |       0 | 1-159                                             
2025-06-06T16:26:33.0920945Z   supabase-server.ts              |       0 |        0 |       0 |       0 | 1-28                                              
2025-06-06T16:26:33.0921801Z   supabase.ts                     |       0 |        0 |       0 |       0 | 1-12                                              
2025-06-06T16:26:33.0922630Z   utils.ts                        |   23.52 |        0 |   16.66 |      25 | 20-77                                             
2025-06-06T16:26:33.0923432Z  lib/emails                       |       0 |        0 |       0 |       0 |                                                   
2025-06-06T16:26:33.0924861Z   event-cancellation.tsx          |       0 |        0 |       0 |       0 | 14-498                                            
2025-06-06T16:26:33.0925824Z   event-reminder.tsx              |       0 |        0 |       0 |       0 | 14-473                                            
2025-06-06T16:26:33.0927076Z   rsvp-cancellation.tsx           |       0 |        0 |       0 |       0 | 14-329                                            
2025-06-06T16:26:33.0927993Z   rsvp-confirmation.tsx           |       0 |        0 |       0 |       0 | 14-350                                            
2025-06-06T16:26:33.0928952Z   send-ticket-confirmation.ts     |       0 |        0 |       0 |       0 | 1-116                                             
2025-06-06T16:26:33.0929877Z   welcome-email.tsx               |       0 |        0 |       0 |       0 | 14-311                                            
2025-06-06T16:26:33.0930768Z  lib/emails/templates             |       0 |        0 |       0 |       0 |                                                   
2025-06-06T16:26:33.0931756Z   RefundConfirmationEmail.tsx     |       0 |        0 |       0 |       0 | 13-491                                            
2025-06-06T16:26:33.0932830Z   TicketConfirmationEmail.tsx     |       0 |        0 |       0 |       0 | 13-380                                            
2025-06-06T16:26:33.0933759Z  lib/hooks                        |       0 |        0 |       0 |       0 |                                                   
2025-06-06T16:26:33.0934518Z   useAuth.ts                      |       0 |        0 |       0 |       0 | 4-139                                             
2025-06-06T16:26:33.0935368Z   useInfiniteScroll.ts            |       0 |        0 |       0 |       0 | 3-61                                              
2025-06-06T16:26:33.0936284Z   usePagination.ts                |       0 |        0 |       0 |       0 | 3-91                                              
2025-06-06T16:26:33.0937348Z  lib/middleware                   |       0 |        0 |       0 |       0 |                                                   
2025-06-06T16:26:33.0938201Z   performance.ts                  |       0 |        0 |       0 |       0 | 1-203                                             
2025-06-06T16:26:33.0939038Z  lib/types                        |       0 |      100 |       0 |       0 |                                                   
2025-06-06T16:26:33.0939869Z   filters.ts                      |       0 |      100 |       0 |       0 | 46-151                                            
2025-06-06T16:26:33.0940881Z   index.ts                        |       0 |      100 |     100 |       0 | 10-13                                             
2025-06-06T16:26:33.0941743Z  lib/utils                        |   45.83 |    45.29 |   38.01 |   44.93 |                                                   
2025-06-06T16:26:33.0942540Z   cache.ts                        |       0 |        0 |       0 |       0 | 11-182                                            
2025-06-06T16:26:33.0943387Z   eventFilters.ts                 |   69.92 |    61.33 |   62.16 |   69.84 | 16-27,43-45,103-115,185-245,273,277,294-295,327   
2025-06-06T16:26:33.0944261Z   optimization.ts                 |       0 |        0 |       0 |       0 | 1-135                                             
2025-06-06T16:26:33.0945132Z   performance.ts                  |       0 |        0 |       0 |       0 | 17-279                                            
2025-06-06T16:26:33.0946037Z   ticket-utils.ts                 |    92.8 |     77.5 |     100 |   93.06 | 136,140,225,242-243,248-249                       
2025-06-06T16:26:33.0947307Z ----------------------------------|---------|----------|---------|---------|---------------------------------------------------
2025-06-06T16:26:33.0947807Z 
2025-06-06T16:26:33.0948182Z =============================== Coverage summary ===============================
2025-06-06T16:26:33.0948761Z Statements   : 4.43% ( 265/5977 )
2025-06-06T16:26:33.0949414Z Branches     : 2.95% ( 96/3251 )
2025-06-06T16:26:33.0949862Z Functions    : 5.03% ( 50/994 )
2025-06-06T16:26:33.0950318Z Lines        : 4.2% ( 238/5656 )
2025-06-06T16:26:33.0950884Z ================================================================================
2025-06-06T16:26:33.6187492Z Test Suites: 7 passed, 7 total
2025-06-06T16:26:33.6188357Z Tests:       125 passed, 125 total
2025-06-06T16:26:33.6189879Z Snapshots:   0 total
2025-06-06T16:26:33.6190260Z Time:        10.212 s
2025-06-06T16:26:33.6190620Z Ran all test suites.
2025-06-06T16:26:33.6256045Z 📊 Test reports generated in /home/runner/work/LocalLoop-V0.3/LocalLoop-V0.3/reports
2025-06-06T16:26:33.6258074Z 📈 Coverage: 4%
2025-06-06T16:26:33.6258542Z ⏱️  Total runtime: 2.78s
2025-06-06T16:26:33.7108907Z Post job cleanup.
2025-06-06T16:26:33.8632592Z Cache hit occurred on the primary key node-cache-Linux-x64-npm-2be94d80918732632554aac3646f7ebd6a7b87a8da6fd4ec5f1428c609b1c779, not saving cache.
2025-06-06T16:26:33.8751805Z Post job cleanup.
2025-06-06T16:26:33.9705093Z [command]/usr/bin/git version
2025-06-06T16:26:33.9745493Z git version 2.49.0
2025-06-06T16:26:33.9791900Z Temporarily overriding HOME='/home/runner/work/_temp/2c620e7b-1e15-4107-b96b-cd26d73b1df8' before making global git config changes
2025-06-06T16:26:33.9793873Z Adding repository directory to the temporary git global config as a safe directory
2025-06-06T16:26:33.9807369Z [command]/usr/bin/git config --global --add safe.directory /home/runner/work/LocalLoop-V0.3/LocalLoop-V0.3
2025-06-06T16:26:33.9844151Z [command]/usr/bin/git config --local --name-only --get-regexp core\.sshCommand
2025-06-06T16:26:33.9879290Z [command]/usr/bin/git submodule foreach --recursive sh -c "git config --local --name-only --get-regexp 'core\.sshCommand' && git config --local --unset-all 'core.sshCommand' || :"
2025-06-06T16:26:34.0143087Z [command]/usr/bin/git config --local --name-only --get-regexp http\.https\:\/\/github\.com\/\.extraheader
2025-06-06T16:26:34.0182358Z http.https://github.com/.extraheader
2025-06-06T16:26:34.0207014Z [command]/usr/bin/git config --local --unset-all http.https://github.com/.extraheader
2025-06-06T16:26:34.0258441Z [command]/usr/bin/git submodule foreach --recursive sh -c "git config --local --name-only --get-regexp 'http\.https\:\/\/github\.com\/\.extraheader' && git config --local --unset-all 'http.https://github.com/.extraheader' || :"
2025-06-06T16:26:34.0874192Z Cleaning up orphan processes
