2025-06-10T19:14:02.1445810Z Current runner version: '2.325.0'
2025-06-10T19:14:02.1469261Z ##[group]Runner Image Provisioner
2025-06-10T19:14:02.1470243Z Hosted Compute Agent
2025-06-10T19:14:02.1470879Z Version: 20250529.345
2025-06-10T19:14:02.1471489Z Commit: 22237e57af968c281070ffa8ed912c1b754f9a23
2025-06-10T19:14:02.1472140Z Build Date: 2025-05-29T20:18:30Z
2025-06-10T19:14:02.1472759Z ##[endgroup]
2025-06-10T19:14:02.1473301Z ##[group]Operating System
2025-06-10T19:14:02.1473864Z Ubuntu
2025-06-10T19:14:02.1474288Z 24.04.2
2025-06-10T19:14:02.1474809Z LTS
2025-06-10T19:14:02.1475227Z ##[endgroup]
2025-06-10T19:14:02.1475696Z ##[group]Runner Image
2025-06-10T19:14:02.1476309Z Image: ubuntu-24.04
2025-06-10T19:14:02.1476775Z Version: 20250602.3.0
2025-06-10T19:14:02.1477745Z Included Software: https://github.com/actions/runner-images/blob/ubuntu24/20250602.3/images/ubuntu/Ubuntu2404-Readme.md
2025-06-10T19:14:02.1479289Z Image Release: https://github.com/actions/runner-images/releases/tag/ubuntu24%2F20250602.3
2025-06-10T19:14:02.1480359Z ##[endgroup]
2025-06-10T19:14:02.1481724Z ##[group]GITHUB_TOKEN Permissions
2025-06-10T19:14:02.1483552Z Contents: read
2025-06-10T19:14:02.1484217Z Deployments: write
2025-06-10T19:14:02.1484714Z Issues: write
2025-06-10T19:14:02.1485197Z Metadata: read
2025-06-10T19:14:02.1485689Z PullRequests: write
2025-06-10T19:14:02.1486250Z ##[endgroup]
2025-06-10T19:14:02.1488226Z Secret source: Actions
2025-06-10T19:14:02.1488967Z Prepare workflow directory
2025-06-10T19:14:02.1890600Z Prepare all required actions
2025-06-10T19:14:02.1946111Z Getting action download info
2025-06-10T19:14:02.6118794Z ##[group]Download immutable action package 'actions/checkout@v4'
2025-06-10T19:14:02.6120351Z Version: 4.2.2
2025-06-10T19:14:02.6121403Z Digest: sha256:ccb2698953eaebd21c7bf6268a94f9c26518a7e38e27e0b83c1fe1ad049819b1
2025-06-10T19:14:02.6122699Z Source commit SHA: 11bd71901bbe5b1630ceea73d27597364c9af683
2025-06-10T19:14:02.6123389Z ##[endgroup]
2025-06-10T19:14:02.7062609Z ##[group]Download immutable action package 'actions/setup-node@v4'
2025-06-10T19:14:02.7063373Z Version: 4.4.0
2025-06-10T19:14:02.7064222Z Digest: sha256:9427cefe82346e992fb5b949e3569b39d537ae41aa3086483b14eceebfc16bc1
2025-06-10T19:14:02.7065119Z Source commit SHA: 49933ea5288caeca8642d1e84afbd3f7d6820020
2025-06-10T19:14:02.7065804Z ##[endgroup]
2025-06-10T19:14:02.9118448Z Complete job name: 🧪 Tests
2025-06-10T19:14:02.9771747Z ##[group]Run actions/checkout@v4
2025-06-10T19:14:02.9772545Z with:
2025-06-10T19:14:02.9772997Z   repository: JacksonR64/LocalLoop
2025-06-10T19:14:02.9773627Z   token: ***
2025-06-10T19:14:02.9773995Z   ssh-strict: true
2025-06-10T19:14:02.9774381Z   ssh-user: git
2025-06-10T19:14:02.9774817Z   persist-credentials: true
2025-06-10T19:14:02.9775300Z   clean: true
2025-06-10T19:14:02.9775705Z   sparse-checkout-cone-mode: true
2025-06-10T19:14:02.9776171Z   fetch-depth: 1
2025-06-10T19:14:02.9776549Z   fetch-tags: false
2025-06-10T19:14:02.9776938Z   show-progress: true
2025-06-10T19:14:02.9777329Z   lfs: false
2025-06-10T19:14:02.9777707Z   submodules: false
2025-06-10T19:14:02.9778105Z   set-safe-directory: true
2025-06-10T19:14:02.9778709Z env:
2025-06-10T19:14:02.9779065Z   NODE_VERSION: 18
2025-06-10T19:14:02.9779437Z ##[endgroup]
2025-06-10T19:14:03.0837941Z Syncing repository: JacksonR64/LocalLoop
2025-06-10T19:14:03.0839902Z ##[group]Getting Git version info
2025-06-10T19:14:03.0840675Z Working directory is '/home/runner/work/LocalLoop/LocalLoop'
2025-06-10T19:14:03.0841608Z [command]/usr/bin/git version
2025-06-10T19:14:03.0892032Z git version 2.49.0
2025-06-10T19:14:03.0918134Z ##[endgroup]
2025-06-10T19:14:03.0932697Z Temporarily overriding HOME='/home/runner/work/_temp/4a983a0f-6d19-40b6-9fe0-cb9f7e5e81fd' before making global git config changes
2025-06-10T19:14:03.0934084Z Adding repository directory to the temporary git global config as a safe directory
2025-06-10T19:14:03.0945342Z [command]/usr/bin/git config --global --add safe.directory /home/runner/work/LocalLoop/LocalLoop
2025-06-10T19:14:03.0978280Z Deleting the contents of '/home/runner/work/LocalLoop/LocalLoop'
2025-06-10T19:14:03.0982200Z ##[group]Initializing the repository
2025-06-10T19:14:03.0985929Z [command]/usr/bin/git init /home/runner/work/LocalLoop/LocalLoop
2025-06-10T19:14:03.1039554Z hint: Using 'master' as the name for the initial branch. This default branch name
2025-06-10T19:14:03.1041179Z hint: is subject to change. To configure the initial branch name to use in all
2025-06-10T19:14:03.1042051Z hint: of your new repositories, which will suppress this warning, call:
2025-06-10T19:14:03.1042692Z hint:
2025-06-10T19:14:03.1043426Z hint: 	git config --global init.defaultBranch <name>
2025-06-10T19:14:03.1044228Z hint:
2025-06-10T19:14:03.1044758Z hint: Names commonly chosen instead of 'master' are 'main', 'trunk' and
2025-06-10T19:14:03.1045609Z hint: 'development'. The just-created branch can be renamed via this command:
2025-06-10T19:14:03.1046274Z hint:
2025-06-10T19:14:03.1046640Z hint: 	git branch -m <name>
2025-06-10T19:14:03.1047335Z Initialized empty Git repository in /home/runner/work/LocalLoop/LocalLoop/.git/
2025-06-10T19:14:03.1055625Z [command]/usr/bin/git remote add origin https://github.com/JacksonR64/LocalLoop
2025-06-10T19:14:03.1085678Z ##[endgroup]
2025-06-10T19:14:03.1086874Z ##[group]Disabling automatic garbage collection
2025-06-10T19:14:03.1090638Z [command]/usr/bin/git config --local gc.auto 0
2025-06-10T19:14:03.1118417Z ##[endgroup]
2025-06-10T19:14:03.1119602Z ##[group]Setting up auth
2025-06-10T19:14:03.1126029Z [command]/usr/bin/git config --local --name-only --get-regexp core\.sshCommand
2025-06-10T19:14:03.1156822Z [command]/usr/bin/git submodule foreach --recursive sh -c "git config --local --name-only --get-regexp 'core\.sshCommand' && git config --local --unset-all 'core.sshCommand' || :"
2025-06-10T19:14:03.1420142Z [command]/usr/bin/git config --local --name-only --get-regexp http\.https\:\/\/github\.com\/\.extraheader
2025-06-10T19:14:03.1448293Z [command]/usr/bin/git submodule foreach --recursive sh -c "git config --local --name-only --get-regexp 'http\.https\:\/\/github\.com\/\.extraheader' && git config --local --unset-all 'http.https://github.com/.extraheader' || :"
2025-06-10T19:14:03.1661725Z [command]/usr/bin/git config --local http.https://github.com/.extraheader AUTHORIZATION: basic ***
2025-06-10T19:14:03.1694568Z ##[endgroup]
2025-06-10T19:14:03.1695473Z ##[group]Fetching the repository
2025-06-10T19:14:03.1711443Z [command]/usr/bin/git -c protocol.version=2 fetch --no-tags --prune --no-recurse-submodules --depth=1 origin +586e8a9d5f5082d4a3f71feec9432fa77a629f59:refs/remotes/origin/main
2025-06-10T19:14:04.1744372Z From https://github.com/JacksonR64/LocalLoop
2025-06-10T19:14:04.1745795Z  * [new ref]         586e8a9d5f5082d4a3f71feec9432fa77a629f59 -> origin/main
2025-06-10T19:14:04.1776896Z ##[endgroup]
2025-06-10T19:14:04.1780167Z ##[group]Determining the checkout info
2025-06-10T19:14:04.1781641Z ##[endgroup]
2025-06-10T19:14:04.1787001Z [command]/usr/bin/git sparse-checkout disable
2025-06-10T19:14:04.1866983Z [command]/usr/bin/git config --local --unset-all extensions.worktreeConfig
2025-06-10T19:14:04.1897060Z ##[group]Checking out the ref
2025-06-10T19:14:04.1901632Z [command]/usr/bin/git checkout --progress --force -B main refs/remotes/origin/main
2025-06-10T19:14:04.2674367Z Switched to a new branch 'main'
2025-06-10T19:14:04.2675832Z branch 'main' set up to track 'origin/main'.
2025-06-10T19:14:04.2688891Z ##[endgroup]
2025-06-10T19:14:04.2725686Z [command]/usr/bin/git log -1 --format=%H
2025-06-10T19:14:04.2747405Z 586e8a9d5f5082d4a3f71feec9432fa77a629f59
2025-06-10T19:14:04.3025908Z ##[group]Run actions/setup-node@v4
2025-06-10T19:14:04.3026988Z with:
2025-06-10T19:14:04.3027766Z   node-version: 18
2025-06-10T19:14:04.3028608Z   cache: npm
2025-06-10T19:14:04.3029407Z   always-auth: false
2025-06-10T19:14:04.3030440Z   check-latest: false
2025-06-10T19:14:04.3031592Z   token: ***
2025-06-10T19:14:04.3032384Z env:
2025-06-10T19:14:04.3033131Z   NODE_VERSION: 18
2025-06-10T19:14:04.3033968Z ##[endgroup]
2025-06-10T19:14:04.5255462Z Found in cache @ /opt/hostedtoolcache/node/18.20.8/x64
2025-06-10T19:14:04.5262598Z ##[group]Environment details
2025-06-10T19:14:06.2918186Z node: v18.20.8
2025-06-10T19:14:06.2918720Z npm: 10.8.2
2025-06-10T19:14:06.2919071Z yarn: 1.22.22
2025-06-10T19:14:06.2920951Z ##[endgroup]
2025-06-10T19:14:06.2943797Z [command]/opt/hostedtoolcache/node/18.20.8/x64/bin/npm config get cache
2025-06-10T19:14:06.5776748Z /home/runner/.npm
2025-06-10T19:14:06.8914128Z Cache hit for: node-cache-Linux-x64-npm-c12c6ac637b018150c9ab8486a2ab8d5c875f0013e7356ae5e08bc546e10a4bd
2025-06-10T19:14:08.1586109Z Received 20971520 of 202515877 (10.4%), 20.0 MBs/sec
2025-06-10T19:14:09.1883882Z Received 134217728 of 202515877 (66.3%), 63.0 MBs/sec
2025-06-10T19:14:09.7744027Z Received 202515877 of 202515877 (100.0%), 73.8 MBs/sec
2025-06-10T19:14:09.7745329Z Cache Size: ~193 MB (202515877 B)
2025-06-10T19:14:09.7783142Z [command]/usr/bin/tar -xf /home/runner/work/_temp/4b273c86-8156-4303-8aff-e41d6dae6885/cache.tzst -P -C /home/runner/work/LocalLoop/LocalLoop --use-compress-program unzstd
2025-06-10T19:14:10.1540006Z Cache restored successfully
2025-06-10T19:14:10.1941561Z Cache restored from key: node-cache-Linux-x64-npm-c12c6ac637b018150c9ab8486a2ab8d5c875f0013e7356ae5e08bc546e10a4bd
2025-06-10T19:14:10.2098922Z ##[group]Run npm ci --legacy-peer-deps
2025-06-10T19:14:10.2099301Z [36;1mnpm ci --legacy-peer-deps[0m
2025-06-10T19:14:10.2207009Z shell: /usr/bin/bash -e {0}
2025-06-10T19:14:10.2207273Z env:
2025-06-10T19:14:10.2207459Z   NODE_VERSION: 18
2025-06-10T19:14:10.2207655Z ##[endgroup]
2025-06-10T19:14:16.9275067Z npm warn deprecated inflight@1.0.6: This module is not supported, and leaks memory. Do not use it. Check out lru-cache if you want a good and tested way to coalesce async requests by a key value, which is much more comprehensive and powerful.
2025-06-10T19:14:17.1299645Z npm warn deprecated abab@2.0.6: Use your platform's native atob() and btoa() methods instead
2025-06-10T19:14:17.2241637Z npm warn deprecated glob@7.2.3: Glob versions prior to v9 are no longer supported
2025-06-10T19:14:17.3023296Z npm warn deprecated domexception@4.0.0: Use your platform's native DOMException instead
2025-06-10T19:14:25.9271800Z 
2025-06-10T19:14:25.9272457Z > localloop@0.1.0 prepare
2025-06-10T19:14:25.9273005Z > husky install
2025-06-10T19:14:25.9273211Z 
2025-06-10T19:14:25.9869930Z husky - install command is DEPRECATED
2025-06-10T19:14:26.0111028Z 
2025-06-10T19:14:26.0111714Z added 822 packages, and audited 823 packages in 16s
2025-06-10T19:14:26.0117091Z 
2025-06-10T19:14:26.0117437Z 184 packages are looking for funding
2025-06-10T19:14:26.0118002Z   run `npm fund` for details
2025-06-10T19:14:26.0132612Z 
2025-06-10T19:14:26.0132957Z found 0 vulnerabilities
2025-06-10T19:14:26.0988914Z ##[group]Run npm run test:ci
2025-06-10T19:14:26.0989223Z [36;1mnpm run test:ci[0m
2025-06-10T19:14:26.1049188Z shell: /usr/bin/bash -e {0}
2025-06-10T19:14:26.1049425Z env:
2025-06-10T19:14:26.1049613Z   NODE_VERSION: 18
2025-06-10T19:14:26.1049948Z ##[endgroup]
2025-06-10T19:14:26.2369980Z 
2025-06-10T19:14:26.2370311Z > localloop@0.1.0 test:ci
2025-06-10T19:14:26.2370675Z > jest --ci --coverage --watchAll=false
2025-06-10T19:14:26.2370870Z 
2025-06-10T19:14:28.8659510Z PASS lib/utils/__tests__/ticket-utils.test.ts
2025-06-10T19:14:28.8660834Z   Ticket Utils
2025-06-10T19:14:28.8661338Z     formatPrice
2025-06-10T19:14:28.8663687Z       ✓ should format price correctly for paid tickets (26 ms)
2025-06-10T19:14:28.8664474Z       ✓ should display "Free" for zero price
2025-06-10T19:14:28.8665175Z       ✓ should handle different currencies (1 ms)
2025-06-10T19:14:28.8665852Z       ✓ should handle large amounts (1 ms)
2025-06-10T19:14:28.8666539Z       ✓ should handle small amounts (1 ms)
2025-06-10T19:14:28.8666981Z     convertToStripeAmount
2025-06-10T19:14:28.8667613Z       ✓ should convert dollars to cents correctly (1 ms)
2025-06-10T19:14:28.8668380Z       ✓ should handle zero amount
2025-06-10T19:14:28.8669083Z       ✓ should round properly for precision issues (1 ms)
2025-06-10T19:14:28.8670635Z       ✓ should handle large amounts
2025-06-10T19:14:28.8671085Z     convertToDollars
2025-06-10T19:14:28.8671602Z       ✓ should convert cents to dollars correctly (1 ms)
2025-06-10T19:14:28.8672144Z       ✓ should handle zero amount
2025-06-10T19:14:28.8672669Z       ✓ should handle single cents (1 ms)
2025-06-10T19:14:28.8673129Z     calculateStripeFee
2025-06-10T19:14:28.8673632Z       ✓ should calculate Stripe fees correctly (1 ms)
2025-06-10T19:14:28.8674196Z       ✓ should handle zero amount (3 ms)
2025-06-10T19:14:28.8674692Z       ✓ should handle small amounts
2025-06-10T19:14:28.8675195Z       ✓ should handle large amounts (1 ms)
2025-06-10T19:14:28.8675614Z     calculateCustomerTotal
2025-06-10T19:14:28.8676127Z       ✓ should calculate total amount customer pays
2025-06-10T19:14:28.8676690Z       ✓ should handle free tickets (1 ms)
2025-06-10T19:14:28.8677100Z     checkTicketAvailability
2025-06-10T19:14:28.8677703Z       ✓ should return availability for tickets with capacity
2025-06-10T19:14:28.8678386Z       ✓ should handle tickets without capacity limits (1 ms)
2025-06-10T19:14:28.8678968Z       ✓ should detect sold out tickets
2025-06-10T19:14:28.8679546Z       ✓ should handle tickets with sale periods (1 ms)
2025-06-10T19:14:28.8680277Z       ✓ should detect ended sales
2025-06-10T19:14:28.8680672Z     formatAvailabilityStatus
2025-06-10T19:14:28.8681184Z       ✓ should format available status (1 ms)
2025-06-10T19:14:28.8681797Z       ✓ should format unlimited availability
2025-06-10T19:14:28.8682484Z       ✓ should format sold out status
2025-06-10T19:14:28.8962346Z     validateTicketPrice
2025-06-10T19:14:28.8963194Z       ✓ should validate correct prices (1 ms)
2025-06-10T19:14:28.8963904Z       ✓ should reject negative prices (1 ms)
2025-06-10T19:14:28.8964647Z       ✓ should reject prices below minimum for paid tickets
2025-06-10T19:14:28.8965335Z       ✓ should reject prices above maximum
2025-06-10T19:14:28.8965833Z     calculateRefundAmount
2025-06-10T19:14:28.8966539Z       ✓ should calculate customer refund with Stripe fee deduction
2025-06-10T19:14:28.8967321Z       ✓ should calculate full refund for event cancellation
2025-06-10T19:14:28.8967963Z       ✓ should handle small amounts (1 ms)
2025-06-10T19:14:28.8970861Z     getTicketTypeDisplayName
2025-06-10T19:14:28.8971625Z       ✓ should return the ticket type name with price
2025-06-10T19:14:28.8972340Z       ✓ should handle empty or undefined names (1 ms)
2025-06-10T19:14:28.8972836Z     sortTicketTypes
2025-06-10T19:14:28.8973369Z       ✓ should sort ticket types by price ascending
2025-06-10T19:14:28.8973854Z     getActiveTicketTypes
2025-06-10T19:14:28.8974995Z       ✓ should filter only active ticket types (1 ms)
2025-06-10T19:14:28.8975738Z       ✓ should maintain order of active tickets
2025-06-10T19:14:28.8976220Z     calculateTotalRevenue
2025-06-10T19:14:28.8976919Z       ✓ should calculate total revenue from sold tickets (1 ms)
2025-06-10T19:14:28.8977638Z       ✓ should handle tickets with no sales
2025-06-10T19:14:28.8978084Z     formatSaleDate
2025-06-10T19:14:28.8978598Z       ✓ should format date strings (5 ms)
2025-06-10T19:14:28.8979229Z       ✓ should handle different date formats
2025-06-10T19:14:28.8979906Z     hasCapacityLimit
2025-06-10T19:14:28.8980506Z       ✓ should return true for tickets with capacity
2025-06-10T19:14:28.8981209Z       ✓ should return false for unlimited tickets (1 ms)
2025-06-10T19:14:28.8981732Z     getMinimumTicketPrice
2025-06-10T19:14:28.8982327Z       ✓ should return minimum price from ticket types
2025-06-10T19:14:28.8983008Z       ✓ should return null for empty array
2025-06-10T19:14:28.8983803Z       ✓ should exclude inactive tickets from price calculation (1 ms)
2025-06-10T19:14:28.8984478Z     getMaximumTicketPrice
2025-06-10T19:14:28.8985188Z       ✓ should return maximum price from ticket types
2025-06-10T19:14:28.8985840Z       ✓ should return null for empty array
2025-06-10T19:14:28.8986292Z     formatPriceRange
2025-06-10T19:14:28.8987242Z       ✓ should format price range for mixed ticket types (1 ms)
2025-06-10T19:14:28.8987899Z       ✓ should handle single price point
2025-06-10T19:14:28.8988458Z       ✓ should handle all free tickets
2025-06-10T19:14:28.8989021Z       ✓ should handle empty array
2025-06-10T19:14:28.8989292Z 
2025-06-10T19:14:28.9031933Z PASS lib/utils/__tests__/eventFilters.test.ts
2025-06-10T19:14:28.9032577Z   Event Filters
2025-06-10T19:14:28.9032918Z     applyFilters
2025-06-10T19:14:28.9033560Z       ✓ should return all events with empty filters (5 ms)
2025-06-10T19:14:28.9034268Z       ✓ should filter by categories (1 ms)
2025-06-10T19:14:28.9034919Z       ✓ should filter by price type (free) (1 ms)
2025-06-10T19:14:28.9035595Z       ✓ should filter by price type (paid) (1 ms)
2025-06-10T19:14:28.9036228Z       ✓ should filter by search query
2025-06-10T19:14:28.9036808Z       ✓ should sort by date ascending (1 ms)
2025-06-10T19:14:28.9037410Z       ✓ should sort by date descending
2025-06-10T19:14:28.9038039Z       ✓ should sort by title ascending (7 ms)
2025-06-10T19:14:28.9038627Z       ✓ should combine multiple filters
2025-06-10T19:14:28.9039076Z     getEventCategories
2025-06-10T19:14:28.9039637Z       ✓ should return unique categories with counts
2025-06-10T19:14:28.9040511Z       ✓ should handle empty events array (1 ms)
2025-06-10T19:14:28.9041132Z       ✓ should sort categories alphabetically
2025-06-10T19:14:28.9041603Z     getEventPriceCounts
2025-06-10T19:14:28.9042144Z       ✓ should count free and paid events (1 ms)
2025-06-10T19:14:28.9042785Z       ✓ should handle empty events array (1 ms)
2025-06-10T19:14:28.9043420Z       ✓ should handle all free events
2025-06-10T19:14:28.9043881Z     hasActiveFilters
2025-06-10T19:14:28.9044528Z       ✓ should return false for empty filters (1 ms)
2025-06-10T19:14:28.9045259Z       ✓ should return true when categories are selected
2025-06-10T19:14:28.9046037Z       ✓ should return true when price type is filtered (1 ms)
2025-06-10T19:14:28.9046818Z       ✓ should return true when search query is present
2025-06-10T19:14:28.9047313Z     getFilterSummary
2025-06-10T19:14:28.9047825Z       ✓ should generate filter summary (1 ms)
2025-06-10T19:14:28.9048412Z       ✓ should handle no filters applied
2025-06-10T19:14:28.9048845Z     filtersToQueryParams
2025-06-10T19:14:28.9049422Z       ✓ should convert filters to query params (6 ms)
2025-06-10T19:14:28.9050263Z       ✓ should skip empty values (1 ms)
2025-06-10T19:14:28.9050681Z     queryParamsToFilters
2025-06-10T19:14:28.9051236Z       ✓ should convert query params to filters (1 ms)
2025-06-10T19:14:28.9051838Z       ✓ should handle empty params
2025-06-10T19:14:28.9052124Z 
2025-06-10T19:14:29.1253736Z   console.log
2025-06-10T19:14:29.1259025Z     🧪 Database validation integration tests working correctly
2025-06-10T19:14:29.1264248Z 
2025-06-10T19:14:29.1266280Z       at Object.log (tests/integration/database-validation.test.ts:219:21)
2025-06-10T19:14:29.1266821Z 
2025-06-10T19:14:29.1278548Z PASS tests/integration/database-validation.test.ts
2025-06-10T19:14:29.1281132Z   Database Validation Integration
2025-06-10T19:14:29.1281661Z     Data Structure Validation
2025-06-10T19:14:29.1282408Z       ✓ should validate event data structure (3 ms)
2025-06-10T19:14:29.1283117Z       ✓ should validate RSVP data structure (1 ms)
2025-06-10T19:14:29.1283869Z       ✓ should validate ticket type data structure (2 ms)
2025-06-10T19:14:29.1284484Z     API Response Format Validation
2025-06-10T19:14:29.1285216Z       ✓ should validate events API response format (1 ms)
2025-06-10T19:14:29.1286009Z       ✓ should validate error response format (1 ms)
2025-06-10T19:14:29.1286555Z     Business Logic Validation
2025-06-10T19:14:29.1287196Z       ✓ should validate event capacity logic
2025-06-10T19:14:29.1287901Z       ✓ should validate ticket pricing logic (1 ms)
2025-06-10T19:14:29.1288585Z       ✓ should validate date logic for events
2025-06-10T19:14:29.1289064Z     Data Transformation Logic
2025-06-10T19:14:29.1290325Z       ✓ should transform event data for API responses (12 ms)
2025-06-10T19:14:29.1291129Z       ✓ should handle pagination logic correctly
2025-06-10T19:14:29.1291761Z     Integration Test Framework Verification
2025-06-10T19:14:29.1292658Z       ✓ should verify database integration test setup is working (36 ms)
2025-06-10T19:14:29.1293139Z 
2025-06-10T19:14:29.2806652Z   console.log
2025-06-10T19:14:29.2807830Z     🧪 API integration test framework working correctly
2025-06-10T19:14:29.2808376Z 
2025-06-10T19:14:29.2809211Z       at Object.log (tests/integration/api-routes.test.ts:198:21)
2025-06-10T19:14:29.2809867Z 
2025-06-10T19:14:29.2837869Z PASS tests/integration/api-routes.test.ts
2025-06-10T19:14:29.2840347Z   API Routes Integration
2025-06-10T19:14:29.2840848Z     API Route Structure Validation
2025-06-10T19:14:29.2841621Z       ✓ should validate API endpoint configurations (10 ms)
2025-06-10T19:14:29.2842353Z       ✓ should validate HTTP method patterns (2 ms)
2025-06-10T19:14:29.2843216Z     Request/Response Format Validation
2025-06-10T19:14:29.2844009Z       ✓ should validate event creation request format (1 ms)
2025-06-10T19:14:29.2844781Z       ✓ should validate RSVP creation request format
2025-06-10T19:14:29.2845510Z       ✓ should validate performance analytics data format
2025-06-10T19:14:29.2846040Z     Error Handling Patterns
2025-06-10T19:14:29.2846697Z       ✓ should validate error response structure (1 ms)
2025-06-10T19:14:29.2847481Z       ✓ should validate success response structure (1 ms)
2025-06-10T19:14:29.2848053Z     Authentication Integration Patterns
2025-06-10T19:14:29.2848727Z       ✓ should validate authentication header patterns
2025-06-10T19:14:29.2849441Z       ✓ should validate user session data structure
2025-06-10T19:14:29.2850256Z     Integration Test Framework Verification
2025-06-10T19:14:29.2851048Z       ✓ should verify API integration test setup is working (3 ms)
2025-06-10T19:14:29.2851791Z       ✓ should validate test data consistency (1 ms)
2025-06-10T19:14:29.2852150Z 
2025-06-10T19:14:29.3897290Z   console.log
2025-06-10T19:14:29.3902133Z     🧪 Component integration test framework working correctly
2025-06-10T19:14:29.3902612Z 
2025-06-10T19:14:29.3903077Z       at Object.log (tests/integration/component-interactions.test.ts:254:21)
2025-06-10T19:14:29.3904949Z 
2025-06-10T19:14:29.3923742Z PASS tests/integration/component-interactions.test.ts
2025-06-10T19:14:29.3924418Z   Component Interactions Integration
2025-06-10T19:14:29.3924972Z     Event Filters and Event List Integration
2025-06-10T19:14:29.3925871Z       ✓ should filter events when filter options are selected (2 ms)
2025-06-10T19:14:29.3926530Z     Authentication Flow Integration
2025-06-10T19:14:29.3927747Z       ✓ should handle authentication state changes across components
2025-06-10T19:14:29.3928479Z     Form Submission and Data Persistence Integration
2025-06-10T19:14:29.3929396Z       ✓ should handle form submission with validation and API calls (3 ms)
2025-06-10T19:14:29.3930408Z     Error Handling and User Feedback Integration
2025-06-10T19:14:29.3931350Z       ✓ should display appropriate error messages when API calls fail (1 ms)
2025-06-10T19:14:29.3932039Z     State Management Integration
2025-06-10T19:14:29.3932871Z       ✓ should maintain consistent state across component updates (1 ms)
2025-06-10T19:14:29.3933527Z     Real-time Updates Integration
2025-06-10T19:14:29.3934201Z       ✓ should handle real-time data updates correctly (1 ms)
2025-06-10T19:14:29.3934821Z     Performance and Loading States Integration
2025-06-10T19:14:29.3935709Z       ✓ should handle loading states appropriately during data fetching (101 ms)
2025-06-10T19:14:29.3936405Z     Integration Test Framework Verification
2025-06-10T19:14:29.3937175Z       ✓ should verify component integration test setup is working (24 ms)
2025-06-10T19:14:29.3937587Z 
2025-06-10T19:14:29.7703406Z PASS app/api/events/__tests__/route.test.ts
2025-06-10T19:14:29.7703976Z   /api/events
2025-06-10T19:14:29.7705105Z     ✓ should return 401 when user is not authenticated (7 ms)
2025-06-10T19:14:29.7706318Z     ✓ should return events when user is authenticated (3 ms)
2025-06-10T19:14:29.7706680Z 
2025-06-10T19:14:29.9952242Z PASS components/ui/__tests__/button.test.tsx
2025-06-10T19:14:29.9952789Z   Button Component
2025-06-10T19:14:29.9953541Z     ✓ should render with default props (73 ms)
2025-06-10T19:14:29.9954204Z     ✓ should render different variants correctly (30 ms)
2025-06-10T19:14:29.9954663Z     ✓ should render different sizes correctly (17 ms)
2025-06-10T19:14:29.9955029Z     ✓ should handle click events (26 ms)
2025-06-10T19:14:29.9955411Z     ✓ should be disabled when disabled prop is true (5 ms)
2025-06-10T19:14:29.9955930Z     ✓ should render as different HTML elements when asChild is used (4 ms)
2025-06-10T19:14:29.9956374Z     ✓ should forward refs correctly (2 ms)
2025-06-10T19:14:29.9957029Z     ✓ should accept custom className (5 ms)
2025-06-10T19:14:29.9957705Z     ✓ should handle keyboard navigation (16 ms)
2025-06-10T19:14:29.9958513Z     ✓ should have proper accessibility attributes (6 ms)
2025-06-10T19:14:29.9959175Z     ✓ should render loading state correctly (5 ms)
2025-06-10T19:14:29.9960053Z     ✓ should handle focus and blur events (22 ms)
2025-06-10T19:14:29.9960680Z     ✓ should prevent default behavior when needed (13 ms)
2025-06-10T19:14:29.9961238Z     ✓ should render with icons (3 ms)
2025-06-10T19:14:29.9961803Z     ✓ should handle rapid clicks gracefully (30 ms)
2025-06-10T19:14:29.9962124Z 
2025-06-10T19:14:35.0098640Z ----------------------------------|---------|----------|---------|---------|---------------------------------------------------
2025-06-10T19:14:35.0100049Z File                              | % Stmts | % Branch | % Funcs | % Lines | Uncovered Line #s                                 
2025-06-10T19:14:35.0101137Z ----------------------------------|---------|----------|---------|---------|---------------------------------------------------
2025-06-10T19:14:35.0112245Z All files                         |    4.39 |     2.88 |    5.01 |    4.16 |                                                   
2025-06-10T19:14:35.0113011Z  app                              |       0 |        0 |       0 |       0 |                                                   
2025-06-10T19:14:35.0113766Z   robots.ts                       |       0 |        0 |       0 |       0 | 3-6                                               
2025-06-10T19:14:35.0114514Z   sitemap.ts                      |       0 |        0 |       0 |       0 | 3-25                                              
2025-06-10T19:14:35.0115269Z  app/about                        |       0 |      100 |       0 |       0 |                                                   
2025-06-10T19:14:35.0116352Z   page.tsx                        |       0 |      100 |       0 |       0 | 1-4                                               
2025-06-10T19:14:35.0117260Z  app/api/analytics/performance    |       0 |        0 |       0 |       0 |                                                   
2025-06-10T19:14:35.0118167Z   route.ts                        |       0 |        0 |       0 |       0 | 1-231                                             
2025-06-10T19:14:35.0119038Z  app/api/auth/google/callback     |       0 |        0 |       0 |       0 |                                                   
2025-06-10T19:14:35.0120075Z   route.ts                        |       0 |        0 |       0 |       0 | 1-278                                             
2025-06-10T19:14:35.0120924Z  app/api/auth/google/connect      |       0 |        0 |       0 |       0 |                                                   
2025-06-10T19:14:35.0121783Z   route.ts                        |       0 |        0 |       0 |       0 | 1-118                                             
2025-06-10T19:14:35.0122661Z  app/api/auth/google/disconnect   |       0 |        0 |       0 |       0 |                                                   
2025-06-10T19:14:35.0123533Z   route.ts                        |       0 |        0 |       0 |       0 | 1-106                                             
2025-06-10T19:14:35.0124588Z  app/api/auth/google/status       |       0 |        0 |       0 |       0 |                                                   
2025-06-10T19:14:35.0125434Z   route.ts                        |       0 |        0 |       0 |       0 | 1-185                                             
2025-06-10T19:14:35.0126241Z  app/api/auth/welcome             |       0 |        0 |       0 |       0 |                                                   
2025-06-10T19:14:35.0127036Z   route.ts                        |       0 |        0 |       0 |       0 | 1-127                                             
2025-06-10T19:14:35.0127916Z  app/api/calendar/add-to-calendar |       0 |        0 |       0 |       0 |                                                   
2025-06-10T19:14:35.0128787Z   route.ts                        |       0 |        0 |       0 |       0 | 1-218                                             
2025-06-10T19:14:35.0129788Z  app/api/calendar/create-event    |       0 |        0 |       0 |       0 |                                                   
2025-06-10T19:14:35.0130652Z   route.ts                        |       0 |        0 |       0 |       0 | 1-94                                              
2025-06-10T19:14:35.0131425Z  app/api/checkout                 |       0 |        0 |       0 |       0 |                                                   
2025-06-10T19:14:35.0132196Z   route.ts                        |       0 |        0 |       0 |       0 | 1-289                                             
2025-06-10T19:14:35.0132981Z  app/api/debug-oauth              |       0 |        0 |       0 |       0 |                                                   
2025-06-10T19:14:35.0133761Z   route.ts                        |       0 |        0 |       0 |       0 | 1-20                                              
2025-06-10T19:14:35.0134552Z  app/api/events                   |   37.71 |    18.51 |   66.66 |   39.44 |                                                   
2025-06-10T19:14:35.0135400Z   route.ts                        |   37.71 |    18.51 |   66.66 |   39.44 | 7-163,209,213,217,221,231-245,271,290-300,321-322 
2025-06-10T19:14:35.0136210Z  app/api/events/[id]              |       0 |        0 |       0 |       0 |                                                   
2025-06-10T19:14:35.0136979Z   route.ts                        |       0 |        0 |       0 |       0 | 1-327                                             
2025-06-10T19:14:35.0137836Z  app/api/events/cancellation      |       0 |        0 |       0 |       0 |                                                   
2025-06-10T19:14:35.0138865Z   route.ts                        |       0 |        0 |       0 |       0 | 1-293                                             
2025-06-10T19:14:35.0139833Z  app/api/events/reminders         |       0 |        0 |       0 |       0 |                                                   
2025-06-10T19:14:35.0140673Z   route.ts                        |       0 |        0 |       0 |       0 | 1-322                                             
2025-06-10T19:14:35.0141432Z  app/api/health                   |       0 |        0 |       0 |       0 |                                                   
2025-06-10T19:14:35.0142190Z   route.ts                        |       0 |        0 |       0 |       0 | 1-139                                             
2025-06-10T19:14:35.0142942Z  app/api/orders                   |       0 |        0 |       0 |       0 |                                                   
2025-06-10T19:14:35.0143705Z   route.ts                        |       0 |        0 |       0 |       0 | 1-269                                             
2025-06-10T19:14:35.0144478Z  app/api/refunds                  |       0 |        0 |       0 |       0 |                                                   
2025-06-10T19:14:35.0145238Z   route.ts                        |       0 |        0 |       0 |       0 | 1-309                                             
2025-06-10T19:14:35.0146167Z  app/api/rsvps                    |       0 |        0 |       0 |       0 |                                                   
2025-06-10T19:14:35.0146915Z   route.ts                        |       0 |        0 |       0 |       0 | 1-334                                             
2025-06-10T19:14:35.0147674Z  app/api/rsvps/[id]               |       0 |        0 |       0 |       0 |                                                   
2025-06-10T19:14:35.0148429Z   route.ts                        |       0 |        0 |       0 |       0 | 1-315                                             
2025-06-10T19:14:35.0149254Z  app/api/staff/analytics          |       0 |        0 |       0 |       0 |                                                   
2025-06-10T19:14:35.0150207Z   route.ts                        |       0 |        0 |       0 |       0 | 1-207                                             
2025-06-10T19:14:35.0151027Z  app/api/staff/attendees          |       0 |        0 |       0 |       0 |                                                   
2025-06-10T19:14:35.0151848Z   route.ts                        |       0 |        0 |       0 |       0 | 1-272                                             
2025-06-10T19:14:35.0152669Z  app/api/staff/dashboard          |       0 |        0 |       0 |       0 |                                                   
2025-06-10T19:14:35.0153487Z   route.ts                        |       0 |        0 |       0 |       0 | 1-168                                             
2025-06-10T19:14:35.0154294Z  app/api/staff/export             |       0 |        0 |       0 |       0 |                                                   
2025-06-10T19:14:35.0155121Z   route.ts                        |       0 |        0 |       0 |       0 | 1-501                                             
2025-06-10T19:14:35.0155889Z  app/api/test-env                 |       0 |        0 |       0 |       0 |                                                   
2025-06-10T19:14:35.0156653Z   route.ts                        |       0 |        0 |       0 |       0 | 1-4                                               
2025-06-10T19:14:35.0157465Z  app/api/test-upgrade-role        |       0 |        0 |       0 |       0 |                                                   
2025-06-10T19:14:35.0158282Z   route.ts                        |       0 |        0 |       0 |       0 | 1-40                                              
2025-06-10T19:14:35.0159076Z  app/api/ticket-types             |       0 |        0 |       0 |       0 |                                                   
2025-06-10T19:14:35.0160180Z   route.ts                        |       0 |        0 |       0 |       0 | 1-373                                             
2025-06-10T19:14:35.0161009Z  app/api/ticket-types/[id]        |       0 |        0 |       0 |       0 |                                                   
2025-06-10T19:14:35.0161818Z   route.ts                        |       0 |        0 |       0 |       0 | 1-358                                             
2025-06-10T19:14:35.0162679Z  app/api/update-customer-info     |       0 |        0 |       0 |       0 |                                                   
2025-06-10T19:14:35.0163512Z   route.ts                        |       0 |        0 |       0 |       0 | 1-61                                              
2025-06-10T19:14:35.0164338Z  app/api/webhooks/stripe          |       0 |        0 |       0 |       0 |                                                   
2025-06-10T19:14:35.0165165Z   route.ts                        |       0 |        0 |       0 |       0 | 1-665                                             
2025-06-10T19:14:35.0165946Z  app/auth/callback                |       0 |        0 |       0 |       0 |                                                   
2025-06-10T19:14:35.0166729Z   page.tsx                        |       0 |        0 |       0 |       0 | 3-37                                              
2025-06-10T19:14:35.0167724Z  app/auth/google/callback         |       0 |        0 |       0 |       0 |                                                   
2025-06-10T19:14:35.0168554Z   page.tsx                        |       0 |        0 |       0 |       0 | 3-193                                             
2025-06-10T19:14:35.0169306Z  app/auth/login                   |       0 |        0 |       0 |       0 |                                                   
2025-06-10T19:14:35.0170206Z   page.tsx                        |       0 |        0 |       0 |       0 | 3-112                                             
2025-06-10T19:14:35.0171036Z  app/auth/reset-password          |       0 |        0 |       0 |       0 |                                                   
2025-06-10T19:14:35.0171901Z   page.tsx                        |       0 |        0 |       0 |       0 | 3-56                                              
2025-06-10T19:14:35.0172678Z  app/auth/signup                  |       0 |        0 |       0 |       0 |                                                   
2025-06-10T19:14:35.0173450Z   page.tsx                        |       0 |        0 |       0 |       0 | 3-103                                             
2025-06-10T19:14:35.0174276Z  app/auth/update-password         |       0 |        0 |       0 |       0 |                                                   
2025-06-10T19:14:35.0175094Z   page.tsx                        |       0 |      100 |       0 |       0 | 3-6                                               
2025-06-10T19:14:35.0175936Z   update-password-form.tsx        |       0 |        0 |       0 |       0 | 3-103                                             
2025-06-10T19:14:35.0176793Z  app/contact                      |       0 |      100 |       0 |       0 |                                                   
2025-06-10T19:14:35.0177553Z   page.tsx                        |       0 |      100 |       0 |       0 | 1-4                                               
2025-06-10T19:14:35.0178345Z  app/create-event                 |       0 |      100 |       0 |       0 |                                                   
2025-06-10T19:14:35.0179136Z   page.tsx                        |       0 |      100 |       0 |       0 | 1-4                                               
2025-06-10T19:14:35.0179610Z  app/demo                         |       0 |      100 |       0 |       0 |                                                   
2025-06-10T19:14:35.0180251Z   page.tsx                        |       0 |      100 |       0 |       0 | 3-249                                             
2025-06-10T19:14:35.0180841Z  app/demo/lists                   |       0 |        0 |       0 |       0 |                                                   
2025-06-10T19:14:35.0181286Z   page.tsx                        |       0 |        0 |       0 |       0 | 3-254                                             
2025-06-10T19:14:35.0181713Z  app/events/[id]                  |       0 |        0 |       0 |       0 |                                                   
2025-06-10T19:14:35.0182133Z   page.tsx                        |       0 |        0 |       0 |       0 | 1-127                                             
2025-06-10T19:14:35.0182554Z  app/my-events                    |       0 |        0 |       0 |       0 |                                                   
2025-06-10T19:14:35.0182972Z   page.tsx                        |       0 |        0 |       0 |       0 | 2-18                                              
2025-06-10T19:14:35.0183393Z  app/privacy                      |       0 |      100 |       0 |       0 |                                                   
2025-06-10T19:14:35.0183827Z   page.tsx                        |       0 |      100 |       0 |       0 | 1-4                                               
2025-06-10T19:14:35.0184242Z  app/staff                        |       0 |        0 |       0 |       0 |                                                   
2025-06-10T19:14:35.0184800Z   page.tsx                        |       0 |        0 |       0 |       0 | 1-36                                              
2025-06-10T19:14:35.0185256Z  app/staff/dashboard              |       0 |      100 |       0 |       0 |                                                   
2025-06-10T19:14:35.0185716Z   page.tsx                        |       0 |      100 |       0 |       0 | 1-5                                               
2025-06-10T19:14:35.0186528Z  app/staff/events/[id]/edit       |       0 |        0 |       0 |       0 |                                                   
2025-06-10T19:14:35.0187556Z   StaffEventEditClient.tsx        |       0 |      100 |       0 |       0 | 3-19                                              
2025-06-10T19:14:35.0188496Z   page.tsx                        |       0 |        0 |       0 |       0 | 1-45                                              
2025-06-10T19:14:35.0189396Z  app/staff/events/create          |       0 |        0 |       0 |       0 |                                                   
2025-06-10T19:14:35.0190613Z   StaffEventCreateClient.tsx      |       0 |      100 |       0 |       0 | 3-15                                              
2025-06-10T19:14:35.0191561Z   page.tsx                        |       0 |        0 |       0 |       0 | 1-24                                              
2025-06-10T19:14:35.0192388Z  app/terms                        |       0 |      100 |       0 |       0 |                                                   
2025-06-10T19:14:35.0193204Z   page.tsx                        |       0 |      100 |       0 |       0 | 1-4                                               
2025-06-10T19:14:35.0194003Z  app/test-auth                    |       0 |        0 |       0 |       0 |                                                   
2025-06-10T19:14:35.0194818Z   page.tsx                        |       0 |        0 |       0 |       0 | 1-23                                              
2025-06-10T19:14:35.0195618Z  components                       |       0 |        0 |       0 |       0 |                                                   
2025-06-10T19:14:35.0196579Z   GoogleCalendarConnect.tsx       |       0 |        0 |       0 |       0 | 3-420                                             
2025-06-10T19:14:35.0197620Z  components/analytics             |       0 |        0 |       0 |       0 |                                                   
2025-06-10T19:14:35.0198617Z   PerformanceMonitor.tsx          |       0 |        0 |       0 |       0 | 3-50                                              
2025-06-10T19:14:35.0200062Z  components/auth                  |       0 |        0 |       0 |       0 |                                                   
2025-06-10T19:14:35.0201105Z   ProfileDropdown.tsx             |       0 |        0 |       0 |       0 | 3-52                                              
2025-06-10T19:14:35.0202111Z   ProtectedRoute.tsx              |       0 |        0 |       0 |       0 | 3-148                                             
2025-06-10T19:14:35.0203107Z  components/checkout              |       0 |        0 |       0 |       0 |                                                   
2025-06-10T19:14:35.0204066Z   CheckoutForm.tsx                |       0 |        0 |       0 |       0 | 3-528                                             
2025-06-10T19:14:35.0205077Z   GoogleCalendarAddButton.tsx     |       0 |        0 |       0 |       0 | 3-14                                              
2025-06-10T19:14:35.0206107Z  components/dashboard             |       0 |        0 |       0 |       0 |                                                   
2025-06-10T19:14:35.0207069Z   Analytics.tsx                   |       0 |        0 |       0 |       0 | 3-423                                             
2025-06-10T19:14:35.0208032Z   AttendeeManagement.tsx          |       0 |        0 |       0 |       0 | 3-613                                             
2025-06-10T19:14:35.0209419Z   PerformanceDashboard.tsx        |       0 |        0 |       0 |       0 | 3-237                                             
2025-06-10T19:14:35.0210642Z   RefundDialog.tsx                |       0 |        0 |       0 |       0 | 3-303                                             
2025-06-10T19:14:35.0211615Z   StaffDashboard.tsx              |       0 |        0 |       0 |       0 | 3-438                                             
2025-06-10T19:14:35.0212583Z   UserDashboard.tsx               |       0 |        0 |       0 |       0 | 3-693                                             
2025-06-10T19:14:35.0213536Z  components/events                |       0 |        0 |       0 |       0 |                                                   
2025-06-10T19:14:35.0214438Z   EventCard.tsx                   |       0 |        0 |       0 |       0 | 3-527                                             
2025-06-10T19:14:35.0215398Z   EventDetailClient.tsx           |       0 |        0 |       0 |       0 | 3-293                                             
2025-06-10T19:14:35.0216347Z   EventForm.tsx                   |       0 |        0 |       0 |       0 | 3-825                                             
2025-06-10T19:14:35.0217296Z   EventImageGallery.tsx           |       0 |        0 |       0 |       0 | 3-276                                             
2025-06-10T19:14:35.0218207Z   EventList.tsx                   |       0 |        0 |       0 |       0 | 3-407                                             
2025-06-10T19:14:35.0219099Z   EventMapWrapper.tsx             |       0 |        0 |       0 |       0 | 3-13                                              
2025-06-10T19:14:35.0220301Z   RSVPTicketSection.tsx           |       0 |        0 |       0 |       0 | 3-469                                             
2025-06-10T19:14:35.0221267Z   TicketSelection.tsx             |       0 |        0 |       0 |       0 | 3-298                                             
2025-06-10T19:14:35.0222245Z   TicketTypeManager.tsx           |       0 |        0 |       0 |       0 | 3-500                                             
2025-06-10T19:14:35.0223190Z   index.ts                        |       0 |      100 |     100 |       0 | 5-44                                              
2025-06-10T19:14:35.0224089Z  components/filters               |       0 |        0 |       0 |       0 |                                                   
2025-06-10T19:14:35.0225028Z   ActiveFilters.tsx               |       0 |        0 |       0 |       0 | 3-62                                              
2025-06-10T19:14:35.0226377Z   CategoryFilter.tsx              |       0 |        0 |       0 |       0 | 3-104                                             
2025-06-10T19:14:35.0227402Z   DateFilter.tsx                  |       0 |        0 |       0 |       0 | 3-167                                             
2025-06-10T19:14:35.0228316Z   EventFilters.tsx                |       0 |        0 |       0 |       0 | 3-206                                             
2025-06-10T19:14:35.0229214Z   PriceFilter.tsx                 |       0 |        0 |       0 |       0 | 3-90                                              
2025-06-10T19:14:35.0230320Z   SortControl.tsx                 |       0 |        0 |       0 |       0 | 3-71                                              
2025-06-10T19:14:35.0231274Z  components/homepage              |       0 |        0 |       0 |       0 |                                                   
2025-06-10T19:14:35.0232236Z   HomePageClient.tsx              |       0 |        0 |       0 |       0 | 3-313                                             
2025-06-10T19:14:35.0233201Z  components/ui                    |    4.59 |       16 |    5.26 |    5.26 |                                                   
2025-06-10T19:14:35.0234094Z   Card.tsx                        |       0 |        0 |       0 |       0 | 3-161                                             
2025-06-10T19:14:35.0235556Z   LoadingSpinner.tsx              |       0 |        0 |       0 |       0 | 1-20                                              
2025-06-10T19:14:35.0236461Z   alert.tsx                       |       0 |        0 |       0 |       0 | 1-44                                              
2025-06-10T19:14:35.0237270Z   badge.tsx                       |       0 |        0 |       0 |       0 | 1-33                                              
2025-06-10T19:14:35.0238100Z   button.tsx                      |     100 |      100 |     100 |     100 |                                                   
2025-06-10T19:14:35.0238937Z   checkbox.tsx                    |       0 |      100 |     100 |       0 | 3-30                                              
2025-06-10T19:14:35.0240016Z   dialog.tsx                      |       0 |        0 |       0 |       0 | 1-87                                              
2025-06-10T19:14:35.0240857Z   index.ts                        |       0 |      100 |     100 |       0 | 3-49                                              
2025-06-10T19:14:35.0241680Z   input.tsx                       |       0 |      100 |       0 |       0 | 1-26                                              
2025-06-10T19:14:35.0242503Z   label.tsx                       |       0 |      100 |     100 |       0 | 3-26                                              
2025-06-10T19:14:35.0243344Z   select.tsx                      |       0 |        0 |     100 |       0 | 3-159                                             
2025-06-10T19:14:35.0244191Z   switch.tsx                      |       0 |      100 |     100 |       0 | 3-29                                              
2025-06-10T19:14:35.0245052Z   table.tsx                       |       0 |      100 |     100 |       0 | 1-116                                             
2025-06-10T19:14:35.0245920Z   tabs.tsx                        |       0 |      100 |     100 |       0 | 3-55                                              
2025-06-10T19:14:35.0246788Z   textarea.tsx                    |       0 |      100 |       0 |       0 | 1-25                                              
2025-06-10T19:14:35.0247623Z  lib                              |    0.58 |        0 |    0.76 |    0.61 |                                                   
2025-06-10T19:14:35.0248485Z   auth-context.tsx                |       0 |        0 |       0 |       0 | 3-143                                             
2025-06-10T19:14:35.0249341Z   auth.ts                         |       0 |        0 |       0 |       0 | 1-280                                             
2025-06-10T19:14:35.0250777Z   config.ts                       |       0 |        0 |       0 |       0 | 2-25                                              
2025-06-10T19:14:35.0251336Z   csv-export.ts                   |       0 |        0 |       0 |       0 | 66-278                                            
2025-06-10T19:14:35.0251835Z   email-service.ts                |       0 |        0 |       0 |       0 | 1-817                                             
2025-06-10T19:14:35.0252335Z   google-auth.ts                  |       0 |        0 |       0 |       0 | 1-569                                             
2025-06-10T19:14:35.0252892Z   google-calendar.ts              |       0 |        0 |       0 |       0 | 1-339                                             
2025-06-10T19:14:35.0253492Z   stripe-client.ts                |       0 |        0 |       0 |       0 | 1-155                                             
2025-06-10T19:14:35.0254036Z   stripe.ts                       |       0 |        0 |       0 |       0 | 1-159                                             
2025-06-10T19:14:35.0254602Z   supabase-server.ts              |       0 |        0 |       0 |       0 | 1-28                                              
2025-06-10T19:14:35.0255169Z   supabase.ts                     |       0 |        0 |       0 |       0 | 1-12                                              
2025-06-10T19:14:35.0255852Z   utils.ts                        |   23.52 |        0 |   16.66 |      25 | 20-77                                             
2025-06-10T19:14:35.0256387Z  lib/emails                       |       0 |        0 |       0 |       0 |                                                   
2025-06-10T19:14:35.0256982Z   event-cancellation.tsx          |       0 |        0 |       0 |       0 | 14-498                                            
2025-06-10T19:14:35.0257604Z   event-reminder.tsx              |       0 |        0 |       0 |       0 | 14-473                                            
2025-06-10T19:14:35.0258233Z   rsvp-cancellation.tsx           |       0 |        0 |       0 |       0 | 14-329                                            
2025-06-10T19:14:35.0258887Z   rsvp-confirmation.tsx           |       0 |        0 |       0 |       0 | 14-350                                            
2025-06-10T19:14:35.0259563Z   send-ticket-confirmation.ts     |       0 |        0 |       0 |       0 | 1-116                                             
2025-06-10T19:14:35.0260471Z   welcome-email.tsx               |       0 |        0 |       0 |       0 | 14-311                                            
2025-06-10T19:14:35.0261087Z  lib/emails/templates             |       0 |        0 |       0 |       0 |                                                   
2025-06-10T19:14:35.0261754Z   RefundConfirmationEmail.tsx     |       0 |        0 |       0 |       0 | 13-491                                            
2025-06-10T19:14:35.0262465Z   TicketConfirmationEmail.tsx     |       0 |        0 |       0 |       0 | 13-380                                            
2025-06-10T19:14:35.0262978Z  lib/hooks                        |       0 |        0 |       0 |       0 |                                                   
2025-06-10T19:14:35.0263398Z   useAuth.ts                      |       0 |        0 |       0 |       0 | 4-139                                             
2025-06-10T19:14:35.0263867Z   useInfiniteScroll.ts            |       0 |        0 |       0 |       0 | 3-61                                              
2025-06-10T19:14:35.0264353Z   usePagination.ts                |       0 |        0 |       0 |       0 | 3-91                                              
2025-06-10T19:14:35.0264817Z  lib/middleware                   |       0 |        0 |       0 |       0 |                                                   
2025-06-10T19:14:35.0265294Z   performance.ts                  |       0 |        0 |       0 |       0 | 1-203                                             
2025-06-10T19:14:35.0265862Z  lib/types                        |       0 |      100 |       0 |       0 |                                                   
2025-06-10T19:14:35.0266309Z   filters.ts                      |       0 |      100 |       0 |       0 | 46-151                                            
2025-06-10T19:14:35.0266749Z   index.ts                        |       0 |      100 |     100 |       0 | 10-13                                             
2025-06-10T19:14:35.0267199Z  lib/utils                        |   45.83 |    45.29 |   38.01 |   44.93 |                                                   
2025-06-10T19:14:35.0267635Z   cache.ts                        |       0 |        0 |       0 |       0 | 11-182                                            
2025-06-10T19:14:35.0268101Z   eventFilters.ts                 |   69.92 |    61.33 |   62.16 |   69.84 | 16-27,43-45,103-115,185-245,273,277,294-295,327   
2025-06-10T19:14:35.0268609Z   optimization.ts                 |       0 |        0 |       0 |       0 | 1-135                                             
2025-06-10T19:14:35.0269086Z   performance.ts                  |       0 |        0 |       0 |       0 | 17-279                                            
2025-06-10T19:14:35.0269575Z   ticket-utils.ts                 |    92.8 |     77.5 |     100 |   93.06 | 136,140,225,242-243,248-249                       
2025-06-10T19:14:35.0270487Z ----------------------------------|---------|----------|---------|---------|---------------------------------------------------
2025-06-10T19:14:35.0270788Z 
2025-06-10T19:14:35.0270995Z =============================== Coverage summary ===============================
2025-06-10T19:14:35.0271330Z Statements   : 4.39% ( 265/6030 )
2025-06-10T19:14:35.0271604Z Branches     : 2.88% ( 96/3329 )
2025-06-10T19:14:35.0271862Z Functions    : 5.01% ( 50/998 )
2025-06-10T19:14:35.0272110Z Lines        : 4.16% ( 238/5708 )
2025-06-10T19:14:35.0272432Z ================================================================================
2025-06-10T19:14:35.4544496Z Test Suites: 7 passed, 7 total
2025-06-10T19:14:35.4545027Z Tests:       125 passed, 125 total
2025-06-10T19:14:35.4545314Z Snapshots:   0 total
2025-06-10T19:14:35.4545538Z Time:        8.2 s
2025-06-10T19:14:35.4545750Z Ran all test suites.
2025-06-10T19:14:35.5056488Z Post job cleanup.
2025-06-10T19:14:35.6569251Z Cache hit occurred on the primary key node-cache-Linux-x64-npm-c12c6ac637b018150c9ab8486a2ab8d5c875f0013e7356ae5e08bc546e10a4bd, not saving cache.
2025-06-10T19:14:35.6690130Z Post job cleanup.
2025-06-10T19:14:35.7611369Z [command]/usr/bin/git version
2025-06-10T19:14:35.7646933Z git version 2.49.0
2025-06-10T19:14:35.7690518Z Temporarily overriding HOME='/home/runner/work/_temp/e32bd9e5-ee8b-4622-a06f-af31a39400e7' before making global git config changes
2025-06-10T19:14:35.7691999Z Adding repository directory to the temporary git global config as a safe directory
2025-06-10T19:14:35.7703379Z [command]/usr/bin/git config --global --add safe.directory /home/runner/work/LocalLoop/LocalLoop
2025-06-10T19:14:35.7736706Z [command]/usr/bin/git config --local --name-only --get-regexp core\.sshCommand
2025-06-10T19:14:35.7768686Z [command]/usr/bin/git submodule foreach --recursive sh -c "git config --local --name-only --get-regexp 'core\.sshCommand' && git config --local --unset-all 'core.sshCommand' || :"
2025-06-10T19:14:35.7990815Z [command]/usr/bin/git config --local --name-only --get-regexp http\.https\:\/\/github\.com\/\.extraheader
2025-06-10T19:14:35.8012881Z http.https://github.com/.extraheader
2025-06-10T19:14:35.8026036Z [command]/usr/bin/git config --local --unset-all http.https://github.com/.extraheader
2025-06-10T19:14:35.8058426Z [command]/usr/bin/git submodule foreach --recursive sh -c "git config --local --name-only --get-regexp 'http\.https\:\/\/github\.com\/\.extraheader' && git config --local --unset-all 'http.https://github.com/.extraheader' || :"
2025-06-10T19:14:35.8395371Z Cleaning up orphan processes
