2025-06-10T19:14:44.6841741Z Current runner version: '2.325.0'
2025-06-10T19:14:44.6866554Z ##[group]Runner Image Provisioner
2025-06-10T19:14:44.6867673Z Hosted Compute Agent
2025-06-10T19:14:44.6868256Z Version: 20250508.323
2025-06-10T19:14:44.6868809Z Commit: 81b259f29879f73b4213d199e42d8c3465dae986
2025-06-10T19:14:44.6869632Z Build Date: 2025-05-08T19:40:08Z
2025-06-10T19:14:44.6870240Z ##[endgroup]
2025-06-10T19:14:44.6870716Z ##[group]Operating System
2025-06-10T19:14:44.6871357Z Ubuntu
2025-06-10T19:14:44.6871874Z 24.04.2
2025-06-10T19:14:44.6872282Z LTS
2025-06-10T19:14:44.6872848Z ##[endgroup]
2025-06-10T19:14:44.6873350Z ##[group]Runner Image
2025-06-10T19:14:44.6873850Z Image: ubuntu-24.04
2025-06-10T19:14:44.6874430Z Version: 20250511.1.0
2025-06-10T19:14:44.6875439Z Included Software: https://github.com/actions/runner-images/blob/ubuntu24/20250511.1/images/ubuntu/Ubuntu2404-Readme.md
2025-06-10T19:14:44.6877033Z Image Release: https://github.com/actions/runner-images/releases/tag/ubuntu24%2F20250511.1
2025-06-10T19:14:44.6878335Z ##[endgroup]
2025-06-10T19:14:44.6879755Z ##[group]GITHUB_TOKEN Permissions
2025-06-10T19:14:44.6881716Z Contents: read
2025-06-10T19:14:44.6882430Z Deployments: write
2025-06-10T19:14:44.6882950Z Issues: write
2025-06-10T19:14:44.6883476Z Metadata: read
2025-06-10T19:14:44.6884076Z PullRequests: write
2025-06-10T19:14:44.6884596Z ##[endgroup]
2025-06-10T19:14:44.6887064Z Secret source: Actions
2025-06-10T19:14:44.6888279Z Prepare workflow directory
2025-06-10T19:14:44.7283431Z Prepare all required actions
2025-06-10T19:14:44.7323047Z Getting action download info
2025-06-10T19:14:45.0597702Z ##[group]Download immutable action package 'actions/checkout@v4'
2025-06-10T19:14:45.0598833Z Version: 4.2.2
2025-06-10T19:14:45.0599803Z Digest: sha256:ccb2698953eaebd21c7bf6268a94f9c26518a7e38e27e0b83c1fe1ad049819b1
2025-06-10T19:14:45.0601069Z Source commit SHA: 11bd71901bbe5b1630ceea73d27597364c9af683
2025-06-10T19:14:45.0601815Z ##[endgroup]
2025-06-10T19:14:45.1353084Z ##[group]Download immutable action package 'actions/setup-node@v4'
2025-06-10T19:14:45.1353911Z Version: 4.4.0
2025-06-10T19:14:45.1354664Z Digest: sha256:9427cefe82346e992fb5b949e3569b39d537ae41aa3086483b14eceebfc16bc1
2025-06-10T19:14:45.1355667Z Source commit SHA: 49933ea5288caeca8642d1e84afbd3f7d6820020
2025-06-10T19:14:45.1356376Z ##[endgroup]
2025-06-10T19:14:45.2221380Z ##[group]Download immutable action package 'actions/upload-artifact@v4'
2025-06-10T19:14:45.2222215Z Version: 4.6.2
2025-06-10T19:14:45.2222956Z Digest: sha256:290722aa3281d5caf23d0acdc3dbeb3424786a1a01a9cc97e72f147225e37c38
2025-06-10T19:14:45.2223981Z Source commit SHA: ea165f8d65b6e75b540449e92b4886f43607fa02
2025-06-10T19:14:45.2224676Z ##[endgroup]
2025-06-10T19:14:45.4067451Z Complete job name: 🎭 E2E Tests
2025-06-10T19:14:45.4721987Z ##[group]Run actions/checkout@v4
2025-06-10T19:14:45.4722803Z with:
2025-06-10T19:14:45.4723214Z   repository: JacksonR64/LocalLoop
2025-06-10T19:14:45.4723866Z   token: ***
2025-06-10T19:14:45.4724253Z   ssh-strict: true
2025-06-10T19:14:45.4724673Z   ssh-user: git
2025-06-10T19:14:45.4725080Z   persist-credentials: true
2025-06-10T19:14:45.4725537Z   clean: true
2025-06-10T19:14:45.4725945Z   sparse-checkout-cone-mode: true
2025-06-10T19:14:45.4726417Z   fetch-depth: 1
2025-06-10T19:14:45.4726813Z   fetch-tags: false
2025-06-10T19:14:45.4727438Z   show-progress: true
2025-06-10T19:14:45.4727862Z   lfs: false
2025-06-10T19:14:45.4728238Z   submodules: false
2025-06-10T19:14:45.4728654Z   set-safe-directory: true
2025-06-10T19:14:45.4729476Z env:
2025-06-10T19:14:45.4729845Z   NODE_VERSION: 18
2025-06-10T19:14:45.4730243Z ##[endgroup]
2025-06-10T19:14:45.5783241Z Syncing repository: JacksonR64/LocalLoop
2025-06-10T19:14:45.5785100Z ##[group]Getting Git version info
2025-06-10T19:14:45.5786000Z Working directory is '/home/runner/work/LocalLoop/LocalLoop'
2025-06-10T19:14:45.5787032Z [command]/usr/bin/git version
2025-06-10T19:14:45.5833261Z git version 2.49.0
2025-06-10T19:14:45.5859008Z ##[endgroup]
2025-06-10T19:14:45.5872634Z Temporarily overriding HOME='/home/runner/work/_temp/2d695a2f-7b41-4515-a1d9-0c1dfb1d03f4' before making global git config changes
2025-06-10T19:14:45.5874285Z Adding repository directory to the temporary git global config as a safe directory
2025-06-10T19:14:45.5884855Z [command]/usr/bin/git config --global --add safe.directory /home/runner/work/LocalLoop/LocalLoop
2025-06-10T19:14:45.5918193Z Deleting the contents of '/home/runner/work/LocalLoop/LocalLoop'
2025-06-10T19:14:45.5921704Z ##[group]Initializing the repository
2025-06-10T19:14:45.5925361Z [command]/usr/bin/git init /home/runner/work/LocalLoop/LocalLoop
2025-06-10T19:14:45.6009538Z hint: Using 'master' as the name for the initial branch. This default branch name
2025-06-10T19:14:45.6011322Z hint: is subject to change. To configure the initial branch name to use in all
2025-06-10T19:14:45.6012893Z hint: of your new repositories, which will suppress this warning, call:
2025-06-10T19:14:45.6014171Z hint:
2025-06-10T19:14:45.6014942Z hint: 	git config --global init.defaultBranch <name>
2025-06-10T19:14:45.6015724Z hint:
2025-06-10T19:14:45.6016288Z hint: Names commonly chosen instead of 'master' are 'main', 'trunk' and
2025-06-10T19:14:45.6017182Z hint: 'development'. The just-created branch can be renamed via this command:
2025-06-10T19:14:45.6018128Z hint:
2025-06-10T19:14:45.6018516Z hint: 	git branch -m <name>
2025-06-10T19:14:45.6019428Z Initialized empty Git repository in /home/runner/work/LocalLoop/LocalLoop/.git/
2025-06-10T19:14:45.6024757Z [command]/usr/bin/git remote add origin https://github.com/JacksonR64/LocalLoop
2025-06-10T19:14:45.6055672Z ##[endgroup]
2025-06-10T19:14:45.6056381Z ##[group]Disabling automatic garbage collection
2025-06-10T19:14:45.6059686Z [command]/usr/bin/git config --local gc.auto 0
2025-06-10T19:14:45.6087773Z ##[endgroup]
2025-06-10T19:14:45.6088459Z ##[group]Setting up auth
2025-06-10T19:14:45.6094159Z [command]/usr/bin/git config --local --name-only --get-regexp core\.sshCommand
2025-06-10T19:14:45.6122855Z [command]/usr/bin/git submodule foreach --recursive sh -c "git config --local --name-only --get-regexp 'core\.sshCommand' && git config --local --unset-all 'core.sshCommand' || :"
2025-06-10T19:14:45.6392508Z [command]/usr/bin/git config --local --name-only --get-regexp http\.https\:\/\/github\.com\/\.extraheader
2025-06-10T19:14:45.6419981Z [command]/usr/bin/git submodule foreach --recursive sh -c "git config --local --name-only --get-regexp 'http\.https\:\/\/github\.com\/\.extraheader' && git config --local --unset-all 'http.https://github.com/.extraheader' || :"
2025-06-10T19:14:45.6647937Z [command]/usr/bin/git config --local http.https://github.com/.extraheader AUTHORIZATION: basic ***
2025-06-10T19:14:45.6681680Z ##[endgroup]
2025-06-10T19:14:45.6682807Z ##[group]Fetching the repository
2025-06-10T19:14:45.6698518Z [command]/usr/bin/git -c protocol.version=2 fetch --no-tags --prune --no-recurse-submodules --depth=1 origin +586e8a9d5f5082d4a3f71feec9432fa77a629f59:refs/remotes/origin/main
2025-06-10T19:14:46.2652460Z From https://github.com/JacksonR64/LocalLoop
2025-06-10T19:14:46.2654288Z  * [new ref]         586e8a9d5f5082d4a3f71feec9432fa77a629f59 -> origin/main
2025-06-10T19:14:46.2682660Z ##[endgroup]
2025-06-10T19:14:46.2684002Z ##[group]Determining the checkout info
2025-06-10T19:14:46.2685801Z ##[endgroup]
2025-06-10T19:14:46.2690689Z [command]/usr/bin/git sparse-checkout disable
2025-06-10T19:14:46.2732038Z [command]/usr/bin/git config --local --unset-all extensions.worktreeConfig
2025-06-10T19:14:46.2762323Z ##[group]Checking out the ref
2025-06-10T19:14:46.2766399Z [command]/usr/bin/git checkout --progress --force -B main refs/remotes/origin/main
2025-06-10T19:14:46.3536859Z Switched to a new branch 'main'
2025-06-10T19:14:46.3538803Z branch 'main' set up to track 'origin/main'.
2025-06-10T19:14:46.3550480Z ##[endgroup]
2025-06-10T19:14:46.3588656Z [command]/usr/bin/git log -1 --format=%H
2025-06-10T19:14:46.3610910Z 586e8a9d5f5082d4a3f71feec9432fa77a629f59
2025-06-10T19:14:46.3906469Z ##[group]Run actions/setup-node@v4
2025-06-10T19:14:46.3907986Z with:
2025-06-10T19:14:46.3908812Z   node-version: 18
2025-06-10T19:14:46.3909723Z   cache: npm
2025-06-10T19:14:46.3910580Z   always-auth: false
2025-06-10T19:14:46.3911527Z   check-latest: false
2025-06-10T19:14:46.3912782Z   token: ***
2025-06-10T19:14:46.3913667Z env:
2025-06-10T19:14:46.3914457Z   NODE_VERSION: 18
2025-06-10T19:14:46.3915350Z ##[endgroup]
2025-06-10T19:14:46.5704942Z Found in cache @ /opt/hostedtoolcache/node/18.20.8/x64
2025-06-10T19:14:46.5711494Z ##[group]Environment details
2025-06-10T19:14:46.9110884Z node: v18.20.8
2025-06-10T19:14:46.9111508Z npm: 10.8.2
2025-06-10T19:14:46.9111933Z yarn: 1.22.22
2025-06-10T19:14:46.9112920Z ##[endgroup]
2025-06-10T19:14:46.9133634Z [command]/opt/hostedtoolcache/node/18.20.8/x64/bin/npm config get cache
2025-06-10T19:14:47.0515845Z /home/runner/.npm
2025-06-10T19:14:47.1376821Z Cache hit for: node-cache-Linux-x64-npm-c12c6ac637b018150c9ab8486a2ab8d5c875f0013e7356ae5e08bc546e10a4bd
2025-06-10T19:14:48.4107612Z Received 198321573 of 202515877 (97.9%), 189.1 MBs/sec
2025-06-10T19:14:48.4688713Z Received 202515877 of 202515877 (100.0%), 182.5 MBs/sec
2025-06-10T19:14:48.4690249Z Cache Size: ~193 MB (202515877 B)
2025-06-10T19:14:48.4806669Z [command]/usr/bin/tar -xf /home/runner/work/_temp/2ea809d8-030a-4308-affe-f06cc71cf14b/cache.tzst -P -C /home/runner/work/LocalLoop/LocalLoop --use-compress-program unzstd
2025-06-10T19:14:48.8802094Z Cache restored successfully
2025-06-10T19:14:48.9200859Z Cache restored from key: node-cache-Linux-x64-npm-c12c6ac637b018150c9ab8486a2ab8d5c875f0013e7356ae5e08bc546e10a4bd
2025-06-10T19:14:48.9344358Z ##[group]Run npm ci --legacy-peer-deps
2025-06-10T19:14:48.9344743Z [36;1mnpm ci --legacy-peer-deps[0m
2025-06-10T19:14:48.9515992Z shell: /usr/bin/bash -e {0}
2025-06-10T19:14:48.9516272Z env:
2025-06-10T19:14:48.9516469Z   NODE_VERSION: 18
2025-06-10T19:14:48.9516686Z ##[endgroup]
2025-06-10T19:14:54.0460146Z npm warn deprecated inflight@1.0.6: This module is not supported, and leaks memory. Do not use it. Check out lru-cache if you want a good and tested way to coalesce async requests by a key value, which is much more comprehensive and powerful.
2025-06-10T19:14:54.2470405Z npm warn deprecated abab@2.0.6: Use your platform's native atob() and btoa() methods instead
2025-06-10T19:14:54.3417161Z npm warn deprecated glob@7.2.3: Glob versions prior to v9 are no longer supported
2025-06-10T19:14:54.4206379Z npm warn deprecated domexception@4.0.0: Use your platform's native DOMException instead
2025-06-10T19:15:02.8344589Z 
2025-06-10T19:15:02.8345468Z > localloop@0.1.0 prepare
2025-06-10T19:15:02.8346039Z > husky install
2025-06-10T19:15:02.8346243Z 
2025-06-10T19:15:02.8952933Z husky - install command is DEPRECATED
2025-06-10T19:15:02.9183509Z 
2025-06-10T19:15:02.9184155Z added 822 packages, and audited 823 packages in 14s
2025-06-10T19:15:02.9191565Z 
2025-06-10T19:15:02.9257803Z 184 packages are looking for funding
2025-06-10T19:15:02.9258397Z   run `npm fund` for details
2025-06-10T19:15:02.9260168Z 
2025-06-10T19:15:02.9260431Z found 0 vulnerabilities
2025-06-10T19:15:03.0060150Z ##[group]Run npx playwright install --with-deps
2025-06-10T19:15:03.0060579Z [36;1mnpx playwright install --with-deps[0m
2025-06-10T19:15:03.0114107Z shell: /usr/bin/bash -e {0}
2025-06-10T19:15:03.0114353Z env:
2025-06-10T19:15:03.0114542Z   NODE_VERSION: 18
2025-06-10T19:15:03.0114744Z ##[endgroup]
2025-06-10T19:15:03.8912921Z Installing dependencies...
2025-06-10T19:15:03.8977611Z Switching to root user to install dependencies...
2025-06-10T19:15:03.9839365Z Get:1 file:/etc/apt/apt-mirrors.txt Mirrorlist [144 B]
2025-06-10T19:15:04.0053443Z Get:6 https://packages.microsoft.com/repos/azure-cli noble InRelease [3564 B]
2025-06-10T19:15:04.0149509Z Hit:2 http://azure.archive.ubuntu.com/ubuntu noble InRelease
2025-06-10T19:15:04.0150864Z Get:7 https://packages.microsoft.com/ubuntu/24.04/prod noble InRelease [3600 B]
2025-06-10T19:15:04.0164625Z Get:3 http://azure.archive.ubuntu.com/ubuntu noble-updates InRelease [126 kB]
2025-06-10T19:15:04.0199675Z Get:4 http://azure.archive.ubuntu.com/ubuntu noble-backports InRelease [126 kB]
2025-06-10T19:15:04.0252714Z Get:5 http://azure.archive.ubuntu.com/ubuntu noble-security InRelease [126 kB]
2025-06-10T19:15:04.0861197Z Get:8 https://packages.microsoft.com/repos/azure-cli noble/main amd64 Packages [1377 B]
2025-06-10T19:15:04.1839718Z Get:9 https://packages.microsoft.com/ubuntu/24.04/prod noble/main armhf Packages [8488 B]
2025-06-10T19:15:04.1882297Z Get:10 https://packages.microsoft.com/ubuntu/24.04/prod noble/main arm64 Packages [21.0 kB]
2025-06-10T19:15:04.1910653Z Get:11 https://packages.microsoft.com/ubuntu/24.04/prod noble/main amd64 Packages [33.8 kB]
2025-06-10T19:15:04.2331193Z Get:12 http://azure.archive.ubuntu.com/ubuntu noble-updates/main amd64 Packages [1118 kB]
2025-06-10T19:15:04.2404551Z Get:13 http://azure.archive.ubuntu.com/ubuntu noble-updates/main Translation-en [238 kB]
2025-06-10T19:15:04.2428386Z Get:14 http://azure.archive.ubuntu.com/ubuntu noble-updates/main amd64 Components [161 kB]
2025-06-10T19:15:04.2450852Z Get:15 http://azure.archive.ubuntu.com/ubuntu noble-updates/universe amd64 Packages [1078 kB]
2025-06-10T19:15:04.2535695Z Get:16 http://azure.archive.ubuntu.com/ubuntu noble-updates/universe Translation-en [274 kB]
2025-06-10T19:15:04.2559599Z Get:17 http://azure.archive.ubuntu.com/ubuntu noble-updates/universe amd64 Components [376 kB]
2025-06-10T19:15:04.2593198Z Get:18 http://azure.archive.ubuntu.com/ubuntu noble-updates/restricted amd64 Packages [1179 kB]
2025-06-10T19:15:04.2687791Z Get:19 http://azure.archive.ubuntu.com/ubuntu noble-updates/restricted Translation-en [245 kB]
2025-06-10T19:15:04.2715028Z Get:20 http://azure.archive.ubuntu.com/ubuntu noble-updates/restricted amd64 Components [212 B]
2025-06-10T19:15:04.2721160Z Get:21 http://azure.archive.ubuntu.com/ubuntu noble-updates/multiverse amd64 Components [940 B]
2025-06-10T19:15:04.3479265Z Get:22 http://azure.archive.ubuntu.com/ubuntu noble-backports/main amd64 Packages [39.2 kB]
2025-06-10T19:15:04.3490196Z Get:23 http://azure.archive.ubuntu.com/ubuntu noble-backports/main amd64 Components [7080 B]
2025-06-10T19:15:04.3498402Z Get:24 http://azure.archive.ubuntu.com/ubuntu noble-backports/universe amd64 Packages [27.1 kB]
2025-06-10T19:15:04.3508141Z Get:25 http://azure.archive.ubuntu.com/ubuntu noble-backports/universe amd64 Components [16.4 kB]
2025-06-10T19:15:04.3515681Z Get:26 http://azure.archive.ubuntu.com/ubuntu noble-backports/restricted amd64 Components [216 B]
2025-06-10T19:15:04.3523662Z Get:27 http://azure.archive.ubuntu.com/ubuntu noble-backports/multiverse amd64 Components [212 B]
2025-06-10T19:15:04.3534538Z Get:28 http://azure.archive.ubuntu.com/ubuntu noble-security/main amd64 Packages [868 kB]
2025-06-10T19:15:04.3586457Z Get:29 http://azure.archive.ubuntu.com/ubuntu noble-security/main Translation-en [160 kB]
2025-06-10T19:15:04.3603226Z Get:30 http://azure.archive.ubuntu.com/ubuntu noble-security/main amd64 Components [21.6 kB]
2025-06-10T19:15:04.3612040Z Get:31 http://azure.archive.ubuntu.com/ubuntu noble-security/universe amd64 Packages [849 kB]
2025-06-10T19:15:04.3691800Z Get:32 http://azure.archive.ubuntu.com/ubuntu noble-security/universe Translation-en [187 kB]
2025-06-10T19:15:04.3713428Z Get:33 http://azure.archive.ubuntu.com/ubuntu noble-security/universe amd64 Components [52.2 kB]
2025-06-10T19:15:04.3738337Z Get:34 http://azure.archive.ubuntu.com/ubuntu noble-security/restricted amd64 Packages [1138 kB]
2025-06-10T19:15:04.3800319Z Get:35 http://azure.archive.ubuntu.com/ubuntu noble-security/restricted Translation-en [236 kB]
2025-06-10T19:15:04.4253573Z Get:36 http://azure.archive.ubuntu.com/ubuntu noble-security/restricted amd64 Components [212 B]
2025-06-10T19:15:04.4260701Z Get:37 http://azure.archive.ubuntu.com/ubuntu noble-security/multiverse amd64 Components [212 B]
2025-06-10T19:15:07.9744423Z Fetched 8722 kB in 1s (7696 kB/s)
2025-06-10T19:15:08.6027487Z Reading package lists...
2025-06-10T19:15:08.6279313Z Reading package lists...
2025-06-10T19:15:08.7773501Z Building dependency tree...
2025-06-10T19:15:08.7780594Z Reading state information...
2025-06-10T19:15:08.7931869Z libasound2t64 is already the newest version (1.2.11-1build2).
2025-06-10T19:15:08.7932937Z libasound2t64 set to manually installed.
2025-06-10T19:15:08.7933927Z libatk-bridge2.0-0t64 is already the newest version (2.52.0-1build1).
2025-06-10T19:15:08.7934903Z libatk-bridge2.0-0t64 set to manually installed.
2025-06-10T19:15:08.7935854Z libatk1.0-0t64 is already the newest version (2.52.0-1build1).
2025-06-10T19:15:08.7936619Z libatk1.0-0t64 set to manually installed.
2025-06-10T19:15:08.7937134Z libatspi2.0-0t64 is already the newest version (2.52.0-1build1).
2025-06-10T19:15:08.7937866Z libatspi2.0-0t64 set to manually installed.
2025-06-10T19:15:08.7938382Z libcairo2 is already the newest version (1.18.0-3build1).
2025-06-10T19:15:08.7938818Z libcairo2 set to manually installed.
2025-06-10T19:15:08.7939289Z libcups2t64 is already the newest version (2.4.7-1.2ubuntu7.3).
2025-06-10T19:15:08.7939772Z libcups2t64 set to manually installed.
2025-06-10T19:15:08.7940247Z libdbus-1-3 is already the newest version (1.14.10-4ubuntu4.1).
2025-06-10T19:15:08.7940698Z libdbus-1-3 set to manually installed.
2025-06-10T19:15:08.7941182Z libdrm2 is already the newest version (2.4.122-1~ubuntu0.24.04.1).
2025-06-10T19:15:08.7941627Z libdrm2 set to manually installed.
2025-06-10T19:15:08.7942085Z libgbm1 is already the newest version (24.2.8-1ubuntu1~24.04.1).
2025-06-10T19:15:08.7942520Z libgbm1 set to manually installed.
2025-06-10T19:15:08.7942966Z libnspr4 is already the newest version (2:4.35-1.1build1).
2025-06-10T19:15:08.7943388Z libnspr4 set to manually installed.
2025-06-10T19:15:08.7943808Z libnss3 is already the newest version (2:3.98-1build1).
2025-06-10T19:15:08.7944210Z libnss3 set to manually installed.
2025-06-10T19:15:08.7944672Z libpango-1.0-0 is already the newest version (1.52.1+ds-1build1).
2025-06-10T19:15:08.7945129Z libpango-1.0-0 set to manually installed.
2025-06-10T19:15:08.7945584Z libx11-6 is already the newest version (2:1.8.7-1build1).
2025-06-10T19:15:08.7945991Z libx11-6 set to manually installed.
2025-06-10T19:15:08.7946400Z libxcb1 is already the newest version (1.15-1ubuntu2).
2025-06-10T19:15:08.7946798Z libxcb1 set to manually installed.
2025-06-10T19:15:08.7947364Z libxcomposite1 is already the newest version (1:0.4.5-1build3).
2025-06-10T19:15:08.7947781Z libxcomposite1 set to manually installed.
2025-06-10T19:15:08.7948186Z libxdamage1 is already the newest version (1:1.1.6-1build1).
2025-06-10T19:15:08.7948555Z libxdamage1 set to manually installed.
2025-06-10T19:15:08.7948925Z libxext6 is already the newest version (2:1.3.4-1build2).
2025-06-10T19:15:08.7949263Z libxext6 set to manually installed.
2025-06-10T19:15:08.7949630Z libxfixes3 is already the newest version (1:6.0.0-2build1).
2025-06-10T19:15:08.7949984Z libxfixes3 set to manually installed.
2025-06-10T19:15:08.7950358Z libxkbcommon0 is already the newest version (1.6.0-1build1).
2025-06-10T19:15:08.7950726Z libxkbcommon0 set to manually installed.
2025-06-10T19:15:08.7951466Z libxrandr2 is already the newest version (2:1.5.2-2build1).
2025-06-10T19:15:08.7951850Z libxrandr2 set to manually installed.
2025-06-10T19:15:08.7952254Z libcairo-gobject2 is already the newest version (1.18.0-3build1).
2025-06-10T19:15:08.7952655Z libcairo-gobject2 set to manually installed.
2025-06-10T19:15:08.7953067Z libfontconfig1 is already the newest version (2.15.0-1.1ubuntu2).
2025-06-10T19:15:08.7953458Z libfontconfig1 set to manually installed.
2025-06-10T19:15:08.7953877Z libfreetype6 is already the newest version (2.13.2+dfsg-1build3).
2025-06-10T19:15:08.7954262Z libfreetype6 set to manually installed.
2025-06-10T19:15:08.7954711Z libgdk-pixbuf-2.0-0 is already the newest version (2.42.10+dfsg-3ubuntu3.1).
2025-06-10T19:15:08.7955157Z libgdk-pixbuf-2.0-0 set to manually installed.
2025-06-10T19:15:08.7955585Z libgtk-3-0t64 is already the newest version (3.24.41-4ubuntu1.3).
2025-06-10T19:15:08.7955961Z libgtk-3-0t64 set to manually installed.
2025-06-10T19:15:08.7956546Z libpangocairo-1.0-0 is already the newest version (1.52.1+ds-1build1).
2025-06-10T19:15:08.7956967Z libpangocairo-1.0-0 set to manually installed.
2025-06-10T19:15:08.7957472Z libx11-xcb1 is already the newest version (2:1.8.7-1build1).
2025-06-10T19:15:08.7957833Z libx11-xcb1 set to manually installed.
2025-06-10T19:15:08.7958198Z libxcb-shm0 is already the newest version (1.15-1ubuntu2).
2025-06-10T19:15:08.7958551Z libxcb-shm0 set to manually installed.
2025-06-10T19:15:08.7958930Z libxcursor1 is already the newest version (1:1.2.1-1build1).
2025-06-10T19:15:08.7959286Z libxcursor1 set to manually installed.
2025-06-10T19:15:08.7959636Z libxi6 is already the newest version (2:1.8.1-1build1).
2025-06-10T19:15:08.7959967Z libxi6 set to manually installed.
2025-06-10T19:15:08.7960336Z libxrender1 is already the newest version (1:0.9.10-1.1build1).
2025-06-10T19:15:08.7960700Z libxrender1 set to manually installed.
2025-06-10T19:15:08.7961055Z libicu74 is already the newest version (74.2-1ubuntu3.1).
2025-06-10T19:15:08.7961422Z libicu74 set to manually installed.
2025-06-10T19:15:08.7961862Z libatomic1 is already the newest version (14.2.0-4ubuntu2~24.04).
2025-06-10T19:15:08.7962228Z libatomic1 set to manually installed.
2025-06-10T19:15:08.7962605Z libenchant-2-2 is already the newest version (2.3.3-2build2).
2025-06-10T19:15:08.7962972Z libenchant-2-2 set to manually installed.
2025-06-10T19:15:08.7963340Z libepoxy0 is already the newest version (1.5.10-1build1).
2025-06-10T19:15:08.7963681Z libepoxy0 set to manually installed.
2025-06-10T19:15:08.7964078Z libgstreamer1.0-0 is already the newest version (1.24.2-1ubuntu0.1).
2025-06-10T19:15:08.7964483Z libgstreamer1.0-0 set to manually installed.
2025-06-10T19:15:08.7964874Z libharfbuzz0b is already the newest version (8.3.0-2build2).
2025-06-10T19:15:08.7965231Z libharfbuzz0b set to manually installed.
2025-06-10T19:15:08.7965621Z libjpeg-turbo8 is already the newest version (2.1.5-2ubuntu2).
2025-06-10T19:15:08.7966004Z libjpeg-turbo8 set to manually installed.
2025-06-10T19:15:08.7966375Z liblcms2-2 is already the newest version (2.14-2build1).
2025-06-10T19:15:08.7966719Z liblcms2-2 set to manually installed.
2025-06-10T19:15:08.7967106Z libpng16-16t64 is already the newest version (1.6.43-5build1).
2025-06-10T19:15:08.9316508Z libpng16-16t64 set to manually installed.
2025-06-10T19:15:08.9317570Z libwayland-client0 is already the newest version (1.22.0-2.1build1).
2025-06-10T19:15:08.9318355Z libwayland-client0 set to manually installed.
2025-06-10T19:15:08.9319077Z libwayland-egl1 is already the newest version (1.22.0-2.1build1).
2025-06-10T19:15:08.9319595Z libwayland-egl1 set to manually installed.
2025-06-10T19:15:08.9320157Z libwayland-server0 is already the newest version (1.22.0-2.1build1).
2025-06-10T19:15:08.9320698Z libwayland-server0 set to manually installed.
2025-06-10T19:15:08.9321193Z libwebp7 is already the newest version (1.3.2-0.4build3).
2025-06-10T19:15:08.9321838Z libwebp7 set to manually installed.
2025-06-10T19:15:08.9322986Z libwebpdemux2 is already the newest version (1.3.2-0.4build3).
2025-06-10T19:15:08.9323813Z libwebpdemux2 set to manually installed.
2025-06-10T19:15:08.9324516Z libxml2 is already the newest version (2.9.14+dfsg-1.3ubuntu3.3).
2025-06-10T19:15:08.9324996Z libxml2 set to manually installed.
2025-06-10T19:15:08.9325526Z libxslt1.1 is already the newest version (1.1.39-0exp1ubuntu0.24.04.2).
2025-06-10T19:15:08.9326025Z libxslt1.1 set to manually installed.
2025-06-10T19:15:08.9326518Z xvfb is already the newest version (2:21.1.12-1ubuntu1.3).
2025-06-10T19:15:08.9327180Z fonts-noto-color-emoji is already the newest version (2.047-0ubuntu0.24.04.1).
2025-06-10T19:15:08.9328081Z fonts-liberation is already the newest version (1:2.1.5-3).
2025-06-10T19:15:08.9328572Z fonts-liberation set to manually installed.
2025-06-10T19:15:08.9329057Z The following additional packages will be installed:
2025-06-10T19:15:08.9329566Z   gir1.2-glib-2.0 glib-networking glib-networking-common
2025-06-10T19:15:08.9330519Z   glib-networking-services gsettings-desktop-schemas libaa1 libabsl20220623t64
2025-06-10T19:15:08.9331351Z   libass9 libasyncns0 libavc1394-0 libavcodec60 libavfilter9 libavformat60
2025-06-10T19:15:08.9331804Z   libavtp0 libavutil58 libblas3 libbluray2 libbs2b0 libcaca0
2025-06-10T19:15:08.9332266Z   libcairo-script-interpreter2 libcdparanoia0 libchromaprint1 libcjson1
2025-06-10T19:15:08.9332902Z   libcodec2-1.2 libdav1d7 libdc1394-25 libdca0 libdecor-0-0
2025-06-10T19:15:08.9333343Z   libdirectfb-1.7-7t64 libdv4t64 libdvdnav4 libdvdread8t64 libegl-mesa0
2025-06-10T19:15:08.9333819Z   libegl1 libfaad2 libflac12t64 libfluidsynth3 libfreeaptx0 libgav1-1
2025-06-10T19:15:08.9334390Z   libglib2.0-bin libglib2.0-data libgme0 libgraphene-1.0-0 libgsm1
2025-06-10T19:15:08.9334888Z   libgssdp-1.6-0 libgstreamer-plugins-good1.0-0 libgtk-4-common libgupnp-1.6-0
2025-06-10T19:15:08.9335370Z   libgupnp-igd-1.6-0 libhwy1t64 libiec61883-0 libimath-3-1-29t64
2025-06-10T19:15:08.9335815Z   libinstpatch-1.0-2 libjack-jackd2-0 libjxl0.7 liblapack3 liblc3-1
2025-06-10T19:15:08.9336311Z   libldacbt-enc2 liblilv-0-0 liblrdf0 libltc11 libmbedcrypto7t64 libmfx1
2025-06-10T19:15:08.9336758Z   libmjpegutils-2.1-0t64 libmodplug1 libmp3lame0 libmpcdec6
2025-06-10T19:15:08.9337199Z   libmpeg2encpp-2.1-0t64 libmpg123-0t64 libmplex2-2.1-0t64 libmysofa1
2025-06-10T19:15:08.9337857Z   libneon27t64 libnice10 libopenal-data libopenal1 libopenexr-3-1-30
2025-06-10T19:15:08.9338370Z   libopenh264-7 libopenmpt0t64 libopenni2-0 liborc-0.4-0t64
2025-06-10T19:15:08.9338793Z   libpipewire-0.3-0t64 libplacebo338 libpocketsphinx3 libpostproc57
2025-06-10T19:15:08.9339271Z   libproxy1v5 libpulse0 libqrencode4 libraptor2-0 librav1e0 libraw1394-11
2025-06-10T19:15:08.9339765Z   librist4 librsvg2-2 librubberband2 libsamplerate0 libsbc1 libsdl2-2.0-0
2025-06-10T19:15:08.9340260Z   libsecret-common libserd-0-0 libshine3 libshout3 libsndfile1 libsndio7.0
2025-06-10T19:15:08.9340743Z   libsord-0-0 libsoundtouch1 libsoup-3.0-0 libsoup-3.0-common libsoxr0
2025-06-10T19:15:08.9341329Z   libspa-0.2-modules libspandsp2t64 libspeex1 libsphinxbase3t64 libsratom-0-0
2025-06-10T19:15:08.9341850Z   libsrt1.5-gnutls libsrtp2-1 libssh-gcrypt-4 libsvtav1enc1d1 libswresample4
2025-06-10T19:15:08.9342366Z   libswscale7 libtag1v5 libtag1v5-vanilla libtheora0 libtwolame0 libudfread0
2025-06-10T19:15:08.9342878Z   libunibreak5 libv4l-0t64 libv4lconvert0t64 libva-drm2 libva-x11-2 libva2
2025-06-10T19:15:08.9343375Z   libvdpau1 libvidstab1.1 libvisual-0.4-0 libvo-aacenc0 libvo-amrwbenc0
2025-06-10T19:15:08.9343889Z   libvorbisenc2 libvpl2 libwavpack1 libwebrtc-audio-processing1 libwildmidi2
2025-06-10T19:15:08.9344414Z   libx265-199 libxcb-xkb1 libxkbcommon-x11-0 libxvidcore4 libyuv0 libzbar0t64
2025-06-10T19:15:08.9344922Z   libzimg2 libzix-0-0 libzvbi-common libzvbi0t64 libzxing3 ocl-icd-libopencl1
2025-06-10T19:15:08.9345415Z   session-migration timgm6mb-soundfont xfonts-encodings xfonts-utils
2025-06-10T19:15:08.9345861Z Suggested packages:
2025-06-10T19:15:08.9346376Z   frei0r-plugins gvfs libcuda1 libnvcuvid1 libnvidia-encode1 libbluray-bdj
2025-06-10T19:15:08.9346882Z   libdirectfb-extra libdv-bin oss-compat libdvdcss2 low-memory-monitor
2025-06-10T19:15:08.9347491Z   libvisual-0.4-plugins jackd2 liblrdf0-dev libportaudio2 opus-tools pipewire
2025-06-10T19:15:08.9348004Z   pulseaudio raptor2-utils libraw1394-doc librsvg2-bin serdi sndiod sordi
2025-06-10T19:15:08.9348448Z   speex libwildmidi-config opencl-icd fluid-soundfont-gm
2025-06-10T19:15:08.9348770Z Recommended packages:
2025-06-10T19:15:08.9349100Z   fonts-ipafont-mincho fonts-tlwg-loma gstreamer1.0-x libaacs0
2025-06-10T19:15:08.9349559Z   default-libdecor-0-plugin-1 | libdecor-0-plugin-1 gstreamer1.0-gl
2025-06-10T19:15:08.9350072Z   libgtk-4-bin librsvg2-common libgtk-4-media-gstreamer libpipewire-0.3-common
2025-06-10T19:15:08.9350604Z   pocketsphinx-en-us va-driver-all | va-driver vdpau-driver-all | vdpau-driver
2025-06-10T19:15:08.9350979Z   libmagickcore-6.q16-7-extra
2025-06-10T19:15:09.0062842Z The following NEW packages will be installed:
2025-06-10T19:15:09.0063919Z   fonts-freefont-ttf fonts-ipafont-gothic fonts-tlwg-loma-otf fonts-unifont
2025-06-10T19:15:09.0065111Z   fonts-wqy-zenhei glib-networking glib-networking-common
2025-06-10T19:15:09.0065935Z   glib-networking-services gsettings-desktop-schemas gstreamer1.0-libav
2025-06-10T19:15:09.0066751Z   gstreamer1.0-plugins-bad gstreamer1.0-plugins-base gstreamer1.0-plugins-good
2025-06-10T19:15:09.0068055Z   libaa1 libabsl20220623t64 libass9 libasyncns0 libavc1394-0 libavcodec60
2025-06-10T19:15:09.0068950Z   libavfilter9 libavformat60 libavif16 libavtp0 libavutil58 libblas3
2025-06-10T19:15:09.0069701Z   libbluray2 libbs2b0 libcaca0 libcairo-script-interpreter2 libcdparanoia0
2025-06-10T19:15:09.0070459Z   libchromaprint1 libcjson1 libcodec2-1.2 libdav1d7 libdc1394-25 libdca0
2025-06-10T19:15:09.0071208Z   libdecor-0-0 libdirectfb-1.7-7t64 libdv4t64 libdvdnav4 libdvdread8t64
2025-06-10T19:15:09.0071911Z   libegl-mesa0 libegl1 libevent-2.1-7t64 libfaad2 libflac12t64 libflite1
2025-06-10T19:15:09.0072555Z   libfluidsynth3 libfreeaptx0 libgav1-1 libgles2 libgme0 libgraphene-1.0-0
2025-06-10T19:15:09.0073177Z   libgsm1 libgssdp-1.6-0 libgstreamer-gl1.0-0 libgstreamer-plugins-bad1.0-0
2025-06-10T19:15:09.0073803Z   libgstreamer-plugins-base1.0-0 libgstreamer-plugins-good1.0-0 libgtk-4-1
2025-06-10T19:15:09.0074403Z   libgtk-4-common libgupnp-1.6-0 libgupnp-igd-1.6-0 libharfbuzz-icu0
2025-06-10T19:15:09.0074985Z   libhwy1t64 libhyphen0 libiec61883-0 libimath-3-1-29t64 libinstpatch-1.0-2
2025-06-10T19:15:09.0075798Z   libjack-jackd2-0 libjxl0.7 liblapack3 liblc3-1 libldacbt-enc2 liblilv-0-0
2025-06-10T19:15:09.0076350Z   liblrdf0 libltc11 libmanette-0.2-0 libmbedcrypto7t64 libmfx1
2025-06-10T19:15:09.0076860Z   libmjpegutils-2.1-0t64 libmodplug1 libmp3lame0 libmpcdec6
2025-06-10T19:15:09.0077619Z   libmpeg2encpp-2.1-0t64 libmpg123-0t64 libmplex2-2.1-0t64 libmysofa1
2025-06-10T19:15:09.0078188Z   libneon27t64 libnice10 libopenal-data libopenal1 libopenexr-3-1-30
2025-06-10T19:15:09.0078763Z   libopenh264-7 libopenmpt0t64 libopenni2-0 libopus0 liborc-0.4-0t64
2025-06-10T19:15:09.0079334Z   libpipewire-0.3-0t64 libplacebo338 libpocketsphinx3 libpostproc57
2025-06-10T19:15:09.0079920Z   libproxy1v5 libpulse0 libqrencode4 libraptor2-0 librav1e0 libraw1394-11
2025-06-10T19:15:09.0080524Z   librist4 librsvg2-2 librubberband2 libsamplerate0 libsbc1 libsdl2-2.0-0
2025-06-10T19:15:09.0081295Z   libsecret-1-0 libsecret-common libserd-0-0 libshine3 libshout3 libsndfile1
2025-06-10T19:15:09.0081829Z   libsndio7.0 libsord-0-0 libsoundtouch1 libsoup-3.0-0 libsoup-3.0-common
2025-06-10T19:15:09.0082313Z   libsoxr0 libspa-0.2-modules libspandsp2t64 libspeex1 libsphinxbase3t64
2025-06-10T19:15:09.0082801Z   libsratom-0-0 libsrt1.5-gnutls libsrtp2-1 libssh-gcrypt-4 libsvtav1enc1d1
2025-06-10T19:15:09.0083284Z   libswresample4 libswscale7 libtag1v5 libtag1v5-vanilla libtheora0
2025-06-10T19:15:09.0083739Z   libtwolame0 libudfread0 libunibreak5 libv4l-0t64 libv4lconvert0t64
2025-06-10T19:15:09.0084540Z   libva-drm2 libva-x11-2 libva2 libvdpau1 libvidstab1.1 libvisual-0.4-0
2025-06-10T19:15:09.0085049Z   libvo-aacenc0 libvo-amrwbenc0 libvorbisenc2 libvpl2 libvpx9 libwavpack1
2025-06-10T19:15:09.0085554Z   libwebrtc-audio-processing1 libwildmidi2 libwoff1 libx264-164 libx265-199
2025-06-10T19:15:09.0086064Z   libxcb-xkb1 libxkbcommon-x11-0 libxvidcore4 libyuv0 libzbar0t64 libzimg2
2025-06-10T19:15:09.0086537Z   libzix-0-0 libzvbi-common libzvbi0t64 libzxing3 ocl-icd-libopencl1
2025-06-10T19:15:09.0087019Z   session-migration timgm6mb-soundfont xfonts-cyrillic xfonts-encodings
2025-06-10T19:15:09.0087652Z   xfonts-scalable xfonts-utils
2025-06-10T19:15:09.0087964Z The following packages will be upgraded:
2025-06-10T19:15:09.0088331Z   gir1.2-glib-2.0 libglib2.0-0t64 libglib2.0-bin libglib2.0-data
2025-06-10T19:15:09.0301355Z 4 upgraded, 179 newly installed, 0 to remove and 67 not upgraded.
2025-06-10T19:15:09.0301894Z Need to get 116 MB of archives.
2025-06-10T19:15:09.0302908Z After this operation, 363 MB of additional disk space will be used.
2025-06-10T19:15:09.0303722Z Get:1 file:/etc/apt/apt-mirrors.txt Mirrorlist [144 B]
2025-06-10T19:15:09.0613333Z Get:2 http://azure.archive.ubuntu.com/ubuntu noble/universe amd64 fonts-ipafont-gothic all 00303-21ubuntu1 [3513 kB]
2025-06-10T19:15:09.1167719Z Get:3 http://azure.archive.ubuntu.com/ubuntu noble-updates/main amd64 libglib2.0-data all 2.80.0-6ubuntu3.4 [48.7 kB]
2025-06-10T19:15:09.1316674Z Get:4 http://azure.archive.ubuntu.com/ubuntu noble-updates/main amd64 libglib2.0-bin amd64 2.80.0-6ubuntu3.4 [97.9 kB]
2025-06-10T19:15:09.1476012Z Get:5 http://azure.archive.ubuntu.com/ubuntu noble-updates/main amd64 gir1.2-glib-2.0 amd64 2.80.0-6ubuntu3.4 [183 kB]
2025-06-10T19:15:09.1688688Z Get:6 http://azure.archive.ubuntu.com/ubuntu noble-updates/main amd64 libglib2.0-0t64 amd64 2.80.0-6ubuntu3.4 [1544 kB]
2025-06-10T19:15:09.2099602Z Get:7 http://azure.archive.ubuntu.com/ubuntu noble/main amd64 fonts-freefont-ttf all 20211204+svn4273-2 [5641 kB]
2025-06-10T19:15:09.2833831Z Get:8 http://azure.archive.ubuntu.com/ubuntu noble/universe amd64 fonts-tlwg-loma-otf all 1:0.7.3-1 [107 kB]
2025-06-10T19:15:09.3441402Z Get:9 http://azure.archive.ubuntu.com/ubuntu noble/universe amd64 fonts-unifont all 1:15.1.01-1build1 [2993 kB]
2025-06-10T19:15:09.3952669Z Get:10 http://azure.archive.ubuntu.com/ubuntu noble/universe amd64 fonts-wqy-zenhei all 0.9.45-8 [7472 kB]
2025-06-10T19:15:09.4745808Z Get:11 http://azure.archive.ubuntu.com/ubuntu noble/main amd64 libproxy1v5 amd64 0.5.4-4build1 [26.5 kB]
2025-06-10T19:15:09.4893959Z Get:12 http://azure.archive.ubuntu.com/ubuntu noble/main amd64 glib-networking-common all 2.80.0-1build1 [6702 B]
2025-06-10T19:15:09.5041305Z Get:13 http://azure.archive.ubuntu.com/ubuntu noble/main amd64 glib-networking-services amd64 2.80.0-1build1 [12.8 kB]
2025-06-10T19:15:09.5189025Z Get:14 http://azure.archive.ubuntu.com/ubuntu noble/main amd64 session-migration amd64 0.3.9build1 [9034 B]
2025-06-10T19:15:09.5334488Z Get:15 http://azure.archive.ubuntu.com/ubuntu noble-updates/main amd64 gsettings-desktop-schemas all 46.1-0ubuntu1 [35.6 kB]
2025-06-10T19:15:09.5482069Z Get:16 http://azure.archive.ubuntu.com/ubuntu noble/main amd64 glib-networking amd64 2.80.0-1build1 [64.1 kB]
2025-06-10T19:15:09.5634107Z Get:17 http://azure.archive.ubuntu.com/ubuntu noble/universe amd64 libva2 amd64 2.20.0-2build1 [66.2 kB]
2025-06-10T19:15:09.5789557Z Get:18 http://azure.archive.ubuntu.com/ubuntu noble/universe amd64 libva-drm2 amd64 2.20.0-2build1 [7124 B]
2025-06-10T19:15:09.5939862Z Get:19 http://azure.archive.ubuntu.com/ubuntu noble/universe amd64 libva-x11-2 amd64 2.20.0-2build1 [12.0 kB]
2025-06-10T19:15:09.6670517Z Get:20 http://azure.archive.ubuntu.com/ubuntu noble/main amd64 libvdpau1 amd64 1.5-2build1 [27.8 kB]
2025-06-10T19:15:09.6840008Z Get:21 http://azure.archive.ubuntu.com/ubuntu noble/universe amd64 libvpl2 amd64 2023.3.0-1build1 [99.8 kB]
2025-06-10T19:15:09.6992021Z Get:22 http://azure.archive.ubuntu.com/ubuntu noble/universe amd64 ocl-icd-libopencl1 amd64 2.3.2-1build1 [38.5 kB]
2025-06-10T19:15:09.7144276Z Get:23 http://azure.archive.ubuntu.com/ubuntu noble/universe amd64 libavutil58 amd64 7:6.1.1-3ubuntu5 [401 kB]
2025-06-10T19:15:09.7325779Z Get:24 http://azure.archive.ubuntu.com/ubuntu noble/universe amd64 libcodec2-1.2 amd64 1.2.0-2build1 [8998 kB]
2025-06-10T19:15:09.8187553Z Get:25 http://azure.archive.ubuntu.com/ubuntu noble/universe amd64 libdav1d7 amd64 1.4.1-1build1 [604 kB]
2025-06-10T19:15:09.8488793Z Get:26 http://azure.archive.ubuntu.com/ubuntu noble/universe amd64 libgsm1 amd64 1.0.22-1build1 [27.8 kB]
2025-06-10T19:15:09.8636889Z Get:27 http://azure.archive.ubuntu.com/ubuntu noble/universe amd64 libhwy1t64 amd64 1.0.7-8.1build1 [584 kB]
2025-06-10T19:15:09.8921860Z Get:28 http://azure.archive.ubuntu.com/ubuntu noble/universe amd64 libjxl0.7 amd64 0.7.0-10.2ubuntu6 [999 kB]
2025-06-10T19:15:09.9236030Z Get:29 http://azure.archive.ubuntu.com/ubuntu noble/main amd64 libmp3lame0 amd64 3.100-6build1 [142 kB]
2025-06-10T19:15:09.9410410Z Get:30 http://azure.archive.ubuntu.com/ubuntu noble/main amd64 libopus0 amd64 1.4-1build1 [208 kB]
2025-06-10T19:15:09.9571303Z Get:31 http://azure.archive.ubuntu.com/ubuntu noble/universe amd64 librav1e0 amd64 0.7.1-2 [1022 kB]
2025-06-10T19:15:09.9917005Z Get:32 http://azure.archive.ubuntu.com/ubuntu noble/main amd64 librsvg2-2 amd64 2.58.0+dfsg-1build1 [2135 kB]
2025-06-10T19:15:10.0368175Z Get:33 http://azure.archive.ubuntu.com/ubuntu noble/universe amd64 libshine3 amd64 3.1.1-2build1 [23.2 kB]
2025-06-10T19:15:10.0513340Z Get:34 http://azure.archive.ubuntu.com/ubuntu noble-updates/main amd64 libspeex1 amd64 1.2.1-2ubuntu2.24.04.1 [59.6 kB]
2025-06-10T19:15:10.0663637Z Get:35 http://azure.archive.ubuntu.com/ubuntu noble/universe amd64 libsvtav1enc1d1 amd64 1.7.0+dfsg-2build1 [2425 kB]
2025-06-10T19:15:10.1124597Z Get:36 http://azure.archive.ubuntu.com/ubuntu noble/universe amd64 libsoxr0 amd64 0.1.3-4build3 [80.0 kB]
2025-06-10T19:15:10.1278673Z Get:37 http://azure.archive.ubuntu.com/ubuntu noble/universe amd64 libswresample4 amd64 7:6.1.1-3ubuntu5 [63.8 kB]
2025-06-10T19:15:10.1433423Z Get:38 http://azure.archive.ubuntu.com/ubuntu noble/main amd64 libtheora0 amd64 1.1.1+dfsg.1-16.1build3 [211 kB]
2025-06-10T19:15:10.2017674Z Get:39 http://azure.archive.ubuntu.com/ubuntu noble/main amd64 libtwolame0 amd64 0.4.0-2build3 [52.3 kB]
2025-06-10T19:15:10.2173102Z Get:40 http://azure.archive.ubuntu.com/ubuntu noble/main amd64 libvorbisenc2 amd64 1.3.7-1build3 [80.8 kB]
2025-06-10T19:15:10.2330031Z Get:41 http://azure.archive.ubuntu.com/ubuntu noble-updates/main amd64 libvpx9 amd64 1.14.0-1ubuntu2.2 [1143 kB]
2025-06-10T19:15:10.2654398Z Get:42 http://azure.archive.ubuntu.com/ubuntu noble/universe amd64 libx264-164 amd64 2:0.164.3108+git31e19f9-1 [604 kB]
2025-06-10T19:15:10.2930955Z Get:43 http://azure.archive.ubuntu.com/ubuntu noble/universe amd64 libx265-199 amd64 3.5-2build1 [1226 kB]
2025-06-10T19:15:10.3243650Z Get:44 http://azure.archive.ubuntu.com/ubuntu noble/universe amd64 libxvidcore4 amd64 2:1.3.7-1build1 [219 kB]
2025-06-10T19:15:10.3400011Z Get:45 http://azure.archive.ubuntu.com/ubuntu noble/universe amd64 libzvbi-common all 0.2.42-2 [42.4 kB]
2025-06-10T19:15:10.3651420Z Get:46 http://azure.archive.ubuntu.com/ubuntu noble/universe amd64 libzvbi0t64 amd64 0.2.42-2 [261 kB]
2025-06-10T19:15:10.3811531Z Get:47 http://azure.archive.ubuntu.com/ubuntu noble/universe amd64 libavcodec60 amd64 7:6.1.1-3ubuntu5 [5851 kB]
2025-06-10T19:15:10.4580804Z Get:48 http://azure.archive.ubuntu.com/ubuntu noble/universe amd64 libunibreak5 amd64 5.1-2build1 [25.0 kB]
2025-06-10T19:15:10.4773910Z Get:49 http://azure.archive.ubuntu.com/ubuntu noble/universe amd64 libass9 amd64 1:0.17.1-2build1 [104 kB]
2025-06-10T19:15:10.4932375Z Get:50 http://azure.archive.ubuntu.com/ubuntu noble/universe amd64 libudfread0 amd64 1.1.2-1build1 [19.0 kB]
2025-06-10T19:15:10.5078488Z Get:51 http://azure.archive.ubuntu.com/ubuntu noble/universe amd64 libbluray2 amd64 1:1.3.4-1build1 [159 kB]
2025-06-10T19:15:10.5239022Z Get:52 http://azure.archive.ubuntu.com/ubuntu noble/universe amd64 libchromaprint1 amd64 1.5.1-5 [30.5 kB]
2025-06-10T19:15:10.5391271Z Get:53 http://azure.archive.ubuntu.com/ubuntu noble/universe amd64 libgme0 amd64 0.6.3-7build1 [134 kB]
2025-06-10T19:15:10.5554844Z Get:54 http://azure.archive.ubuntu.com/ubuntu noble-updates/main amd64 libmpg123-0t64 amd64 1.32.5-1ubuntu1.1 [169 kB]
2025-06-10T19:15:10.5720995Z Get:55 http://azure.archive.ubuntu.com/ubuntu noble/universe amd64 libopenmpt0t64 amd64 0.7.3-1.1build3 [647 kB]
2025-06-10T19:15:10.6012920Z Get:56 http://azure.archive.ubuntu.com/ubuntu noble/universe amd64 libcjson1 amd64 1.7.17-1 [24.8 kB]
2025-06-10T19:15:10.6624802Z Get:57 http://azure.archive.ubuntu.com/ubuntu noble/universe amd64 libmbedcrypto7t64 amd64 2.28.8-1 [209 kB]
2025-06-10T19:15:10.6786213Z Get:58 http://azure.archive.ubuntu.com/ubuntu noble/universe amd64 librist4 amd64 0.2.10+dfsg-2 [74.9 kB]
2025-06-10T19:15:10.6938440Z Get:59 http://azure.archive.ubuntu.com/ubuntu noble/universe amd64 libsrt1.5-gnutls amd64 1.5.3-1build2 [316 kB]
2025-06-10T19:15:10.7107592Z Get:60 http://azure.archive.ubuntu.com/ubuntu noble/main amd64 libssh-gcrypt-4 amd64 0.10.6-2build2 [223 kB]
2025-06-10T19:15:10.7270679Z Get:61 http://azure.archive.ubuntu.com/ubuntu noble/universe amd64 libavformat60 amd64 7:6.1.1-3ubuntu5 [1153 kB]
2025-06-10T19:15:10.7588616Z Get:62 http://azure.archive.ubuntu.com/ubuntu noble/universe amd64 libbs2b0 amd64 3.1.0+dfsg-7build1 [10.6 kB]
2025-06-10T19:15:10.7763301Z Get:63 http://azure.archive.ubuntu.com/ubuntu noble/universe amd64 libflite1 amd64 2.2-6build3 [13.6 MB]
2025-06-10T19:15:10.9097403Z Get:64 http://azure.archive.ubuntu.com/ubuntu noble/universe amd64 libserd-0-0 amd64 0.32.2-1 [43.6 kB]
2025-06-10T19:15:10.9742818Z Get:65 http://azure.archive.ubuntu.com/ubuntu noble/universe amd64 libzix-0-0 amd64 0.4.2-2build1 [23.6 kB]
2025-06-10T19:15:11.0158534Z Get:66 http://azure.archive.ubuntu.com/ubuntu noble/universe amd64 libsord-0-0 amd64 0.16.16-2build1 [15.8 kB]
2025-06-10T19:15:11.0307200Z Get:67 http://azure.archive.ubuntu.com/ubuntu noble/universe amd64 libsratom-0-0 amd64 0.6.16-1build1 [17.3 kB]
2025-06-10T19:15:11.0458079Z Get:68 http://azure.archive.ubuntu.com/ubuntu noble/universe amd64 liblilv-0-0 amd64 0.24.22-1build1 [41.0 kB]
2025-06-10T19:15:11.0608156Z Get:69 http://azure.archive.ubuntu.com/ubuntu noble/universe amd64 libmysofa1 amd64 1.3.2+dfsg-2ubuntu2 [1158 kB]
2025-06-10T19:15:11.0919207Z Get:70 http://azure.archive.ubuntu.com/ubuntu noble/universe amd64 libplacebo338 amd64 6.338.2-2build1 [2654 kB]
2025-06-10T19:15:11.1390334Z Get:71 http://azure.archive.ubuntu.com/ubuntu noble-updates/main amd64 libblas3 amd64 3.12.0-3build1.1 [238 kB]
2025-06-10T19:15:11.1558689Z Get:72 http://azure.archive.ubuntu.com/ubuntu noble-updates/main amd64 liblapack3 amd64 3.12.0-3build1.1 [2646 kB]
2025-06-10T19:15:11.2015124Z Get:73 http://azure.archive.ubuntu.com/ubuntu noble/main amd64 libasyncns0 amd64 0.8-6build4 [11.3 kB]
2025-06-10T19:15:11.2165961Z Get:74 http://azure.archive.ubuntu.com/ubuntu noble/main amd64 libflac12t64 amd64 1.4.3+ds-2.1ubuntu2 [197 kB]
2025-06-10T19:15:11.2324260Z Get:75 http://azure.archive.ubuntu.com/ubuntu noble-updates/main amd64 libsndfile1 amd64 1.2.2-1ubuntu5.24.04.1 [209 kB]
2025-06-10T19:15:11.2900643Z Get:76 http://azure.archive.ubuntu.com/ubuntu noble-updates/main amd64 libpulse0 amd64 1:16.1+dfsg1-2ubuntu10.1 [292 kB]
2025-06-10T19:15:11.3069088Z Get:77 http://azure.archive.ubuntu.com/ubuntu noble/universe amd64 libsphinxbase3t64 amd64 0.8+5prealpha+1-17build2 [126 kB]
2025-06-10T19:15:11.3244817Z Get:78 http://azure.archive.ubuntu.com/ubuntu noble/universe amd64 libpocketsphinx3 amd64 0.8.0+real5prealpha+1-15ubuntu5 [133 kB]
2025-06-10T19:15:11.3410492Z Get:79 http://azure.archive.ubuntu.com/ubuntu noble/universe amd64 libpostproc57 amd64 7:6.1.1-3ubuntu5 [49.9 kB]
2025-06-10T19:15:11.3559249Z Get:80 http://azure.archive.ubuntu.com/ubuntu noble/main amd64 libsamplerate0 amd64 0.2.2-4build1 [1344 kB]
2025-06-10T19:15:11.3894692Z Get:81 http://azure.archive.ubuntu.com/ubuntu noble/universe amd64 librubberband2 amd64 3.3.0+dfsg-2build1 [130 kB]
2025-06-10T19:15:11.4050482Z Get:82 http://azure.archive.ubuntu.com/ubuntu noble/universe amd64 libswscale7 amd64 7:6.1.1-3ubuntu5 [193 kB]
2025-06-10T19:15:11.4211981Z Get:83 http://azure.archive.ubuntu.com/ubuntu noble/universe amd64 libvidstab1.1 amd64 1.1.0-2build1 [38.5 kB]
2025-06-10T19:15:11.4360402Z Get:84 http://azure.archive.ubuntu.com/ubuntu noble/universe amd64 libzimg2 amd64 3.0.5+ds1-1build1 [254 kB]
2025-06-10T19:15:11.4544231Z Get:85 http://azure.archive.ubuntu.com/ubuntu noble/universe amd64 libavfilter9 amd64 7:6.1.1-3ubuntu5 [4235 kB]
2025-06-10T19:15:11.5147564Z Get:86 http://azure.archive.ubuntu.com/ubuntu noble-updates/main amd64 liborc-0.4-0t64 amd64 1:0.4.38-1ubuntu0.1 [207 kB]
2025-06-10T19:15:11.5307660Z Get:87 http://azure.archive.ubuntu.com/ubuntu noble-updates/main amd64 libgstreamer-plugins-base1.0-0 amd64 1.24.2-1ubuntu0.2 [862 kB]
2025-06-10T19:15:11.5611205Z Get:88 http://azure.archive.ubuntu.com/ubuntu noble/universe amd64 gstreamer1.0-libav amd64 1.24.1-1build1 [103 kB]
2025-06-10T19:15:11.5764625Z Get:89 http://azure.archive.ubuntu.com/ubuntu noble/main amd64 libcdparanoia0 amd64 3.10.2+debian-14build3 [48.5 kB]
2025-06-10T19:15:11.5914130Z Get:90 http://azure.archive.ubuntu.com/ubuntu noble/main amd64 libvisual-0.4-0 amd64 0.4.2-2build1 [115 kB]
2025-06-10T19:15:11.6069274Z Get:91 http://azure.archive.ubuntu.com/ubuntu noble-updates/main amd64 gstreamer1.0-plugins-base amd64 1.24.2-1ubuntu0.2 [721 kB]
2025-06-10T19:15:11.6358767Z Get:92 http://azure.archive.ubuntu.com/ubuntu noble/main amd64 libaa1 amd64 1.4p5-51.1 [49.9 kB]
2025-06-10T19:15:11.6506378Z Get:93 http://azure.archive.ubuntu.com/ubuntu noble/main amd64 libraw1394-11 amd64 2.1.2-2build3 [26.2 kB]
2025-06-10T19:15:11.7143577Z Get:94 http://azure.archive.ubuntu.com/ubuntu noble/main amd64 libavc1394-0 amd64 0.5.4-5build3 [15.4 kB]
2025-06-10T19:15:11.7288663Z Get:95 http://azure.archive.ubuntu.com/ubuntu noble/main amd64 libcaca0 amd64 0.99.beta20-4build2 [208 kB]
2025-06-10T19:15:11.7454252Z Get:96 http://azure.archive.ubuntu.com/ubuntu noble/main amd64 libdv4t64 amd64 1.0.0-17.1build1 [63.2 kB]
2025-06-10T19:15:11.7610446Z Get:97 http://azure.archive.ubuntu.com/ubuntu noble-updates/main amd64 libgstreamer-plugins-good1.0-0 amd64 1.24.2-1ubuntu1.1 [32.9 kB]
2025-06-10T19:15:11.7764523Z Get:98 http://azure.archive.ubuntu.com/ubuntu noble/main amd64 libiec61883-0 amd64 1.2.0-6build1 [24.5 kB]
2025-06-10T19:15:11.7916425Z Get:99 http://azure.archive.ubuntu.com/ubuntu noble/main amd64 libshout3 amd64 2.4.6-1build2 [50.3 kB]
2025-06-10T19:15:11.8072574Z Get:100 http://azure.archive.ubuntu.com/ubuntu noble/main amd64 libtag1v5-vanilla amd64 1.13.1-1build1 [326 kB]
2025-06-10T19:15:11.8233796Z Get:101 http://azure.archive.ubuntu.com/ubuntu noble/main amd64 libtag1v5 amd64 1.13.1-1build1 [11.7 kB]
2025-06-10T19:15:11.8386614Z Get:102 http://azure.archive.ubuntu.com/ubuntu noble/main amd64 libv4lconvert0t64 amd64 1.26.1-4build3 [87.6 kB]
2025-06-10T19:15:11.8558252Z Get:103 http://azure.archive.ubuntu.com/ubuntu noble/main amd64 libv4l-0t64 amd64 1.26.1-4build3 [46.9 kB]
2025-06-10T19:15:11.8715876Z Get:104 http://azure.archive.ubuntu.com/ubuntu noble/main amd64 libwavpack1 amd64 5.6.0-1build1 [84.6 kB]
2025-06-10T19:15:11.8880060Z Get:105 http://azure.archive.ubuntu.com/ubuntu noble-updates/main amd64 libsoup-3.0-common all 3.4.4-5ubuntu0.4 [11.1 kB]
2025-06-10T19:15:11.9030643Z Get:106 http://azure.archive.ubuntu.com/ubuntu noble-updates/main amd64 libsoup-3.0-0 amd64 3.4.4-5ubuntu0.4 [290 kB]
2025-06-10T19:15:11.9234018Z Get:107 http://azure.archive.ubuntu.com/ubuntu noble-updates/main amd64 gstreamer1.0-plugins-good amd64 1.24.2-1ubuntu1.1 [2238 kB]
2025-06-10T19:15:11.9560100Z Get:108 http://azure.archive.ubuntu.com/ubuntu noble-updates/main amd64 libabsl20220623t64 amd64 20220623.1-3.1ubuntu3.2 [423 kB]
2025-06-10T19:15:11.9738148Z Get:109 http://azure.archive.ubuntu.com/ubuntu noble/universe amd64 libgav1-1 amd64 0.18.0-1build3 [357 kB]
2025-06-10T19:15:11.9915737Z Get:110 http://azure.archive.ubuntu.com/ubuntu noble/universe amd64 libyuv0 amd64 0.0~git202401110.af6ac82-1 [178 kB]
2025-06-10T19:15:12.0131526Z Get:111 http://azure.archive.ubuntu.com/ubuntu noble/universe amd64 libavif16 amd64 1.0.4-1ubuntu3 [91.2 kB]
2025-06-10T19:15:12.0290900Z Get:112 http://azure.archive.ubuntu.com/ubuntu noble/universe amd64 libavtp0 amd64 0.2.0-1build1 [6414 B]
2025-06-10T19:15:12.0448209Z Get:113 http://azure.archive.ubuntu.com/ubuntu noble/main amd64 libcairo-script-interpreter2 amd64 1.18.0-3build1 [60.3 kB]
2025-06-10T19:15:12.0606789Z Get:114 http://azure.archive.ubuntu.com/ubuntu noble/universe amd64 libdc1394-25 amd64 2.2.6-4build1 [90.1 kB]
2025-06-10T19:15:12.0764554Z Get:115 http://azure.archive.ubuntu.com/ubuntu noble/main amd64 libdecor-0-0 amd64 0.2.2-1build2 [16.5 kB]
2025-06-10T19:15:12.0920460Z Get:116 http://azure.archive.ubuntu.com/ubuntu noble/main amd64 libgles2 amd64 1.7.0-1build1 [17.1 kB]
2025-06-10T19:15:12.1071560Z Get:117 http://azure.archive.ubuntu.com/ubuntu noble/universe amd64 libdirectfb-1.7-7t64 amd64 1.7.7-11.1ubuntu2 [1035 kB]
2025-06-10T19:15:12.1371130Z Get:118 http://azure.archive.ubuntu.com/ubuntu noble/universe amd64 libdvdread8t64 amd64 6.1.3-1.1build1 [54.7 kB]
2025-06-10T19:15:12.1528116Z Get:119 http://azure.archive.ubuntu.com/ubuntu noble/universe amd64 libdvdnav4 amd64 6.1.1-3build1 [39.5 kB]
2025-06-10T19:15:12.1681089Z Get:120 http://azure.archive.ubuntu.com/ubuntu noble-updates/main amd64 libegl-mesa0 amd64 24.2.8-1ubuntu1~24.04.1 [129 kB]
2025-06-10T19:15:12.2320404Z Get:121 http://azure.archive.ubuntu.com/ubuntu noble/main amd64 libevent-2.1-7t64 amd64 2.1.12-stable-9ubuntu2 [145 kB]
2025-06-10T19:15:12.2510603Z Get:122 http://azure.archive.ubuntu.com/ubuntu noble/universe amd64 libfaad2 amd64 2.11.1-1build1 [207 kB]
2025-06-10T19:15:12.2687950Z Get:123 http://azure.archive.ubuntu.com/ubuntu noble/universe amd64 libinstpatch-1.0-2 amd64 1.1.6-1build2 [251 kB]
2025-06-10T19:15:12.2863646Z Get:124 http://azure.archive.ubuntu.com/ubuntu noble/main amd64 libjack-jackd2-0 amd64 1.9.21~dfsg-3ubuntu3 [289 kB]
2025-06-10T19:15:12.3040157Z Get:125 http://azure.archive.ubuntu.com/ubuntu noble/main amd64 libwebrtc-audio-processing1 amd64 0.3.1-0ubuntu6 [290 kB]
2025-06-10T19:15:12.3217624Z Get:126 http://azure.archive.ubuntu.com/ubuntu noble-updates/main amd64 libspa-0.2-modules amd64 1.0.5-1ubuntu3 [626 kB]
2025-06-10T19:15:12.3415406Z Get:127 http://azure.archive.ubuntu.com/ubuntu noble-updates/main amd64 libpipewire-0.3-0t64 amd64 1.0.5-1ubuntu3 [252 kB]
2025-06-10T19:15:12.3601023Z Get:128 http://azure.archive.ubuntu.com/ubuntu noble-updates/main amd64 libsdl2-2.0-0 amd64 2.30.0+dfsg-1ubuntu3.1 [686 kB]
2025-06-10T19:15:12.3802853Z Get:129 http://azure.archive.ubuntu.com/ubuntu noble/universe amd64 timgm6mb-soundfont all 1.3-5 [5427 kB]
2025-06-10T19:15:12.4402009Z Get:130 http://azure.archive.ubuntu.com/ubuntu noble/universe amd64 libfluidsynth3 amd64 2.3.4-1build3 [249 kB]
2025-06-10T19:15:12.4576422Z Get:131 http://azure.archive.ubuntu.com/ubuntu noble/main amd64 libfreeaptx0 amd64 0.1.1-2build1 [13.5 kB]
2025-06-10T19:15:12.4732826Z Get:132 http://azure.archive.ubuntu.com/ubuntu noble/main amd64 libgraphene-1.0-0 amd64 1.10.8-3build2 [46.2 kB]
2025-06-10T19:15:12.4889053Z Get:133 http://azure.archive.ubuntu.com/ubuntu noble/main amd64 libgssdp-1.6-0 amd64 1.6.3-1build3 [40.4 kB]
2025-06-10T19:15:12.5042207Z Get:134 http://azure.archive.ubuntu.com/ubuntu noble/main amd64 libegl1 amd64 1.7.0-1build1 [28.7 kB]
2025-06-10T19:15:12.5199339Z Get:135 http://azure.archive.ubuntu.com/ubuntu noble-updates/main amd64 libgstreamer-gl1.0-0 amd64 1.24.2-1ubuntu0.2 [214 kB]
2025-06-10T19:15:12.5374500Z Get:136 http://azure.archive.ubuntu.com/ubuntu noble-updates/main amd64 libgtk-4-common all 4.14.2+ds-1ubuntu3 [1496 kB]
2025-06-10T19:15:12.5637719Z Get:137 http://azure.archive.ubuntu.com/ubuntu noble-updates/main amd64 libgtk-4-1 amd64 4.14.2+ds-1ubuntu3 [3289 kB]
2025-06-10T19:15:12.6132536Z Get:138 http://azure.archive.ubuntu.com/ubuntu noble/main amd64 libgupnp-1.6-0 amd64 1.6.6-1build3 [92.7 kB]
2025-06-10T19:15:12.6762765Z Get:139 http://azure.archive.ubuntu.com/ubuntu noble/universe amd64 libgupnp-igd-1.6-0 amd64 1.6.0-3build3 [16.5 kB]
2025-06-10T19:15:12.6915493Z Get:140 http://azure.archive.ubuntu.com/ubuntu noble/main amd64 libharfbuzz-icu0 amd64 8.3.0-2build2 [13.3 kB]
2025-06-10T19:15:12.7062544Z Get:141 http://azure.archive.ubuntu.com/ubuntu noble/main amd64 libhyphen0 amd64 2.8.8-7build3 [26.5 kB]
2025-06-10T19:15:12.7209658Z Get:142 http://azure.archive.ubuntu.com/ubuntu noble/universe amd64 libimath-3-1-29t64 amd64 3.1.9-3.1ubuntu2 [72.2 kB]
2025-06-10T19:15:12.7357057Z Get:143 http://azure.archive.ubuntu.com/ubuntu noble/main amd64 liblc3-1 amd64 1.0.4-3build1 [69.7 kB]
2025-06-10T19:15:12.7512598Z Get:144 http://azure.archive.ubuntu.com/ubuntu noble/main amd64 libldacbt-enc2 amd64 2.0.2.3+git20200429+ed310a0-4ubuntu2 [27.1 kB]
2025-06-10T19:15:12.7669288Z Get:145 http://azure.archive.ubuntu.com/ubuntu noble-updates/main amd64 libraptor2-0 amd64 2.0.16-3ubuntu0.1 [165 kB]
2025-06-10T19:15:12.7841561Z Get:146 http://azure.archive.ubuntu.com/ubuntu noble/universe amd64 liblrdf0 amd64 0.6.1-4build1 [18.5 kB]
2025-06-10T19:15:12.8003800Z Get:147 http://azure.archive.ubuntu.com/ubuntu noble/universe amd64 libltc11 amd64 1.3.2-1build1 [13.0 kB]
2025-06-10T19:15:12.8168030Z Get:148 http://azure.archive.ubuntu.com/ubuntu noble/main amd64 libmanette-0.2-0 amd64 0.2.7-1build2 [30.6 kB]
2025-06-10T19:15:12.8316707Z Get:149 http://azure.archive.ubuntu.com/ubuntu noble/universe amd64 libmfx1 amd64 22.5.4-1 [3124 kB]
2025-06-10T19:15:12.8704233Z Get:150 http://azure.archive.ubuntu.com/ubuntu noble/universe amd64 libmjpegutils-2.1-0t64 amd64 1:2.1.0+debian-8.1build1 [25.5 kB]
2025-06-10T19:15:12.8854197Z Get:151 http://azure.archive.ubuntu.com/ubuntu noble/universe amd64 libmodplug1 amd64 1:0.8.9.0-3build1 [166 kB]
2025-06-10T19:15:12.9011648Z Get:152 http://azure.archive.ubuntu.com/ubuntu noble/universe amd64 libmpcdec6 amd64 2:0.1~r495-2build1 [32.7 kB]
2025-06-10T19:15:12.9157981Z Get:153 http://azure.archive.ubuntu.com/ubuntu noble/universe amd64 libmpeg2encpp-2.1-0t64 amd64 1:2.1.0+debian-8.1build1 [75.6 kB]
2025-06-10T19:15:12.9309599Z Get:154 http://azure.archive.ubuntu.com/ubuntu noble/universe amd64 libmplex2-2.1-0t64 amd64 1:2.1.0+debian-8.1build1 [46.1 kB]
2025-06-10T19:15:12.9463644Z Get:155 http://azure.archive.ubuntu.com/ubuntu noble/universe amd64 libneon27t64 amd64 0.33.0-1.1build3 [102 kB]
2025-06-10T19:15:12.9619441Z Get:156 http://azure.archive.ubuntu.com/ubuntu noble/universe amd64 libnice10 amd64 0.1.21-2build3 [157 kB]
2025-06-10T19:15:13.0194897Z Get:157 http://azure.archive.ubuntu.com/ubuntu noble/universe amd64 libopenal-data all 1:1.23.1-4build1 [161 kB]
2025-06-10T19:15:13.0353579Z Get:158 http://azure.archive.ubuntu.com/ubuntu noble/universe amd64 libopenexr-3-1-30 amd64 3.1.5-5.1build3 [1004 kB]
2025-06-10T19:15:13.0571038Z Get:159 http://azure.archive.ubuntu.com/ubuntu noble/universe amd64 libopenh264-7 amd64 2.4.1+dfsg-1 [409 kB]
2025-06-10T19:15:13.0744583Z Get:160 http://azure.archive.ubuntu.com/ubuntu noble/universe amd64 libopenni2-0 amd64 2.2.0.33+dfsg-18 [370 kB]
2025-06-10T19:15:13.0921287Z Get:161 http://azure.archive.ubuntu.com/ubuntu noble/universe amd64 libqrencode4 amd64 4.1.1-1build2 [25.0 kB]
2025-06-10T19:15:13.1070212Z Get:162 http://azure.archive.ubuntu.com/ubuntu noble/main amd64 libsecret-common all 0.21.4-1build3 [4962 B]
2025-06-10T19:15:13.1219977Z Get:163 http://azure.archive.ubuntu.com/ubuntu noble/main amd64 libsecret-1-0 amd64 0.21.4-1build3 [116 kB]
2025-06-10T19:15:13.1381752Z Get:164 http://azure.archive.ubuntu.com/ubuntu noble/universe amd64 libsndio7.0 amd64 1.9.0-0.3build3 [29.6 kB]
2025-06-10T19:15:13.1530954Z Get:165 http://azure.archive.ubuntu.com/ubuntu noble/universe amd64 libsoundtouch1 amd64 2.3.2+ds1-1build1 [60.5 kB]
2025-06-10T19:15:13.1682977Z Get:166 http://azure.archive.ubuntu.com/ubuntu noble/universe amd64 libspandsp2t64 amd64 0.0.6+dfsg-2.1build1 [311 kB]
2025-06-10T19:15:13.1856990Z Get:167 http://azure.archive.ubuntu.com/ubuntu noble/universe amd64 libsrtp2-1 amd64 2.5.0-3build1 [41.9 kB]
2025-06-10T19:15:13.2003094Z Get:168 http://azure.archive.ubuntu.com/ubuntu noble/universe amd64 libwildmidi2 amd64 0.4.3-1build3 [68.5 kB]
2025-06-10T19:15:13.2160407Z Get:169 http://azure.archive.ubuntu.com/ubuntu noble/main amd64 libwoff1 amd64 1.0.2-2build1 [45.3 kB]
2025-06-10T19:15:13.2382611Z Get:170 http://azure.archive.ubuntu.com/ubuntu noble/main amd64 libxcb-xkb1 amd64 1.15-1ubuntu2 [32.3 kB]
2025-06-10T19:15:13.2523867Z Get:171 http://azure.archive.ubuntu.com/ubuntu noble/main amd64 libxkbcommon-x11-0 amd64 1.6.0-1build1 [14.5 kB]
2025-06-10T19:15:13.2672659Z Get:172 http://azure.archive.ubuntu.com/ubuntu noble/universe amd64 libzbar0t64 amd64 0.23.93-4build3 [123 kB]
2025-06-10T19:15:13.2834677Z Get:173 http://azure.archive.ubuntu.com/ubuntu noble/universe amd64 libzxing3 amd64 2.2.1-3 [583 kB]
2025-06-10T19:15:13.3046407Z Get:174 http://azure.archive.ubuntu.com/ubuntu noble/main amd64 xfonts-encodings all 1:1.0.5-0ubuntu2 [578 kB]
2025-06-10T19:15:13.3266207Z Get:175 http://azure.archive.ubuntu.com/ubuntu noble/main amd64 xfonts-utils amd64 1:7.7+6build3 [94.4 kB]
2025-06-10T19:15:13.3850151Z Get:176 http://azure.archive.ubuntu.com/ubuntu noble/universe amd64 xfonts-cyrillic all 1:1.0.5+nmu1 [384 kB]
2025-06-10T19:15:13.4039473Z Get:177 http://azure.archive.ubuntu.com/ubuntu noble/main amd64 xfonts-scalable all 1:1.0.3-1.3 [304 kB]
2025-06-10T19:15:13.4204193Z Get:178 http://azure.archive.ubuntu.com/ubuntu noble/universe amd64 libgstreamer-plugins-bad1.0-0 amd64 1.24.2-1ubuntu4 [797 kB]
2025-06-10T19:15:13.4424461Z Get:179 http://azure.archive.ubuntu.com/ubuntu noble/universe amd64 libdca0 amd64 0.0.7-2build1 [93.8 kB]
2025-06-10T19:15:13.4576382Z Get:180 http://azure.archive.ubuntu.com/ubuntu noble/universe amd64 libopenal1 amd64 1:1.23.1-4build1 [540 kB]
2025-06-10T19:15:13.4783949Z Get:181 http://azure.archive.ubuntu.com/ubuntu noble/main amd64 libsbc1 amd64 2.0-1build1 [33.9 kB]
2025-06-10T19:15:13.4952168Z Get:182 http://azure.archive.ubuntu.com/ubuntu noble/universe amd64 libvo-aacenc0 amd64 0.1.3-2build1 [67.8 kB]
2025-06-10T19:15:13.5105085Z Get:183 http://azure.archive.ubuntu.com/ubuntu noble/universe amd64 libvo-amrwbenc0 amd64 0.1.3-2build1 [76.7 kB]
2025-06-10T19:15:13.5296583Z Get:184 http://azure.archive.ubuntu.com/ubuntu noble/universe amd64 gstreamer1.0-plugins-bad amd64 1.24.2-1ubuntu4 [3081 kB]
2025-06-10T19:15:13.9730754Z Fetched 116 MB in 5s (25.6 MB/s)
2025-06-10T19:15:13.9999331Z Selecting previously unselected package fonts-ipafont-gothic.
2025-06-10T19:15:14.0192484Z (Reading database ... 
2025-06-10T19:15:14.0192984Z (Reading database ... 5%
2025-06-10T19:15:14.0193336Z (Reading database ... 10%
2025-06-10T19:15:14.0193614Z (Reading database ... 15%
2025-06-10T19:15:14.0194151Z (Reading database ... 20%
2025-06-10T19:15:14.0194559Z (Reading database ... 25%
2025-06-10T19:15:14.0194948Z (Reading database ... 30%
2025-06-10T19:15:14.0195346Z (Reading database ... 35%
2025-06-10T19:15:14.0195805Z (Reading database ... 40%
2025-06-10T19:15:14.0196197Z (Reading database ... 45%
2025-06-10T19:15:14.0196576Z (Reading database ... 50%
2025-06-10T19:15:14.0280784Z (Reading database ... 55%
2025-06-10T19:15:14.0581115Z (Reading database ... 60%
2025-06-10T19:15:14.0765660Z (Reading database ... 65%
2025-06-10T19:15:14.0958405Z (Reading database ... 70%
2025-06-10T19:15:14.1123797Z (Reading database ... 75%
2025-06-10T19:15:14.1553668Z (Reading database ... 80%
2025-06-10T19:15:14.1828670Z (Reading database ... 85%
2025-06-10T19:15:14.2396005Z (Reading database ... 90%
2025-06-10T19:15:14.2715948Z (Reading database ... 95%
2025-06-10T19:15:14.2716347Z (Reading database ... 100%
2025-06-10T19:15:14.2716944Z (Reading database ... 222694 files and directories currently installed.)
2025-06-10T19:15:14.2758903Z Preparing to unpack .../000-fonts-ipafont-gothic_00303-21ubuntu1_all.deb ...
2025-06-10T19:15:14.2844452Z Unpacking fonts-ipafont-gothic (00303-21ubuntu1) ...
2025-06-10T19:15:14.5269606Z Preparing to unpack .../001-libglib2.0-data_2.80.0-6ubuntu3.4_all.deb ...
2025-06-10T19:15:14.5299014Z Unpacking libglib2.0-data (2.80.0-6ubuntu3.4) over (2.80.0-6ubuntu3.2) ...
2025-06-10T19:15:14.5654608Z Preparing to unpack .../002-libglib2.0-bin_2.80.0-6ubuntu3.4_amd64.deb ...
2025-06-10T19:15:14.5696582Z Unpacking libglib2.0-bin (2.80.0-6ubuntu3.4) over (2.80.0-6ubuntu3.2) ...
2025-06-10T19:15:14.6420453Z Preparing to unpack .../003-gir1.2-glib-2.0_2.80.0-6ubuntu3.4_amd64.deb ...
2025-06-10T19:15:14.6444013Z Unpacking gir1.2-glib-2.0:amd64 (2.80.0-6ubuntu3.4) over (2.80.0-6ubuntu3.2) ...
2025-06-10T19:15:14.6864381Z Preparing to unpack .../004-libglib2.0-0t64_2.80.0-6ubuntu3.4_amd64.deb ...
2025-06-10T19:15:14.6985555Z Unpacking libglib2.0-0t64:amd64 (2.80.0-6ubuntu3.4) over (2.80.0-6ubuntu3.2) ...
2025-06-10T19:15:14.7466678Z Selecting previously unselected package fonts-freefont-ttf.
2025-06-10T19:15:14.7607696Z Preparing to unpack .../005-fonts-freefont-ttf_20211204+svn4273-2_all.deb ...
2025-06-10T19:15:14.7616241Z Unpacking fonts-freefont-ttf (20211204+svn4273-2) ...
2025-06-10T19:15:14.8476783Z Selecting previously unselected package fonts-tlwg-loma-otf.
2025-06-10T19:15:14.8615813Z Preparing to unpack .../006-fonts-tlwg-loma-otf_1%3a0.7.3-1_all.deb ...
2025-06-10T19:15:14.8624945Z Unpacking fonts-tlwg-loma-otf (1:0.7.3-1) ...
2025-06-10T19:15:14.8845377Z Selecting previously unselected package fonts-unifont.
2025-06-10T19:15:14.8983958Z Preparing to unpack .../007-fonts-unifont_1%3a15.1.01-1build1_all.deb ...
2025-06-10T19:15:14.8995049Z Unpacking fonts-unifont (1:15.1.01-1build1) ...
2025-06-10T19:15:15.0213443Z Selecting previously unselected package fonts-wqy-zenhei.
2025-06-10T19:15:15.0352017Z Preparing to unpack .../008-fonts-wqy-zenhei_0.9.45-8_all.deb ...
2025-06-10T19:15:15.0518301Z Unpacking fonts-wqy-zenhei (0.9.45-8) ...
2025-06-10T19:15:15.5106968Z Selecting previously unselected package libproxy1v5:amd64.
2025-06-10T19:15:15.5243403Z Preparing to unpack .../009-libproxy1v5_0.5.4-4build1_amd64.deb ...
2025-06-10T19:15:15.5253286Z Unpacking libproxy1v5:amd64 (0.5.4-4build1) ...
2025-06-10T19:15:15.5473416Z Selecting previously unselected package glib-networking-common.
2025-06-10T19:15:15.5609016Z Preparing to unpack .../010-glib-networking-common_2.80.0-1build1_all.deb ...
2025-06-10T19:15:15.5634683Z Unpacking glib-networking-common (2.80.0-1build1) ...
2025-06-10T19:15:15.5830613Z Selecting previously unselected package glib-networking-services.
2025-06-10T19:15:15.5967833Z Preparing to unpack .../011-glib-networking-services_2.80.0-1build1_amd64.deb ...
2025-06-10T19:15:15.5979639Z Unpacking glib-networking-services (2.80.0-1build1) ...
2025-06-10T19:15:15.6214266Z Selecting previously unselected package session-migration.
2025-06-10T19:15:15.6354804Z Preparing to unpack .../012-session-migration_0.3.9build1_amd64.deb ...
2025-06-10T19:15:15.6366195Z Unpacking session-migration (0.3.9build1) ...
2025-06-10T19:15:15.6598757Z Selecting previously unselected package gsettings-desktop-schemas.
2025-06-10T19:15:15.6758554Z Preparing to unpack .../013-gsettings-desktop-schemas_46.1-0ubuntu1_all.deb ...
2025-06-10T19:15:15.6771589Z Unpacking gsettings-desktop-schemas (46.1-0ubuntu1) ...
2025-06-10T19:15:15.7067174Z Selecting previously unselected package glib-networking:amd64.
2025-06-10T19:15:15.7205405Z Preparing to unpack .../014-glib-networking_2.80.0-1build1_amd64.deb ...
2025-06-10T19:15:15.7215885Z Unpacking glib-networking:amd64 (2.80.0-1build1) ...
2025-06-10T19:15:15.7441548Z Selecting previously unselected package libva2:amd64.
2025-06-10T19:15:15.7576066Z Preparing to unpack .../015-libva2_2.20.0-2build1_amd64.deb ...
2025-06-10T19:15:15.7586748Z Unpacking libva2:amd64 (2.20.0-2build1) ...
2025-06-10T19:15:15.7816257Z Selecting previously unselected package libva-drm2:amd64.
2025-06-10T19:15:15.7952573Z Preparing to unpack .../016-libva-drm2_2.20.0-2build1_amd64.deb ...
2025-06-10T19:15:15.7965316Z Unpacking libva-drm2:amd64 (2.20.0-2build1) ...
2025-06-10T19:15:15.8189837Z Selecting previously unselected package libva-x11-2:amd64.
2025-06-10T19:15:15.8323600Z Preparing to unpack .../017-libva-x11-2_2.20.0-2build1_amd64.deb ...
2025-06-10T19:15:15.8331638Z Unpacking libva-x11-2:amd64 (2.20.0-2build1) ...
2025-06-10T19:15:15.8552202Z Selecting previously unselected package libvdpau1:amd64.
2025-06-10T19:15:15.8685780Z Preparing to unpack .../018-libvdpau1_1.5-2build1_amd64.deb ...
2025-06-10T19:15:15.8694322Z Unpacking libvdpau1:amd64 (1.5-2build1) ...
2025-06-10T19:15:15.8920759Z Selecting previously unselected package libvpl2.
2025-06-10T19:15:15.9054228Z Preparing to unpack .../019-libvpl2_2023.3.0-1build1_amd64.deb ...
2025-06-10T19:15:15.9064428Z Unpacking libvpl2 (2023.3.0-1build1) ...
2025-06-10T19:15:15.9315794Z Selecting previously unselected package ocl-icd-libopencl1:amd64.
2025-06-10T19:15:15.9455392Z Preparing to unpack .../020-ocl-icd-libopencl1_2.3.2-1build1_amd64.deb ...
2025-06-10T19:15:15.9465605Z Unpacking ocl-icd-libopencl1:amd64 (2.3.2-1build1) ...
2025-06-10T19:15:15.9708883Z Selecting previously unselected package libavutil58:amd64.
2025-06-10T19:15:15.9845818Z Preparing to unpack .../021-libavutil58_7%3a6.1.1-3ubuntu5_amd64.deb ...
2025-06-10T19:15:15.9855872Z Unpacking libavutil58:amd64 (7:6.1.1-3ubuntu5) ...
2025-06-10T19:15:16.0122556Z Selecting previously unselected package libcodec2-1.2:amd64.
2025-06-10T19:15:16.0259287Z Preparing to unpack .../022-libcodec2-1.2_1.2.0-2build1_amd64.deb ...
2025-06-10T19:15:16.0269142Z Unpacking libcodec2-1.2:amd64 (1.2.0-2build1) ...
2025-06-10T19:15:16.1071980Z Selecting previously unselected package libdav1d7:amd64.
2025-06-10T19:15:16.1210845Z Preparing to unpack .../023-libdav1d7_1.4.1-1build1_amd64.deb ...
2025-06-10T19:15:16.1219983Z Unpacking libdav1d7:amd64 (1.4.1-1build1) ...
2025-06-10T19:15:16.1524650Z Selecting previously unselected package libgsm1:amd64.
2025-06-10T19:15:16.1662010Z Preparing to unpack .../024-libgsm1_1.0.22-1build1_amd64.deb ...
2025-06-10T19:15:16.1673734Z Unpacking libgsm1:amd64 (1.0.22-1build1) ...
2025-06-10T19:15:16.1908200Z Selecting previously unselected package libhwy1t64:amd64.
2025-06-10T19:15:16.2043653Z Preparing to unpack .../025-libhwy1t64_1.0.7-8.1build1_amd64.deb ...
2025-06-10T19:15:16.2053168Z Unpacking libhwy1t64:amd64 (1.0.7-8.1build1) ...
2025-06-10T19:15:16.2393955Z Selecting previously unselected package libjxl0.7:amd64.
2025-06-10T19:15:16.2531023Z Preparing to unpack .../026-libjxl0.7_0.7.0-10.2ubuntu6_amd64.deb ...
2025-06-10T19:15:16.2542044Z Unpacking libjxl0.7:amd64 (0.7.0-10.2ubuntu6) ...
2025-06-10T19:15:16.2902518Z Selecting previously unselected package libmp3lame0:amd64.
2025-06-10T19:15:16.3038114Z Preparing to unpack .../027-libmp3lame0_3.100-6build1_amd64.deb ...
2025-06-10T19:15:16.3049897Z Unpacking libmp3lame0:amd64 (3.100-6build1) ...
2025-06-10T19:15:16.3287167Z Selecting previously unselected package libopus0:amd64.
2025-06-10T19:15:16.3424357Z Preparing to unpack .../028-libopus0_1.4-1build1_amd64.deb ...
2025-06-10T19:15:16.3435990Z Unpacking libopus0:amd64 (1.4-1build1) ...
2025-06-10T19:15:16.3674053Z Selecting previously unselected package librav1e0:amd64.
2025-06-10T19:15:16.3809386Z Preparing to unpack .../029-librav1e0_0.7.1-2_amd64.deb ...
2025-06-10T19:15:16.3819372Z Unpacking librav1e0:amd64 (0.7.1-2) ...
2025-06-10T19:15:16.4170858Z Selecting previously unselected package librsvg2-2:amd64.
2025-06-10T19:15:16.4306681Z Preparing to unpack .../030-librsvg2-2_2.58.0+dfsg-1build1_amd64.deb ...
2025-06-10T19:15:16.4324741Z Unpacking librsvg2-2:amd64 (2.58.0+dfsg-1build1) ...
2025-06-10T19:15:16.4897177Z Selecting previously unselected package libshine3:amd64.
2025-06-10T19:15:16.5036388Z Preparing to unpack .../031-libshine3_3.1.1-2build1_amd64.deb ...
2025-06-10T19:15:16.5052279Z Unpacking libshine3:amd64 (3.1.1-2build1) ...
2025-06-10T19:15:16.5337116Z Selecting previously unselected package libspeex1:amd64.
2025-06-10T19:15:16.5523742Z Preparing to unpack .../032-libspeex1_1.2.1-2ubuntu2.24.04.1_amd64.deb ...
2025-06-10T19:15:16.5540990Z Unpacking libspeex1:amd64 (1.2.1-2ubuntu2.24.04.1) ...
2025-06-10T19:15:16.5834649Z Selecting previously unselected package libsvtav1enc1d1:amd64.
2025-06-10T19:15:16.5993354Z Preparing to unpack .../033-libsvtav1enc1d1_1.7.0+dfsg-2build1_amd64.deb ...
2025-06-10T19:15:16.6010567Z Unpacking libsvtav1enc1d1:amd64 (1.7.0+dfsg-2build1) ...
2025-06-10T19:15:16.6666861Z Selecting previously unselected package libsoxr0:amd64.
2025-06-10T19:15:16.6808989Z Preparing to unpack .../034-libsoxr0_0.1.3-4build3_amd64.deb ...
2025-06-10T19:15:16.7032546Z Unpacking libsoxr0:amd64 (0.1.3-4build3) ...
2025-06-10T19:15:16.7497017Z Selecting previously unselected package libswresample4:amd64.
2025-06-10T19:15:16.7634695Z Preparing to unpack .../035-libswresample4_7%3a6.1.1-3ubuntu5_amd64.deb ...
2025-06-10T19:15:16.7662205Z Unpacking libswresample4:amd64 (7:6.1.1-3ubuntu5) ...
2025-06-10T19:15:16.8149616Z Selecting previously unselected package libtheora0:amd64.
2025-06-10T19:15:16.8289111Z Preparing to unpack .../036-libtheora0_1.1.1+dfsg.1-16.1build3_amd64.deb ...
2025-06-10T19:15:16.8463784Z Unpacking libtheora0:amd64 (1.1.1+dfsg.1-16.1build3) ...
2025-06-10T19:15:16.9123150Z Selecting previously unselected package libtwolame0:amd64.
2025-06-10T19:15:16.9275546Z Preparing to unpack .../037-libtwolame0_0.4.0-2build3_amd64.deb ...
2025-06-10T19:15:16.9540764Z Unpacking libtwolame0:amd64 (0.4.0-2build3) ...
2025-06-10T19:15:17.0543859Z Selecting previously unselected package libvorbisenc2:amd64.
2025-06-10T19:15:17.0722048Z Preparing to unpack .../038-libvorbisenc2_1.3.7-1build3_amd64.deb ...
2025-06-10T19:15:17.0968685Z Unpacking libvorbisenc2:amd64 (1.3.7-1build3) ...
2025-06-10T19:15:17.2574966Z Selecting previously unselected package libvpx9:amd64.
2025-06-10T19:15:17.2759325Z Preparing to unpack .../039-libvpx9_1.14.0-1ubuntu2.2_amd64.deb ...
2025-06-10T19:15:17.3468829Z Unpacking libvpx9:amd64 (1.14.0-1ubuntu2.2) ...
2025-06-10T19:15:17.6068882Z Selecting previously unselected package libx264-164:amd64.
2025-06-10T19:15:17.6210585Z Preparing to unpack .../040-libx264-164_2%3a0.164.3108+git31e19f9-1_amd64.deb ...
2025-06-10T19:15:17.6525698Z Unpacking libx264-164:amd64 (2:0.164.3108+git31e19f9-1) ...
2025-06-10T19:15:18.3071675Z Selecting previously unselected package libx265-199:amd64.
2025-06-10T19:15:18.3211982Z Preparing to unpack .../041-libx265-199_3.5-2build1_amd64.deb ...
2025-06-10T19:15:18.3222075Z Unpacking libx265-199:amd64 (3.5-2build1) ...
2025-06-10T19:15:18.3988325Z Selecting previously unselected package libxvidcore4:amd64.
2025-06-10T19:15:18.4142162Z Preparing to unpack .../042-libxvidcore4_2%3a1.3.7-1build1_amd64.deb ...
2025-06-10T19:15:18.4142972Z Unpacking libxvidcore4:amd64 (2:1.3.7-1build1) ...
2025-06-10T19:15:18.4369003Z Selecting previously unselected package libzvbi-common.
2025-06-10T19:15:18.4508524Z Preparing to unpack .../043-libzvbi-common_0.2.42-2_all.deb ...
2025-06-10T19:15:18.4519387Z Unpacking libzvbi-common (0.2.42-2) ...
2025-06-10T19:15:18.4970496Z Selecting previously unselected package libzvbi0t64:amd64.
2025-06-10T19:15:18.5114414Z Preparing to unpack .../044-libzvbi0t64_0.2.42-2_amd64.deb ...
2025-06-10T19:15:18.5165808Z Unpacking libzvbi0t64:amd64 (0.2.42-2) ...
2025-06-10T19:15:18.5427821Z Selecting previously unselected package libavcodec60:amd64.
2025-06-10T19:15:18.5566923Z Preparing to unpack .../045-libavcodec60_7%3a6.1.1-3ubuntu5_amd64.deb ...
2025-06-10T19:15:18.5579665Z Unpacking libavcodec60:amd64 (7:6.1.1-3ubuntu5) ...
2025-06-10T19:15:18.6465207Z Selecting previously unselected package libunibreak5:amd64.
2025-06-10T19:15:18.6601361Z Preparing to unpack .../046-libunibreak5_5.1-2build1_amd64.deb ...
2025-06-10T19:15:18.6610010Z Unpacking libunibreak5:amd64 (5.1-2build1) ...
2025-06-10T19:15:18.6851994Z Selecting previously unselected package libass9:amd64.
2025-06-10T19:15:18.6986723Z Preparing to unpack .../047-libass9_1%3a0.17.1-2build1_amd64.deb ...
2025-06-10T19:15:18.7008007Z Unpacking libass9:amd64 (1:0.17.1-2build1) ...
2025-06-10T19:15:18.7255944Z Selecting previously unselected package libudfread0:amd64.
2025-06-10T19:15:18.7391942Z Preparing to unpack .../048-libudfread0_1.1.2-1build1_amd64.deb ...
2025-06-10T19:15:18.7405816Z Unpacking libudfread0:amd64 (1.1.2-1build1) ...
2025-06-10T19:15:18.7637471Z Selecting previously unselected package libbluray2:amd64.
2025-06-10T19:15:18.7778129Z Preparing to unpack .../049-libbluray2_1%3a1.3.4-1build1_amd64.deb ...
2025-06-10T19:15:18.7788312Z Unpacking libbluray2:amd64 (1:1.3.4-1build1) ...
2025-06-10T19:15:18.8037964Z Selecting previously unselected package libchromaprint1:amd64.
2025-06-10T19:15:18.8175217Z Preparing to unpack .../050-libchromaprint1_1.5.1-5_amd64.deb ...
2025-06-10T19:15:18.8185176Z Unpacking libchromaprint1:amd64 (1.5.1-5) ...
2025-06-10T19:15:18.8418892Z Selecting previously unselected package libgme0:amd64.
2025-06-10T19:15:18.8552636Z Preparing to unpack .../051-libgme0_0.6.3-7build1_amd64.deb ...
2025-06-10T19:15:18.8566532Z Unpacking libgme0:amd64 (0.6.3-7build1) ...
2025-06-10T19:15:18.8798378Z Selecting previously unselected package libmpg123-0t64:amd64.
2025-06-10T19:15:18.8933707Z Preparing to unpack .../052-libmpg123-0t64_1.32.5-1ubuntu1.1_amd64.deb ...
2025-06-10T19:15:18.8949402Z Unpacking libmpg123-0t64:amd64 (1.32.5-1ubuntu1.1) ...
2025-06-10T19:15:18.9203875Z Selecting previously unselected package libopenmpt0t64:amd64.
2025-06-10T19:15:18.9339157Z Preparing to unpack .../053-libopenmpt0t64_0.7.3-1.1build3_amd64.deb ...
2025-06-10T19:15:18.9348732Z Unpacking libopenmpt0t64:amd64 (0.7.3-1.1build3) ...
2025-06-10T19:15:18.9653975Z Selecting previously unselected package libcjson1:amd64.
2025-06-10T19:15:18.9790109Z Preparing to unpack .../054-libcjson1_1.7.17-1_amd64.deb ...
2025-06-10T19:15:18.9801529Z Unpacking libcjson1:amd64 (1.7.17-1) ...
2025-06-10T19:15:19.0034482Z Selecting previously unselected package libmbedcrypto7t64:amd64.
2025-06-10T19:15:19.0170285Z Preparing to unpack .../055-libmbedcrypto7t64_2.28.8-1_amd64.deb ...
2025-06-10T19:15:19.0181556Z Unpacking libmbedcrypto7t64:amd64 (2.28.8-1) ...
2025-06-10T19:15:19.0432997Z Selecting previously unselected package librist4:amd64.
2025-06-10T19:15:19.0568200Z Preparing to unpack .../056-librist4_0.2.10+dfsg-2_amd64.deb ...
2025-06-10T19:15:19.0578674Z Unpacking librist4:amd64 (0.2.10+dfsg-2) ...
2025-06-10T19:15:19.0797859Z Selecting previously unselected package libsrt1.5-gnutls:amd64.
2025-06-10T19:15:19.0931984Z Preparing to unpack .../057-libsrt1.5-gnutls_1.5.3-1build2_amd64.deb ...
2025-06-10T19:15:19.0942204Z Unpacking libsrt1.5-gnutls:amd64 (1.5.3-1build2) ...
2025-06-10T19:15:19.1231392Z Selecting previously unselected package libssh-gcrypt-4:amd64.
2025-06-10T19:15:19.1364614Z Preparing to unpack .../058-libssh-gcrypt-4_0.10.6-2build2_amd64.deb ...
2025-06-10T19:15:19.1379716Z Unpacking libssh-gcrypt-4:amd64 (0.10.6-2build2) ...
2025-06-10T19:15:19.1641671Z Selecting previously unselected package libavformat60:amd64.
2025-06-10T19:15:19.1774381Z Preparing to unpack .../059-libavformat60_7%3a6.1.1-3ubuntu5_amd64.deb ...
2025-06-10T19:15:19.1786389Z Unpacking libavformat60:amd64 (7:6.1.1-3ubuntu5) ...
2025-06-10T19:15:19.2142185Z Selecting previously unselected package libbs2b0:amd64.
2025-06-10T19:15:19.2276849Z Preparing to unpack .../060-libbs2b0_3.1.0+dfsg-7build1_amd64.deb ...
2025-06-10T19:15:19.2286611Z Unpacking libbs2b0:amd64 (3.1.0+dfsg-7build1) ...
2025-06-10T19:15:19.2535260Z Selecting previously unselected package libflite1:amd64.
2025-06-10T19:15:19.2670951Z Preparing to unpack .../061-libflite1_2.2-6build3_amd64.deb ...
2025-06-10T19:15:19.2681416Z Unpacking libflite1:amd64 (2.2-6build3) ...
2025-06-10T19:15:19.3901262Z Selecting previously unselected package libserd-0-0:amd64.
2025-06-10T19:15:19.4037717Z Preparing to unpack .../062-libserd-0-0_0.32.2-1_amd64.deb ...
2025-06-10T19:15:19.4050042Z Unpacking libserd-0-0:amd64 (0.32.2-1) ...
2025-06-10T19:15:19.4293544Z Selecting previously unselected package libzix-0-0:amd64.
2025-06-10T19:15:19.4431417Z Preparing to unpack .../063-libzix-0-0_0.4.2-2build1_amd64.deb ...
2025-06-10T19:15:19.4441135Z Unpacking libzix-0-0:amd64 (0.4.2-2build1) ...
2025-06-10T19:15:19.4678619Z Selecting previously unselected package libsord-0-0:amd64.
2025-06-10T19:15:19.4814085Z Preparing to unpack .../064-libsord-0-0_0.16.16-2build1_amd64.deb ...
2025-06-10T19:15:19.4828069Z Unpacking libsord-0-0:amd64 (0.16.16-2build1) ...
2025-06-10T19:15:19.5056507Z Selecting previously unselected package libsratom-0-0:amd64.
2025-06-10T19:15:19.5191091Z Preparing to unpack .../065-libsratom-0-0_0.6.16-1build1_amd64.deb ...
2025-06-10T19:15:19.5202023Z Unpacking libsratom-0-0:amd64 (0.6.16-1build1) ...
2025-06-10T19:15:19.5424656Z Selecting previously unselected package liblilv-0-0:amd64.
2025-06-10T19:15:19.5558983Z Preparing to unpack .../066-liblilv-0-0_0.24.22-1build1_amd64.deb ...
2025-06-10T19:15:19.5570246Z Unpacking liblilv-0-0:amd64 (0.24.22-1build1) ...
2025-06-10T19:15:19.5800382Z Selecting previously unselected package libmysofa1:amd64.
2025-06-10T19:15:19.5932894Z Preparing to unpack .../067-libmysofa1_1.3.2+dfsg-2ubuntu2_amd64.deb ...
2025-06-10T19:15:19.5943220Z Unpacking libmysofa1:amd64 (1.3.2+dfsg-2ubuntu2) ...
2025-06-10T19:15:19.6229871Z Selecting previously unselected package libplacebo338:amd64.
2025-06-10T19:15:19.6364448Z Preparing to unpack .../068-libplacebo338_6.338.2-2build1_amd64.deb ...
2025-06-10T19:15:19.6379245Z Unpacking libplacebo338:amd64 (6.338.2-2build1) ...
2025-06-10T19:15:19.6969254Z Selecting previously unselected package libblas3:amd64.
2025-06-10T19:15:19.7107551Z Preparing to unpack .../069-libblas3_3.12.0-3build1.1_amd64.deb ...
2025-06-10T19:15:19.7140290Z Unpacking libblas3:amd64 (3.12.0-3build1.1) ...
2025-06-10T19:15:19.7420854Z Selecting previously unselected package liblapack3:amd64.
2025-06-10T19:15:19.7556961Z Preparing to unpack .../070-liblapack3_3.12.0-3build1.1_amd64.deb ...
2025-06-10T19:15:19.7591427Z Unpacking liblapack3:amd64 (3.12.0-3build1.1) ...
2025-06-10T19:15:19.8132978Z Selecting previously unselected package libasyncns0:amd64.
2025-06-10T19:15:19.8270426Z Preparing to unpack .../071-libasyncns0_0.8-6build4_amd64.deb ...
2025-06-10T19:15:19.8283004Z Unpacking libasyncns0:amd64 (0.8-6build4) ...
2025-06-10T19:15:19.8519816Z Selecting previously unselected package libflac12t64:amd64.
2025-06-10T19:15:19.8655549Z Preparing to unpack .../072-libflac12t64_1.4.3+ds-2.1ubuntu2_amd64.deb ...
2025-06-10T19:15:19.8666998Z Unpacking libflac12t64:amd64 (1.4.3+ds-2.1ubuntu2) ...
2025-06-10T19:15:19.8931482Z Selecting previously unselected package libsndfile1:amd64.
2025-06-10T19:15:19.9066818Z Preparing to unpack .../073-libsndfile1_1.2.2-1ubuntu5.24.04.1_amd64.deb ...
2025-06-10T19:15:19.9075900Z Unpacking libsndfile1:amd64 (1.2.2-1ubuntu5.24.04.1) ...
2025-06-10T19:15:19.9377970Z Selecting previously unselected package libpulse0:amd64.
2025-06-10T19:15:19.9513119Z Preparing to unpack .../074-libpulse0_1%3a16.1+dfsg1-2ubuntu10.1_amd64.deb ...
2025-06-10T19:15:19.9583554Z Unpacking libpulse0:amd64 (1:16.1+dfsg1-2ubuntu10.1) ...
2025-06-10T19:15:19.9875846Z Selecting previously unselected package libsphinxbase3t64:amd64.
2025-06-10T19:15:20.0016262Z Preparing to unpack .../075-libsphinxbase3t64_0.8+5prealpha+1-17build2_amd64.deb ...
2025-06-10T19:15:20.0026181Z Unpacking libsphinxbase3t64:amd64 (0.8+5prealpha+1-17build2) ...
2025-06-10T19:15:20.0285233Z Selecting previously unselected package libpocketsphinx3:amd64.
2025-06-10T19:15:20.0421923Z Preparing to unpack .../076-libpocketsphinx3_0.8.0+real5prealpha+1-15ubuntu5_amd64.deb ...
2025-06-10T19:15:20.0434910Z Unpacking libpocketsphinx3:amd64 (0.8.0+real5prealpha+1-15ubuntu5) ...
2025-06-10T19:15:20.0676686Z Selecting previously unselected package libpostproc57:amd64.
2025-06-10T19:15:20.0812844Z Preparing to unpack .../077-libpostproc57_7%3a6.1.1-3ubuntu5_amd64.deb ...
2025-06-10T19:15:20.0822796Z Unpacking libpostproc57:amd64 (7:6.1.1-3ubuntu5) ...
2025-06-10T19:15:20.1058889Z Selecting previously unselected package libsamplerate0:amd64.
2025-06-10T19:15:20.1195448Z Preparing to unpack .../078-libsamplerate0_0.2.2-4build1_amd64.deb ...
2025-06-10T19:15:20.1206542Z Unpacking libsamplerate0:amd64 (0.2.2-4build1) ...
2025-06-10T19:15:20.1622163Z Selecting previously unselected package librubberband2:amd64.
2025-06-10T19:15:20.1760104Z Preparing to unpack .../079-librubberband2_3.3.0+dfsg-2build1_amd64.deb ...
2025-06-10T19:15:20.1773296Z Unpacking librubberband2:amd64 (3.3.0+dfsg-2build1) ...
2025-06-10T19:15:20.2011968Z Selecting previously unselected package libswscale7:amd64.
2025-06-10T19:15:20.2149580Z Preparing to unpack .../080-libswscale7_7%3a6.1.1-3ubuntu5_amd64.deb ...
2025-06-10T19:15:20.2158744Z Unpacking libswscale7:amd64 (7:6.1.1-3ubuntu5) ...
2025-06-10T19:15:20.2405260Z Selecting previously unselected package libvidstab1.1:amd64.
2025-06-10T19:15:20.2541691Z Preparing to unpack .../081-libvidstab1.1_1.1.0-2build1_amd64.deb ...
2025-06-10T19:15:20.2551887Z Unpacking libvidstab1.1:amd64 (1.1.0-2build1) ...
2025-06-10T19:15:20.2779831Z Selecting previously unselected package libzimg2:amd64.
2025-06-10T19:15:20.2915986Z Preparing to unpack .../082-libzimg2_3.0.5+ds1-1build1_amd64.deb ...
2025-06-10T19:15:20.2929183Z Unpacking libzimg2:amd64 (3.0.5+ds1-1build1) ...
2025-06-10T19:15:20.3191145Z Selecting previously unselected package libavfilter9:amd64.
2025-06-10T19:15:20.3328434Z Preparing to unpack .../083-libavfilter9_7%3a6.1.1-3ubuntu5_amd64.deb ...
2025-06-10T19:15:20.3341164Z Unpacking libavfilter9:amd64 (7:6.1.1-3ubuntu5) ...
2025-06-10T19:15:20.4088535Z Selecting previously unselected package liborc-0.4-0t64:amd64.
2025-06-10T19:15:20.4227825Z Preparing to unpack .../084-liborc-0.4-0t64_1%3a0.4.38-1ubuntu0.1_amd64.deb ...
2025-06-10T19:15:20.4242118Z Unpacking liborc-0.4-0t64:amd64 (1:0.4.38-1ubuntu0.1) ...
2025-06-10T19:15:20.4509355Z Selecting previously unselected package libgstreamer-plugins-base1.0-0:amd64.
2025-06-10T19:15:20.4645820Z Preparing to unpack .../085-libgstreamer-plugins-base1.0-0_1.24.2-1ubuntu0.2_amd64.deb ...
2025-06-10T19:15:20.4661376Z Unpacking libgstreamer-plugins-base1.0-0:amd64 (1.24.2-1ubuntu0.2) ...
2025-06-10T19:15:20.5004459Z Selecting previously unselected package gstreamer1.0-libav:amd64.
2025-06-10T19:15:20.5142248Z Preparing to unpack .../086-gstreamer1.0-libav_1.24.1-1build1_amd64.deb ...
2025-06-10T19:15:20.5151247Z Unpacking gstreamer1.0-libav:amd64 (1.24.1-1build1) ...
2025-06-10T19:15:20.5391501Z Selecting previously unselected package libcdparanoia0:amd64.
2025-06-10T19:15:20.5526317Z Preparing to unpack .../087-libcdparanoia0_3.10.2+debian-14build3_amd64.deb ...
2025-06-10T19:15:20.5551517Z Unpacking libcdparanoia0:amd64 (3.10.2+debian-14build3) ...
2025-06-10T19:15:20.5791987Z Selecting previously unselected package libvisual-0.4-0:amd64.
2025-06-10T19:15:20.5927801Z Preparing to unpack .../088-libvisual-0.4-0_0.4.2-2build1_amd64.deb ...
2025-06-10T19:15:20.5939361Z Unpacking libvisual-0.4-0:amd64 (0.4.2-2build1) ...
2025-06-10T19:15:20.6172589Z Selecting previously unselected package gstreamer1.0-plugins-base:amd64.
2025-06-10T19:15:20.6306606Z Preparing to unpack .../089-gstreamer1.0-plugins-base_1.24.2-1ubuntu0.2_amd64.deb ...
2025-06-10T19:15:20.6317584Z Unpacking gstreamer1.0-plugins-base:amd64 (1.24.2-1ubuntu0.2) ...
2025-06-10T19:15:20.6672201Z Selecting previously unselected package libaa1:amd64.
2025-06-10T19:15:20.6807505Z Preparing to unpack .../090-libaa1_1.4p5-51.1_amd64.deb ...
2025-06-10T19:15:20.6816754Z Unpacking libaa1:amd64 (1.4p5-51.1) ...
2025-06-10T19:15:20.7045443Z Selecting previously unselected package libraw1394-11:amd64.
2025-06-10T19:15:20.7180120Z Preparing to unpack .../091-libraw1394-11_2.1.2-2build3_amd64.deb ...
2025-06-10T19:15:20.7189763Z Unpacking libraw1394-11:amd64 (2.1.2-2build3) ...
2025-06-10T19:15:20.7414698Z Selecting previously unselected package libavc1394-0:amd64.
2025-06-10T19:15:20.7550376Z Preparing to unpack .../092-libavc1394-0_0.5.4-5build3_amd64.deb ...
2025-06-10T19:15:20.7565855Z Unpacking libavc1394-0:amd64 (0.5.4-5build3) ...
2025-06-10T19:15:20.7795691Z Selecting previously unselected package libcaca0:amd64.
2025-06-10T19:15:20.7931370Z Preparing to unpack .../093-libcaca0_0.99.beta20-4build2_amd64.deb ...
2025-06-10T19:15:20.7940083Z Unpacking libcaca0:amd64 (0.99.beta20-4build2) ...
2025-06-10T19:15:20.8226925Z Selecting previously unselected package libdv4t64:amd64.
2025-06-10T19:15:20.8365922Z Preparing to unpack .../094-libdv4t64_1.0.0-17.1build1_amd64.deb ...
2025-06-10T19:15:20.8374418Z Unpacking libdv4t64:amd64 (1.0.0-17.1build1) ...
2025-06-10T19:15:20.8614266Z Selecting previously unselected package libgstreamer-plugins-good1.0-0:amd64.
2025-06-10T19:15:20.8747758Z Preparing to unpack .../095-libgstreamer-plugins-good1.0-0_1.24.2-1ubuntu1.1_amd64.deb ...
2025-06-10T19:15:20.8758201Z Unpacking libgstreamer-plugins-good1.0-0:amd64 (1.24.2-1ubuntu1.1) ...
2025-06-10T19:15:20.9015254Z Selecting previously unselected package libiec61883-0:amd64.
2025-06-10T19:15:20.9149950Z Preparing to unpack .../096-libiec61883-0_1.2.0-6build1_amd64.deb ...
2025-06-10T19:15:20.9160430Z Unpacking libiec61883-0:amd64 (1.2.0-6build1) ...
2025-06-10T19:15:20.9396037Z Selecting previously unselected package libshout3:amd64.
2025-06-10T19:15:20.9530203Z Preparing to unpack .../097-libshout3_2.4.6-1build2_amd64.deb ...
2025-06-10T19:15:20.9540266Z Unpacking libshout3:amd64 (2.4.6-1build2) ...
2025-06-10T19:15:20.9790932Z Selecting previously unselected package libtag1v5-vanilla:amd64.
2025-06-10T19:15:20.9926853Z Preparing to unpack .../098-libtag1v5-vanilla_1.13.1-1build1_amd64.deb ...
2025-06-10T19:15:20.9940398Z Unpacking libtag1v5-vanilla:amd64 (1.13.1-1build1) ...
2025-06-10T19:15:21.0210226Z Selecting previously unselected package libtag1v5:amd64.
2025-06-10T19:15:21.0345433Z Preparing to unpack .../099-libtag1v5_1.13.1-1build1_amd64.deb ...
2025-06-10T19:15:21.0356542Z Unpacking libtag1v5:amd64 (1.13.1-1build1) ...
2025-06-10T19:15:21.0593879Z Selecting previously unselected package libv4lconvert0t64:amd64.
2025-06-10T19:15:21.0729357Z Preparing to unpack .../100-libv4lconvert0t64_1.26.1-4build3_amd64.deb ...
2025-06-10T19:15:21.0741960Z Unpacking libv4lconvert0t64:amd64 (1.26.1-4build3) ...
2025-06-10T19:15:21.1001626Z Selecting previously unselected package libv4l-0t64:amd64.
2025-06-10T19:15:21.1133642Z Preparing to unpack .../101-libv4l-0t64_1.26.1-4build3_amd64.deb ...
2025-06-10T19:15:21.1159663Z Unpacking libv4l-0t64:amd64 (1.26.1-4build3) ...
2025-06-10T19:15:21.1402839Z Selecting previously unselected package libwavpack1:amd64.
2025-06-10T19:15:21.1541590Z Preparing to unpack .../102-libwavpack1_5.6.0-1build1_amd64.deb ...
2025-06-10T19:15:21.1553174Z Unpacking libwavpack1:amd64 (5.6.0-1build1) ...
2025-06-10T19:15:21.1794587Z Selecting previously unselected package libsoup-3.0-common.
2025-06-10T19:15:21.1934746Z Preparing to unpack .../103-libsoup-3.0-common_3.4.4-5ubuntu0.4_all.deb ...
2025-06-10T19:15:21.1946596Z Unpacking libsoup-3.0-common (3.4.4-5ubuntu0.4) ...
2025-06-10T19:15:21.2185750Z Selecting previously unselected package libsoup-3.0-0:amd64.
2025-06-10T19:15:21.2324944Z Preparing to unpack .../104-libsoup-3.0-0_3.4.4-5ubuntu0.4_amd64.deb ...
2025-06-10T19:15:21.2338186Z Unpacking libsoup-3.0-0:amd64 (3.4.4-5ubuntu0.4) ...
2025-06-10T19:15:21.2597029Z Selecting previously unselected package gstreamer1.0-plugins-good:amd64.
2025-06-10T19:15:21.2736007Z Preparing to unpack .../105-gstreamer1.0-plugins-good_1.24.2-1ubuntu1.1_amd64.deb ...
2025-06-10T19:15:21.2746146Z Unpacking gstreamer1.0-plugins-good:amd64 (1.24.2-1ubuntu1.1) ...
2025-06-10T19:15:21.3386884Z Selecting previously unselected package libabsl20220623t64:amd64.
2025-06-10T19:15:21.3526577Z Preparing to unpack .../106-libabsl20220623t64_20220623.1-3.1ubuntu3.2_amd64.deb ...
2025-06-10T19:15:21.3536711Z Unpacking libabsl20220623t64:amd64 (20220623.1-3.1ubuntu3.2) ...
2025-06-10T19:15:21.3998019Z Selecting previously unselected package libgav1-1:amd64.
2025-06-10T19:15:21.4135003Z Preparing to unpack .../107-libgav1-1_0.18.0-1build3_amd64.deb ...
2025-06-10T19:15:21.4144350Z Unpacking libgav1-1:amd64 (0.18.0-1build3) ...
2025-06-10T19:15:21.4418485Z Selecting previously unselected package libyuv0:amd64.
2025-06-10T19:15:21.4557044Z Preparing to unpack .../108-libyuv0_0.0~git202401110.af6ac82-1_amd64.deb ...
2025-06-10T19:15:21.4566724Z Unpacking libyuv0:amd64 (0.0~git202401110.af6ac82-1) ...
2025-06-10T19:15:21.4819593Z Selecting previously unselected package libavif16:amd64.
2025-06-10T19:15:21.4956427Z Preparing to unpack .../109-libavif16_1.0.4-1ubuntu3_amd64.deb ...
2025-06-10T19:15:21.4974276Z Unpacking libavif16:amd64 (1.0.4-1ubuntu3) ...
2025-06-10T19:15:21.5217876Z Selecting previously unselected package libavtp0:amd64.
2025-06-10T19:15:21.5354626Z Preparing to unpack .../110-libavtp0_0.2.0-1build1_amd64.deb ...
2025-06-10T19:15:21.5365206Z Unpacking libavtp0:amd64 (0.2.0-1build1) ...
2025-06-10T19:15:21.5607842Z Selecting previously unselected package libcairo-script-interpreter2:amd64.
2025-06-10T19:15:21.5741470Z Preparing to unpack .../111-libcairo-script-interpreter2_1.18.0-3build1_amd64.deb ...
2025-06-10T19:15:21.5755863Z Unpacking libcairo-script-interpreter2:amd64 (1.18.0-3build1) ...
2025-06-10T19:15:21.6006062Z Selecting previously unselected package libdc1394-25:amd64.
2025-06-10T19:15:21.6140919Z Preparing to unpack .../112-libdc1394-25_2.2.6-4build1_amd64.deb ...
2025-06-10T19:15:21.6149873Z Unpacking libdc1394-25:amd64 (2.2.6-4build1) ...
2025-06-10T19:15:21.6401714Z Selecting previously unselected package libdecor-0-0:amd64.
2025-06-10T19:15:21.6534681Z Preparing to unpack .../113-libdecor-0-0_0.2.2-1build2_amd64.deb ...
2025-06-10T19:15:21.6545911Z Unpacking libdecor-0-0:amd64 (0.2.2-1build2) ...
2025-06-10T19:15:21.6794327Z Selecting previously unselected package libgles2:amd64.
2025-06-10T19:15:21.6929080Z Preparing to unpack .../114-libgles2_1.7.0-1build1_amd64.deb ...
2025-06-10T19:15:21.6940320Z Unpacking libgles2:amd64 (1.7.0-1build1) ...
2025-06-10T19:15:21.7176070Z Selecting previously unselected package libdirectfb-1.7-7t64:amd64.
2025-06-10T19:15:21.7310251Z Preparing to unpack .../115-libdirectfb-1.7-7t64_1.7.7-11.1ubuntu2_amd64.deb ...
2025-06-10T19:15:21.7319917Z Unpacking libdirectfb-1.7-7t64:amd64 (1.7.7-11.1ubuntu2) ...
2025-06-10T19:15:21.7759469Z Selecting previously unselected package libdvdread8t64:amd64.
2025-06-10T19:15:21.7898492Z Preparing to unpack .../116-libdvdread8t64_6.1.3-1.1build1_amd64.deb ...
2025-06-10T19:15:21.7909392Z Unpacking libdvdread8t64:amd64 (6.1.3-1.1build1) ...
2025-06-10T19:15:21.8146923Z Selecting previously unselected package libdvdnav4:amd64.
2025-06-10T19:15:21.8284278Z Preparing to unpack .../117-libdvdnav4_6.1.1-3build1_amd64.deb ...
2025-06-10T19:15:21.8295265Z Unpacking libdvdnav4:amd64 (6.1.1-3build1) ...
2025-06-10T19:15:21.8530682Z Selecting previously unselected package libegl-mesa0:amd64.
2025-06-10T19:15:21.8666780Z Preparing to unpack .../118-libegl-mesa0_24.2.8-1ubuntu1~24.04.1_amd64.deb ...
2025-06-10T19:15:21.8675674Z Unpacking libegl-mesa0:amd64 (24.2.8-1ubuntu1~24.04.1) ...
2025-06-10T19:15:21.8937832Z Selecting previously unselected package libevent-2.1-7t64:amd64.
2025-06-10T19:15:21.9072722Z Preparing to unpack .../119-libevent-2.1-7t64_2.1.12-stable-9ubuntu2_amd64.deb ...
2025-06-10T19:15:21.9081522Z Unpacking libevent-2.1-7t64:amd64 (2.1.12-stable-9ubuntu2) ...
2025-06-10T19:15:21.9322579Z Selecting previously unselected package libfaad2:amd64.
2025-06-10T19:15:21.9459837Z Preparing to unpack .../120-libfaad2_2.11.1-1build1_amd64.deb ...
2025-06-10T19:15:21.9470835Z Unpacking libfaad2:amd64 (2.11.1-1build1) ...
2025-06-10T19:15:21.9721171Z Selecting previously unselected package libinstpatch-1.0-2:amd64.
2025-06-10T19:15:21.9858051Z Preparing to unpack .../121-libinstpatch-1.0-2_1.1.6-1build2_amd64.deb ...
2025-06-10T19:15:21.9867378Z Unpacking libinstpatch-1.0-2:amd64 (1.1.6-1build2) ...
2025-06-10T19:15:22.0125518Z Selecting previously unselected package libjack-jackd2-0:amd64.
2025-06-10T19:15:22.0262410Z Preparing to unpack .../122-libjack-jackd2-0_1.9.21~dfsg-3ubuntu3_amd64.deb ...
2025-06-10T19:15:22.0272106Z Unpacking libjack-jackd2-0:amd64 (1.9.21~dfsg-3ubuntu3) ...
2025-06-10T19:15:22.0545029Z Selecting previously unselected package libwebrtc-audio-processing1:amd64.
2025-06-10T19:15:22.0681478Z Preparing to unpack .../123-libwebrtc-audio-processing1_0.3.1-0ubuntu6_amd64.deb ...
2025-06-10T19:15:22.0695352Z Unpacking libwebrtc-audio-processing1:amd64 (0.3.1-0ubuntu6) ...
2025-06-10T19:15:22.0953298Z Selecting previously unselected package libspa-0.2-modules:amd64.
2025-06-10T19:15:22.1089874Z Preparing to unpack .../124-libspa-0.2-modules_1.0.5-1ubuntu3_amd64.deb ...
2025-06-10T19:15:22.1245217Z Unpacking libspa-0.2-modules:amd64 (1.0.5-1ubuntu3) ...
2025-06-10T19:15:22.1598725Z Selecting previously unselected package libpipewire-0.3-0t64:amd64.
2025-06-10T19:15:22.1734420Z Preparing to unpack .../125-libpipewire-0.3-0t64_1.0.5-1ubuntu3_amd64.deb ...
2025-06-10T19:15:22.1745354Z Unpacking libpipewire-0.3-0t64:amd64 (1.0.5-1ubuntu3) ...
2025-06-10T19:15:22.2004183Z Selecting previously unselected package libsdl2-2.0-0:amd64.
2025-06-10T19:15:22.2139869Z Preparing to unpack .../126-libsdl2-2.0-0_2.30.0+dfsg-1ubuntu3.1_amd64.deb ...
2025-06-10T19:15:22.2150109Z Unpacking libsdl2-2.0-0:amd64 (2.30.0+dfsg-1ubuntu3.1) ...
2025-06-10T19:15:22.2475560Z Selecting previously unselected package timgm6mb-soundfont.
2025-06-10T19:15:22.2612142Z Preparing to unpack .../127-timgm6mb-soundfont_1.3-5_all.deb ...
2025-06-10T19:15:22.2624346Z Unpacking timgm6mb-soundfont (1.3-5) ...
2025-06-10T19:15:22.6017702Z Selecting previously unselected package libfluidsynth3:amd64.
2025-06-10T19:15:22.6156336Z Preparing to unpack .../128-libfluidsynth3_2.3.4-1build3_amd64.deb ...
2025-06-10T19:15:22.6169528Z Unpacking libfluidsynth3:amd64 (2.3.4-1build3) ...
2025-06-10T19:15:22.6428906Z Selecting previously unselected package libfreeaptx0:amd64.
2025-06-10T19:15:22.6566244Z Preparing to unpack .../129-libfreeaptx0_0.1.1-2build1_amd64.deb ...
2025-06-10T19:15:22.6621617Z Unpacking libfreeaptx0:amd64 (0.1.1-2build1) ...
2025-06-10T19:15:22.6848763Z Selecting previously unselected package libgraphene-1.0-0:amd64.
2025-06-10T19:15:22.6983661Z Preparing to unpack .../130-libgraphene-1.0-0_1.10.8-3build2_amd64.deb ...
2025-06-10T19:15:22.6995860Z Unpacking libgraphene-1.0-0:amd64 (1.10.8-3build2) ...
2025-06-10T19:15:22.7225183Z Selecting previously unselected package libgssdp-1.6-0:amd64.
2025-06-10T19:15:22.7360067Z Preparing to unpack .../131-libgssdp-1.6-0_1.6.3-1build3_amd64.deb ...
2025-06-10T19:15:22.7376913Z Unpacking libgssdp-1.6-0:amd64 (1.6.3-1build3) ...
2025-06-10T19:15:22.7609525Z Selecting previously unselected package libegl1:amd64.
2025-06-10T19:15:22.7745761Z Preparing to unpack .../132-libegl1_1.7.0-1build1_amd64.deb ...
2025-06-10T19:15:22.7761124Z Unpacking libegl1:amd64 (1.7.0-1build1) ...
2025-06-10T19:15:22.8006651Z Selecting previously unselected package libgstreamer-gl1.0-0:amd64.
2025-06-10T19:15:22.8142723Z Preparing to unpack .../133-libgstreamer-gl1.0-0_1.24.2-1ubuntu0.2_amd64.deb ...
2025-06-10T19:15:22.8157897Z Unpacking libgstreamer-gl1.0-0:amd64 (1.24.2-1ubuntu0.2) ...
2025-06-10T19:15:22.8401031Z Selecting previously unselected package libgtk-4-common.
2025-06-10T19:15:22.8535408Z Preparing to unpack .../134-libgtk-4-common_4.14.2+ds-1ubuntu3_all.deb ...
2025-06-10T19:15:22.8543368Z Unpacking libgtk-4-common (4.14.2+ds-1ubuntu3) ...
2025-06-10T19:15:22.9076492Z Selecting previously unselected package libgtk-4-1:amd64.
2025-06-10T19:15:22.9215707Z Preparing to unpack .../135-libgtk-4-1_4.14.2+ds-1ubuntu3_amd64.deb ...
2025-06-10T19:15:22.9225901Z Unpacking libgtk-4-1:amd64 (4.14.2+ds-1ubuntu3) ...
2025-06-10T19:15:22.9950034Z Selecting previously unselected package libgupnp-1.6-0:amd64.
2025-06-10T19:15:23.0089378Z Preparing to unpack .../136-libgupnp-1.6-0_1.6.6-1build3_amd64.deb ...
2025-06-10T19:15:23.0100346Z Unpacking libgupnp-1.6-0:amd64 (1.6.6-1build3) ...
2025-06-10T19:15:23.0350137Z Selecting previously unselected package libgupnp-igd-1.6-0:amd64.
2025-06-10T19:15:23.0487981Z Preparing to unpack .../137-libgupnp-igd-1.6-0_1.6.0-3build3_amd64.deb ...
2025-06-10T19:15:23.0499561Z Unpacking libgupnp-igd-1.6-0:amd64 (1.6.0-3build3) ...
2025-06-10T19:15:23.0750882Z Selecting previously unselected package libharfbuzz-icu0:amd64.
2025-06-10T19:15:23.0888247Z Preparing to unpack .../138-libharfbuzz-icu0_8.3.0-2build2_amd64.deb ...
2025-06-10T19:15:23.0902381Z Unpacking libharfbuzz-icu0:amd64 (8.3.0-2build2) ...
2025-06-10T19:15:23.1132642Z Selecting previously unselected package libhyphen0:amd64.
2025-06-10T19:15:23.1267711Z Preparing to unpack .../139-libhyphen0_2.8.8-7build3_amd64.deb ...
2025-06-10T19:15:23.1278817Z Unpacking libhyphen0:amd64 (2.8.8-7build3) ...
2025-06-10T19:15:23.1496468Z Selecting previously unselected package libimath-3-1-29t64:amd64.
2025-06-10T19:15:23.1631631Z Preparing to unpack .../140-libimath-3-1-29t64_3.1.9-3.1ubuntu2_amd64.deb ...
2025-06-10T19:15:23.1642447Z Unpacking libimath-3-1-29t64:amd64 (3.1.9-3.1ubuntu2) ...
2025-06-10T19:15:23.1884727Z Selecting previously unselected package liblc3-1:amd64.
2025-06-10T19:15:23.2020366Z Preparing to unpack .../141-liblc3-1_1.0.4-3build1_amd64.deb ...
2025-06-10T19:15:23.2029389Z Unpacking liblc3-1:amd64 (1.0.4-3build1) ...
2025-06-10T19:15:23.2253972Z Selecting previously unselected package libldacbt-enc2:amd64.
2025-06-10T19:15:23.2387917Z Preparing to unpack .../142-libldacbt-enc2_2.0.2.3+git20200429+ed310a0-4ubuntu2_amd64.deb ...
2025-06-10T19:15:23.2396591Z Unpacking libldacbt-enc2:amd64 (2.0.2.3+git20200429+ed310a0-4ubuntu2) ...
2025-06-10T19:15:23.2633155Z Selecting previously unselected package libraptor2-0:amd64.
2025-06-10T19:15:23.2775314Z Preparing to unpack .../143-libraptor2-0_2.0.16-3ubuntu0.1_amd64.deb ...
2025-06-10T19:15:23.2785084Z Unpacking libraptor2-0:amd64 (2.0.16-3ubuntu0.1) ...
2025-06-10T19:15:23.3040566Z Selecting previously unselected package liblrdf0:amd64.
2025-06-10T19:15:23.3181423Z Preparing to unpack .../144-liblrdf0_0.6.1-4build1_amd64.deb ...
2025-06-10T19:15:23.3191857Z Unpacking liblrdf0:amd64 (0.6.1-4build1) ...
2025-06-10T19:15:23.3438800Z Selecting previously unselected package libltc11:amd64.
2025-06-10T19:15:23.3579062Z Preparing to unpack .../145-libltc11_1.3.2-1build1_amd64.deb ...
2025-06-10T19:15:23.3589021Z Unpacking libltc11:amd64 (1.3.2-1build1) ...
2025-06-10T19:15:23.3812535Z Selecting previously unselected package libmanette-0.2-0:amd64.
2025-06-10T19:15:23.3951261Z Preparing to unpack .../146-libmanette-0.2-0_0.2.7-1build2_amd64.deb ...
2025-06-10T19:15:23.3965397Z Unpacking libmanette-0.2-0:amd64 (0.2.7-1build2) ...
2025-06-10T19:15:23.4190243Z Selecting previously unselected package libmfx1:amd64.
2025-06-10T19:15:23.4329080Z Preparing to unpack .../147-libmfx1_22.5.4-1_amd64.deb ...
2025-06-10T19:15:23.4338345Z Unpacking libmfx1:amd64 (22.5.4-1) ...
2025-06-10T19:15:23.5363283Z Selecting previously unselected package libmjpegutils-2.1-0t64:amd64.
2025-06-10T19:15:23.5499936Z Preparing to unpack .../148-libmjpegutils-2.1-0t64_1%3a2.1.0+debian-8.1build1_amd64.deb ...
2025-06-10T19:15:23.5511227Z Unpacking libmjpegutils-2.1-0t64:amd64 (1:2.1.0+debian-8.1build1) ...
2025-06-10T19:15:23.5752187Z Selecting previously unselected package libmodplug1:amd64.
2025-06-10T19:15:23.5889560Z Preparing to unpack .../149-libmodplug1_1%3a0.8.9.0-3build1_amd64.deb ...
2025-06-10T19:15:23.5902043Z Unpacking libmodplug1:amd64 (1:0.8.9.0-3build1) ...
2025-06-10T19:15:23.6145662Z Selecting previously unselected package libmpcdec6:amd64.
2025-06-10T19:15:23.6283882Z Preparing to unpack .../150-libmpcdec6_2%3a0.1~r495-2build1_amd64.deb ...
2025-06-10T19:15:23.6297117Z Unpacking libmpcdec6:amd64 (2:0.1~r495-2build1) ...
2025-06-10T19:15:23.6586296Z Selecting previously unselected package libmpeg2encpp-2.1-0t64:amd64.
2025-06-10T19:15:23.6725731Z Preparing to unpack .../151-libmpeg2encpp-2.1-0t64_1%3a2.1.0+debian-8.1build1_amd64.deb ...
2025-06-10T19:15:23.6737947Z Unpacking libmpeg2encpp-2.1-0t64:amd64 (1:2.1.0+debian-8.1build1) ...
2025-06-10T19:15:23.6973096Z Selecting previously unselected package libmplex2-2.1-0t64:amd64.
2025-06-10T19:15:23.7112822Z Preparing to unpack .../152-libmplex2-2.1-0t64_1%3a2.1.0+debian-8.1build1_amd64.deb ...
2025-06-10T19:15:23.7129551Z Unpacking libmplex2-2.1-0t64:amd64 (1:2.1.0+debian-8.1build1) ...
2025-06-10T19:15:23.7361393Z Selecting previously unselected package libneon27t64:amd64.
2025-06-10T19:15:23.7502260Z Preparing to unpack .../153-libneon27t64_0.33.0-1.1build3_amd64.deb ...
2025-06-10T19:15:23.7517015Z Unpacking libneon27t64:amd64 (0.33.0-1.1build3) ...
2025-06-10T19:15:23.7793995Z Selecting previously unselected package libnice10:amd64.
2025-06-10T19:15:23.7930548Z Preparing to unpack .../154-libnice10_0.1.21-2build3_amd64.deb ...
2025-06-10T19:15:23.7949134Z Unpacking libnice10:amd64 (0.1.21-2build3) ...
2025-06-10T19:15:23.8197914Z Selecting previously unselected package libopenal-data.
2025-06-10T19:15:23.8335997Z Preparing to unpack .../155-libopenal-data_1%3a1.23.1-4build1_all.deb ...
2025-06-10T19:15:23.8344774Z Unpacking libopenal-data (1:1.23.1-4build1) ...
2025-06-10T19:15:23.8589499Z Selecting previously unselected package libopenexr-3-1-30:amd64.
2025-06-10T19:15:23.8726104Z Preparing to unpack .../156-libopenexr-3-1-30_3.1.5-5.1build3_amd64.deb ...
2025-06-10T19:15:23.8752648Z Unpacking libopenexr-3-1-30:amd64 (3.1.5-5.1build3) ...
2025-06-10T19:15:23.9142637Z Selecting previously unselected package libopenh264-7:amd64.
2025-06-10T19:15:23.9280138Z Preparing to unpack .../157-libopenh264-7_2.4.1+dfsg-1_amd64.deb ...
2025-06-10T19:15:23.9293347Z Unpacking libopenh264-7:amd64 (2.4.1+dfsg-1) ...
2025-06-10T19:15:23.9586652Z Selecting previously unselected package libopenni2-0:amd64.
2025-06-10T19:15:23.9724419Z Preparing to unpack .../158-libopenni2-0_2.2.0.33+dfsg-18_amd64.deb ...
2025-06-10T19:15:23.9758345Z Unpacking libopenni2-0:amd64 (2.2.0.33+dfsg-18) ...
2025-06-10T19:15:24.0064436Z Selecting previously unselected package libqrencode4:amd64.
2025-06-10T19:15:24.0201411Z Preparing to unpack .../159-libqrencode4_4.1.1-1build2_amd64.deb ...
2025-06-10T19:15:24.0217024Z Unpacking libqrencode4:amd64 (4.1.1-1build2) ...
2025-06-10T19:15:24.0443055Z Selecting previously unselected package libsecret-common.
2025-06-10T19:15:24.0580911Z Preparing to unpack .../160-libsecret-common_0.21.4-1build3_all.deb ...
2025-06-10T19:15:24.0592565Z Unpacking libsecret-common (0.21.4-1build3) ...
2025-06-10T19:15:24.0829040Z Selecting previously unselected package libsecret-1-0:amd64.
2025-06-10T19:15:24.0971875Z Preparing to unpack .../161-libsecret-1-0_0.21.4-1build3_amd64.deb ...
2025-06-10T19:15:24.0989031Z Unpacking libsecret-1-0:amd64 (0.21.4-1build3) ...
2025-06-10T19:15:24.1250661Z Selecting previously unselected package libsndio7.0:amd64.
2025-06-10T19:15:24.1388378Z Preparing to unpack .../162-libsndio7.0_1.9.0-0.3build3_amd64.deb ...
2025-06-10T19:15:24.1530761Z Unpacking libsndio7.0:amd64 (1.9.0-0.3build3) ...
2025-06-10T19:15:24.1782328Z Selecting previously unselected package libsoundtouch1:amd64.
2025-06-10T19:15:24.1921918Z Preparing to unpack .../163-libsoundtouch1_2.3.2+ds1-1build1_amd64.deb ...
2025-06-10T19:15:24.1931805Z Unpacking libsoundtouch1:amd64 (2.3.2+ds1-1build1) ...
2025-06-10T19:15:24.2189383Z Selecting previously unselected package libspandsp2t64:amd64.
2025-06-10T19:15:24.2328992Z Preparing to unpack .../164-libspandsp2t64_0.0.6+dfsg-2.1build1_amd64.deb ...
2025-06-10T19:15:24.2340294Z Unpacking libspandsp2t64:amd64 (0.0.6+dfsg-2.1build1) ...
2025-06-10T19:15:24.2612222Z Selecting previously unselected package libsrtp2-1:amd64.
2025-06-10T19:15:24.2749660Z Preparing to unpack .../165-libsrtp2-1_2.5.0-3build1_amd64.deb ...
2025-06-10T19:15:24.2758830Z Unpacking libsrtp2-1:amd64 (2.5.0-3build1) ...
2025-06-10T19:15:24.2992009Z Selecting previously unselected package libwildmidi2:amd64.
2025-06-10T19:15:24.3130357Z Preparing to unpack .../166-libwildmidi2_0.4.3-1build3_amd64.deb ...
2025-06-10T19:15:24.3140694Z Unpacking libwildmidi2:amd64 (0.4.3-1build3) ...
2025-06-10T19:15:24.3386496Z Selecting previously unselected package libwoff1:amd64.
2025-06-10T19:15:24.3524952Z Preparing to unpack .../167-libwoff1_1.0.2-2build1_amd64.deb ...
2025-06-10T19:15:24.3538459Z Unpacking libwoff1:amd64 (1.0.2-2build1) ...
2025-06-10T19:15:24.3788975Z Selecting previously unselected package libxcb-xkb1:amd64.
2025-06-10T19:15:24.3926661Z Preparing to unpack .../168-libxcb-xkb1_1.15-1ubuntu2_amd64.deb ...
2025-06-10T19:15:24.3936704Z Unpacking libxcb-xkb1:amd64 (1.15-1ubuntu2) ...
2025-06-10T19:15:24.4171434Z Selecting previously unselected package libxkbcommon-x11-0:amd64.
2025-06-10T19:15:24.4309899Z Preparing to unpack .../169-libxkbcommon-x11-0_1.6.0-1build1_amd64.deb ...
2025-06-10T19:15:24.4320262Z Unpacking libxkbcommon-x11-0:amd64 (1.6.0-1build1) ...
2025-06-10T19:15:24.4538393Z Selecting previously unselected package libzbar0t64:amd64.
2025-06-10T19:15:24.4674151Z Preparing to unpack .../170-libzbar0t64_0.23.93-4build3_amd64.deb ...
2025-06-10T19:15:24.4683709Z Unpacking libzbar0t64:amd64 (0.23.93-4build3) ...
2025-06-10T19:15:24.4909480Z Selecting previously unselected package libzxing3:amd64.
2025-06-10T19:15:24.5044160Z Preparing to unpack .../171-libzxing3_2.2.1-3_amd64.deb ...
2025-06-10T19:15:24.5053353Z Unpacking libzxing3:amd64 (2.2.1-3) ...
2025-06-10T19:15:24.5322990Z Selecting previously unselected package xfonts-encodings.
2025-06-10T19:15:24.5458354Z Preparing to unpack .../172-xfonts-encodings_1%3a1.0.5-0ubuntu2_all.deb ...
2025-06-10T19:15:24.5469967Z Unpacking xfonts-encodings (1:1.0.5-0ubuntu2) ...
2025-06-10T19:15:24.5775504Z Selecting previously unselected package xfonts-utils.
2025-06-10T19:15:24.5910369Z Preparing to unpack .../173-xfonts-utils_1%3a7.7+6build3_amd64.deb ...
2025-06-10T19:15:24.5922097Z Unpacking xfonts-utils (1:7.7+6build3) ...
2025-06-10T19:15:24.6305998Z Selecting previously unselected package xfonts-cyrillic.
2025-06-10T19:15:24.6440801Z Preparing to unpack .../174-xfonts-cyrillic_1%3a1.0.5+nmu1_all.deb ...
2025-06-10T19:15:24.6452062Z Unpacking xfonts-cyrillic (1:1.0.5+nmu1) ...
2025-06-10T19:15:24.6838702Z Selecting previously unselected package xfonts-scalable.
2025-06-10T19:15:24.6976549Z Preparing to unpack .../175-xfonts-scalable_1%3a1.0.3-1.3_all.deb ...
2025-06-10T19:15:24.6988356Z Unpacking xfonts-scalable (1:1.0.3-1.3) ...
2025-06-10T19:15:24.7274059Z Selecting previously unselected package libgstreamer-plugins-bad1.0-0:amd64.
2025-06-10T19:15:24.7411678Z Preparing to unpack .../176-libgstreamer-plugins-bad1.0-0_1.24.2-1ubuntu4_amd64.deb ...
2025-06-10T19:15:24.7425546Z Unpacking libgstreamer-plugins-bad1.0-0:amd64 (1.24.2-1ubuntu4) ...
2025-06-10T19:15:24.7833831Z Selecting previously unselected package libdca0:amd64.
2025-06-10T19:15:24.7972434Z Preparing to unpack .../177-libdca0_0.0.7-2build1_amd64.deb ...
2025-06-10T19:15:24.7981870Z Unpacking libdca0:amd64 (0.0.7-2build1) ...
2025-06-10T19:15:24.8225846Z Selecting previously unselected package libopenal1:amd64.
2025-06-10T19:15:24.8362272Z Preparing to unpack .../178-libopenal1_1%3a1.23.1-4build1_amd64.deb ...
2025-06-10T19:15:24.8374232Z Unpacking libopenal1:amd64 (1:1.23.1-4build1) ...
2025-06-10T19:15:24.8654429Z Selecting previously unselected package libsbc1:amd64.
2025-06-10T19:15:24.8792803Z Preparing to unpack .../179-libsbc1_2.0-1build1_amd64.deb ...
2025-06-10T19:15:24.8802571Z Unpacking libsbc1:amd64 (2.0-1build1) ...
2025-06-10T19:15:24.9037525Z Selecting previously unselected package libvo-aacenc0:amd64.
2025-06-10T19:15:24.9172406Z Preparing to unpack .../180-libvo-aacenc0_0.1.3-2build1_amd64.deb ...
2025-06-10T19:15:24.9183646Z Unpacking libvo-aacenc0:amd64 (0.1.3-2build1) ...
2025-06-10T19:15:24.9408651Z Selecting previously unselected package libvo-amrwbenc0:amd64.
2025-06-10T19:15:24.9543431Z Preparing to unpack .../181-libvo-amrwbenc0_0.1.3-2build1_amd64.deb ...
2025-06-10T19:15:24.9555202Z Unpacking libvo-amrwbenc0:amd64 (0.1.3-2build1) ...
2025-06-10T19:15:24.9778585Z Selecting previously unselected package gstreamer1.0-plugins-bad:amd64.
2025-06-10T19:15:24.9914702Z Preparing to unpack .../182-gstreamer1.0-plugins-bad_1.24.2-1ubuntu4_amd64.deb ...
2025-06-10T19:15:24.9926902Z Unpacking gstreamer1.0-plugins-bad:amd64 (1.24.2-1ubuntu4) ...
2025-06-10T19:15:25.1479326Z Setting up libgme0:amd64 (0.6.3-7build1) ...
2025-06-10T19:15:25.1511352Z Setting up libchromaprint1:amd64 (1.5.1-5) ...
2025-06-10T19:15:25.1542492Z Setting up libssh-gcrypt-4:amd64 (0.10.6-2build2) ...
2025-06-10T19:15:25.1569019Z Setting up libhwy1t64:amd64 (1.0.7-8.1build1) ...
2025-06-10T19:15:25.1599876Z Setting up libcairo-script-interpreter2:amd64 (1.18.0-3build1) ...
2025-06-10T19:15:25.1627433Z Setting up libfreeaptx0:amd64 (0.1.1-2build1) ...
2025-06-10T19:15:25.1656605Z Setting up libdvdread8t64:amd64 (6.1.3-1.1build1) ...
2025-06-10T19:15:25.1686744Z Setting up libudfread0:amd64 (1.1.2-1build1) ...
2025-06-10T19:15:25.1717574Z Setting up libmodplug1:amd64 (1:0.8.9.0-3build1) ...
2025-06-10T19:15:25.1750347Z Setting up libcdparanoia0:amd64 (3.10.2+debian-14build3) ...
2025-06-10T19:15:25.1786653Z Setting up libvo-amrwbenc0:amd64 (0.1.3-2build1) ...
2025-06-10T19:15:25.1811196Z Setting up libraw1394-11:amd64 (2.1.2-2build3) ...
2025-06-10T19:15:25.1839236Z Setting up libsbc1:amd64 (2.0-1build1) ...
2025-06-10T19:15:25.1871537Z Setting up libneon27t64:amd64 (0.33.0-1.1build3) ...
2025-06-10T19:15:25.1908645Z Setting up libtag1v5-vanilla:amd64 (1.13.1-1build1) ...
2025-06-10T19:15:25.1944641Z Setting up libharfbuzz-icu0:amd64 (8.3.0-2build2) ...
2025-06-10T19:15:25.1976430Z Setting up libopenni2-0:amd64 (2.2.0.33+dfsg-18) ...
2025-06-10T19:15:25.2152982Z Setting up libspeex1:amd64 (1.2.1-2ubuntu2.24.04.1) ...
2025-06-10T19:15:25.2181642Z Setting up libshine3:amd64 (3.1.1-2build1) ...
2025-06-10T19:15:25.2217799Z Setting up libcaca0:amd64 (0.99.beta20-4build2) ...
2025-06-10T19:15:25.2250510Z Setting up libvpl2 (2023.3.0-1build1) ...
2025-06-10T19:15:25.2284229Z Setting up libv4lconvert0t64:amd64 (1.26.1-4build3) ...
2025-06-10T19:15:25.2318573Z Setting up libx264-164:amd64 (2:0.164.3108+git31e19f9-1) ...
2025-06-10T19:15:25.2350511Z Setting up libtwolame0:amd64 (0.4.0-2build3) ...
2025-06-10T19:15:25.2378735Z Setting up libmbedcrypto7t64:amd64 (2.28.8-1) ...
2025-06-10T19:15:25.2406435Z Setting up libwoff1:amd64 (1.0.2-2build1) ...
2025-06-10T19:15:25.2432574Z Setting up liblc3-1:amd64 (1.0.4-3build1) ...
2025-06-10T19:15:25.2461811Z Setting up libqrencode4:amd64 (4.1.1-1build2) ...
2025-06-10T19:15:25.2490321Z Setting up libhyphen0:amd64 (2.8.8-7build3) ...
2025-06-10T19:15:25.2518424Z Setting up libgsm1:amd64 (1.0.22-1build1) ...
2025-06-10T19:15:25.2544200Z Setting up libvisual-0.4-0:amd64 (0.4.2-2build1) ...
2025-06-10T19:15:25.2572598Z Setting up libsoxr0:amd64 (0.1.3-4build3) ...
2025-06-10T19:15:25.2603755Z Setting up libzix-0-0:amd64 (0.4.2-2build1) ...
2025-06-10T19:15:25.2639793Z Setting up libcodec2-1.2:amd64 (1.2.0-2build1) ...
2025-06-10T19:15:25.2673923Z Setting up libsrtp2-1:amd64 (2.5.0-3build1) ...
2025-06-10T19:15:25.2708491Z Setting up libmysofa1:amd64 (1.3.2+dfsg-2ubuntu2) ...
2025-06-10T19:15:25.2744301Z Setting up libraptor2-0:amd64 (2.0.16-3ubuntu0.1) ...
2025-06-10T19:15:25.2776783Z Setting up libldacbt-enc2:amd64 (2.0.2.3+git20200429+ed310a0-4ubuntu2) ...
2025-06-10T19:15:25.2804394Z Setting up fonts-wqy-zenhei (0.9.45-8) ...
2025-06-10T19:15:25.2947426Z Setting up libwebrtc-audio-processing1:amd64 (0.3.1-0ubuntu6) ...
2025-06-10T19:15:25.2979008Z Setting up fonts-freefont-ttf (20211204+svn4273-2) ...
2025-06-10T19:15:25.3006009Z Setting up libevent-2.1-7t64:amd64 (2.1.12-stable-9ubuntu2) ...
2025-06-10T19:15:25.3031189Z Setting up libsvtav1enc1d1:amd64 (1.7.0+dfsg-2build1) ...
2025-06-10T19:15:25.3063012Z Setting up libsoup-3.0-common (3.4.4-5ubuntu0.4) ...
2025-06-10T19:15:25.3091205Z Setting up libmpg123-0t64:amd64 (1.32.5-1ubuntu1.1) ...
2025-06-10T19:15:25.3119478Z Setting up libcjson1:amd64 (1.7.17-1) ...
2025-06-10T19:15:25.3165904Z Setting up libxvidcore4:amd64 (2:1.3.7-1build1) ...
2025-06-10T19:15:25.3194844Z Setting up libmpcdec6:amd64 (2:0.1~r495-2build1) ...
2025-06-10T19:15:25.3228209Z Setting up libmjpegutils-2.1-0t64:amd64 (1:2.1.0+debian-8.1build1) ...
2025-06-10T19:15:25.3251699Z Setting up librav1e0:amd64 (0.7.1-2) ...
2025-06-10T19:15:25.3276759Z Setting up liborc-0.4-0t64:amd64 (1:0.4.38-1ubuntu0.1) ...
2025-06-10T19:15:25.3306625Z Setting up libxcb-xkb1:amd64 (1.15-1ubuntu2) ...
2025-06-10T19:15:25.3335266Z Setting up libvo-aacenc0:amd64 (0.1.3-2build1) ...
2025-06-10T19:15:25.3363551Z Setting up librist4:amd64 (0.2.10+dfsg-2) ...
2025-06-10T19:15:25.3390976Z Setting up libglib2.0-0t64:amd64 (2.80.0-6ubuntu3.4) ...
2025-06-10T19:15:25.3826833Z Setting up libblas3:amd64 (3.12.0-3build1.1) ...
2025-06-10T19:15:25.3889272Z update-alternatives: using /usr/lib/x86_64-linux-gnu/blas/libblas.so.3 to provide /usr/lib/x86_64-linux-gnu/libblas.so.3 (libblas.so.3-x86_64-linux-gnu) in auto mode
2025-06-10T19:15:25.3910882Z Setting up libegl-mesa0:amd64 (24.2.8-1ubuntu1~24.04.1) ...
2025-06-10T19:15:25.3939936Z Setting up libsoundtouch1:amd64 (2.3.2+ds1-1build1) ...
2025-06-10T19:15:25.3970685Z Setting up libglib2.0-data (2.80.0-6ubuntu3.4) ...
2025-06-10T19:15:25.4004697Z Setting up libplacebo338:amd64 (6.338.2-2build1) ...
2025-06-10T19:15:25.4033970Z Setting up libgles2:amd64 (1.7.0-1build1) ...
2025-06-10T19:15:25.4062258Z Setting up fonts-tlwg-loma-otf (1:0.7.3-1) ...
2025-06-10T19:15:25.4089592Z Setting up libva2:amd64 (2.20.0-2build1) ...
2025-06-10T19:15:25.4115152Z Setting up libspa-0.2-modules:amd64 (1.0.5-1ubuntu3) ...
2025-06-10T19:15:25.4140620Z Setting up libzxing3:amd64 (2.2.1-3) ...
2025-06-10T19:15:25.4167192Z Setting up xfonts-encodings (1:1.0.5-0ubuntu2) ...
2025-06-10T19:15:25.4192114Z Setting up libopus0:amd64 (1.4-1build1) ...
2025-06-10T19:15:25.4219012Z Setting up libfaad2:amd64 (2.11.1-1build1) ...
2025-06-10T19:15:25.4283659Z Setting up libxkbcommon-x11-0:amd64 (1.6.0-1build1) ...
2025-06-10T19:15:25.4310554Z Setting up libdc1394-25:amd64 (2.2.6-4build1) ...
2025-06-10T19:15:25.4341319Z Setting up libimath-3-1-29t64:amd64 (3.1.9-3.1ubuntu2) ...
2025-06-10T19:15:25.4370002Z Setting up libunibreak5:amd64 (5.1-2build1) ...
2025-06-10T19:15:25.4394227Z Setting up libdv4t64:amd64 (1.0.0-17.1build1) ...
2025-06-10T19:15:25.4420967Z Setting up gir1.2-glib-2.0:amd64 (2.80.0-6ubuntu3.4) ...
2025-06-10T19:15:25.4447843Z Setting up libjxl0.7:amd64 (0.7.0-10.2ubuntu6) ...
2025-06-10T19:15:25.4475332Z Setting up libopenh264-7:amd64 (2.4.1+dfsg-1) ...
2025-06-10T19:15:25.4503985Z Setting up libltc11:amd64 (1.3.2-1build1) ...
2025-06-10T19:15:25.4534384Z Setting up libx265-199:amd64 (3.5-2build1) ...
2025-06-10T19:15:25.4564333Z Setting up libv4l-0t64:amd64 (1.26.1-4build3) ...
2025-06-10T19:15:25.4588729Z Setting up libavtp0:amd64 (0.2.0-1build1) ...
2025-06-10T19:15:25.4614711Z Setting up libsndio7.0:amd64 (1.9.0-0.3build3) ...
2025-06-10T19:15:25.4643472Z Setting up libdirectfb-1.7-7t64:amd64 (1.7.7-11.1ubuntu2) ...
2025-06-10T19:15:25.4667847Z Setting up libspandsp2t64:amd64 (0.0.6+dfsg-2.1build1) ...
2025-06-10T19:15:25.4804146Z Setting up libvidstab1.1:amd64 (1.1.0-2build1) ...
2025-06-10T19:15:25.4826518Z Setting up libvpx9:amd64 (1.14.0-1ubuntu2.2) ...
2025-06-10T19:15:25.4848801Z Setting up libsrt1.5-gnutls:amd64 (1.5.3-1build2) ...
2025-06-10T19:15:25.4877929Z Setting up libtag1v5:amd64 (1.13.1-1build1) ...
2025-06-10T19:15:25.4902800Z Setting up libflite1:amd64 (2.2-6build3) ...
2025-06-10T19:15:25.4925521Z Setting up libdav1d7:amd64 (1.4.1-1build1) ...
2025-06-10T19:15:25.4949030Z Setting up libva-drm2:amd64 (2.20.0-2build1) ...
2025-06-10T19:15:25.4974234Z Setting up fonts-ipafont-gothic (00303-21ubuntu1) ...
2025-06-10T19:15:25.5050321Z update-alternatives: using /usr/share/fonts/opentype/ipafont-gothic/ipag.ttf to provide /usr/share/fonts/truetype/fonts-japanese-gothic.ttf (fonts-japanese-gothic.ttf) in auto mode
2025-06-10T19:15:25.5072633Z Setting up ocl-icd-libopencl1:amd64 (2.3.2-1build1) ...
2025-06-10T19:15:25.5103633Z Setting up libasyncns0:amd64 (0.8-6build4) ...
2025-06-10T19:15:25.5131476Z Setting up libwildmidi2:amd64 (0.4.3-1build3) ...
2025-06-10T19:15:25.5165802Z Setting up libvdpau1:amd64 (1.5-2build1) ...
2025-06-10T19:15:25.5201970Z Setting up libwavpack1:amd64 (5.6.0-1build1) ...
2025-06-10T19:15:25.5231134Z Setting up libbs2b0:amd64 (3.1.0+dfsg-7build1) ...
2025-06-10T19:15:25.5259975Z Setting up libtheora0:amd64 (1.1.1+dfsg.1-16.1build3) ...
2025-06-10T19:15:25.5288248Z Setting up libegl1:amd64 (1.7.0-1build1) ...
2025-06-10T19:15:25.5312417Z Setting up libdecor-0-0:amd64 (0.2.2-1build2) ...
2025-06-10T19:15:25.5371891Z Setting up libdca0:amd64 (0.0.7-2build1) ...
2025-06-10T19:15:25.5401898Z Setting up libzimg2:amd64 (3.0.5+ds1-1build1) ...
2025-06-10T19:15:25.5433913Z Setting up libopenal-data (1:1.23.1-4build1) ...
2025-06-10T19:15:25.5479945Z Setting up libabsl20220623t64:amd64 (20220623.1-3.1ubuntu3.2) ...
2025-06-10T19:15:25.5509987Z Setting up libflac12t64:amd64 (1.4.3+ds-2.1ubuntu2) ...
2025-06-10T19:15:25.5535552Z Setting up libgtk-4-common (4.14.2+ds-1ubuntu3) ...
2025-06-10T19:15:25.5559315Z Setting up libmpeg2encpp-2.1-0t64:amd64 (1:2.1.0+debian-8.1build1) ...
2025-06-10T19:15:25.5587205Z Setting up glib-networking-common (2.80.0-1build1) ...
2025-06-10T19:15:25.5617050Z Setting up libmfx1:amd64 (22.5.4-1) ...
2025-06-10T19:15:25.5649447Z Setting up libbluray2:amd64 (1:1.3.4-1build1) ...
2025-06-10T19:15:25.5684415Z Setting up libsamplerate0:amd64 (0.2.2-4build1) ...
2025-06-10T19:15:25.5713445Z Setting up timgm6mb-soundfont (1.3-5) ...
2025-06-10T19:15:25.5798818Z update-alternatives: using /usr/share/sounds/sf2/TimGM6mb.sf2 to provide /usr/share/sounds/sf2/default-GM.sf2 (default-GM.sf2) in auto mode
2025-06-10T19:15:25.5843663Z update-alternatives: using /usr/share/sounds/sf2/TimGM6mb.sf2 to provide /usr/share/sounds/sf3/default-GM.sf3 (default-GM.sf3) in auto mode
2025-06-10T19:15:25.5869529Z Setting up libva-x11-2:amd64 (2.20.0-2build1) ...
2025-06-10T19:15:25.5908705Z Setting up libyuv0:amd64 (0.0~git202401110.af6ac82-1) ...
2025-06-10T19:15:25.5933166Z Setting up libmplex2-2.1-0t64:amd64 (1:2.1.0+debian-8.1build1) ...
2025-06-10T19:15:25.5963259Z Setting up libpipewire-0.3-0t64:amd64 (1.0.5-1ubuntu3) ...
2025-06-10T19:15:25.5990438Z Setting up libopenmpt0t64:amd64 (0.7.3-1.1build3) ...
2025-06-10T19:15:25.6023838Z Setting up libzvbi-common (0.2.42-2) ...
2025-06-10T19:15:25.6053195Z Setting up libsecret-common (0.21.4-1build3) ...
2025-06-10T19:15:25.6080113Z Setting up libmp3lame0:amd64 (3.100-6build1) ...
2025-06-10T19:15:25.6109675Z Setting up libgraphene-1.0-0:amd64 (1.10.8-3build2) ...
2025-06-10T19:15:25.6134761Z Setting up libvorbisenc2:amd64 (1.3.7-1build3) ...
2025-06-10T19:15:25.6161924Z Setting up libdvdnav4:amd64 (6.1.1-3build1) ...
2025-06-10T19:15:25.6193800Z Setting up fonts-unifont (1:15.1.01-1build1) ...
2025-06-10T19:15:25.6223617Z Setting up libaa1:amd64 (1.4p5-51.1) ...
2025-06-10T19:15:25.6256990Z Setting up libiec61883-0:amd64 (1.2.0-6build1) ...
2025-06-10T19:15:25.6291092Z Setting up libserd-0-0:amd64 (0.32.2-1) ...
2025-06-10T19:15:25.6321238Z Setting up libavc1394-0:amd64 (0.5.4-5build3) ...
2025-06-10T19:15:25.6353444Z Setting up session-migration (0.3.9build1) ...
2025-06-10T19:15:25.7435509Z Created symlink /etc/systemd/user/graphical-session-pre.target.wants/session-migration.service → /usr/lib/systemd/user/session-migration.service.
2025-06-10T19:15:25.7436591Z 
2025-06-10T19:15:25.7465205Z Setting up liblapack3:amd64 (3.12.0-3build1.1) ...
2025-06-10T19:15:25.7529408Z update-alternatives: using /usr/lib/x86_64-linux-gnu/lapack/liblapack.so.3 to provide /usr/lib/x86_64-linux-gnu/liblapack.so.3 (liblapack.so.3-x86_64-linux-gnu) in auto mode
2025-06-10T19:15:25.7568798Z Setting up libproxy1v5:amd64 (0.5.4-4build1) ...
2025-06-10T19:15:25.7596173Z Setting up libzvbi0t64:amd64 (0.2.42-2) ...
2025-06-10T19:15:25.7629558Z Setting up liblrdf0:amd64 (0.6.1-4build1) ...
2025-06-10T19:15:25.7661738Z Setting up libmanette-0.2-0:amd64 (0.2.7-1build2) ...
2025-06-10T19:15:25.7691491Z Setting up libglib2.0-bin (2.80.0-6ubuntu3.4) ...
2025-06-10T19:15:25.7725064Z Setting up libzbar0t64:amd64 (0.23.93-4build3) ...
2025-06-10T19:15:25.7758650Z Setting up libgstreamer-plugins-base1.0-0:amd64 (1.24.2-1ubuntu0.2) ...
2025-06-10T19:15:25.7784449Z Setting up libavutil58:amd64 (7:6.1.1-3ubuntu5) ...
2025-06-10T19:15:25.7818459Z Setting up libopenal1:amd64 (1:1.23.1-4build1) ...
2025-06-10T19:15:25.7842396Z Setting up xfonts-utils (1:7.7+6build3) ...
2025-06-10T19:15:25.7893430Z Setting up librsvg2-2:amd64 (2.58.0+dfsg-1build1) ...
2025-06-10T19:15:25.7928303Z Setting up libsecret-1-0:amd64 (0.21.4-1build3) ...
2025-06-10T19:15:25.7966218Z Setting up libgstreamer-plugins-good1.0-0:amd64 (1.24.2-1ubuntu1.1) ...
2025-06-10T19:15:25.7998361Z Setting up libgstreamer-gl1.0-0:amd64 (1.24.2-1ubuntu0.2) ...
2025-06-10T19:15:25.8038134Z Setting up gstreamer1.0-plugins-base:amd64 (1.24.2-1ubuntu0.2) ...
2025-06-10T19:15:25.8068622Z Setting up libass9:amd64 (1:0.17.1-2build1) ...
2025-06-10T19:15:25.8094698Z Setting up libswresample4:amd64 (7:6.1.1-3ubuntu5) ...
2025-06-10T19:15:25.8126804Z Setting up libopenexr-3-1-30:amd64 (3.1.5-5.1build3) ...
2025-06-10T19:15:25.8154603Z Setting up libshout3:amd64 (2.4.6-1build2) ...
2025-06-10T19:15:25.8182427Z Setting up libgav1-1:amd64 (0.18.0-1build3) ...
2025-06-10T19:15:25.8218054Z Setting up libavcodec60:amd64 (7:6.1.1-3ubuntu5) ...
2025-06-10T19:15:25.8244423Z Setting up librubberband2:amd64 (3.3.0+dfsg-2build1) ...
2025-06-10T19:15:25.8272305Z Setting up libjack-jackd2-0:amd64 (1.9.21~dfsg-3ubuntu3) ...
2025-06-10T19:15:25.8303291Z Setting up libsord-0-0:amd64 (0.16.16-2build1) ...
2025-06-10T19:15:25.8385919Z Setting up xfonts-cyrillic (1:1.0.5+nmu1) ...
2025-06-10T19:15:25.8895443Z Setting up libpostproc57:amd64 (7:6.1.1-3ubuntu5) ...
2025-06-10T19:15:25.8925941Z Setting up libsratom-0-0:amd64 (0.6.16-1build1) ...
2025-06-10T19:15:25.8953309Z Setting up libgtk-4-1:amd64 (4.14.2+ds-1ubuntu3) ...
2025-06-10T19:15:26.0944292Z Setting up libsndfile1:amd64 (1.2.2-1ubuntu5.24.04.1) ...
2025-06-10T19:15:26.0970237Z Setting up liblilv-0-0:amd64 (0.24.22-1build1) ...
2025-06-10T19:15:26.0998117Z Setting up libinstpatch-1.0-2:amd64 (1.1.6-1build2) ...
2025-06-10T19:15:26.1020949Z Setting up xfonts-scalable (1:1.0.3-1.3) ...
2025-06-10T19:15:26.1324612Z Setting up libswscale7:amd64 (7:6.1.1-3ubuntu5) ...
2025-06-10T19:15:26.1354346Z Setting up gsettings-desktop-schemas (46.1-0ubuntu1) ...
2025-06-10T19:15:26.1503417Z Setting up glib-networking-services (2.80.0-1build1) ...
2025-06-10T19:15:26.1524753Z Setting up libavif16:amd64 (1.0.4-1ubuntu3) ...
2025-06-10T19:15:26.1550385Z Setting up libpulse0:amd64 (1:16.1+dfsg1-2ubuntu10.1) ...
2025-06-10T19:15:26.1624416Z Setting up libavformat60:amd64 (7:6.1.1-3ubuntu5) ...
2025-06-10T19:15:26.1656091Z Setting up libsphinxbase3t64:amd64 (0.8+5prealpha+1-17build2) ...
2025-06-10T19:15:26.1688041Z Setting up glib-networking:amd64 (2.80.0-1build1) ...
2025-06-10T19:15:26.1710539Z Setting up libsdl2-2.0-0:amd64 (2.30.0+dfsg-1ubuntu3.1) ...
2025-06-10T19:15:26.1736638Z Setting up libfluidsynth3:amd64 (2.3.4-1build3) ...
2025-06-10T19:15:26.1773156Z Setting up libsoup-3.0-0:amd64 (3.4.4-5ubuntu0.4) ...
2025-06-10T19:15:26.1800723Z Setting up libpocketsphinx3:amd64 (0.8.0+real5prealpha+1-15ubuntu5) ...
2025-06-10T19:15:26.1825822Z Setting up libgssdp-1.6-0:amd64 (1.6.3-1build3) ...
2025-06-10T19:15:26.1850702Z Setting up gstreamer1.0-plugins-good:amd64 (1.24.2-1ubuntu1.1) ...
2025-06-10T19:15:26.1882584Z Setting up libgupnp-1.6-0:amd64 (1.6.6-1build3) ...
2025-06-10T19:15:26.1906065Z Setting up libavfilter9:amd64 (7:6.1.1-3ubuntu5) ...
2025-06-10T19:15:26.1936658Z Setting up libgupnp-igd-1.6-0:amd64 (1.6.0-3build3) ...
2025-06-10T19:15:26.1962912Z Setting up gstreamer1.0-libav:amd64 (1.24.1-1build1) ...
2025-06-10T19:15:26.2139221Z Setting up libnice10:amd64 (0.1.21-2build3) ...
2025-06-10T19:15:26.2169290Z Setting up libgstreamer-plugins-bad1.0-0:amd64 (1.24.2-1ubuntu4) ...
2025-06-10T19:15:26.2199077Z Setting up gstreamer1.0-plugins-bad:amd64 (1.24.2-1ubuntu4) ...
2025-06-10T19:15:26.2232961Z Processing triggers for libc-bin (2.39-0ubuntu8.4) ...
2025-06-10T19:15:26.2945921Z Processing triggers for man-db (2.12.0-4build2) ...
2025-06-10T19:16:18.1833393Z Processing triggers for fontconfig (2.15.0-1.1ubuntu2) ...
2025-06-10T19:16:18.7883983Z 
2025-06-10T19:16:18.7884630Z Running kernel seems to be up-to-date.
2025-06-10T19:16:18.7885302Z 
2025-06-10T19:16:18.7885490Z Restarting services...
2025-06-10T19:16:18.8366461Z  systemctl restart packagekit.service php8.3-fpm.service polkit.service udisks2.service
2025-06-10T19:16:18.9612691Z 
2025-06-10T19:16:18.9613508Z Service restarts being deferred:
2025-06-10T19:16:18.9614073Z  systemctl restart ModemManager.service
2025-06-10T19:16:18.9614651Z  systemctl restart hosted-compute-agent.service
2025-06-10T19:16:18.9615244Z  systemctl restart networkd-dispatcher.service
2025-06-10T19:16:18.9615595Z 
2025-06-10T19:16:18.9615821Z No containers need to be restarted.
2025-06-10T19:16:18.9616108Z 
2025-06-10T19:16:18.9616391Z No user sessions are running outdated binaries.
2025-06-10T19:16:18.9616707Z 
2025-06-10T19:16:18.9617173Z No VM guests are running outdated hypervisor (qemu) binaries on this host.
2025-06-10T19:16:19.7548093Z Downloading Chromium 136.0.7103.25 (playwright build v1169) from https://cdn.playwright.dev/dbazure/download/playwright/builds/chromium/1169/chromium-linux.zip
2025-06-10T19:16:19.9733276Z |                                                                                |   0% of 167.7 MiB
2025-06-10T19:16:20.4920292Z |■■■■■■■■                                                                        |  10% of 167.7 MiB
2025-06-10T19:16:20.8285635Z |■■■■■■■■■■■■■■■■                                                                |  20% of 167.7 MiB
2025-06-10T19:16:21.2003076Z |■■■■■■■■■■■■■■■■■■■■■■■■                                                        |  30% of 167.7 MiB
2025-06-10T19:16:21.5370221Z |■■■■■■■■■■■■■■■■■■■■■■■■■■■■■■■■                                                |  40% of 167.7 MiB
2025-06-10T19:16:21.9895640Z |■■■■■■■■■■■■■■■■■■■■■■■■■■■■■■■■■■■■■■■■                                        |  50% of 167.7 MiB
2025-06-10T19:16:22.3294165Z |■■■■■■■■■■■■■■■■■■■■■■■■■■■■■■■■■■■■■■■■■■■■■■■■                                |  60% of 167.7 MiB
2025-06-10T19:16:22.6772424Z |■■■■■■■■■■■■■■■■■■■■■■■■■■■■■■■■■■■■■■■■■■■■■■■■■■■■■■■■                        |  70% of 167.7 MiB
2025-06-10T19:16:22.9845937Z |■■■■■■■■■■■■■■■■■■■■■■■■■■■■■■■■■■■■■■■■■■■■■■■■■■■■■■■■■■■■■■■■                |  80% of 167.7 MiB
2025-06-10T19:16:23.2087941Z |■■■■■■■■■■■■■■■■■■■■■■■■■■■■■■■■■■■■■■■■■■■■■■■■■■■■■■■■■■■■■■■■■■■■■■■■        |  90% of 167.7 MiB
2025-06-10T19:16:23.4839587Z |■■■■■■■■■■■■■■■■■■■■■■■■■■■■■■■■■■■■■■■■■■■■■■■■■■■■■■■■■■■■■■■■■■■■■■■■■■■■■■■■| 100% of 167.7 MiB
2025-06-10T19:16:26.9847918Z Chromium 136.0.7103.25 (playwright build v1169) downloaded to /home/runner/.cache/ms-playwright/chromium-1169
2025-06-10T19:16:26.9850780Z Downloading Chromium Headless Shell 136.0.7103.25 (playwright build v1169) from https://cdn.playwright.dev/dbazure/download/playwright/builds/chromium/1169/chromium-headless-shell-linux.zip
2025-06-10T19:16:27.2352268Z |                                                                                |   0% of 101.4 MiB
2025-06-10T19:16:27.4059935Z |■■■■■■■■                                                                        |  10% of 101.4 MiB
2025-06-10T19:16:27.5867571Z |■■■■■■■■■■■■■■■■                                                                |  20% of 101.4 MiB
2025-06-10T19:16:27.7538334Z |■■■■■■■■■■■■■■■■■■■■■■■■                                                        |  30% of 101.4 MiB
2025-06-10T19:16:27.9346055Z |■■■■■■■■■■■■■■■■■■■■■■■■■■■■■■■■                                                |  40% of 101.4 MiB
2025-06-10T19:16:28.0696444Z |■■■■■■■■■■■■■■■■■■■■■■■■■■■■■■■■■■■■■■■■                                        |  50% of 101.4 MiB
2025-06-10T19:16:28.2050425Z |■■■■■■■■■■■■■■■■■■■■■■■■■■■■■■■■■■■■■■■■■■■■■■■■                                |  60% of 101.4 MiB
2025-06-10T19:16:28.3577725Z |■■■■■■■■■■■■■■■■■■■■■■■■■■■■■■■■■■■■■■■■■■■■■■■■■■■■■■■■                        |  70% of 101.4 MiB
2025-06-10T19:16:28.5124940Z |■■■■■■■■■■■■■■■■■■■■■■■■■■■■■■■■■■■■■■■■■■■■■■■■■■■■■■■■■■■■■■■■                |  80% of 101.4 MiB
2025-06-10T19:16:28.6725529Z |■■■■■■■■■■■■■■■■■■■■■■■■■■■■■■■■■■■■■■■■■■■■■■■■■■■■■■■■■■■■■■■■■■■■■■■■        |  90% of 101.4 MiB
2025-06-10T19:16:28.7930244Z |■■■■■■■■■■■■■■■■■■■■■■■■■■■■■■■■■■■■■■■■■■■■■■■■■■■■■■■■■■■■■■■■■■■■■■■■■■■■■■■■| 100% of 101.4 MiB
2025-06-10T19:16:30.8752278Z Chromium Headless Shell 136.0.7103.25 (playwright build v1169) downloaded to /home/runner/.cache/ms-playwright/chromium_headless_shell-1169
2025-06-10T19:16:30.8754034Z Downloading Firefox 137.0 (playwright build v1482) from https://cdn.playwright.dev/dbazure/download/playwright/builds/firefox/1482/firefox-ubuntu-24.04.zip
2025-06-10T19:16:31.0428907Z |                                                                                |   0% of 91 MiB
2025-06-10T19:16:31.1663816Z |■■■■■■■■                                                                        |  10% of 91 MiB
2025-06-10T19:16:31.2774744Z |■■■■■■■■■■■■■■■■                                                                |  20% of 91 MiB
2025-06-10T19:16:31.3532182Z |■■■■■■■■■■■■■■■■■■■■■■■■                                                        |  30% of 91 MiB
2025-06-10T19:16:31.4163432Z |■■■■■■■■■■■■■■■■■■■■■■■■■■■■■■■■                                                |  40% of 91 MiB
2025-06-10T19:16:31.4799110Z |■■■■■■■■■■■■■■■■■■■■■■■■■■■■■■■■■■■■■■■■                                        |  50% of 91 MiB
2025-06-10T19:16:31.5293838Z |■■■■■■■■■■■■■■■■■■■■■■■■■■■■■■■■■■■■■■■■■■■■■■■■                                |  60% of 91 MiB
2025-06-10T19:16:31.6008817Z |■■■■■■■■■■■■■■■■■■■■■■■■■■■■■■■■■■■■■■■■■■■■■■■■■■■■■■■■                        |  70% of 91 MiB
2025-06-10T19:16:31.7331844Z |■■■■■■■■■■■■■■■■■■■■■■■■■■■■■■■■■■■■■■■■■■■■■■■■■■■■■■■■■■■■■■■■                |  80% of 91 MiB
2025-06-10T19:16:31.7810285Z |■■■■■■■■■■■■■■■■■■■■■■■■■■■■■■■■■■■■■■■■■■■■■■■■■■■■■■■■■■■■■■■■■■■■■■■■        |  90% of 91 MiB
2025-06-10T19:16:31.8921532Z |■■■■■■■■■■■■■■■■■■■■■■■■■■■■■■■■■■■■■■■■■■■■■■■■■■■■■■■■■■■■■■■■■■■■■■■■■■■■■■■■| 100% of 91 MiB
2025-06-10T19:16:33.7088678Z Firefox 137.0 (playwright build v1482) downloaded to /home/runner/.cache/ms-playwright/firefox-1482
2025-06-10T19:16:33.7091288Z Downloading Webkit 18.4 (playwright build v2158) from https://cdn.playwright.dev/dbazure/download/playwright/builds/webkit/2158/webkit-ubuntu-24.04.zip
2025-06-10T19:16:33.8976707Z |                                                                                |   0% of 93.5 MiB
2025-06-10T19:16:34.0357994Z |■■■■■■■■                                                                        |  10% of 93.5 MiB
2025-06-10T19:16:34.1740667Z |■■■■■■■■■■■■■■■■                                                                |  20% of 93.5 MiB
2025-06-10T19:16:34.3508458Z |■■■■■■■■■■■■■■■■■■■■■■■■                                                        |  30% of 93.5 MiB
2025-06-10T19:16:34.4778501Z |■■■■■■■■■■■■■■■■■■■■■■■■■■■■■■■■                                                |  40% of 93.5 MiB
2025-06-10T19:16:34.6133396Z |■■■■■■■■■■■■■■■■■■■■■■■■■■■■■■■■■■■■■■■■                                        |  50% of 93.5 MiB
2025-06-10T19:16:34.7976377Z |■■■■■■■■■■■■■■■■■■■■■■■■■■■■■■■■■■■■■■■■■■■■■■■■                                |  60% of 93.5 MiB
2025-06-10T19:16:34.9617990Z |■■■■■■■■■■■■■■■■■■■■■■■■■■■■■■■■■■■■■■■■■■■■■■■■■■■■■■■■                        |  70% of 93.5 MiB
2025-06-10T19:16:35.0795847Z |■■■■■■■■■■■■■■■■■■■■■■■■■■■■■■■■■■■■■■■■■■■■■■■■■■■■■■■■■■■■■■■■                |  80% of 93.5 MiB
2025-06-10T19:16:35.2674021Z |■■■■■■■■■■■■■■■■■■■■■■■■■■■■■■■■■■■■■■■■■■■■■■■■■■■■■■■■■■■■■■■■■■■■■■■■        |  90% of 93.5 MiB
2025-06-10T19:16:35.3502970Z |■■■■■■■■■■■■■■■■■■■■■■■■■■■■■■■■■■■■■■■■■■■■■■■■■■■■■■■■■■■■■■■■■■■■■■■■■■■■■■■■| 100% of 93.5 MiB
2025-06-10T19:16:37.2718243Z Webkit 18.4 (playwright build v2158) downloaded to /home/runner/.cache/ms-playwright/webkit-2158
2025-06-10T19:16:37.2720825Z Downloading FFMPEG playwright build v1011 from https://cdn.playwright.dev/dbazure/download/playwright/builds/ffmpeg/1011/ffmpeg-linux.zip
2025-06-10T19:16:37.4629224Z |                                                                                |   0% of 2.3 MiB
2025-06-10T19:16:37.4700172Z |■■■■■■■■                                                                        |  10% of 2.3 MiB
2025-06-10T19:16:37.4728487Z |■■■■■■■■■■■■■■■■                                                                |  20% of 2.3 MiB
2025-06-10T19:16:37.4751822Z |■■■■■■■■■■■■■■■■■■■■■■■■                                                        |  30% of 2.3 MiB
2025-06-10T19:16:37.4775204Z |■■■■■■■■■■■■■■■■■■■■■■■■■■■■■■■■                                                |  40% of 2.3 MiB
2025-06-10T19:16:37.4799970Z |■■■■■■■■■■■■■■■■■■■■■■■■■■■■■■■■■■■■■■■■                                        |  50% of 2.3 MiB
2025-06-10T19:16:37.4823161Z |■■■■■■■■■■■■■■■■■■■■■■■■■■■■■■■■■■■■■■■■■■■■■■■■                                |  60% of 2.3 MiB
2025-06-10T19:16:37.4847428Z |■■■■■■■■■■■■■■■■■■■■■■■■■■■■■■■■■■■■■■■■■■■■■■■■■■■■■■■■                        |  70% of 2.3 MiB
2025-06-10T19:16:37.4868357Z |■■■■■■■■■■■■■■■■■■■■■■■■■■■■■■■■■■■■■■■■■■■■■■■■■■■■■■■■■■■■■■■■                |  80% of 2.3 MiB
2025-06-10T19:16:37.4887112Z |■■■■■■■■■■■■■■■■■■■■■■■■■■■■■■■■■■■■■■■■■■■■■■■■■■■■■■■■■■■■■■■■■■■■■■■■        |  90% of 2.3 MiB
2025-06-10T19:16:37.4905810Z |■■■■■■■■■■■■■■■■■■■■■■■■■■■■■■■■■■■■■■■■■■■■■■■■■■■■■■■■■■■■■■■■■■■■■■■■■■■■■■■■| 100% of 2.3 MiB
2025-06-10T19:16:37.5606659Z FFMPEG playwright build v1011 downloaded to /home/runner/.cache/ms-playwright/ffmpeg-1011
2025-06-10T19:16:37.9611921Z ##[group]Run npx playwright test --config=playwright.ci.config.ts
2025-06-10T19:16:37.9612408Z [36;1mnpx playwright test --config=playwright.ci.config.ts[0m
2025-06-10T19:16:37.9663636Z shell: /usr/bin/bash -e {0}
2025-06-10T19:16:37.9663877Z env:
2025-06-10T19:16:37.9664047Z   NODE_VERSION: 18
2025-06-10T19:16:37.9664235Z   CI: true
2025-06-10T19:16:37.9664664Z   NEXT_PUBLIC_SUPABASE_URL: ***
2025-06-10T19:16:37.9666107Z   NEXT_PUBLIC_SUPABASE_ANON_KEY: ***
2025-06-10T19:16:37.9666358Z ##[endgroup]
2025-06-10T19:16:39.5657056Z [WebServer] 
2025-06-10T19:16:39.5657834Z [WebServer] > localloop@0.1.0 dev
2025-06-10T19:16:39.5658934Z [WebServer] > lsof -ti:3000 | xargs kill -9 2>/dev/null || true && next dev -p 3000
2025-06-10T19:16:39.5659326Z [WebServer] 
2025-06-10T19:16:40.6358170Z [WebServer]    [1m[38;2;173;127;168m▲ Next.js 15.3.2[39m[22m
2025-06-10T19:16:40.6360434Z [WebServer]    - Local:        http://localhost:3000
2025-06-10T19:16:40.6361349Z [WebServer]    - Network:      http://10.1.1.117:3000
2025-06-10T19:16:40.6361726Z [WebServer] 
2025-06-10T19:16:40.6362097Z [WebServer]  [32m[1m✓[22m[39m Starting...
2025-06-10T19:16:40.7049337Z [WebServer] [35m[1mAttention[22m[39m: Next.js now collects completely anonymous telemetry regarding usage.
2025-06-10T19:16:40.7050286Z [WebServer] This information is used to shape Next.js' roadmap and prioritize features.
2025-06-10T19:16:40.7051414Z [WebServer] You can learn more, including how to opt-out if you'd not like to participate in this anonymous program, by visiting the following URL:
2025-06-10T19:16:40.7052323Z [WebServer] [36mhttps://nextjs.org/telemetry[39m
2025-06-10T19:16:40.7052731Z [WebServer] 
2025-06-10T19:16:41.8418737Z [WebServer]  [32m[1m✓[22m[39m Ready in 1426ms
2025-06-10T19:16:42.3613073Z [WebServer]  [37m[1m○[22m[39m Compiling /middleware ...
2025-06-10T19:16:42.7603768Z [WebServer]  [32m[1m✓[22m[39m Compiled /middleware in 906ms (179 modules)
2025-06-10T19:16:43.4317218Z [WebServer]  [37m[1m○[22m[39m Compiling / ...
2025-06-10T19:16:44.0685121Z [WebServer] <w> [webpack.cache.PackFileCacheStrategy] Serializing big strings (100kiB) impacts deserialization performance (consider using Buffer instead and decode when needed)
2025-06-10T19:16:49.9267177Z [WebServer]  [33m[1m⚠[22m[39m ./node_modules/@supabase/realtime-js/dist/main/RealtimeClient.js
2025-06-10T19:16:49.9268584Z [WebServer] Critical dependency: the request of a dependency is an expression
2025-06-10T19:16:49.9269239Z [WebServer] 
2025-06-10T19:16:49.9269724Z [WebServer] Import trace for requested module:
2025-06-10T19:16:49.9270567Z [WebServer] ./node_modules/@supabase/realtime-js/dist/main/RealtimeClient.js
2025-06-10T19:16:49.9271536Z [WebServer] ./node_modules/@supabase/realtime-js/dist/main/index.js
2025-06-10T19:16:49.9272396Z [WebServer] ./node_modules/@supabase/supabase-js/dist/module/index.js
2025-06-10T19:16:49.9273324Z [WebServer] ./node_modules/@supabase/ssr/dist/module/createBrowserClient.js
2025-06-10T19:16:49.9274220Z [WebServer] ./node_modules/@supabase/ssr/dist/module/index.js
2025-06-10T19:16:49.9274857Z [WebServer] ./lib/supabase-server.ts
2025-06-10T19:16:49.9275311Z [WebServer] ./app/page.tsx
2025-06-10T19:16:50.3889145Z [WebServer]  [33m[1m⚠[22m[39m metadataBase property in metadata export is not set for resolving social open graph or twitter images, using "http://localhost:3000". See https://nextjs.org/docs/app/api-reference/functions/generate-metadata#metadatabase
2025-06-10T19:16:51.6238392Z [WebServer]  GET / [32m200[39m in 8729ms
2025-06-10T19:16:51.6983298Z 
2025-06-10T19:16:51.6984330Z Running 12 tests using 1 worker
2025-06-10T19:16:53.3509507Z [WebServer]  GET / [32m200[39m in 463ms
2025-06-10T19:16:54.8083946Z Homepage basic structure loaded successfully
2025-06-10T19:16:55.3073699Z ·[WebServer]  GET / [32m200[39m in 443ms
2025-06-10T19:16:55.8705118Z Navigation elements are present and responsive
2025-06-10T19:16:56.3471597Z ·[WebServer]  GET / [32m200[39m in 423ms
2025-06-10T19:16:57.1295137Z [WebServer]  [33m[1m⚠[22m[39m ./node_modules/@supabase/realtime-js/dist/main/RealtimeClient.js
2025-06-10T19:16:57.1296846Z [WebServer] Critical dependency: the request of a dependency is an expression
2025-06-10T19:16:57.1298717Z [WebServer] 
2025-06-10T19:16:57.1299186Z [WebServer] Import trace for requested module:
2025-06-10T19:16:57.1299991Z [WebServer] ./node_modules/@supabase/realtime-js/dist/main/RealtimeClient.js
2025-06-10T19:16:57.1300961Z [WebServer] ./node_modules/@supabase/realtime-js/dist/main/index.js
2025-06-10T19:16:57.1301853Z [WebServer] ./node_modules/@supabase/supabase-js/dist/module/index.js
2025-06-10T19:16:57.1302900Z [WebServer] ./node_modules/@supabase/ssr/dist/module/createBrowserClient.js
2025-06-10T19:16:57.1303824Z [WebServer] ./node_modules/@supabase/ssr/dist/module/index.js
2025-06-10T19:16:57.1304469Z [WebServer] ./lib/supabase-server.ts
2025-06-10T19:16:57.1304933Z [WebServer] ./app/page.tsx
2025-06-10T19:16:57.9831534Z Basic responsive layout works correctly
2025-06-10T19:16:58.0315147Z [WebServer]  [33m[1m⚠[22m[39m ./node_modules/@supabase/realtime-js/dist/main/RealtimeClient.js
2025-06-10T19:16:58.0316122Z [WebServer] Critical dependency: the request of a dependency is an expression
2025-06-10T19:16:58.0316527Z [WebServer] 
2025-06-10T19:16:58.0316812Z [WebServer] Import trace for requested module:
2025-06-10T19:16:58.0317575Z [WebServer] ./node_modules/@supabase/realtime-js/dist/main/RealtimeClient.js
2025-06-10T19:16:58.0318129Z [WebServer] ./node_modules/@supabase/realtime-js/dist/main/index.js
2025-06-10T19:16:58.0318633Z [WebServer] ./node_modules/@supabase/supabase-js/dist/module/index.js
2025-06-10T19:16:58.0319367Z [WebServer] ./node_modules/@supabase/ssr/dist/module/createBrowserClient.js
2025-06-10T19:16:58.0320211Z [WebServer] ./node_modules/@supabase/ssr/dist/module/index.js
2025-06-10T19:16:58.0320903Z [WebServer] ./lib/supabase-server.ts
2025-06-10T19:16:58.0321399Z [WebServer] ./app/page.tsx
2025-06-10T19:16:58.3780051Z [WebServer] Error processing performance metric: SyntaxError: Unexpected end of JSON input
2025-06-10T19:16:58.3783452Z [WebServer]     at JSON.parse (<anonymous>)
2025-06-10T19:16:58.3784330Z [WebServer]     at POST (app/api/analytics/performance/route.ts:37:47)
2025-06-10T19:16:58.3786173Z [WebServer] [0m [90m 35 |[39m [36mexport[39m [36masync[39m [36mfunction[39m [33mPOST[39m(request[33m:[39m [33mNextRequest[39m) {[0m
2025-06-10T19:16:58.3787705Z [WebServer] [0m [90m 36 |[39m     [36mtry[39m {[0m
2025-06-10T19:16:58.3789299Z [WebServer] [0m[31m[1m>[22m[39m[90m 37 |[39m         [36mconst[39m data[33m:[39m [33mMetricData[39m [33m=[39m [36mawait[39m request[33m.[39mjson()[0m
2025-06-10T19:16:58.3790763Z [WebServer] [0m [90m    |[39m                                               [31m[1m^[22m[39m[0m
2025-06-10T19:16:58.3792140Z [WebServer] [0m [90m 38 |[39m         [36mconst[39m supabase [33m=[39m [36mawait[39m createServerSupabaseClient()[0m
2025-06-10T19:16:58.3793148Z [WebServer] [0m [90m 39 |[39m[0m
2025-06-10T19:16:58.3794388Z [WebServer] [0m [90m 40 |[39m         [90m// Get user info if available[39m[0m
2025-06-10T19:16:58.5481977Z [WebServer] Error processing performance metric: SyntaxError: Unexpected end of JSON input
2025-06-10T19:16:58.5483401Z [WebServer]     at JSON.parse (<anonymous>)
2025-06-10T19:16:58.5484495Z [WebServer]     at POST (app/api/analytics/performance/route.ts:37:47)
2025-06-10T19:16:58.5486306Z [WebServer] [0m [90m 35 |[39m [36mexport[39m [36masync[39m [36mfunction[39m [33mPOST[39m(request[33m:[39m [33mNextRequest[39m) {[0m
2025-06-10T19:16:58.5488280Z [WebServer] [0m [90m 36 |[39m     [36mtry[39m {[0m
2025-06-10T19:16:58.5489764Z [WebServer] [0m[31m[1m>[22m[39m[90m 37 |[39m         [36mconst[39m data[33m:[39m [33mMetricData[39m [33m=[39m [36mawait[39m request[33m.[39mjson()[0m
2025-06-10T19:16:58.5491549Z [WebServer] [0m [90m    |[39m                                               [31m[1m^[22m[39m[0m
2025-06-10T19:16:58.5493008Z [WebServer] [0m [90m 38 |[39m         [36mconst[39m supabase [33m=[39m [36mawait[39m createServerSupabaseClient()[0m
2025-06-10T19:16:58.5494040Z [WebServer] [0m [90m 39 |[39m[0m
2025-06-10T19:16:58.5494950Z [WebServer] [0m [90m 40 |[39m         [90m// Get user info if available[39m[0m
2025-06-10T19:17:00.9948332Z [WebServer]  [33m[1m⚠[22m[39m metadataBase property in metadata export is not set for resolving social open graph or twitter images, using "http://localhost:3000". See https://nextjs.org/docs/app/api-reference/functions/generate-metadata#metadatabase
2025-06-10T19:17:01.5169308Z ·[WebServer]  GET / [32m200[39m in 670ms
2025-06-10T19:17:03.5745357Z [WebServer]  POST /api/analytics/performance [32m201[39m in 366ms
2025-06-10T19:17:04.2884812Z Homepage basic structure loaded successfully
2025-06-10T19:17:04.3027168Z ·[WebServer]  POST /api/analytics/performance [32m200[39m in 108ms
2025-06-10T19:17:04.3030084Z [WebServer]  POST /api/analytics/performance [32m200[39m in 109ms
2025-06-10T19:17:04.9635887Z [WebServer]  GET / [32m200[39m in 453ms
2025-06-10T19:17:05.8560029Z Navigation elements are present and responsive
2025-06-10T19:17:06.3541461Z ·[WebServer]  GET / [32m200[39m in 261ms
2025-06-10T19:17:08.6908684Z Basic responsive layout works correctly
2025-06-10T19:17:08.7139388Z ·[WebServer]  POST /api/analytics/performance [32m200[39m in 145ms
2025-06-10T19:17:08.7140461Z [WebServer]  POST /api/analytics/performance [32m200[39m in 147ms
2025-06-10T19:17:10.9071444Z [WebServer]  GET / [32m200[39m in 275ms
2025-06-10T19:17:11.2696980Z [WebServer]  [33m[1m⚠[22m[39m ./node_modules/@supabase/realtime-js/dist/main/RealtimeClient.js
2025-06-10T19:17:11.2702212Z [WebServer] Critical dependency: the request of a dependency is an expression
2025-06-10T19:17:11.2706523Z [WebServer] 
2025-06-10T19:17:11.2711118Z [WebServer] Import trace for requested module:
2025-06-10T19:17:11.2715918Z [WebServer] ./node_modules/@supabase/realtime-js/dist/main/RealtimeClient.js
2025-06-10T19:17:11.2719659Z [WebServer] ./node_modules/@supabase/realtime-js/dist/main/index.js
2025-06-10T19:17:11.2720480Z [WebServer] ./node_modules/@supabase/supabase-js/dist/module/index.js
2025-06-10T19:17:11.2721309Z [WebServer] ./node_modules/@supabase/ssr/dist/module/createBrowserClient.js
2025-06-10T19:17:11.2722080Z [WebServer] ./node_modules/@supabase/ssr/dist/module/index.js
2025-06-10T19:17:11.2722637Z [WebServer] ./lib/supabase-server.ts
2025-06-10T19:17:11.2723053Z [WebServer] ./app/page.tsx
2025-06-10T19:17:11.6755602Z [WebServer]  [33m[1m⚠[22m[39m ./node_modules/@supabase/realtime-js/dist/main/RealtimeClient.js
2025-06-10T19:17:11.6756958Z [WebServer] Critical dependency: the request of a dependency is an expression
2025-06-10T19:17:11.6757932Z [WebServer] 
2025-06-10T19:17:11.6758495Z [WebServer] Import trace for requested module:
2025-06-10T19:17:11.6759397Z [WebServer] ./node_modules/@supabase/realtime-js/dist/main/RealtimeClient.js
2025-06-10T19:17:11.6760419Z [WebServer] ./node_modules/@supabase/realtime-js/dist/main/index.js
2025-06-10T19:17:11.6761698Z [WebServer] ./node_modules/@supabase/supabase-js/dist/module/index.js
2025-06-10T19:17:11.6762791Z [WebServer] ./node_modules/@supabase/ssr/dist/module/createBrowserClient.js
2025-06-10T19:17:11.6763810Z [WebServer] ./node_modules/@supabase/ssr/dist/module/index.js
2025-06-10T19:17:11.6764537Z [WebServer] ./lib/supabase-server.ts
2025-06-10T19:17:11.6765245Z [WebServer] ./app/api/analytics/performance/route.ts
2025-06-10T19:17:11.7660375Z [WebServer]  [33m[1m⚠[22m[39m metadataBase property in metadata export is not set for resolving social open graph or twitter images, using "http://localhost:3000". See https://nextjs.org/docs/app/api-reference/functions/generate-metadata#metadatabase
2025-06-10T19:17:11.8497437Z [WebServer]  GET /icon.svg [33m404[39m in 582ms
2025-06-10T19:17:12.1617489Z Homepage basic structure loaded successfully
2025-06-10T19:17:12.2505592Z ·[WebServer]  POST /api/analytics/performance [32m200[39m in 158ms
2025-06-10T19:17:12.2508251Z [WebServer]  POST /api/analytics/performance [32m200[39m in 159ms
2025-06-10T19:17:12.9629613Z [WebServer] Error processing performance metric: SyntaxError: Unexpected end of JSON input
2025-06-10T19:17:12.9630317Z [WebServer]     at JSON.parse (<anonymous>)
2025-06-10T19:17:12.9630901Z [WebServer]     at POST (app/api/analytics/performance/route.ts:37:47)
2025-06-10T19:17:12.9632159Z [WebServer] [0m [90m 35 |[39m [36mexport[39m [36masync[39m [36mfunction[39m [33mPOST[39m(request[33m:[39m [33mNextRequest[39m) {[0m
2025-06-10T19:17:12.9633605Z [WebServer] [0m [90m 36 |[39m     [36mtry[39m {[0m
2025-06-10T19:17:12.9635379Z [WebServer] [0m[31m[1m>[22m[39m[90m 37 |[39m         [36mconst[39m data[33m:[39m [33mMetricData[39m [33m=[39m [36mawait[39m request[33m.[39mjson()[0m
2025-06-10T19:17:12.9636345Z [WebServer] [0m [90m    |[39m                                               [31m[1m^[22m[39m[0m
2025-06-10T19:17:12.9637536Z [WebServer] [0m [90m 38 |[39m         [36mconst[39m supabase [33m=[39m [36mawait[39m createServerSupabaseClient()[0m
2025-06-10T19:17:12.9638222Z [WebServer] [0m [90m 39 |[39m[0m
2025-06-10T19:17:12.9638820Z [WebServer] [0m [90m 40 |[39m         [90m// Get user info if available[39m[0m
2025-06-10T19:17:13.6028404Z [WebServer]  GET / [32m200[39m in 519ms
2025-06-10T19:17:13.9277078Z [WebServer]  GET /icon.svg [33m404[39m in 41ms
2025-06-10T19:17:14.3603529Z Navigation elements are present and responsive
2025-06-10T19:17:14.8167210Z ·[WebServer]  GET / [32m200[39m in 238ms
2025-06-10T19:17:15.1461812Z [WebServer]  GET /icon.svg [33m404[39m in 40ms
2025-06-10T19:17:16.8246486Z Basic responsive layout works correctly
2025-06-10T19:17:17.0737413Z [WebServer] Error processing performance metric: SyntaxError: Unexpected end of JSON input
2025-06-10T19:17:17.0739486Z [WebServer]     at JSON.parse (<anonymous>)
2025-06-10T19:17:17.0740284Z [WebServer]     at POST (app/api/analytics/performance/route.ts:37:47)
2025-06-10T19:17:17.0741891Z [WebServer] [0m [90m 35 |[39m [36mexport[39m [36masync[39m [36mfunction[39m [33mPOST[39m(request[33m:[39m [33mNextRequest[39m) {[0m
2025-06-10T19:17:17.0743029Z [WebServer] [0m [90m 36 |[39m     [36mtry[39m {[0m
2025-06-10T19:17:17.0744473Z [WebServer] [0m[31m[1m>[22m[39m[90m 37 |[39m         [36mconst[39m data[33m:[39m [33mMetricData[39m [33m=[39m [36mawait[39m request[33m.[39mjson()[0m
2025-06-10T19:17:17.0745849Z [WebServer] [0m [90m    |[39m                                               [31m[1m^[22m[39m[0m
2025-06-10T19:17:17.0747205Z [WebServer] [0m [90m 38 |[39m         [36mconst[39m supabase [33m=[39m [36mawait[39m createServerSupabaseClient()[0m
2025-06-10T19:17:17.0748377Z [WebServer] [0m [90m 39 |[39m[0m
2025-06-10T19:17:17.0749264Z [WebServer] [0m [90m 40 |[39m         [90m// Get user info if available[39m[0m
2025-06-10T19:17:17.1558185Z [WebServer] Error processing performance metric: SyntaxError: Unexpected end of JSON input
2025-06-10T19:17:17.1559547Z [WebServer]     at JSON.parse (<anonymous>)
2025-06-10T19:17:17.1560666Z [WebServer]     at POST (app/api/analytics/performance/route.ts:37:47)
2025-06-10T19:17:17.1562711Z [WebServer] [0m [90m 35 |[39m [36mexport[39m [36masync[39m [36mfunction[39m [33mPOST[39m(request[33m:[39m [33mNextRequest[39m) {[0m
2025-06-10T19:17:17.1564008Z [WebServer] [0m [90m 36 |[39m     [36mtry[39m {[0m
2025-06-10T19:17:17.1565441Z [WebServer] [0m[31m[1m>[22m[39m[90m 37 |[39m         [36mconst[39m data[33m:[39m [33mMetricData[39m [33m=[39m [36mawait[39m request[33m.[39mjson()[0m
2025-06-10T19:17:17.1567087Z [WebServer] [0m [90m    |[39m                                               [31m[1m^[22m[39m[0m
2025-06-10T19:17:17.1568332Z [WebServer] [0m [90m 38 |[39m         [36mconst[39m supabase [33m=[39m [36mawait[39m createServerSupabaseClient()[0m
2025-06-10T19:17:17.1569453Z [WebServer] [0m [90m 39 |[39m[0m
2025-06-10T19:17:17.1570272Z [WebServer] [0m [90m 40 |[39m         [90m// Get user info if available[39m[0m
2025-06-10T19:17:18.8039066Z ·[WebServer]  GET / [32m200[39m in 437ms
2025-06-10T19:17:19.9285934Z Homepage basic structure loaded successfully
2025-06-10T19:17:20.4200544Z ·[WebServer]  GET / [32m200[39m in 254ms
2025-06-10T19:17:21.1703150Z Navigation elements are present and responsive
2025-06-10T19:17:21.7852093Z ·[WebServer]  GET / [32m200[39m in 394ms
2025-06-10T19:17:23.0901763Z [WebServer]  POST /api/analytics/performance [32m201[39m in 349ms
2025-06-10T19:17:23.1750982Z [WebServer]  POST /api/analytics/performance [32m201[39m in 361ms
2025-06-10T19:17:23.5498434Z Basic responsive layout works correctly
2025-06-10T19:17:25.7615421Z ·
2025-06-10T19:17:25.7626134Z   12 passed (46.6s)
2025-06-10T19:17:25.7645788Z ##[notice]  12 passed (46.6s)
2025-06-10T19:17:25.8079245Z ##[group]Run actions/upload-artifact@v4
2025-06-10T19:17:25.8079520Z with:
2025-06-10T19:17:25.8079688Z   name: e2e-results
2025-06-10T19:17:25.8079907Z   path: test-results/
playwright-report/

2025-06-10T19:17:25.8080166Z   retention-days: 7
2025-06-10T19:17:25.8080356Z   if-no-files-found: warn
2025-06-10T19:17:25.8080574Z   compression-level: 6
2025-06-10T19:17:25.8080772Z   overwrite: false
2025-06-10T19:17:25.8080967Z   include-hidden-files: false
2025-06-10T19:17:25.8081180Z env:
2025-06-10T19:17:25.8081343Z   NODE_VERSION: 18
2025-06-10T19:17:25.8081522Z ##[endgroup]
2025-06-10T19:17:26.0197477Z Multiple search paths detected. Calculating the least common ancestor of all paths
2025-06-10T19:17:26.0200441Z The least common ancestor is /home/runner/work/LocalLoop/LocalLoop. This will be the root directory of the artifact
2025-06-10T19:17:26.0201628Z With the provided path, there will be 1 file uploaded
2025-06-10T19:17:26.0206743Z Artifact name is valid!
2025-06-10T19:17:26.0208457Z Root directory input is valid!
2025-06-10T19:17:26.1251450Z Beginning upload of artifact content to blob storage
2025-06-10T19:17:26.1947100Z Uploaded bytes 181363
2025-06-10T19:17:26.2107683Z Finished uploading artifact content to blob storage!
2025-06-10T19:17:26.2111501Z SHA256 digest of uploaded artifact zip is f66dd01ed048c93ff200d285d7bbd6807828293a8314e9dc350de85486a52249
2025-06-10T19:17:26.2113245Z Finalizing artifact upload
2025-06-10T19:17:26.2941510Z Artifact e2e-results.zip successfully finalized. Artifact ID 3299531492
2025-06-10T19:17:26.2942883Z Artifact e2e-results has been successfully uploaded! Final size is 181363 bytes. Artifact ID is 3299531492
2025-06-10T19:17:26.2949734Z Artifact download URL: https://github.com/JacksonR64/LocalLoop/actions/runs/15568215741/artifacts/3299531492
2025-06-10T19:17:26.3085275Z Post job cleanup.
2025-06-10T19:17:26.4591536Z Cache hit occurred on the primary key node-cache-Linux-x64-npm-c12c6ac637b018150c9ab8486a2ab8d5c875f0013e7356ae5e08bc546e10a4bd, not saving cache.
2025-06-10T19:17:26.4700959Z Post job cleanup.
2025-06-10T19:17:26.5655730Z [command]/usr/bin/git version
2025-06-10T19:17:26.5695991Z git version 2.49.0
2025-06-10T19:17:26.5744217Z Temporarily overriding HOME='/home/runner/work/_temp/ef782602-e311-49b9-b6f7-928d046a8975' before making global git config changes
2025-06-10T19:17:26.5745729Z Adding repository directory to the temporary git global config as a safe directory
2025-06-10T19:17:26.5750725Z [command]/usr/bin/git config --global --add safe.directory /home/runner/work/LocalLoop/LocalLoop
2025-06-10T19:17:26.5790964Z [command]/usr/bin/git config --local --name-only --get-regexp core\.sshCommand
2025-06-10T19:17:26.5828277Z [command]/usr/bin/git submodule foreach --recursive sh -c "git config --local --name-only --get-regexp 'core\.sshCommand' && git config --local --unset-all 'core.sshCommand' || :"
2025-06-10T19:17:26.6075851Z [command]/usr/bin/git config --local --name-only --get-regexp http\.https\:\/\/github\.com\/\.extraheader
2025-06-10T19:17:26.6097114Z http.https://github.com/.extraheader
2025-06-10T19:17:26.6114050Z [command]/usr/bin/git config --local --unset-all http.https://github.com/.extraheader
2025-06-10T19:17:26.6148280Z [command]/usr/bin/git submodule foreach --recursive sh -c "git config --local --name-only --get-regexp 'http\.https\:\/\/github\.com\/\.extraheader' && git config --local --unset-all 'http.https://github.com/.extraheader' || :"
2025-06-10T19:17:26.6502776Z Cleaning up orphan processes
