2025-06-09T20:54:49.1883213Z Current runner version: '2.325.0'
2025-06-09T20:54:49.1909353Z ##[group]Runner Image Provisioner
2025-06-09T20:54:49.1910852Z Hosted Compute Agent
2025-06-09T20:54:49.1911537Z Version: 20250508.323
2025-06-09T20:54:49.1912190Z Commit: 81b259f29879f73b4213d199e42d8c3465dae986
2025-06-09T20:54:49.1912864Z Build Date: 2025-05-08T19:40:08Z
2025-06-09T20:54:49.1913510Z ##[endgroup]
2025-06-09T20:54:49.1914090Z ##[group]Operating System
2025-06-09T20:54:49.1914620Z Ubuntu
2025-06-09T20:54:49.1915124Z 24.04.2
2025-06-09T20:54:49.1915611Z LTS
2025-06-09T20:54:49.1916039Z ##[endgroup]
2025-06-09T20:54:49.1916581Z ##[group]Runner Image
2025-06-09T20:54:49.1917196Z Image: ubuntu-24.04
2025-06-09T20:54:49.1917675Z Version: 20250511.1.0
2025-06-09T20:54:49.1918753Z Included Software: https://github.com/actions/runner-images/blob/ubuntu24/20250511.1/images/ubuntu/Ubuntu2404-Readme.md
2025-06-09T20:54:49.1920773Z Image Release: https://github.com/actions/runner-images/releases/tag/ubuntu24%2F20250511.1
2025-06-09T20:54:49.1921916Z ##[endgroup]
2025-06-09T20:54:49.1923101Z ##[group]GITHUB_TOKEN Permissions
2025-06-09T20:54:49.1925486Z Contents: read
2025-06-09T20:54:49.1926088Z Metadata: read
2025-06-09T20:54:49.1926616Z Packages: read
2025-06-09T20:54:49.1927178Z ##[endgroup]
2025-06-09T20:54:49.1930131Z Secret source: Actions
2025-06-09T20:54:49.1931084Z Prepare workflow directory
2025-06-09T20:54:49.2335340Z Prepare all required actions
2025-06-09T20:54:49.2373618Z Getting action download info
2025-06-09T20:54:49.6944461Z ##[group]Download immutable action package 'actions/checkout@v4'
2025-06-09T20:54:49.6945583Z Version: 4.2.2
2025-06-09T20:54:49.6946609Z Digest: sha256:ccb2698953eaebd21c7bf6268a94f9c26518a7e38e27e0b83c1fe1ad049819b1
2025-06-09T20:54:49.6947768Z Source commit SHA: 11bd71901bbe5b1630ceea73d27597364c9af683
2025-06-09T20:54:49.6948572Z ##[endgroup]
2025-06-09T20:54:49.7745935Z ##[group]Download immutable action package 'actions/setup-node@v4'
2025-06-09T20:54:49.7746753Z Version: 4.4.0
2025-06-09T20:54:49.7747965Z Digest: sha256:9427cefe82346e992fb5b949e3569b39d537ae41aa3086483b14eceebfc16bc1
2025-06-09T20:54:49.7749920Z Source commit SHA: 49933ea5288caeca8642d1e84afbd3f7d6820020
2025-06-09T20:54:49.7751176Z ##[endgroup]
2025-06-09T20:54:49.8629376Z ##[group]Download immutable action package 'actions/upload-artifact@v4'
2025-06-09T20:54:49.8630521Z Version: 4.6.2
2025-06-09T20:54:49.8631231Z Digest: sha256:290722aa3281d5caf23d0acdc3dbeb3424786a1a01a9cc97e72f147225e37c38
2025-06-09T20:54:49.8632265Z Source commit SHA: ea165f8d65b6e75b540449e92b4886f43607fa02
2025-06-09T20:54:49.8633032Z ##[endgroup]
2025-06-09T20:54:50.0503971Z Complete job name: 🎭 E2E Tests
2025-06-09T20:54:50.1172240Z ##[group]Run actions/checkout@v4
2025-06-09T20:54:50.1173073Z with:
2025-06-09T20:54:50.1173492Z   repository: JacksonR64/LocalLoop
2025-06-09T20:54:50.1174154Z   token: ***
2025-06-09T20:54:50.1174559Z   ssh-strict: true
2025-06-09T20:54:50.1174973Z   ssh-user: git
2025-06-09T20:54:50.1175382Z   persist-credentials: true
2025-06-09T20:54:50.1175908Z   clean: true
2025-06-09T20:54:50.1176370Z   sparse-checkout-cone-mode: true
2025-06-09T20:54:50.1176851Z   fetch-depth: 1
2025-06-09T20:54:50.1177255Z   fetch-tags: false
2025-06-09T20:54:50.1177661Z   show-progress: true
2025-06-09T20:54:50.1178071Z   lfs: false
2025-06-09T20:54:50.1178434Z   submodules: false
2025-06-09T20:54:50.1178853Z   set-safe-directory: true
2025-06-09T20:54:50.1179637Z env:
2025-06-09T20:54:50.1180005Z   NODE_VERSION: 18
2025-06-09T20:54:50.1180412Z ##[endgroup]
2025-06-09T20:54:50.2236798Z Syncing repository: JacksonR64/LocalLoop
2025-06-09T20:54:50.2238507Z ##[group]Getting Git version info
2025-06-09T20:54:50.2239265Z Working directory is '/home/runner/work/LocalLoop/LocalLoop'
2025-06-09T20:54:50.2240598Z [command]/usr/bin/git version
2025-06-09T20:54:50.2286491Z git version 2.49.0
2025-06-09T20:54:50.2311787Z ##[endgroup]
2025-06-09T20:54:50.2324970Z Temporarily overriding HOME='/home/runner/work/_temp/172b9f8f-7958-44dc-9dc9-f4be00bd69d2' before making global git config changes
2025-06-09T20:54:50.2326754Z Adding repository directory to the temporary git global config as a safe directory
2025-06-09T20:54:50.2336764Z [command]/usr/bin/git config --global --add safe.directory /home/runner/work/LocalLoop/LocalLoop
2025-06-09T20:54:50.2370428Z Deleting the contents of '/home/runner/work/LocalLoop/LocalLoop'
2025-06-09T20:54:50.2373805Z ##[group]Initializing the repository
2025-06-09T20:54:50.2377453Z [command]/usr/bin/git init /home/runner/work/LocalLoop/LocalLoop
2025-06-09T20:54:50.2459039Z hint: Using 'master' as the name for the initial branch. This default branch name
2025-06-09T20:54:50.2460947Z hint: is subject to change. To configure the initial branch name to use in all
2025-06-09T20:54:50.2462723Z hint: of your new repositories, which will suppress this warning, call:
2025-06-09T20:54:50.2463920Z hint:
2025-06-09T20:54:50.2464740Z hint: 	git config --global init.defaultBranch <name>
2025-06-09T20:54:50.2465727Z hint:
2025-06-09T20:54:50.2466682Z hint: Names commonly chosen instead of 'master' are 'main', 'trunk' and
2025-06-09T20:54:50.2468300Z hint: 'development'. The just-created branch can be renamed via this command:
2025-06-09T20:54:50.2469765Z hint:
2025-06-09T20:54:50.2470425Z hint: 	git branch -m <name>
2025-06-09T20:54:50.2471710Z Initialized empty Git repository in /home/runner/work/LocalLoop/LocalLoop/.git/
2025-06-09T20:54:50.2474632Z [command]/usr/bin/git remote add origin https://github.com/JacksonR64/LocalLoop
2025-06-09T20:54:50.2510312Z ##[endgroup]
2025-06-09T20:54:50.2511617Z ##[group]Disabling automatic garbage collection
2025-06-09T20:54:50.2514356Z [command]/usr/bin/git config --local gc.auto 0
2025-06-09T20:54:50.2551116Z ##[endgroup]
2025-06-09T20:54:50.2552313Z ##[group]Setting up auth
2025-06-09T20:54:50.2553497Z [command]/usr/bin/git config --local --name-only --get-regexp core\.sshCommand
2025-06-09T20:54:50.2582024Z [command]/usr/bin/git submodule foreach --recursive sh -c "git config --local --name-only --get-regexp 'core\.sshCommand' && git config --local --unset-all 'core.sshCommand' || :"
2025-06-09T20:54:50.2891656Z [command]/usr/bin/git config --local --name-only --get-regexp http\.https\:\/\/github\.com\/\.extraheader
2025-06-09T20:54:50.2927286Z [command]/usr/bin/git submodule foreach --recursive sh -c "git config --local --name-only --get-regexp 'http\.https\:\/\/github\.com\/\.extraheader' && git config --local --unset-all 'http.https://github.com/.extraheader' || :"
2025-06-09T20:54:50.3159983Z [command]/usr/bin/git config --local http.https://github.com/.extraheader AUTHORIZATION: basic ***
2025-06-09T20:54:50.3193307Z ##[endgroup]
2025-06-09T20:54:50.3194290Z ##[group]Fetching the repository
2025-06-09T20:54:50.3210063Z [command]/usr/bin/git -c protocol.version=2 fetch --no-tags --prune --no-recurse-submodules --depth=1 origin +9aa2259415a7a25b712c685eb6152f4552423f48:refs/remotes/origin/main
2025-06-09T20:54:51.3636617Z From https://github.com/JacksonR64/LocalLoop
2025-06-09T20:54:51.3638256Z  * [new ref]         9aa2259415a7a25b712c685eb6152f4552423f48 -> origin/main
2025-06-09T20:54:51.3665460Z ##[endgroup]
2025-06-09T20:54:51.3666821Z ##[group]Determining the checkout info
2025-06-09T20:54:51.3670071Z ##[endgroup]
2025-06-09T20:54:51.3675560Z [command]/usr/bin/git sparse-checkout disable
2025-06-09T20:54:51.3717269Z [command]/usr/bin/git config --local --unset-all extensions.worktreeConfig
2025-06-09T20:54:51.3746035Z ##[group]Checking out the ref
2025-06-09T20:54:51.3750283Z [command]/usr/bin/git checkout --progress --force -B main refs/remotes/origin/main
2025-06-09T20:54:51.4407264Z Switched to a new branch 'main'
2025-06-09T20:54:51.4408751Z branch 'main' set up to track 'origin/main'.
2025-06-09T20:54:51.4420122Z ##[endgroup]
2025-06-09T20:54:51.4457313Z [command]/usr/bin/git log -1 --format=%H
2025-06-09T20:54:51.4478965Z 9aa2259415a7a25b712c685eb6152f4552423f48
2025-06-09T20:54:51.4763624Z ##[group]Run actions/setup-node@v4
2025-06-09T20:54:51.4764715Z with:
2025-06-09T20:54:51.4765520Z   node-version: 18
2025-06-09T20:54:51.4766571Z   cache: npm
2025-06-09T20:54:51.4767421Z   always-auth: false
2025-06-09T20:54:51.4768344Z   check-latest: false
2025-06-09T20:54:51.4769665Z   token: ***
2025-06-09T20:54:51.4770495Z env:
2025-06-09T20:54:51.4771282Z   NODE_VERSION: 18
2025-06-09T20:54:51.4772141Z ##[endgroup]
2025-06-09T20:54:51.6514250Z Found in cache @ /opt/hostedtoolcache/node/18.20.8/x64
2025-06-09T20:54:51.6520680Z ##[group]Environment details
2025-06-09T20:54:52.0256660Z node: v18.20.8
2025-06-09T20:54:52.0257190Z npm: 10.8.2
2025-06-09T20:54:52.0257463Z yarn: 1.22.22
2025-06-09T20:54:52.0258425Z ##[endgroup]
2025-06-09T20:54:52.0279187Z [command]/opt/hostedtoolcache/node/18.20.8/x64/bin/npm config get cache
2025-06-09T20:54:52.1695027Z /home/runner/.npm
2025-06-09T20:54:52.4688896Z Cache hit for: node-cache-Linux-x64-npm-c12c6ac637b018150c9ab8486a2ab8d5c875f0013e7356ae5e08bc546e10a4bd
2025-06-09T20:54:53.7377072Z Received 16777216 of 202515877 (8.3%), 16.0 MBs/sec
2025-06-09T20:54:54.7385093Z Received 134217728 of 202515877 (66.3%), 63.9 MBs/sec
2025-06-09T20:54:55.2758130Z Received 202515877 of 202515877 (100.0%), 76.1 MBs/sec
2025-06-09T20:54:55.2790479Z Cache Size: ~193 MB (202515877 B)
2025-06-09T20:54:55.2867818Z [command]/usr/bin/tar -xf /home/runner/work/_temp/51d2b3de-a8ea-43fd-86f0-755447cd8056/cache.tzst -P -C /home/runner/work/LocalLoop/LocalLoop --use-compress-program unzstd
2025-06-09T20:54:55.6547963Z Cache restored successfully
2025-06-09T20:54:55.6946308Z Cache restored from key: node-cache-Linux-x64-npm-c12c6ac637b018150c9ab8486a2ab8d5c875f0013e7356ae5e08bc546e10a4bd
2025-06-09T20:54:55.7096004Z ##[group]Run npm ci --legacy-peer-deps
2025-06-09T20:54:55.7096400Z [36;1mnpm ci --legacy-peer-deps[0m
2025-06-09T20:54:55.7314527Z shell: /usr/bin/bash -e {0}
2025-06-09T20:54:55.7314814Z env:
2025-06-09T20:54:55.7314991Z   NODE_VERSION: 18
2025-06-09T20:54:55.7315197Z ##[endgroup]
2025-06-09T20:55:00.9815355Z npm warn deprecated inflight@1.0.6: This module is not supported, and leaks memory. Do not use it. Check out lru-cache if you want a good and tested way to coalesce async requests by a key value, which is much more comprehensive and powerful.
2025-06-09T20:55:01.1848855Z npm warn deprecated abab@2.0.6: Use your platform's native atob() and btoa() methods instead
2025-06-09T20:55:01.2810218Z npm warn deprecated glob@7.2.3: Glob versions prior to v9 are no longer supported
2025-06-09T20:55:01.3622131Z npm warn deprecated domexception@4.0.0: Use your platform's native DOMException instead
2025-06-09T20:55:09.7079721Z 
2025-06-09T20:55:09.7080348Z > localloop@0.1.0 prepare
2025-06-09T20:55:09.7080916Z > husky install
2025-06-09T20:55:09.7081141Z 
2025-06-09T20:55:09.7699900Z husky - install command is DEPRECATED
2025-06-09T20:55:09.7937681Z 
2025-06-09T20:55:09.7938374Z added 822 packages, and audited 823 packages in 14s
2025-06-09T20:55:09.7938860Z 
2025-06-09T20:55:09.7939135Z 184 packages are looking for funding
2025-06-09T20:55:09.7939860Z   run `npm fund` for details
2025-06-09T20:55:09.7953279Z 
2025-06-09T20:55:09.7953637Z found 0 vulnerabilities
2025-06-09T20:55:09.8804064Z ##[group]Run npx playwright install --with-deps chromium webkit firefox
2025-06-09T20:55:09.8804619Z [36;1mnpx playwright install --with-deps chromium webkit firefox[0m
2025-06-09T20:55:09.8860704Z shell: /usr/bin/bash -e {0}
2025-06-09T20:55:09.8860946Z env:
2025-06-09T20:55:09.8861125Z   NODE_VERSION: 18
2025-06-09T20:55:09.8861322Z ##[endgroup]
2025-06-09T20:55:10.7727762Z Installing dependencies...
2025-06-09T20:55:10.7795187Z Switching to root user to install dependencies...
2025-06-09T20:55:10.8481741Z Get:1 file:/etc/apt/apt-mirrors.txt Mirrorlist [144 B]
2025-06-09T20:55:10.8788314Z Hit:2 http://azure.archive.ubuntu.com/ubuntu noble InRelease
2025-06-09T20:55:10.8814276Z Get:3 http://azure.archive.ubuntu.com/ubuntu noble-updates InRelease [126 kB]
2025-06-09T20:55:10.8874347Z Get:4 http://azure.archive.ubuntu.com/ubuntu noble-backports InRelease [126 kB]
2025-06-09T20:55:10.8913116Z Get:5 http://azure.archive.ubuntu.com/ubuntu noble-security InRelease [126 kB]
2025-06-09T20:55:10.9123819Z Get:6 https://packages.microsoft.com/repos/azure-cli noble InRelease [3564 B]
2025-06-09T20:55:10.9175691Z Get:7 https://packages.microsoft.com/ubuntu/24.04/prod noble InRelease [3600 B]
2025-06-09T20:55:11.0113808Z Get:8 http://azure.archive.ubuntu.com/ubuntu noble-updates/main amd64 Packages [1118 kB]
2025-06-09T20:55:11.0266624Z Get:9 http://azure.archive.ubuntu.com/ubuntu noble-updates/main Translation-en [238 kB]
2025-06-09T20:55:11.0296869Z Get:10 http://azure.archive.ubuntu.com/ubuntu noble-updates/main amd64 Components [161 kB]
2025-06-09T20:55:11.0319172Z Get:11 http://azure.archive.ubuntu.com/ubuntu noble-updates/universe amd64 Packages [1078 kB]
2025-06-09T20:55:11.0401037Z Get:12 http://azure.archive.ubuntu.com/ubuntu noble-updates/universe Translation-en [274 kB]
2025-06-09T20:55:11.0436059Z Get:13 http://azure.archive.ubuntu.com/ubuntu noble-updates/universe amd64 Components [376 kB]
2025-06-09T20:55:11.0473902Z Get:14 http://azure.archive.ubuntu.com/ubuntu noble-updates/restricted amd64 Packages [1179 kB]
2025-06-09T20:55:11.0540676Z Get:15 http://azure.archive.ubuntu.com/ubuntu noble-updates/restricted Translation-en [245 kB]
2025-06-09T20:55:11.0565181Z Get:16 http://azure.archive.ubuntu.com/ubuntu noble-updates/restricted amd64 Components [212 B]
2025-06-09T20:55:11.0587185Z Get:17 http://azure.archive.ubuntu.com/ubuntu noble-updates/multiverse amd64 Components [940 B]
2025-06-09T20:55:11.1122858Z Get:18 http://azure.archive.ubuntu.com/ubuntu noble-backports/main amd64 Packages [39.2 kB]
2025-06-09T20:55:11.1156363Z Get:19 http://azure.archive.ubuntu.com/ubuntu noble-backports/main amd64 Components [7076 B]
2025-06-09T20:55:11.1169715Z Get:20 http://azure.archive.ubuntu.com/ubuntu noble-backports/universe amd64 Packages [27.1 kB]
2025-06-09T20:55:11.1232298Z Get:21 http://azure.archive.ubuntu.com/ubuntu noble-backports/universe amd64 Components [16.3 kB]
2025-06-09T20:55:11.1235000Z Get:22 http://azure.archive.ubuntu.com/ubuntu noble-backports/restricted amd64 Components [216 B]
2025-06-09T20:55:11.1236323Z Get:23 http://azure.archive.ubuntu.com/ubuntu noble-backports/multiverse amd64 Components [212 B]
2025-06-09T20:55:11.1282503Z Get:24 http://azure.archive.ubuntu.com/ubuntu noble-security/main amd64 Packages [868 kB]
2025-06-09T20:55:11.1363982Z Get:25 http://azure.archive.ubuntu.com/ubuntu noble-security/main Translation-en [160 kB]
2025-06-09T20:55:11.1384791Z Get:26 http://azure.archive.ubuntu.com/ubuntu noble-security/main amd64 Components [21.5 kB]
2025-06-09T20:55:11.1420682Z Get:27 http://azure.archive.ubuntu.com/ubuntu noble-security/universe amd64 Packages [849 kB]
2025-06-09T20:55:11.1461549Z Get:28 http://azure.archive.ubuntu.com/ubuntu noble-security/universe Translation-en [187 kB]
2025-06-09T20:55:11.1491008Z Get:29 http://azure.archive.ubuntu.com/ubuntu noble-security/universe amd64 Components [52.2 kB]
2025-06-09T20:55:11.1500908Z Get:30 http://azure.archive.ubuntu.com/ubuntu noble-security/restricted amd64 Packages [1138 kB]
2025-06-09T20:55:11.1573444Z Get:31 http://azure.archive.ubuntu.com/ubuntu noble-security/restricted Translation-en [236 kB]
2025-06-09T20:55:11.1755551Z Get:34 https://packages.microsoft.com/repos/azure-cli noble/main amd64 Packages [1377 B]
2025-06-09T20:55:11.2041701Z Get:32 http://azure.archive.ubuntu.com/ubuntu noble-security/restricted amd64 Components [212 B]
2025-06-09T20:55:11.2058868Z Get:33 http://azure.archive.ubuntu.com/ubuntu noble-security/multiverse amd64 Components [212 B]
2025-06-09T20:55:11.2224084Z Get:35 https://packages.microsoft.com/ubuntu/24.04/prod noble/main armhf Packages [8488 B]
2025-06-09T20:55:11.2310911Z Get:36 https://packages.microsoft.com/ubuntu/24.04/prod noble/main arm64 Packages [21.0 kB]
2025-06-09T20:55:11.2372026Z Get:37 https://packages.microsoft.com/ubuntu/24.04/prod noble/main amd64 Packages [33.8 kB]
2025-06-09T20:55:14.9005468Z Fetched 8722 kB in 1s (8315 kB/s)
2025-06-09T20:55:15.5738722Z Reading package lists...
2025-06-09T20:55:15.5985344Z Reading package lists...
2025-06-09T20:55:15.7744226Z Building dependency tree...
2025-06-09T20:55:15.7752011Z Reading state information...
2025-06-09T20:55:15.7930014Z libasound2t64 is already the newest version (1.2.11-1build2).
2025-06-09T20:55:15.7930806Z libasound2t64 set to manually installed.
2025-06-09T20:55:15.7931515Z libatk-bridge2.0-0t64 is already the newest version (2.52.0-1build1).
2025-06-09T20:55:15.7932280Z libatk-bridge2.0-0t64 set to manually installed.
2025-06-09T20:55:15.7932951Z libatk1.0-0t64 is already the newest version (2.52.0-1build1).
2025-06-09T20:55:15.7933629Z libatk1.0-0t64 set to manually installed.
2025-06-09T20:55:15.7934316Z libatspi2.0-0t64 is already the newest version (2.52.0-1build1).
2025-06-09T20:55:15.7934919Z libatspi2.0-0t64 set to manually installed.
2025-06-09T20:55:15.7935526Z libcairo2 is already the newest version (1.18.0-3build1).
2025-06-09T20:55:15.7936095Z libcairo2 set to manually installed.
2025-06-09T20:55:15.7936721Z libcups2t64 is already the newest version (2.4.7-1.2ubuntu7.3).
2025-06-09T20:55:15.7937372Z libcups2t64 set to manually installed.
2025-06-09T20:55:15.7937987Z libdbus-1-3 is already the newest version (1.14.10-4ubuntu4.1).
2025-06-09T20:55:15.7938567Z libdbus-1-3 set to manually installed.
2025-06-09T20:55:15.7939192Z libdrm2 is already the newest version (2.4.122-1~ubuntu0.24.04.1).
2025-06-09T20:55:15.7939950Z libdrm2 set to manually installed.
2025-06-09T20:55:15.7940547Z libgbm1 is already the newest version (24.2.8-1ubuntu1~24.04.1).
2025-06-09T20:55:15.7941119Z libgbm1 set to manually installed.
2025-06-09T20:55:15.7941732Z libnspr4 is already the newest version (2:4.35-1.1build1).
2025-06-09T20:55:15.7942289Z libnspr4 set to manually installed.
2025-06-09T20:55:15.7942848Z libnss3 is already the newest version (2:3.98-1build1).
2025-06-09T20:55:15.7943374Z libnss3 set to manually installed.
2025-06-09T20:55:15.7943978Z libpango-1.0-0 is already the newest version (1.52.1+ds-1build1).
2025-06-09T20:55:15.7944591Z libpango-1.0-0 set to manually installed.
2025-06-09T20:55:15.7945206Z libx11-6 is already the newest version (2:1.8.7-1build1).
2025-06-09T20:55:15.7945753Z libx11-6 set to manually installed.
2025-06-09T20:55:15.7946302Z libxcb1 is already the newest version (1.15-1ubuntu2).
2025-06-09T20:55:15.7946823Z libxcb1 set to manually installed.
2025-06-09T20:55:15.7947440Z libxcomposite1 is already the newest version (1:0.4.5-1build3).
2025-06-09T20:55:15.7948042Z libxcomposite1 set to manually installed.
2025-06-09T20:55:15.7948665Z libxdamage1 is already the newest version (1:1.1.6-1build1).
2025-06-09T20:55:15.7949246Z libxdamage1 set to manually installed.
2025-06-09T20:55:15.7949982Z libxext6 is already the newest version (2:1.3.4-1build2).
2025-06-09T20:55:15.7950534Z libxext6 set to manually installed.
2025-06-09T20:55:15.7951125Z libxfixes3 is already the newest version (1:6.0.0-2build1).
2025-06-09T20:55:15.7951693Z libxfixes3 set to manually installed.
2025-06-09T20:55:15.7952298Z libxkbcommon0 is already the newest version (1.6.0-1build1).
2025-06-09T20:55:15.7953302Z libxkbcommon0 set to manually installed.
2025-06-09T20:55:15.7953935Z libxrandr2 is already the newest version (2:1.5.2-2build1).
2025-06-09T20:55:15.7954504Z libxrandr2 set to manually installed.
2025-06-09T20:55:15.7955087Z xvfb is already the newest version (2:21.1.12-1ubuntu1.3).
2025-06-09T20:55:15.7955884Z fonts-noto-color-emoji is already the newest version (2.047-0ubuntu0.24.04.1).
2025-06-09T20:55:15.7956713Z libfontconfig1 is already the newest version (2.15.0-1.1ubuntu2).
2025-06-09T20:55:15.7957342Z libfontconfig1 set to manually installed.
2025-06-09T20:55:15.7957997Z libfreetype6 is already the newest version (2.13.2+dfsg-1build3).
2025-06-09T20:55:15.7958619Z libfreetype6 set to manually installed.
2025-06-09T20:55:15.7959239Z fonts-liberation is already the newest version (1:2.1.5-3).
2025-06-09T20:55:15.7960020Z fonts-liberation set to manually installed.
2025-06-09T20:55:15.7960624Z libicu74 is already the newest version (74.2-1ubuntu3.1).
2025-06-09T20:55:15.7961410Z libicu74 set to manually installed.
2025-06-09T20:55:15.7962043Z libatomic1 is already the newest version (14.2.0-4ubuntu2~24.04).
2025-06-09T20:55:15.7962639Z libatomic1 set to manually installed.
2025-06-09T20:55:15.7963283Z libcairo-gobject2 is already the newest version (1.18.0-3build1).
2025-06-09T20:55:15.7963941Z libcairo-gobject2 set to manually installed.
2025-06-09T20:55:15.7964580Z libenchant-2-2 is already the newest version (2.3.3-2build2).
2025-06-09T20:55:15.7965232Z libenchant-2-2 set to manually installed.
2025-06-09T20:55:15.7965836Z libepoxy0 is already the newest version (1.5.10-1build1).
2025-06-09T20:55:15.7966405Z libepoxy0 set to manually installed.
2025-06-09T20:55:15.7967114Z libgdk-pixbuf-2.0-0 is already the newest version (2.42.10+dfsg-3ubuntu3.1).
2025-06-09T20:55:15.7967820Z libgdk-pixbuf-2.0-0 set to manually installed.
2025-06-09T20:55:15.7968522Z libgstreamer1.0-0 is already the newest version (1.24.2-1ubuntu0.1).
2025-06-09T20:55:15.7969215Z libgstreamer1.0-0 set to manually installed.
2025-06-09T20:55:15.7970127Z libharfbuzz0b is already the newest version (8.3.0-2build2).
2025-06-09T20:55:15.7970738Z libharfbuzz0b set to manually installed.
2025-06-09T20:55:15.7971381Z libjpeg-turbo8 is already the newest version (2.1.5-2ubuntu2).
2025-06-09T20:55:15.7971996Z libjpeg-turbo8 set to manually installed.
2025-06-09T20:55:15.7972603Z liblcms2-2 is already the newest version (2.14-2build1).
2025-06-09T20:55:15.7973166Z liblcms2-2 set to manually installed.
2025-06-09T20:55:15.7973845Z libpangocairo-1.0-0 is already the newest version (1.52.1+ds-1build1).
2025-06-09T20:55:15.7974486Z libpangocairo-1.0-0 set to manually installed.
2025-06-09T20:55:15.7975089Z libpng16-16t64 is already the newest version (1.6.43-5build1).
2025-06-09T20:55:15.7975623Z libpng16-16t64 set to manually installed.
2025-06-09T20:55:15.7976238Z libwayland-client0 is already the newest version (1.22.0-2.1build1).
2025-06-09T20:55:15.7976854Z libwayland-client0 set to manually installed.
2025-06-09T20:55:15.7977513Z libwayland-egl1 is already the newest version (1.22.0-2.1build1).
2025-06-09T20:55:15.7978118Z libwayland-egl1 set to manually installed.
2025-06-09T20:55:15.7978839Z libwayland-server0 is already the newest version (1.22.0-2.1build1).
2025-06-09T20:55:15.7979639Z libwayland-server0 set to manually installed.
2025-06-09T20:55:15.9566097Z libwebp7 is already the newest version (1.3.2-0.4build3).
2025-06-09T20:55:15.9566776Z libwebp7 set to manually installed.
2025-06-09T20:55:15.9567441Z libwebpdemux2 is already the newest version (1.3.2-0.4build3).
2025-06-09T20:55:15.9568143Z libwebpdemux2 set to manually installed.
2025-06-09T20:55:15.9568921Z libxml2 is already the newest version (2.9.14+dfsg-1.3ubuntu3.3).
2025-06-09T20:55:15.9570003Z libxml2 set to manually installed.
2025-06-09T20:55:15.9570717Z libxslt1.1 is already the newest version (1.1.39-0exp1ubuntu0.24.04.2).
2025-06-09T20:55:15.9571401Z libxslt1.1 set to manually installed.
2025-06-09T20:55:15.9572112Z libgtk-3-0t64 is already the newest version (3.24.41-4ubuntu1.3).
2025-06-09T20:55:15.9573206Z libgtk-3-0t64 set to manually installed.
2025-06-09T20:55:15.9573891Z libx11-xcb1 is already the newest version (2:1.8.7-1build1).
2025-06-09T20:55:15.9574499Z libx11-xcb1 set to manually installed.
2025-06-09T20:55:15.9575119Z libxcb-shm0 is already the newest version (1.15-1ubuntu2).
2025-06-09T20:55:15.9575704Z libxcb-shm0 set to manually installed.
2025-06-09T20:55:15.9576340Z libxcursor1 is already the newest version (1:1.2.1-1build1).
2025-06-09T20:55:15.9576953Z libxcursor1 set to manually installed.
2025-06-09T20:55:15.9577528Z libxi6 is already the newest version (2:1.8.1-1build1).
2025-06-09T20:55:15.9578063Z libxi6 set to manually installed.
2025-06-09T20:55:15.9578707Z libxrender1 is already the newest version (1:0.9.10-1.1build1).
2025-06-09T20:55:15.9579308Z libxrender1 set to manually installed.
2025-06-09T20:55:15.9580084Z The following additional packages will be installed:
2025-06-09T20:55:15.9580739Z   gir1.2-glib-2.0 glib-networking glib-networking-common
2025-06-09T20:55:15.9581966Z   glib-networking-services gsettings-desktop-schemas libaa1 libabsl20220623t64
2025-06-09T20:55:15.9582861Z   libass9 libasyncns0 libavc1394-0 libavcodec60 libavfilter9 libavformat60
2025-06-09T20:55:15.9583695Z   libavtp0 libavutil58 libblas3 libbluray2 libbs2b0 libcaca0
2025-06-09T20:55:15.9584467Z   libcairo-script-interpreter2 libcdparanoia0 libchromaprint1 libcjson1
2025-06-09T20:55:15.9585266Z   libcodec2-1.2 libdav1d7 libdc1394-25 libdca0 libdecor-0-0
2025-06-09T20:55:15.9586035Z   libdirectfb-1.7-7t64 libdv4t64 libdvdnav4 libdvdread8t64 libegl-mesa0
2025-06-09T20:55:15.9586809Z   libegl1 libfaad2 libflac12t64 libfluidsynth3 libfreeaptx0 libgav1-1
2025-06-09T20:55:15.9587521Z   libglib2.0-bin libglib2.0-data libgme0 libgraphene-1.0-0 libgsm1
2025-06-09T20:55:15.9588124Z   libgssdp-1.6-0 libgstreamer-plugins-good1.0-0 libgtk-4-common libgupnp-1.6-0
2025-06-09T20:55:15.9588621Z   libgupnp-igd-1.6-0 libhwy1t64 libiec61883-0 libimath-3-1-29t64
2025-06-09T20:55:15.9589657Z   libinstpatch-1.0-2 libjack-jackd2-0 libjxl0.7 liblapack3 liblc3-1
2025-06-09T20:55:15.9590418Z   libldacbt-enc2 liblilv-0-0 liblrdf0 libltc11 libmbedcrypto7t64 libmfx1
2025-06-09T20:55:15.9590886Z   libmjpegutils-2.1-0t64 libmodplug1 libmp3lame0 libmpcdec6
2025-06-09T20:55:15.9591324Z   libmpeg2encpp-2.1-0t64 libmpg123-0t64 libmplex2-2.1-0t64 libmysofa1
2025-06-09T20:55:15.9591780Z   libneon27t64 libnice10 libopenal-data libopenal1 libopenexr-3-1-30
2025-06-09T20:55:15.9592196Z   libopenh264-7 libopenmpt0t64 libopenni2-0 liborc-0.4-0t64
2025-06-09T20:55:15.9592619Z   libpipewire-0.3-0t64 libplacebo338 libpocketsphinx3 libpostproc57
2025-06-09T20:55:15.9593442Z   libproxy1v5 libpulse0 libqrencode4 libraptor2-0 librav1e0 libraw1394-11
2025-06-09T20:55:15.9594283Z   librist4 librsvg2-2 librubberband2 libsamplerate0 libsbc1 libsdl2-2.0-0
2025-06-09T20:55:15.9595144Z   libsecret-common libserd-0-0 libshine3 libshout3 libsndfile1 libsndio7.0
2025-06-09T20:55:15.9595942Z   libsord-0-0 libsoundtouch1 libsoup-3.0-0 libsoup-3.0-common libsoxr0
2025-06-09T20:55:15.9596445Z   libspa-0.2-modules libspandsp2t64 libspeex1 libsphinxbase3t64 libsratom-0-0
2025-06-09T20:55:15.9597473Z   libsrt1.5-gnutls libsrtp2-1 libssh-gcrypt-4 libsvtav1enc1d1 libswresample4
2025-06-09T20:55:15.9598408Z   libswscale7 libtag1v5 libtag1v5-vanilla libtheora0 libtwolame0 libudfread0
2025-06-09T20:55:15.9599036Z   libunibreak5 libv4l-0t64 libv4lconvert0t64 libva-drm2 libva-x11-2 libva2
2025-06-09T20:55:15.9599718Z   libvdpau1 libvidstab1.1 libvisual-0.4-0 libvo-aacenc0 libvo-amrwbenc0
2025-06-09T20:55:15.9600563Z   libvorbisenc2 libvpl2 libwavpack1 libwebrtc-audio-processing1 libwildmidi2
2025-06-09T20:55:15.9601528Z   libx265-199 libxcb-xkb1 libxkbcommon-x11-0 libxvidcore4 libyuv0 libzbar0t64
2025-06-09T20:55:15.9602465Z   libzimg2 libzix-0-0 libzvbi-common libzvbi0t64 libzxing3 ocl-icd-libopencl1
2025-06-09T20:55:15.9603371Z   session-migration timgm6mb-soundfont xfonts-encodings xfonts-utils
2025-06-09T20:55:15.9604020Z Suggested packages:
2025-06-09T20:55:15.9604834Z   frei0r-plugins gvfs libcuda1 libnvcuvid1 libnvidia-encode1 libbluray-bdj
2025-06-09T20:55:15.9605705Z   libdirectfb-extra libdv-bin oss-compat libdvdcss2 low-memory-monitor
2025-06-09T20:55:15.9606590Z   libvisual-0.4-plugins jackd2 liblrdf0-dev libportaudio2 opus-tools pipewire
2025-06-09T20:55:15.9607476Z   pulseaudio raptor2-utils libraw1394-doc librsvg2-bin serdi sndiod sordi
2025-06-09T20:55:15.9608254Z   speex libwildmidi-config opencl-icd fluid-soundfont-gm
2025-06-09T20:55:15.9608805Z Recommended packages:
2025-06-09T20:55:15.9609361Z   fonts-ipafont-mincho fonts-tlwg-loma gstreamer1.0-x libaacs0
2025-06-09T20:55:15.9610347Z   default-libdecor-0-plugin-1 | libdecor-0-plugin-1 gstreamer1.0-gl
2025-06-09T20:55:15.9611249Z   libgtk-4-bin librsvg2-common libgtk-4-media-gstreamer libpipewire-0.3-common
2025-06-09T20:55:15.9612177Z   pocketsphinx-en-us va-driver-all | va-driver vdpau-driver-all | vdpau-driver
2025-06-09T20:55:15.9612832Z   libmagickcore-6.q16-7-extra
2025-06-09T20:55:16.0291678Z The following NEW packages will be installed:
2025-06-09T20:55:16.0292579Z   fonts-freefont-ttf fonts-ipafont-gothic fonts-tlwg-loma-otf fonts-unifont
2025-06-09T20:55:16.0293505Z   fonts-wqy-zenhei glib-networking glib-networking-common
2025-06-09T20:55:16.0294360Z   glib-networking-services gsettings-desktop-schemas gstreamer1.0-libav
2025-06-09T20:55:16.0295379Z   gstreamer1.0-plugins-bad gstreamer1.0-plugins-base gstreamer1.0-plugins-good
2025-06-09T20:55:16.0296421Z   libaa1 libabsl20220623t64 libass9 libasyncns0 libavc1394-0 libavcodec60
2025-06-09T20:55:16.0297382Z   libavfilter9 libavformat60 libavif16 libavtp0 libavutil58 libblas3
2025-06-09T20:55:16.0298352Z   libbluray2 libbs2b0 libcaca0 libcairo-script-interpreter2 libcdparanoia0
2025-06-09T20:55:16.0299288Z   libchromaprint1 libcjson1 libcodec2-1.2 libdav1d7 libdc1394-25 libdca0
2025-06-09T20:55:16.0300444Z   libdecor-0-0 libdirectfb-1.7-7t64 libdv4t64 libdvdnav4 libdvdread8t64
2025-06-09T20:55:16.0301429Z   libegl-mesa0 libegl1 libevent-2.1-7t64 libfaad2 libflac12t64 libflite1
2025-06-09T20:55:16.0302403Z   libfluidsynth3 libfreeaptx0 libgav1-1 libgles2 libgme0 libgraphene-1.0-0
2025-06-09T20:55:16.0303407Z   libgsm1 libgssdp-1.6-0 libgstreamer-gl1.0-0 libgstreamer-plugins-bad1.0-0
2025-06-09T20:55:16.0304408Z   libgstreamer-plugins-base1.0-0 libgstreamer-plugins-good1.0-0 libgtk-4-1
2025-06-09T20:55:16.0305228Z   libgtk-4-common libgupnp-1.6-0 libgupnp-igd-1.6-0 libharfbuzz-icu0
2025-06-09T20:55:16.0306049Z   libhwy1t64 libhyphen0 libiec61883-0 libimath-3-1-29t64 libinstpatch-1.0-2
2025-06-09T20:55:16.0306924Z   libjack-jackd2-0 libjxl0.7 liblapack3 liblc3-1 libldacbt-enc2 liblilv-0-0
2025-06-09T20:55:16.0307728Z   liblrdf0 libltc11 libmanette-0.2-0 libmbedcrypto7t64 libmfx1
2025-06-09T20:55:16.0308469Z   libmjpegutils-2.1-0t64 libmodplug1 libmp3lame0 libmpcdec6
2025-06-09T20:55:16.0309288Z   libmpeg2encpp-2.1-0t64 libmpg123-0t64 libmplex2-2.1-0t64 libmysofa1
2025-06-09T20:55:16.0310328Z   libneon27t64 libnice10 libopenal-data libopenal1 libopenexr-3-1-30
2025-06-09T20:55:16.0311178Z   libopenh264-7 libopenmpt0t64 libopenni2-0 libopus0 liborc-0.4-0t64
2025-06-09T20:55:16.0312033Z   libpipewire-0.3-0t64 libplacebo338 libpocketsphinx3 libpostproc57
2025-06-09T20:55:16.0312878Z   libproxy1v5 libpulse0 libqrencode4 libraptor2-0 librav1e0 libraw1394-11
2025-06-09T20:55:16.0313845Z   librist4 librsvg2-2 librubberband2 libsamplerate0 libsbc1 libsdl2-2.0-0
2025-06-09T20:55:16.0314804Z   libsecret-1-0 libsecret-common libserd-0-0 libshine3 libshout3 libsndfile1
2025-06-09T20:55:16.0315718Z   libsndio7.0 libsord-0-0 libsoundtouch1 libsoup-3.0-0 libsoup-3.0-common
2025-06-09T20:55:16.0316568Z   libsoxr0 libspa-0.2-modules libspandsp2t64 libspeex1 libsphinxbase3t64
2025-06-09T20:55:16.0317432Z   libsratom-0-0 libsrt1.5-gnutls libsrtp2-1 libssh-gcrypt-4 libsvtav1enc1d1
2025-06-09T20:55:16.0318315Z   libswresample4 libswscale7 libtag1v5 libtag1v5-vanilla libtheora0
2025-06-09T20:55:16.0319150Z   libtwolame0 libudfread0 libunibreak5 libv4l-0t64 libv4lconvert0t64
2025-06-09T20:55:16.0320543Z   libva-drm2 libva-x11-2 libva2 libvdpau1 libvidstab1.1 libvisual-0.4-0
2025-06-09T20:55:16.0321487Z   libvo-aacenc0 libvo-amrwbenc0 libvorbisenc2 libvpl2 libvpx9 libwavpack1
2025-06-09T20:55:16.0322450Z   libwebrtc-audio-processing1 libwildmidi2 libwoff1 libx264-164 libx265-199
2025-06-09T20:55:16.0323380Z   libxcb-xkb1 libxkbcommon-x11-0 libxvidcore4 libyuv0 libzbar0t64 libzimg2
2025-06-09T20:55:16.0324233Z   libzix-0-0 libzvbi-common libzvbi0t64 libzxing3 ocl-icd-libopencl1
2025-06-09T20:55:16.0325063Z   session-migration timgm6mb-soundfont xfonts-cyrillic xfonts-encodings
2025-06-09T20:55:16.0325779Z   xfonts-scalable xfonts-utils
2025-06-09T20:55:16.0326330Z The following packages will be upgraded:
2025-06-09T20:55:16.0327026Z   gir1.2-glib-2.0 libglib2.0-0t64 libglib2.0-bin libglib2.0-data
2025-06-09T20:55:16.0541813Z 4 upgraded, 179 newly installed, 0 to remove and 67 not upgraded.
2025-06-09T20:55:16.0542234Z Need to get 116 MB of archives.
2025-06-09T20:55:16.0543205Z After this operation, 363 MB of additional disk space will be used.
2025-06-09T20:55:16.0543990Z Get:1 file:/etc/apt/apt-mirrors.txt Mirrorlist [144 B]
2025-06-09T20:55:16.1540165Z Get:2 http://azure.archive.ubuntu.com/ubuntu noble/universe amd64 fonts-ipafont-gothic all 00303-21ubuntu1 [3513 kB]
2025-06-09T20:55:16.5911204Z Get:3 http://azure.archive.ubuntu.com/ubuntu noble-updates/main amd64 libglib2.0-data all 2.80.0-6ubuntu3.4 [48.7 kB]
2025-06-09T20:55:16.6752212Z Get:4 http://azure.archive.ubuntu.com/ubuntu noble-updates/main amd64 libglib2.0-bin amd64 2.80.0-6ubuntu3.4 [97.9 kB]
2025-06-09T20:55:16.7598107Z Get:5 http://azure.archive.ubuntu.com/ubuntu noble-updates/main amd64 gir1.2-glib-2.0 amd64 2.80.0-6ubuntu3.4 [183 kB]
2025-06-09T20:55:16.8479166Z Get:6 http://azure.archive.ubuntu.com/ubuntu noble-updates/main amd64 libglib2.0-0t64 amd64 2.80.0-6ubuntu3.4 [1544 kB]
2025-06-09T20:55:17.1750385Z Get:7 http://azure.archive.ubuntu.com/ubuntu noble/main amd64 fonts-freefont-ttf all 20211204+svn4273-2 [5641 kB]
2025-06-09T20:55:17.7669156Z Get:8 http://azure.archive.ubuntu.com/ubuntu noble/universe amd64 fonts-tlwg-loma-otf all 1:0.7.3-1 [107 kB]
2025-06-09T20:55:17.8955897Z Get:9 http://azure.archive.ubuntu.com/ubuntu noble/universe amd64 fonts-unifont all 1:15.1.01-1build1 [2993 kB]
2025-06-09T20:55:18.2488589Z Get:10 http://azure.archive.ubuntu.com/ubuntu noble/universe amd64 fonts-wqy-zenhei all 0.9.45-8 [7472 kB]
2025-06-09T20:55:18.9243557Z Get:11 http://azure.archive.ubuntu.com/ubuntu noble/main amd64 libproxy1v5 amd64 0.5.4-4build1 [26.5 kB]
2025-06-09T20:55:19.0083840Z Get:12 http://azure.archive.ubuntu.com/ubuntu noble/main amd64 glib-networking-common all 2.80.0-1build1 [6702 B]
2025-06-09T20:55:19.0915661Z Get:13 http://azure.archive.ubuntu.com/ubuntu noble/main amd64 glib-networking-services amd64 2.80.0-1build1 [12.8 kB]
2025-06-09T20:55:19.1752815Z Get:14 http://azure.archive.ubuntu.com/ubuntu noble/main amd64 session-migration amd64 0.3.9build1 [9034 B]
2025-06-09T20:55:19.2612498Z Get:15 http://azure.archive.ubuntu.com/ubuntu noble-updates/main amd64 gsettings-desktop-schemas all 46.1-0ubuntu1 [35.6 kB]
2025-06-09T20:55:19.3453980Z Get:16 http://azure.archive.ubuntu.com/ubuntu noble/main amd64 glib-networking amd64 2.80.0-1build1 [64.1 kB]
2025-06-09T20:55:19.4321431Z Get:17 http://azure.archive.ubuntu.com/ubuntu noble/universe amd64 libva2 amd64 2.20.0-2build1 [66.2 kB]
2025-06-09T20:55:19.5167393Z Get:18 http://azure.archive.ubuntu.com/ubuntu noble/universe amd64 libva-drm2 amd64 2.20.0-2build1 [7124 B]
2025-06-09T20:55:19.6013062Z Get:19 http://azure.archive.ubuntu.com/ubuntu noble/universe amd64 libva-x11-2 amd64 2.20.0-2build1 [12.0 kB]
2025-06-09T20:55:19.6862120Z Get:20 http://azure.archive.ubuntu.com/ubuntu noble/main amd64 libvdpau1 amd64 1.5-2build1 [27.8 kB]
2025-06-09T20:55:19.7713106Z Get:21 http://azure.archive.ubuntu.com/ubuntu noble/universe amd64 libvpl2 amd64 2023.3.0-1build1 [99.8 kB]
2025-06-09T20:55:19.8598276Z Get:22 http://azure.archive.ubuntu.com/ubuntu noble/universe amd64 ocl-icd-libopencl1 amd64 2.3.2-1build1 [38.5 kB]
2025-06-09T20:55:19.9475536Z Get:23 http://azure.archive.ubuntu.com/ubuntu noble/universe amd64 libavutil58 amd64 7:6.1.1-3ubuntu5 [401 kB]
2025-06-09T20:55:20.1218380Z Get:24 http://azure.archive.ubuntu.com/ubuntu noble/universe amd64 libcodec2-1.2 amd64 1.2.0-2build1 [8998 kB]
2025-06-09T20:55:20.8959359Z Get:25 http://azure.archive.ubuntu.com/ubuntu noble/universe amd64 libdav1d7 amd64 1.4.1-1build1 [604 kB]
2025-06-09T20:55:21.0618668Z Get:26 http://azure.archive.ubuntu.com/ubuntu noble/universe amd64 libgsm1 amd64 1.0.22-1build1 [27.8 kB]
2025-06-09T20:55:21.1475647Z Get:27 http://azure.archive.ubuntu.com/ubuntu noble/universe amd64 libhwy1t64 amd64 1.0.7-8.1build1 [584 kB]
2025-06-09T20:55:21.3270599Z Get:28 http://azure.archive.ubuntu.com/ubuntu noble/universe amd64 libjxl0.7 amd64 0.7.0-10.2ubuntu6 [999 kB]
2025-06-09T20:55:21.5757426Z Get:29 http://azure.archive.ubuntu.com/ubuntu noble/main amd64 libmp3lame0 amd64 3.100-6build1 [142 kB]
2025-06-09T20:55:21.6629923Z Get:30 http://azure.archive.ubuntu.com/ubuntu noble/main amd64 libopus0 amd64 1.4-1build1 [208 kB]
2025-06-09T20:55:21.7810412Z Get:31 http://azure.archive.ubuntu.com/ubuntu noble/universe amd64 librav1e0 amd64 0.7.1-2 [1022 kB]
2025-06-09T20:55:21.9596369Z Get:32 http://azure.archive.ubuntu.com/ubuntu noble/main amd64 librsvg2-2 amd64 2.58.0+dfsg-1build1 [2135 kB]
2025-06-09T20:55:22.3661560Z Get:33 http://azure.archive.ubuntu.com/ubuntu noble/universe amd64 libshine3 amd64 3.1.1-2build1 [23.2 kB]
2025-06-09T20:55:22.4515780Z Get:34 http://azure.archive.ubuntu.com/ubuntu noble-updates/main amd64 libspeex1 amd64 1.2.1-2ubuntu2.24.04.1 [59.6 kB]
2025-06-09T20:55:22.5359977Z Get:35 http://azure.archive.ubuntu.com/ubuntu noble/universe amd64 libsvtav1enc1d1 amd64 1.7.0+dfsg-2build1 [2425 kB]
2025-06-09T20:55:22.9471951Z Get:36 http://azure.archive.ubuntu.com/ubuntu noble/universe amd64 libsoxr0 amd64 0.1.3-4build3 [80.0 kB]
2025-06-09T20:55:23.0336065Z Get:37 http://azure.archive.ubuntu.com/ubuntu noble/universe amd64 libswresample4 amd64 7:6.1.1-3ubuntu5 [63.8 kB]
2025-06-09T20:55:23.1183102Z Get:38 http://azure.archive.ubuntu.com/ubuntu noble/main amd64 libtheora0 amd64 1.1.1+dfsg.1-16.1build3 [211 kB]
2025-06-09T20:55:23.2086353Z Get:39 http://azure.archive.ubuntu.com/ubuntu noble/main amd64 libtwolame0 amd64 0.4.0-2build3 [52.3 kB]
2025-06-09T20:55:23.2945566Z Get:40 http://azure.archive.ubuntu.com/ubuntu noble/main amd64 libvorbisenc2 amd64 1.3.7-1build3 [80.8 kB]
2025-06-09T20:55:23.3808856Z Get:41 http://azure.archive.ubuntu.com/ubuntu noble-updates/main amd64 libvpx9 amd64 1.14.0-1ubuntu2.2 [1143 kB]
2025-06-09T20:55:23.6329870Z Get:42 http://azure.archive.ubuntu.com/ubuntu noble/universe amd64 libx264-164 amd64 2:0.164.3108+git31e19f9-1 [604 kB]
2025-06-09T20:55:23.8156195Z Get:43 http://azure.archive.ubuntu.com/ubuntu noble/universe amd64 libx265-199 amd64 3.5-2build1 [1226 kB]
2025-06-09T20:55:24.1680608Z Get:44 http://azure.archive.ubuntu.com/ubuntu noble/universe amd64 libxvidcore4 amd64 2:1.3.7-1build1 [219 kB]
2025-06-09T20:55:24.2564608Z Get:45 http://azure.archive.ubuntu.com/ubuntu noble/universe amd64 libzvbi-common all 0.2.42-2 [42.4 kB]
2025-06-09T20:55:24.3409923Z Get:46 http://azure.archive.ubuntu.com/ubuntu noble/universe amd64 libzvbi0t64 amd64 0.2.42-2 [261 kB]
2025-06-09T20:55:24.4303928Z Get:47 http://azure.archive.ubuntu.com/ubuntu noble/universe amd64 libavcodec60 amd64 7:6.1.1-3ubuntu5 [5851 kB]
2025-06-09T20:55:25.0237773Z Get:48 http://azure.archive.ubuntu.com/ubuntu noble/universe amd64 libunibreak5 amd64 5.1-2build1 [25.0 kB]
2025-06-09T20:55:25.1075201Z Get:49 http://azure.archive.ubuntu.com/ubuntu noble/universe amd64 libass9 amd64 1:0.17.1-2build1 [104 kB]
2025-06-09T20:55:25.1925151Z Get:50 http://azure.archive.ubuntu.com/ubuntu noble/universe amd64 libudfread0 amd64 1.1.2-1build1 [19.0 kB]
2025-06-09T20:55:25.2761193Z Get:51 http://azure.archive.ubuntu.com/ubuntu noble/universe amd64 libbluray2 amd64 1:1.3.4-1build1 [159 kB]
2025-06-09T20:55:25.3656810Z Get:52 http://azure.archive.ubuntu.com/ubuntu noble/universe amd64 libchromaprint1 amd64 1.5.1-5 [30.5 kB]
2025-06-09T20:55:25.4491560Z Get:53 http://azure.archive.ubuntu.com/ubuntu noble/universe amd64 libgme0 amd64 0.6.3-7build1 [134 kB]
2025-06-09T20:55:25.5390551Z Get:54 http://azure.archive.ubuntu.com/ubuntu noble-updates/main amd64 libmpg123-0t64 amd64 1.32.5-1ubuntu1.1 [169 kB]
2025-06-09T20:55:25.6234016Z Get:55 http://azure.archive.ubuntu.com/ubuntu noble/universe amd64 libopenmpt0t64 amd64 0.7.3-1.1build3 [647 kB]
2025-06-09T20:55:25.7977332Z Get:56 http://azure.archive.ubuntu.com/ubuntu noble/universe amd64 libcjson1 amd64 1.7.17-1 [24.8 kB]
2025-06-09T20:55:25.8835382Z Get:57 http://azure.archive.ubuntu.com/ubuntu noble/universe amd64 libmbedcrypto7t64 amd64 2.28.8-1 [209 kB]
2025-06-09T20:55:25.9704843Z Get:58 http://azure.archive.ubuntu.com/ubuntu noble/universe amd64 librist4 amd64 0.2.10+dfsg-2 [74.9 kB]
2025-06-09T20:55:26.0546489Z Get:59 http://azure.archive.ubuntu.com/ubuntu noble/universe amd64 libsrt1.5-gnutls amd64 1.5.3-1build2 [316 kB]
2025-06-09T20:55:26.1525076Z Get:60 http://azure.archive.ubuntu.com/ubuntu noble/main amd64 libssh-gcrypt-4 amd64 0.10.6-2build2 [223 kB]
2025-06-09T20:55:26.2411441Z Get:61 http://azure.archive.ubuntu.com/ubuntu noble/universe amd64 libavformat60 amd64 7:6.1.1-3ubuntu5 [1153 kB]
2025-06-09T20:55:26.5022739Z Get:62 http://azure.archive.ubuntu.com/ubuntu noble/universe amd64 libbs2b0 amd64 3.1.0+dfsg-7build1 [10.6 kB]
2025-06-09T20:55:26.5857808Z Get:63 http://azure.archive.ubuntu.com/ubuntu noble/universe amd64 libflite1 amd64 2.2-6build3 [13.6 MB]
2025-06-09T20:55:27.4471888Z Get:64 http://azure.archive.ubuntu.com/ubuntu noble/universe amd64 libserd-0-0 amd64 0.32.2-1 [43.6 kB]
2025-06-09T20:55:27.5315246Z Get:65 http://azure.archive.ubuntu.com/ubuntu noble/universe amd64 libzix-0-0 amd64 0.4.2-2build1 [23.6 kB]
2025-06-09T20:55:27.6154358Z Get:66 http://azure.archive.ubuntu.com/ubuntu noble/universe amd64 libsord-0-0 amd64 0.16.16-2build1 [15.8 kB]
2025-06-09T20:55:27.6992756Z Get:67 http://azure.archive.ubuntu.com/ubuntu noble/universe amd64 libsratom-0-0 amd64 0.6.16-1build1 [17.3 kB]
2025-06-09T20:55:27.7877203Z Get:68 http://azure.archive.ubuntu.com/ubuntu noble/universe amd64 liblilv-0-0 amd64 0.24.22-1build1 [41.0 kB]
2025-06-09T20:55:27.8712522Z Get:69 http://azure.archive.ubuntu.com/ubuntu noble/universe amd64 libmysofa1 amd64 1.3.2+dfsg-2ubuntu2 [1158 kB]
2025-06-09T20:55:28.0876641Z Get:70 http://azure.archive.ubuntu.com/ubuntu noble/universe amd64 libplacebo338 amd64 6.338.2-2build1 [2654 kB]
2025-06-09T20:55:28.4298764Z Get:71 http://azure.archive.ubuntu.com/ubuntu noble-updates/main amd64 libblas3 amd64 3.12.0-3build1.1 [238 kB]
2025-06-09T20:55:28.5191863Z Get:72 http://azure.archive.ubuntu.com/ubuntu noble-updates/main amd64 liblapack3 amd64 3.12.0-3build1.1 [2646 kB]
2025-06-09T20:55:28.8227970Z Get:73 http://azure.archive.ubuntu.com/ubuntu noble/main amd64 libasyncns0 amd64 0.8-6build4 [11.3 kB]
2025-06-09T20:55:28.9070827Z Get:74 http://azure.archive.ubuntu.com/ubuntu noble/main amd64 libflac12t64 amd64 1.4.3+ds-2.1ubuntu2 [197 kB]
2025-06-09T20:55:28.9934876Z Get:75 http://azure.archive.ubuntu.com/ubuntu noble-updates/main amd64 libsndfile1 amd64 1.2.2-1ubuntu5.24.04.1 [209 kB]
2025-06-09T20:55:29.0814076Z Get:76 http://azure.archive.ubuntu.com/ubuntu noble-updates/main amd64 libpulse0 amd64 1:16.1+dfsg1-2ubuntu10.1 [292 kB]
2025-06-09T20:55:29.1710259Z Get:77 http://azure.archive.ubuntu.com/ubuntu noble/universe amd64 libsphinxbase3t64 amd64 0.8+5prealpha+1-17build2 [126 kB]
2025-06-09T20:55:29.2554537Z Get:78 http://azure.archive.ubuntu.com/ubuntu noble/universe amd64 libpocketsphinx3 amd64 0.8.0+real5prealpha+1-15ubuntu5 [133 kB]
2025-06-09T20:55:29.3814331Z Get:79 http://azure.archive.ubuntu.com/ubuntu noble/universe amd64 libpostproc57 amd64 7:6.1.1-3ubuntu5 [49.9 kB]
2025-06-09T20:55:29.4746336Z Get:80 http://azure.archive.ubuntu.com/ubuntu noble/main amd64 libsamplerate0 amd64 0.2.2-4build1 [1344 kB]
2025-06-09T20:55:29.8401253Z Get:81 http://azure.archive.ubuntu.com/ubuntu noble/universe amd64 librubberband2 amd64 3.3.0+dfsg-2build1 [130 kB]
2025-06-09T20:55:29.9242404Z Get:82 http://azure.archive.ubuntu.com/ubuntu noble/universe amd64 libswscale7 amd64 7:6.1.1-3ubuntu5 [193 kB]
2025-06-09T20:55:30.0878803Z Get:83 http://azure.archive.ubuntu.com/ubuntu noble/universe amd64 libvidstab1.1 amd64 1.1.0-2build1 [38.5 kB]
2025-06-09T20:55:30.2129369Z Get:84 http://azure.archive.ubuntu.com/ubuntu noble/universe amd64 libzimg2 amd64 3.0.5+ds1-1build1 [254 kB]
2025-06-09T20:55:30.3782286Z Get:85 http://azure.archive.ubuntu.com/ubuntu noble/universe amd64 libavfilter9 amd64 7:6.1.1-3ubuntu5 [4235 kB]
2025-06-09T20:55:30.9898407Z Get:86 http://azure.archive.ubuntu.com/ubuntu noble-updates/main amd64 liborc-0.4-0t64 amd64 1:0.4.38-1ubuntu0.1 [207 kB]
2025-06-09T20:55:31.0787296Z Get:87 http://azure.archive.ubuntu.com/ubuntu noble-updates/main amd64 libgstreamer-plugins-base1.0-0 amd64 1.24.2-1ubuntu0.2 [862 kB]
2025-06-09T20:55:31.3364607Z Get:88 http://azure.archive.ubuntu.com/ubuntu noble/universe amd64 gstreamer1.0-libav amd64 1.24.1-1build1 [103 kB]
2025-06-09T20:55:31.4345736Z Get:89 http://azure.archive.ubuntu.com/ubuntu noble/main amd64 libcdparanoia0 amd64 3.10.2+debian-14build3 [48.5 kB]
2025-06-09T20:55:31.5226698Z Get:90 http://azure.archive.ubuntu.com/ubuntu noble/main amd64 libvisual-0.4-0 amd64 0.4.2-2build1 [115 kB]
2025-06-09T20:55:31.6135217Z Get:91 http://azure.archive.ubuntu.com/ubuntu noble-updates/main amd64 gstreamer1.0-plugins-base amd64 1.24.2-1ubuntu0.2 [721 kB]
2025-06-09T20:55:31.8687840Z Get:92 http://azure.archive.ubuntu.com/ubuntu noble/main amd64 libaa1 amd64 1.4p5-51.1 [49.9 kB]
2025-06-09T20:55:31.9541471Z Get:93 http://azure.archive.ubuntu.com/ubuntu noble/main amd64 libraw1394-11 amd64 2.1.2-2build3 [26.2 kB]
2025-06-09T20:55:32.0410823Z Get:94 http://azure.archive.ubuntu.com/ubuntu noble/main amd64 libavc1394-0 amd64 0.5.4-5build3 [15.4 kB]
2025-06-09T20:55:32.1276303Z Get:95 http://azure.archive.ubuntu.com/ubuntu noble/main amd64 libcaca0 amd64 0.99.beta20-4build2 [208 kB]
2025-06-09T20:55:32.2924428Z Get:96 http://azure.archive.ubuntu.com/ubuntu noble/main amd64 libdv4t64 amd64 1.0.0-17.1build1 [63.2 kB]
2025-06-09T20:55:32.3782732Z Get:97 http://azure.archive.ubuntu.com/ubuntu noble-updates/main amd64 libgstreamer-plugins-good1.0-0 amd64 1.24.2-1ubuntu1.1 [32.9 kB]
2025-06-09T20:55:32.4633575Z Get:98 http://azure.archive.ubuntu.com/ubuntu noble/main amd64 libiec61883-0 amd64 1.2.0-6build1 [24.5 kB]
2025-06-09T20:55:32.5505320Z Get:99 http://azure.archive.ubuntu.com/ubuntu noble/main amd64 libshout3 amd64 2.4.6-1build2 [50.3 kB]
2025-06-09T20:55:32.6367911Z Get:100 http://azure.archive.ubuntu.com/ubuntu noble/main amd64 libtag1v5-vanilla amd64 1.13.1-1build1 [326 kB]
2025-06-09T20:55:32.8075818Z Get:101 http://azure.archive.ubuntu.com/ubuntu noble/main amd64 libtag1v5 amd64 1.13.1-1build1 [11.7 kB]
2025-06-09T20:55:32.8916924Z Get:102 http://azure.archive.ubuntu.com/ubuntu noble/main amd64 libv4lconvert0t64 amd64 1.26.1-4build3 [87.6 kB]
2025-06-09T20:55:32.9810965Z Get:103 http://azure.archive.ubuntu.com/ubuntu noble/main amd64 libv4l-0t64 amd64 1.26.1-4build3 [46.9 kB]
2025-06-09T20:55:33.0669327Z Get:104 http://azure.archive.ubuntu.com/ubuntu noble/main amd64 libwavpack1 amd64 5.6.0-1build1 [84.6 kB]
2025-06-09T20:55:33.1512883Z Get:105 http://azure.archive.ubuntu.com/ubuntu noble-updates/main amd64 libsoup-3.0-common all 3.4.4-5ubuntu0.4 [11.1 kB]
2025-06-09T20:55:33.2358353Z Get:106 http://azure.archive.ubuntu.com/ubuntu noble-updates/main amd64 libsoup-3.0-0 amd64 3.4.4-5ubuntu0.4 [290 kB]
2025-06-09T20:55:33.3231929Z Get:107 http://azure.archive.ubuntu.com/ubuntu noble-updates/main amd64 gstreamer1.0-plugins-good amd64 1.24.2-1ubuntu1.1 [2238 kB]
2025-06-09T20:55:33.6625308Z Get:108 http://azure.archive.ubuntu.com/ubuntu noble-updates/main amd64 libabsl20220623t64 amd64 20220623.1-3.1ubuntu3.2 [423 kB]
2025-06-09T20:55:33.8268399Z Get:109 http://azure.archive.ubuntu.com/ubuntu noble/universe amd64 libgav1-1 amd64 0.18.0-1build3 [357 kB]
2025-06-09T20:55:34.0066716Z Get:110 http://azure.archive.ubuntu.com/ubuntu noble/universe amd64 libyuv0 amd64 0.0~git202401110.af6ac82-1 [178 kB]
2025-06-09T20:55:34.0998614Z Get:111 http://azure.archive.ubuntu.com/ubuntu noble/universe amd64 libavif16 amd64 1.0.4-1ubuntu3 [91.2 kB]
2025-06-09T20:55:34.1871965Z Get:112 http://azure.archive.ubuntu.com/ubuntu noble/universe amd64 libavtp0 amd64 0.2.0-1build1 [6414 B]
2025-06-09T20:55:34.2716022Z Get:113 http://azure.archive.ubuntu.com/ubuntu noble/main amd64 libcairo-script-interpreter2 amd64 1.18.0-3build1 [60.3 kB]
2025-06-09T20:55:34.3574716Z Get:114 http://azure.archive.ubuntu.com/ubuntu noble/universe amd64 libdc1394-25 amd64 2.2.6-4build1 [90.1 kB]
2025-06-09T20:55:34.4426948Z Get:115 http://azure.archive.ubuntu.com/ubuntu noble/main amd64 libdecor-0-0 amd64 0.2.2-1build2 [16.5 kB]
2025-06-09T20:55:34.5290472Z Get:116 http://azure.archive.ubuntu.com/ubuntu noble/main amd64 libgles2 amd64 1.7.0-1build1 [17.1 kB]
2025-06-09T20:55:34.6148863Z Get:117 http://azure.archive.ubuntu.com/ubuntu noble/universe amd64 libdirectfb-1.7-7t64 amd64 1.7.7-11.1ubuntu2 [1035 kB]
2025-06-09T20:55:34.7825357Z Get:118 http://azure.archive.ubuntu.com/ubuntu noble/universe amd64 libdvdread8t64 amd64 6.1.3-1.1build1 [54.7 kB]
2025-06-09T20:55:34.8672395Z Get:119 http://azure.archive.ubuntu.com/ubuntu noble/universe amd64 libdvdnav4 amd64 6.1.1-3build1 [39.5 kB]
2025-06-09T20:55:34.9517046Z Get:120 http://azure.archive.ubuntu.com/ubuntu noble-updates/main amd64 libegl-mesa0 amd64 24.2.8-1ubuntu1~24.04.1 [129 kB]
2025-06-09T20:55:35.0399635Z Get:121 http://azure.archive.ubuntu.com/ubuntu noble/main amd64 libevent-2.1-7t64 amd64 2.1.12-stable-9ubuntu2 [145 kB]
2025-06-09T20:55:35.1248360Z Get:122 http://azure.archive.ubuntu.com/ubuntu noble/universe amd64 libfaad2 amd64 2.11.1-1build1 [207 kB]
2025-06-09T20:55:35.2106339Z Get:123 http://azure.archive.ubuntu.com/ubuntu noble/universe amd64 libinstpatch-1.0-2 amd64 1.1.6-1build2 [251 kB]
2025-06-09T20:55:35.2957627Z Get:124 http://azure.archive.ubuntu.com/ubuntu noble/main amd64 libjack-jackd2-0 amd64 1.9.21~dfsg-3ubuntu3 [289 kB]
2025-06-09T20:55:35.3818789Z Get:125 http://azure.archive.ubuntu.com/ubuntu noble/main amd64 libwebrtc-audio-processing1 amd64 0.3.1-0ubuntu6 [290 kB]
2025-06-09T20:55:35.4685661Z Get:126 http://azure.archive.ubuntu.com/ubuntu noble-updates/main amd64 libspa-0.2-modules amd64 1.0.5-1ubuntu3 [626 kB]
2025-06-09T20:55:35.6345629Z Get:127 http://azure.archive.ubuntu.com/ubuntu noble-updates/main amd64 libpipewire-0.3-0t64 amd64 1.0.5-1ubuntu3 [252 kB]
2025-06-09T20:55:35.7207865Z Get:128 http://azure.archive.ubuntu.com/ubuntu noble-updates/main amd64 libsdl2-2.0-0 amd64 2.30.0+dfsg-1ubuntu3.1 [686 kB]
2025-06-09T20:55:35.8904191Z Get:129 http://azure.archive.ubuntu.com/ubuntu noble/universe amd64 timgm6mb-soundfont all 1.3-5 [5427 kB]
2025-06-09T20:55:36.3849988Z Get:130 http://azure.archive.ubuntu.com/ubuntu noble/universe amd64 libfluidsynth3 amd64 2.3.4-1build3 [249 kB]
2025-06-09T20:55:36.4725449Z Get:131 http://azure.archive.ubuntu.com/ubuntu noble/main amd64 libfreeaptx0 amd64 0.1.1-2build1 [13.5 kB]
2025-06-09T20:55:36.5566068Z Get:132 http://azure.archive.ubuntu.com/ubuntu noble/main amd64 libgraphene-1.0-0 amd64 1.10.8-3build2 [46.2 kB]
2025-06-09T20:55:36.6431081Z Get:133 http://azure.archive.ubuntu.com/ubuntu noble/main amd64 libgssdp-1.6-0 amd64 1.6.3-1build3 [40.4 kB]
2025-06-09T20:55:36.7310321Z Get:134 http://azure.archive.ubuntu.com/ubuntu noble/main amd64 libegl1 amd64 1.7.0-1build1 [28.7 kB]
2025-06-09T20:55:36.8163977Z Get:135 http://azure.archive.ubuntu.com/ubuntu noble-updates/main amd64 libgstreamer-gl1.0-0 amd64 1.24.2-1ubuntu0.2 [214 kB]
2025-06-09T20:55:36.9041030Z Get:136 http://azure.archive.ubuntu.com/ubuntu noble-updates/main amd64 libgtk-4-common all 4.14.2+ds-1ubuntu3 [1496 kB]
2025-06-09T20:55:37.1543212Z Get:137 http://azure.archive.ubuntu.com/ubuntu noble-updates/main amd64 libgtk-4-1 amd64 4.14.2+ds-1ubuntu3 [3289 kB]
2025-06-09T20:55:37.5620574Z Get:138 http://azure.archive.ubuntu.com/ubuntu noble/main amd64 libgupnp-1.6-0 amd64 1.6.6-1build3 [92.7 kB]
2025-06-09T20:55:37.6471149Z Get:139 http://azure.archive.ubuntu.com/ubuntu noble/universe amd64 libgupnp-igd-1.6-0 amd64 1.6.0-3build3 [16.5 kB]
2025-06-09T20:55:37.7311386Z Get:140 http://azure.archive.ubuntu.com/ubuntu noble/main amd64 libharfbuzz-icu0 amd64 8.3.0-2build2 [13.3 kB]
2025-06-09T20:55:37.8143499Z Get:141 http://azure.archive.ubuntu.com/ubuntu noble/main amd64 libhyphen0 amd64 2.8.8-7build3 [26.5 kB]
2025-06-09T20:55:37.8981453Z Get:142 http://azure.archive.ubuntu.com/ubuntu noble/universe amd64 libimath-3-1-29t64 amd64 3.1.9-3.1ubuntu2 [72.2 kB]
2025-06-09T20:55:37.9819335Z Get:143 http://azure.archive.ubuntu.com/ubuntu noble/main amd64 liblc3-1 amd64 1.0.4-3build1 [69.7 kB]
2025-06-09T20:55:38.0670093Z Get:144 http://azure.archive.ubuntu.com/ubuntu noble/main amd64 libldacbt-enc2 amd64 2.0.2.3+git20200429+ed310a0-4ubuntu2 [27.1 kB]
2025-06-09T20:55:38.1612216Z Get:145 http://azure.archive.ubuntu.com/ubuntu noble-updates/main amd64 libraptor2-0 amd64 2.0.16-3ubuntu0.1 [165 kB]
2025-06-09T20:55:38.2480172Z Get:146 http://azure.archive.ubuntu.com/ubuntu noble/universe amd64 liblrdf0 amd64 0.6.1-4build1 [18.5 kB]
2025-06-09T20:55:38.3317150Z Get:147 http://azure.archive.ubuntu.com/ubuntu noble/universe amd64 libltc11 amd64 1.3.2-1build1 [13.0 kB]
2025-06-09T20:55:38.4157544Z Get:148 http://azure.archive.ubuntu.com/ubuntu noble/main amd64 libmanette-0.2-0 amd64 0.2.7-1build2 [30.6 kB]
2025-06-09T20:55:38.4996361Z Get:149 http://azure.archive.ubuntu.com/ubuntu noble/universe amd64 libmfx1 amd64 22.5.4-1 [3124 kB]
2025-06-09T20:55:38.8395286Z Get:150 http://azure.archive.ubuntu.com/ubuntu noble/universe amd64 libmjpegutils-2.1-0t64 amd64 1:2.1.0+debian-8.1build1 [25.5 kB]
2025-06-09T20:55:38.9238501Z Get:151 http://azure.archive.ubuntu.com/ubuntu noble/universe amd64 libmodplug1 amd64 1:0.8.9.0-3build1 [166 kB]
2025-06-09T20:55:39.0262138Z Get:152 http://azure.archive.ubuntu.com/ubuntu noble/universe amd64 libmpcdec6 amd64 2:0.1~r495-2build1 [32.7 kB]
2025-06-09T20:55:39.1104292Z Get:153 http://azure.archive.ubuntu.com/ubuntu noble/universe amd64 libmpeg2encpp-2.1-0t64 amd64 1:2.1.0+debian-8.1build1 [75.6 kB]
2025-06-09T20:55:39.1951162Z Get:154 http://azure.archive.ubuntu.com/ubuntu noble/universe amd64 libmplex2-2.1-0t64 amd64 1:2.1.0+debian-8.1build1 [46.1 kB]
2025-06-09T20:55:39.2797615Z Get:155 http://azure.archive.ubuntu.com/ubuntu noble/universe amd64 libneon27t64 amd64 0.33.0-1.1build3 [102 kB]
2025-06-09T20:55:39.3659635Z Get:156 http://azure.archive.ubuntu.com/ubuntu noble/universe amd64 libnice10 amd64 0.1.21-2build3 [157 kB]
2025-06-09T20:55:39.4530834Z Get:157 http://azure.archive.ubuntu.com/ubuntu noble/universe amd64 libopenal-data all 1:1.23.1-4build1 [161 kB]
2025-06-09T20:55:39.5381447Z Get:158 http://azure.archive.ubuntu.com/ubuntu noble/universe amd64 libopenexr-3-1-30 amd64 3.1.5-5.1build3 [1004 kB]
2025-06-09T20:55:39.7108476Z Get:159 http://azure.archive.ubuntu.com/ubuntu noble/universe amd64 libopenh264-7 amd64 2.4.1+dfsg-1 [409 kB]
2025-06-09T20:55:39.8758002Z Get:160 http://azure.archive.ubuntu.com/ubuntu noble/universe amd64 libopenni2-0 amd64 2.2.0.33+dfsg-18 [370 kB]
2025-06-09T20:55:39.9678538Z Get:161 http://azure.archive.ubuntu.com/ubuntu noble/universe amd64 libqrencode4 amd64 4.1.1-1build2 [25.0 kB]
2025-06-09T20:55:40.0526904Z Get:162 http://azure.archive.ubuntu.com/ubuntu noble/main amd64 libsecret-common all 0.21.4-1build3 [4962 B]
2025-06-09T20:55:40.1364571Z Get:163 http://azure.archive.ubuntu.com/ubuntu noble/main amd64 libsecret-1-0 amd64 0.21.4-1build3 [116 kB]
2025-06-09T20:55:40.2212684Z Get:164 http://azure.archive.ubuntu.com/ubuntu noble/universe amd64 libsndio7.0 amd64 1.9.0-0.3build3 [29.6 kB]
2025-06-09T20:55:40.3060945Z Get:165 http://azure.archive.ubuntu.com/ubuntu noble/universe amd64 libsoundtouch1 amd64 2.3.2+ds1-1build1 [60.5 kB]
2025-06-09T20:55:40.3902735Z Get:166 http://azure.archive.ubuntu.com/ubuntu noble/universe amd64 libspandsp2t64 amd64 0.0.6+dfsg-2.1build1 [311 kB]
2025-06-09T20:55:40.4768083Z Get:167 http://azure.archive.ubuntu.com/ubuntu noble/universe amd64 libsrtp2-1 amd64 2.5.0-3build1 [41.9 kB]
2025-06-09T20:55:40.5604760Z Get:168 http://azure.archive.ubuntu.com/ubuntu noble/universe amd64 libwildmidi2 amd64 0.4.3-1build3 [68.5 kB]
2025-06-09T20:55:40.6460875Z Get:169 http://azure.archive.ubuntu.com/ubuntu noble/main amd64 libwoff1 amd64 1.0.2-2build1 [45.3 kB]
2025-06-09T20:55:40.7457058Z Get:170 http://azure.archive.ubuntu.com/ubuntu noble/main amd64 libxcb-xkb1 amd64 1.15-1ubuntu2 [32.3 kB]
2025-06-09T20:55:40.8295570Z Get:171 http://azure.archive.ubuntu.com/ubuntu noble/main amd64 libxkbcommon-x11-0 amd64 1.6.0-1build1 [14.5 kB]
2025-06-09T20:55:40.9134987Z Get:172 http://azure.archive.ubuntu.com/ubuntu noble/universe amd64 libzbar0t64 amd64 0.23.93-4build3 [123 kB]
2025-06-09T20:55:40.9980316Z Get:173 http://azure.archive.ubuntu.com/ubuntu noble/universe amd64 libzxing3 amd64 2.2.1-3 [583 kB]
2025-06-09T20:55:41.1702995Z Get:174 http://azure.archive.ubuntu.com/ubuntu noble/main amd64 xfonts-encodings all 1:1.0.5-0ubuntu2 [578 kB]
2025-06-09T20:55:41.3374037Z Get:175 http://azure.archive.ubuntu.com/ubuntu noble/main amd64 xfonts-utils amd64 1:7.7+6build3 [94.4 kB]
2025-06-09T20:55:41.4220920Z Get:176 http://azure.archive.ubuntu.com/ubuntu noble/universe amd64 xfonts-cyrillic all 1:1.0.5+nmu1 [384 kB]
2025-06-09T20:55:41.5090788Z Get:177 http://azure.archive.ubuntu.com/ubuntu noble/main amd64 xfonts-scalable all 1:1.0.3-1.3 [304 kB]
2025-06-09T20:55:41.5951164Z Get:178 http://azure.archive.ubuntu.com/ubuntu noble/universe amd64 libgstreamer-plugins-bad1.0-0 amd64 1.24.2-1ubuntu4 [797 kB]
2025-06-09T20:55:41.7626017Z Get:179 http://azure.archive.ubuntu.com/ubuntu noble/universe amd64 libdca0 amd64 0.0.7-2build1 [93.8 kB]
2025-06-09T20:55:41.8474582Z Get:180 http://azure.archive.ubuntu.com/ubuntu noble/universe amd64 libopenal1 amd64 1:1.23.1-4build1 [540 kB]
2025-06-09T20:55:42.0134778Z Get:181 http://azure.archive.ubuntu.com/ubuntu noble/main amd64 libsbc1 amd64 2.0-1build1 [33.9 kB]
2025-06-09T20:55:42.0975915Z Get:182 http://azure.archive.ubuntu.com/ubuntu noble/universe amd64 libvo-aacenc0 amd64 0.1.3-2build1 [67.8 kB]
2025-06-09T20:55:42.1820211Z Get:183 http://azure.archive.ubuntu.com/ubuntu noble/universe amd64 libvo-amrwbenc0 amd64 0.1.3-2build1 [76.7 kB]
2025-06-09T20:55:42.2663493Z Get:184 http://azure.archive.ubuntu.com/ubuntu noble/universe amd64 gstreamer1.0-plugins-bad amd64 1.24.2-1ubuntu4 [3081 kB]
2025-06-09T20:55:42.9554308Z Fetched 116 MB in 26s (4374 kB/s)
2025-06-09T20:55:42.9834793Z Selecting previously unselected package fonts-ipafont-gothic.
2025-06-09T20:55:43.0065233Z (Reading database ... 
2025-06-09T20:55:43.0065873Z (Reading database ... 5%
2025-06-09T20:55:43.0066346Z (Reading database ... 10%
2025-06-09T20:55:43.0066921Z (Reading database ... 15%
2025-06-09T20:55:43.0067416Z (Reading database ... 20%
2025-06-09T20:55:43.0067999Z (Reading database ... 25%
2025-06-09T20:55:43.0068560Z (Reading database ... 30%
2025-06-09T20:55:43.0069175Z (Reading database ... 35%
2025-06-09T20:55:43.0069979Z (Reading database ... 40%
2025-06-09T20:55:43.0071058Z (Reading database ... 45%
2025-06-09T20:55:43.0071596Z (Reading database ... 50%
2025-06-09T20:55:43.0176785Z (Reading database ... 55%
2025-06-09T20:55:43.0570266Z (Reading database ... 60%
2025-06-09T20:55:43.0834373Z (Reading database ... 65%
2025-06-09T20:55:43.1073469Z (Reading database ... 70%
2025-06-09T20:55:43.1322296Z (Reading database ... 75%
2025-06-09T20:55:43.1970618Z (Reading database ... 80%
2025-06-09T20:55:43.2480366Z (Reading database ... 85%
2025-06-09T20:55:43.3257767Z (Reading database ... 90%
2025-06-09T20:55:43.3792139Z (Reading database ... 95%
2025-06-09T20:55:43.3792512Z (Reading database ... 100%
2025-06-09T20:55:43.3793043Z (Reading database ... 222694 files and directories currently installed.)
2025-06-09T20:55:43.3837347Z Preparing to unpack .../000-fonts-ipafont-gothic_00303-21ubuntu1_all.deb ...
2025-06-09T20:55:43.3924487Z Unpacking fonts-ipafont-gothic (00303-21ubuntu1) ...
2025-06-09T20:55:43.6337335Z Preparing to unpack .../001-libglib2.0-data_2.80.0-6ubuntu3.4_all.deb ...
2025-06-09T20:55:43.6370090Z Unpacking libglib2.0-data (2.80.0-6ubuntu3.4) over (2.80.0-6ubuntu3.2) ...
2025-06-09T20:55:43.6730031Z Preparing to unpack .../002-libglib2.0-bin_2.80.0-6ubuntu3.4_amd64.deb ...
2025-06-09T20:55:43.6756590Z Unpacking libglib2.0-bin (2.80.0-6ubuntu3.4) over (2.80.0-6ubuntu3.2) ...
2025-06-09T20:55:43.7277072Z Preparing to unpack .../003-gir1.2-glib-2.0_2.80.0-6ubuntu3.4_amd64.deb ...
2025-06-09T20:55:43.7307886Z Unpacking gir1.2-glib-2.0:amd64 (2.80.0-6ubuntu3.4) over (2.80.0-6ubuntu3.2) ...
2025-06-09T20:55:43.7755568Z Preparing to unpack .../004-libglib2.0-0t64_2.80.0-6ubuntu3.4_amd64.deb ...
2025-06-09T20:55:43.7841542Z Unpacking libglib2.0-0t64:amd64 (2.80.0-6ubuntu3.4) over (2.80.0-6ubuntu3.2) ...
2025-06-09T20:55:43.8297626Z Selecting previously unselected package fonts-freefont-ttf.
2025-06-09T20:55:43.8441215Z Preparing to unpack .../005-fonts-freefont-ttf_20211204+svn4273-2_all.deb ...
2025-06-09T20:55:43.8453033Z Unpacking fonts-freefont-ttf (20211204+svn4273-2) ...
2025-06-09T20:55:43.9325376Z Selecting previously unselected package fonts-tlwg-loma-otf.
2025-06-09T20:55:43.9461579Z Preparing to unpack .../006-fonts-tlwg-loma-otf_1%3a0.7.3-1_all.deb ...
2025-06-09T20:55:43.9471045Z Unpacking fonts-tlwg-loma-otf (1:0.7.3-1) ...
2025-06-09T20:55:43.9734135Z Selecting previously unselected package fonts-unifont.
2025-06-09T20:55:43.9871566Z Preparing to unpack .../007-fonts-unifont_1%3a15.1.01-1build1_all.deb ...
2025-06-09T20:55:43.9880870Z Unpacking fonts-unifont (1:15.1.01-1build1) ...
2025-06-09T20:55:44.1319832Z Selecting previously unselected package fonts-wqy-zenhei.
2025-06-09T20:55:44.1461189Z Preparing to unpack .../008-fonts-wqy-zenhei_0.9.45-8_all.deb ...
2025-06-09T20:55:44.1565466Z Unpacking fonts-wqy-zenhei (0.9.45-8) ...
2025-06-09T20:55:44.6239719Z Selecting previously unselected package libproxy1v5:amd64.
2025-06-09T20:55:44.6380840Z Preparing to unpack .../009-libproxy1v5_0.5.4-4build1_amd64.deb ...
2025-06-09T20:55:44.6391271Z Unpacking libproxy1v5:amd64 (0.5.4-4build1) ...
2025-06-09T20:55:44.6616788Z Selecting previously unselected package glib-networking-common.
2025-06-09T20:55:44.6755960Z Preparing to unpack .../010-glib-networking-common_2.80.0-1build1_all.deb ...
2025-06-09T20:55:44.6768552Z Unpacking glib-networking-common (2.80.0-1build1) ...
2025-06-09T20:55:44.6995367Z Selecting previously unselected package glib-networking-services.
2025-06-09T20:55:44.7133787Z Preparing to unpack .../011-glib-networking-services_2.80.0-1build1_amd64.deb ...
2025-06-09T20:55:44.7155013Z Unpacking glib-networking-services (2.80.0-1build1) ...
2025-06-09T20:55:44.7408108Z Selecting previously unselected package session-migration.
2025-06-09T20:55:44.7543753Z Preparing to unpack .../012-session-migration_0.3.9build1_amd64.deb ...
2025-06-09T20:55:44.7562175Z Unpacking session-migration (0.3.9build1) ...
2025-06-09T20:55:44.7799155Z Selecting previously unselected package gsettings-desktop-schemas.
2025-06-09T20:55:44.7935630Z Preparing to unpack .../013-gsettings-desktop-schemas_46.1-0ubuntu1_all.deb ...
2025-06-09T20:55:44.7945159Z Unpacking gsettings-desktop-schemas (46.1-0ubuntu1) ...
2025-06-09T20:55:44.8227647Z Selecting previously unselected package glib-networking:amd64.
2025-06-09T20:55:44.8365265Z Preparing to unpack .../014-glib-networking_2.80.0-1build1_amd64.deb ...
2025-06-09T20:55:44.8375096Z Unpacking glib-networking:amd64 (2.80.0-1build1) ...
2025-06-09T20:55:44.8646798Z Selecting previously unselected package libva2:amd64.
2025-06-09T20:55:44.8784323Z Preparing to unpack .../015-libva2_2.20.0-2build1_amd64.deb ...
2025-06-09T20:55:44.8795311Z Unpacking libva2:amd64 (2.20.0-2build1) ...
2025-06-09T20:55:44.9043872Z Selecting previously unselected package libva-drm2:amd64.
2025-06-09T20:55:44.9184362Z Preparing to unpack .../016-libva-drm2_2.20.0-2build1_amd64.deb ...
2025-06-09T20:55:44.9195652Z Unpacking libva-drm2:amd64 (2.20.0-2build1) ...
2025-06-09T20:55:44.9438202Z Selecting previously unselected package libva-x11-2:amd64.
2025-06-09T20:55:44.9575900Z Preparing to unpack .../017-libva-x11-2_2.20.0-2build1_amd64.deb ...
2025-06-09T20:55:44.9588420Z Unpacking libva-x11-2:amd64 (2.20.0-2build1) ...
2025-06-09T20:55:44.9830645Z Selecting previously unselected package libvdpau1:amd64.
2025-06-09T20:55:44.9969125Z Preparing to unpack .../018-libvdpau1_1.5-2build1_amd64.deb ...
2025-06-09T20:55:44.9979901Z Unpacking libvdpau1:amd64 (1.5-2build1) ...
2025-06-09T20:55:45.0229218Z Selecting previously unselected package libvpl2.
2025-06-09T20:55:45.0365727Z Preparing to unpack .../019-libvpl2_2023.3.0-1build1_amd64.deb ...
2025-06-09T20:55:45.0377139Z Unpacking libvpl2 (2023.3.0-1build1) ...
2025-06-09T20:55:45.0635198Z Selecting previously unselected package ocl-icd-libopencl1:amd64.
2025-06-09T20:55:45.0780050Z Preparing to unpack .../020-ocl-icd-libopencl1_2.3.2-1build1_amd64.deb ...
2025-06-09T20:55:45.0790864Z Unpacking ocl-icd-libopencl1:amd64 (2.3.2-1build1) ...
2025-06-09T20:55:45.1069323Z Selecting previously unselected package libavutil58:amd64.
2025-06-09T20:55:45.1208504Z Preparing to unpack .../021-libavutil58_7%3a6.1.1-3ubuntu5_amd64.deb ...
2025-06-09T20:55:45.1217523Z Unpacking libavutil58:amd64 (7:6.1.1-3ubuntu5) ...
2025-06-09T20:55:45.1535307Z Selecting previously unselected package libcodec2-1.2:amd64.
2025-06-09T20:55:45.1681363Z Preparing to unpack .../022-libcodec2-1.2_1.2.0-2build1_amd64.deb ...
2025-06-09T20:55:45.1690601Z Unpacking libcodec2-1.2:amd64 (1.2.0-2build1) ...
2025-06-09T20:55:45.2516534Z Selecting previously unselected package libdav1d7:amd64.
2025-06-09T20:55:45.2657971Z Preparing to unpack .../023-libdav1d7_1.4.1-1build1_amd64.deb ...
2025-06-09T20:55:45.2669585Z Unpacking libdav1d7:amd64 (1.4.1-1build1) ...
2025-06-09T20:55:45.3000548Z Selecting previously unselected package libgsm1:amd64.
2025-06-09T20:55:45.3145177Z Preparing to unpack .../024-libgsm1_1.0.22-1build1_amd64.deb ...
2025-06-09T20:55:45.3159764Z Unpacking libgsm1:amd64 (1.0.22-1build1) ...
2025-06-09T20:55:45.3411803Z Selecting previously unselected package libhwy1t64:amd64.
2025-06-09T20:55:45.3556734Z Preparing to unpack .../025-libhwy1t64_1.0.7-8.1build1_amd64.deb ...
2025-06-09T20:55:45.3585486Z Unpacking libhwy1t64:amd64 (1.0.7-8.1build1) ...
2025-06-09T20:55:45.3967775Z Selecting previously unselected package libjxl0.7:amd64.
2025-06-09T20:55:45.4105294Z Preparing to unpack .../026-libjxl0.7_0.7.0-10.2ubuntu6_amd64.deb ...
2025-06-09T20:55:45.4115201Z Unpacking libjxl0.7:amd64 (0.7.0-10.2ubuntu6) ...
2025-06-09T20:55:45.4501909Z Selecting previously unselected package libmp3lame0:amd64.
2025-06-09T20:55:45.4638042Z Preparing to unpack .../027-libmp3lame0_3.100-6build1_amd64.deb ...
2025-06-09T20:55:45.4652249Z Unpacking libmp3lame0:amd64 (3.100-6build1) ...
2025-06-09T20:55:45.4903436Z Selecting previously unselected package libopus0:amd64.
2025-06-09T20:55:45.5040272Z Preparing to unpack .../028-libopus0_1.4-1build1_amd64.deb ...
2025-06-09T20:55:45.5054012Z Unpacking libopus0:amd64 (1.4-1build1) ...
2025-06-09T20:55:45.5317893Z Selecting previously unselected package librav1e0:amd64.
2025-06-09T20:55:45.5457067Z Preparing to unpack .../029-librav1e0_0.7.1-2_amd64.deb ...
2025-06-09T20:55:45.5468070Z Unpacking librav1e0:amd64 (0.7.1-2) ...
2025-06-09T20:55:45.5855021Z Selecting previously unselected package librsvg2-2:amd64.
2025-06-09T20:55:45.5991837Z Preparing to unpack .../030-librsvg2-2_2.58.0+dfsg-1build1_amd64.deb ...
2025-06-09T20:55:45.6003532Z Unpacking librsvg2-2:amd64 (2.58.0+dfsg-1build1) ...
2025-06-09T20:55:45.6542380Z Selecting previously unselected package libshine3:amd64.
2025-06-09T20:55:45.6677691Z Preparing to unpack .../031-libshine3_3.1.1-2build1_amd64.deb ...
2025-06-09T20:55:45.6689633Z Unpacking libshine3:amd64 (3.1.1-2build1) ...
2025-06-09T20:55:45.6927004Z Selecting previously unselected package libspeex1:amd64.
2025-06-09T20:55:45.7064660Z Preparing to unpack .../032-libspeex1_1.2.1-2ubuntu2.24.04.1_amd64.deb ...
2025-06-09T20:55:45.7081453Z Unpacking libspeex1:amd64 (1.2.1-2ubuntu2.24.04.1) ...
2025-06-09T20:55:45.7336100Z Selecting previously unselected package libsvtav1enc1d1:amd64.
2025-06-09T20:55:45.7484254Z Preparing to unpack .../033-libsvtav1enc1d1_1.7.0+dfsg-2build1_amd64.deb ...
2025-06-09T20:55:45.7495923Z Unpacking libsvtav1enc1d1:amd64 (1.7.0+dfsg-2build1) ...
2025-06-09T20:55:45.8080500Z Selecting previously unselected package libsoxr0:amd64.
2025-06-09T20:55:45.8216502Z Preparing to unpack .../034-libsoxr0_0.1.3-4build3_amd64.deb ...
2025-06-09T20:55:45.8232087Z Unpacking libsoxr0:amd64 (0.1.3-4build3) ...
2025-06-09T20:55:45.8496057Z Selecting previously unselected package libswresample4:amd64.
2025-06-09T20:55:45.8635096Z Preparing to unpack .../035-libswresample4_7%3a6.1.1-3ubuntu5_amd64.deb ...
2025-06-09T20:55:45.8645333Z Unpacking libswresample4:amd64 (7:6.1.1-3ubuntu5) ...
2025-06-09T20:55:45.8892767Z Selecting previously unselected package libtheora0:amd64.
2025-06-09T20:55:45.9033372Z Preparing to unpack .../036-libtheora0_1.1.1+dfsg.1-16.1build3_amd64.deb ...
2025-06-09T20:55:45.9046010Z Unpacking libtheora0:amd64 (1.1.1+dfsg.1-16.1build3) ...
2025-06-09T20:55:45.9326334Z Selecting previously unselected package libtwolame0:amd64.
2025-06-09T20:55:45.9465678Z Preparing to unpack .../037-libtwolame0_0.4.0-2build3_amd64.deb ...
2025-06-09T20:55:45.9478226Z Unpacking libtwolame0:amd64 (0.4.0-2build3) ...
2025-06-09T20:55:45.9759036Z Selecting previously unselected package libvorbisenc2:amd64.
2025-06-09T20:55:45.9896071Z Preparing to unpack .../038-libvorbisenc2_1.3.7-1build3_amd64.deb ...
2025-06-09T20:55:45.9908494Z Unpacking libvorbisenc2:amd64 (1.3.7-1build3) ...
2025-06-09T20:55:46.0165288Z Selecting previously unselected package libvpx9:amd64.
2025-06-09T20:55:46.0302862Z Preparing to unpack .../039-libvpx9_1.14.0-1ubuntu2.2_amd64.deb ...
2025-06-09T20:55:46.0313648Z Unpacking libvpx9:amd64 (1.14.0-1ubuntu2.2) ...
2025-06-09T20:55:46.0677794Z Selecting previously unselected package libx264-164:amd64.
2025-06-09T20:55:46.0814268Z Preparing to unpack .../040-libx264-164_2%3a0.164.3108+git31e19f9-1_amd64.deb ...
2025-06-09T20:55:46.0824247Z Unpacking libx264-164:amd64 (2:0.164.3108+git31e19f9-1) ...
2025-06-09T20:55:46.1155415Z Selecting previously unselected package libx265-199:amd64.
2025-06-09T20:55:46.1292787Z Preparing to unpack .../041-libx265-199_3.5-2build1_amd64.deb ...
2025-06-09T20:55:46.1306220Z Unpacking libx265-199:amd64 (3.5-2build1) ...
2025-06-09T20:55:46.2074211Z Selecting previously unselected package libxvidcore4:amd64.
2025-06-09T20:55:46.2209652Z Preparing to unpack .../042-libxvidcore4_2%3a1.3.7-1build1_amd64.deb ...
2025-06-09T20:55:46.2218567Z Unpacking libxvidcore4:amd64 (2:1.3.7-1build1) ...
2025-06-09T20:55:46.2470922Z Selecting previously unselected package libzvbi-common.
2025-06-09T20:55:46.2606814Z Preparing to unpack .../043-libzvbi-common_0.2.42-2_all.deb ...
2025-06-09T20:55:46.2616328Z Unpacking libzvbi-common (0.2.42-2) ...
2025-06-09T20:55:46.2943465Z Selecting previously unselected package libzvbi0t64:amd64.
2025-06-09T20:55:46.3087561Z Preparing to unpack .../044-libzvbi0t64_0.2.42-2_amd64.deb ...
2025-06-09T20:55:46.3102916Z Unpacking libzvbi0t64:amd64 (0.2.42-2) ...
2025-06-09T20:55:46.3410000Z Selecting previously unselected package libavcodec60:amd64.
2025-06-09T20:55:46.3551957Z Preparing to unpack .../045-libavcodec60_7%3a6.1.1-3ubuntu5_amd64.deb ...
2025-06-09T20:55:46.3566853Z Unpacking libavcodec60:amd64 (7:6.1.1-3ubuntu5) ...
2025-06-09T20:55:46.4468877Z Selecting previously unselected package libunibreak5:amd64.
2025-06-09T20:55:46.4606642Z Preparing to unpack .../046-libunibreak5_5.1-2build1_amd64.deb ...
2025-06-09T20:55:46.4617118Z Unpacking libunibreak5:amd64 (5.1-2build1) ...
2025-06-09T20:55:46.4849789Z Selecting previously unselected package libass9:amd64.
2025-06-09T20:55:46.4989105Z Preparing to unpack .../047-libass9_1%3a0.17.1-2build1_amd64.deb ...
2025-06-09T20:55:46.5000652Z Unpacking libass9:amd64 (1:0.17.1-2build1) ...
2025-06-09T20:55:46.5264279Z Selecting previously unselected package libudfread0:amd64.
2025-06-09T20:55:46.5406188Z Preparing to unpack .../048-libudfread0_1.1.2-1build1_amd64.deb ...
2025-06-09T20:55:46.5417631Z Unpacking libudfread0:amd64 (1.1.2-1build1) ...
2025-06-09T20:55:46.5728946Z Selecting previously unselected package libbluray2:amd64.
2025-06-09T20:55:46.5869350Z Preparing to unpack .../049-libbluray2_1%3a1.3.4-1build1_amd64.deb ...
2025-06-09T20:55:46.5881090Z Unpacking libbluray2:amd64 (1:1.3.4-1build1) ...
2025-06-09T20:55:46.6141367Z Selecting previously unselected package libchromaprint1:amd64.
2025-06-09T20:55:46.6278630Z Preparing to unpack .../050-libchromaprint1_1.5.1-5_amd64.deb ...
2025-06-09T20:55:46.6287300Z Unpacking libchromaprint1:amd64 (1.5.1-5) ...
2025-06-09T20:55:46.6530601Z Selecting previously unselected package libgme0:amd64.
2025-06-09T20:55:46.6669373Z Preparing to unpack .../051-libgme0_0.6.3-7build1_amd64.deb ...
2025-06-09T20:55:46.6681123Z Unpacking libgme0:amd64 (0.6.3-7build1) ...
2025-06-09T20:55:46.6955119Z Selecting previously unselected package libmpg123-0t64:amd64.
2025-06-09T20:55:46.7093460Z Preparing to unpack .../052-libmpg123-0t64_1.32.5-1ubuntu1.1_amd64.deb ...
2025-06-09T20:55:46.7107898Z Unpacking libmpg123-0t64:amd64 (1.32.5-1ubuntu1.1) ...
2025-06-09T20:55:46.7371384Z Selecting previously unselected package libopenmpt0t64:amd64.
2025-06-09T20:55:46.7508670Z Preparing to unpack .../053-libopenmpt0t64_0.7.3-1.1build3_amd64.deb ...
2025-06-09T20:55:46.7517833Z Unpacking libopenmpt0t64:amd64 (0.7.3-1.1build3) ...
2025-06-09T20:55:46.7817257Z Selecting previously unselected package libcjson1:amd64.
2025-06-09T20:55:46.7954390Z Preparing to unpack .../054-libcjson1_1.7.17-1_amd64.deb ...
2025-06-09T20:55:46.7963990Z Unpacking libcjson1:amd64 (1.7.17-1) ...
2025-06-09T20:55:46.8195959Z Selecting previously unselected package libmbedcrypto7t64:amd64.
2025-06-09T20:55:46.8332932Z Preparing to unpack .../055-libmbedcrypto7t64_2.28.8-1_amd64.deb ...
2025-06-09T20:55:46.8347034Z Unpacking libmbedcrypto7t64:amd64 (2.28.8-1) ...
2025-06-09T20:55:46.8624206Z Selecting previously unselected package librist4:amd64.
2025-06-09T20:55:46.8762050Z Preparing to unpack .../056-librist4_0.2.10+dfsg-2_amd64.deb ...
2025-06-09T20:55:46.8772661Z Unpacking librist4:amd64 (0.2.10+dfsg-2) ...
2025-06-09T20:55:46.9005795Z Selecting previously unselected package libsrt1.5-gnutls:amd64.
2025-06-09T20:55:46.9148444Z Preparing to unpack .../057-libsrt1.5-gnutls_1.5.3-1build2_amd64.deb ...
2025-06-09T20:55:46.9162661Z Unpacking libsrt1.5-gnutls:amd64 (1.5.3-1build2) ...
2025-06-09T20:55:46.9450393Z Selecting previously unselected package libssh-gcrypt-4:amd64.
2025-06-09T20:55:46.9591136Z Preparing to unpack .../058-libssh-gcrypt-4_0.10.6-2build2_amd64.deb ...
2025-06-09T20:55:46.9600498Z Unpacking libssh-gcrypt-4:amd64 (0.10.6-2build2) ...
2025-06-09T20:55:46.9885867Z Selecting previously unselected package libavformat60:amd64.
2025-06-09T20:55:47.0026117Z Preparing to unpack .../059-libavformat60_7%3a6.1.1-3ubuntu5_amd64.deb ...
2025-06-09T20:55:47.0035952Z Unpacking libavformat60:amd64 (7:6.1.1-3ubuntu5) ...
2025-06-09T20:55:47.0392919Z Selecting previously unselected package libbs2b0:amd64.
2025-06-09T20:55:47.0532859Z Preparing to unpack .../060-libbs2b0_3.1.0+dfsg-7build1_amd64.deb ...
2025-06-09T20:55:47.0543215Z Unpacking libbs2b0:amd64 (3.1.0+dfsg-7build1) ...
2025-06-09T20:55:47.0880472Z Selecting previously unselected package libflite1:amd64.
2025-06-09T20:55:47.1019751Z Preparing to unpack .../061-libflite1_2.2-6build3_amd64.deb ...
2025-06-09T20:55:47.1031094Z Unpacking libflite1:amd64 (2.2-6build3) ...
2025-06-09T20:55:47.2263875Z Selecting previously unselected package libserd-0-0:amd64.
2025-06-09T20:55:47.2400213Z Preparing to unpack .../062-libserd-0-0_0.32.2-1_amd64.deb ...
2025-06-09T20:55:47.2411966Z Unpacking libserd-0-0:amd64 (0.32.2-1) ...
2025-06-09T20:55:47.2637235Z Selecting previously unselected package libzix-0-0:amd64.
2025-06-09T20:55:47.2772838Z Preparing to unpack .../063-libzix-0-0_0.4.2-2build1_amd64.deb ...
2025-06-09T20:55:47.2803195Z Unpacking libzix-0-0:amd64 (0.4.2-2build1) ...
2025-06-09T20:55:47.3037261Z Selecting previously unselected package libsord-0-0:amd64.
2025-06-09T20:55:47.3176836Z Preparing to unpack .../064-libsord-0-0_0.16.16-2build1_amd64.deb ...
2025-06-09T20:55:47.3188253Z Unpacking libsord-0-0:amd64 (0.16.16-2build1) ...
2025-06-09T20:55:47.3423537Z Selecting previously unselected package libsratom-0-0:amd64.
2025-06-09T20:55:47.3562640Z Preparing to unpack .../065-libsratom-0-0_0.6.16-1build1_amd64.deb ...
2025-06-09T20:55:47.3572396Z Unpacking libsratom-0-0:amd64 (0.6.16-1build1) ...
2025-06-09T20:55:47.3813968Z Selecting previously unselected package liblilv-0-0:amd64.
2025-06-09T20:55:47.3952351Z Preparing to unpack .../066-liblilv-0-0_0.24.22-1build1_amd64.deb ...
2025-06-09T20:55:47.3961371Z Unpacking liblilv-0-0:amd64 (0.24.22-1build1) ...
2025-06-09T20:55:47.4185594Z Selecting previously unselected package libmysofa1:amd64.
2025-06-09T20:55:47.4320866Z Preparing to unpack .../067-libmysofa1_1.3.2+dfsg-2ubuntu2_amd64.deb ...
2025-06-09T20:55:47.4332044Z Unpacking libmysofa1:amd64 (1.3.2+dfsg-2ubuntu2) ...
2025-06-09T20:55:47.4653595Z Selecting previously unselected package libplacebo338:amd64.
2025-06-09T20:55:47.4788761Z Preparing to unpack .../068-libplacebo338_6.338.2-2build1_amd64.deb ...
2025-06-09T20:55:47.4801574Z Unpacking libplacebo338:amd64 (6.338.2-2build1) ...
2025-06-09T20:55:47.5377464Z Selecting previously unselected package libblas3:amd64.
2025-06-09T20:55:47.5513291Z Preparing to unpack .../069-libblas3_3.12.0-3build1.1_amd64.deb ...
2025-06-09T20:55:47.5549845Z Unpacking libblas3:amd64 (3.12.0-3build1.1) ...
2025-06-09T20:55:47.5820678Z Selecting previously unselected package liblapack3:amd64.
2025-06-09T20:55:47.5957903Z Preparing to unpack .../070-liblapack3_3.12.0-3build1.1_amd64.deb ...
2025-06-09T20:55:47.5991700Z Unpacking liblapack3:amd64 (3.12.0-3build1.1) ...
2025-06-09T20:55:47.6540022Z Selecting previously unselected package libasyncns0:amd64.
2025-06-09T20:55:47.6677173Z Preparing to unpack .../071-libasyncns0_0.8-6build4_amd64.deb ...
2025-06-09T20:55:47.6688058Z Unpacking libasyncns0:amd64 (0.8-6build4) ...
2025-06-09T20:55:47.6945871Z Selecting previously unselected package libflac12t64:amd64.
2025-06-09T20:55:47.7084127Z Preparing to unpack .../072-libflac12t64_1.4.3+ds-2.1ubuntu2_amd64.deb ...
2025-06-09T20:55:47.7095721Z Unpacking libflac12t64:amd64 (1.4.3+ds-2.1ubuntu2) ...
2025-06-09T20:55:47.7394286Z Selecting previously unselected package libsndfile1:amd64.
2025-06-09T20:55:47.7535704Z Preparing to unpack .../073-libsndfile1_1.2.2-1ubuntu5.24.04.1_amd64.deb ...
2025-06-09T20:55:47.7545635Z Unpacking libsndfile1:amd64 (1.2.2-1ubuntu5.24.04.1) ...
2025-06-09T20:55:47.7856050Z Selecting previously unselected package libpulse0:amd64.
2025-06-09T20:55:47.7995849Z Preparing to unpack .../074-libpulse0_1%3a16.1+dfsg1-2ubuntu10.1_amd64.deb ...
2025-06-09T20:55:47.8071254Z Unpacking libpulse0:amd64 (1:16.1+dfsg1-2ubuntu10.1) ...
2025-06-09T20:55:47.8387638Z Selecting previously unselected package libsphinxbase3t64:amd64.
2025-06-09T20:55:47.8527153Z Preparing to unpack .../075-libsphinxbase3t64_0.8+5prealpha+1-17build2_amd64.deb ...
2025-06-09T20:55:47.8540069Z Unpacking libsphinxbase3t64:amd64 (0.8+5prealpha+1-17build2) ...
2025-06-09T20:55:47.8811644Z Selecting previously unselected package libpocketsphinx3:amd64.
2025-06-09T20:55:47.8949687Z Preparing to unpack .../076-libpocketsphinx3_0.8.0+real5prealpha+1-15ubuntu5_amd64.deb ...
2025-06-09T20:55:47.8968270Z Unpacking libpocketsphinx3:amd64 (0.8.0+real5prealpha+1-15ubuntu5) ...
2025-06-09T20:55:47.9241956Z Selecting previously unselected package libpostproc57:amd64.
2025-06-09T20:55:47.9380046Z Preparing to unpack .../077-libpostproc57_7%3a6.1.1-3ubuntu5_amd64.deb ...
2025-06-09T20:55:47.9390166Z Unpacking libpostproc57:amd64 (7:6.1.1-3ubuntu5) ...
2025-06-09T20:55:47.9695844Z Selecting previously unselected package libsamplerate0:amd64.
2025-06-09T20:55:47.9835599Z Preparing to unpack .../078-libsamplerate0_0.2.2-4build1_amd64.deb ...
2025-06-09T20:55:47.9847480Z Unpacking libsamplerate0:amd64 (0.2.2-4build1) ...
2025-06-09T20:55:48.0275472Z Selecting previously unselected package librubberband2:amd64.
2025-06-09T20:55:48.0411822Z Preparing to unpack .../079-librubberband2_3.3.0+dfsg-2build1_amd64.deb ...
2025-06-09T20:55:48.0421384Z Unpacking librubberband2:amd64 (3.3.0+dfsg-2build1) ...
2025-06-09T20:55:48.0677922Z Selecting previously unselected package libswscale7:amd64.
2025-06-09T20:55:48.0814093Z Preparing to unpack .../080-libswscale7_7%3a6.1.1-3ubuntu5_amd64.deb ...
2025-06-09T20:55:48.0822376Z Unpacking libswscale7:amd64 (7:6.1.1-3ubuntu5) ...
2025-06-09T20:55:48.1080913Z Selecting previously unselected package libvidstab1.1:amd64.
2025-06-09T20:55:48.1221875Z Preparing to unpack .../081-libvidstab1.1_1.1.0-2build1_amd64.deb ...
2025-06-09T20:55:48.1232406Z Unpacking libvidstab1.1:amd64 (1.1.0-2build1) ...
2025-06-09T20:55:48.1480529Z Selecting previously unselected package libzimg2:amd64.
2025-06-09T20:55:48.1622305Z Preparing to unpack .../082-libzimg2_3.0.5+ds1-1build1_amd64.deb ...
2025-06-09T20:55:48.1634085Z Unpacking libzimg2:amd64 (3.0.5+ds1-1build1) ...
2025-06-09T20:55:48.1931711Z Selecting previously unselected package libavfilter9:amd64.
2025-06-09T20:55:48.2073204Z Preparing to unpack .../083-libavfilter9_7%3a6.1.1-3ubuntu5_amd64.deb ...
2025-06-09T20:55:48.2085020Z Unpacking libavfilter9:amd64 (7:6.1.1-3ubuntu5) ...
2025-06-09T20:55:48.2850953Z Selecting previously unselected package liborc-0.4-0t64:amd64.
2025-06-09T20:55:48.2986191Z Preparing to unpack .../084-liborc-0.4-0t64_1%3a0.4.38-1ubuntu0.1_amd64.deb ...
2025-06-09T20:55:48.3002077Z Unpacking liborc-0.4-0t64:amd64 (1:0.4.38-1ubuntu0.1) ...
2025-06-09T20:55:48.3266891Z Selecting previously unselected package libgstreamer-plugins-base1.0-0:amd64.
2025-06-09T20:55:48.3403850Z Preparing to unpack .../085-libgstreamer-plugins-base1.0-0_1.24.2-1ubuntu0.2_amd64.deb ...
2025-06-09T20:55:48.3412826Z Unpacking libgstreamer-plugins-base1.0-0:amd64 (1.24.2-1ubuntu0.2) ...
2025-06-09T20:55:48.3780102Z Selecting previously unselected package gstreamer1.0-libav:amd64.
2025-06-09T20:55:48.3918629Z Preparing to unpack .../086-gstreamer1.0-libav_1.24.1-1build1_amd64.deb ...
2025-06-09T20:55:48.3948322Z Unpacking gstreamer1.0-libav:amd64 (1.24.1-1build1) ...
2025-06-09T20:55:48.4191930Z Selecting previously unselected package libcdparanoia0:amd64.
2025-06-09T20:55:48.4337052Z Preparing to unpack .../087-libcdparanoia0_3.10.2+debian-14build3_amd64.deb ...
2025-06-09T20:55:48.4347161Z Unpacking libcdparanoia0:amd64 (3.10.2+debian-14build3) ...
2025-06-09T20:55:48.4593678Z Selecting previously unselected package libvisual-0.4-0:amd64.
2025-06-09T20:55:48.4732824Z Preparing to unpack .../088-libvisual-0.4-0_0.4.2-2build1_amd64.deb ...
2025-06-09T20:55:48.4744367Z Unpacking libvisual-0.4-0:amd64 (0.4.2-2build1) ...
2025-06-09T20:55:48.5004173Z Selecting previously unselected package gstreamer1.0-plugins-base:amd64.
2025-06-09T20:55:48.5142970Z Preparing to unpack .../089-gstreamer1.0-plugins-base_1.24.2-1ubuntu0.2_amd64.deb ...
2025-06-09T20:55:48.5153008Z Unpacking gstreamer1.0-plugins-base:amd64 (1.24.2-1ubuntu0.2) ...
2025-06-09T20:55:48.5518932Z Selecting previously unselected package libaa1:amd64.
2025-06-09T20:55:48.5656152Z Preparing to unpack .../090-libaa1_1.4p5-51.1_amd64.deb ...
2025-06-09T20:55:48.5665329Z Unpacking libaa1:amd64 (1.4p5-51.1) ...
2025-06-09T20:55:48.5904517Z Selecting previously unselected package libraw1394-11:amd64.
2025-06-09T20:55:48.6042541Z Preparing to unpack .../091-libraw1394-11_2.1.2-2build3_amd64.deb ...
2025-06-09T20:55:48.6051100Z Unpacking libraw1394-11:amd64 (2.1.2-2build3) ...
2025-06-09T20:55:48.6284484Z Selecting previously unselected package libavc1394-0:amd64.
2025-06-09T20:55:48.6420676Z Preparing to unpack .../092-libavc1394-0_0.5.4-5build3_amd64.deb ...
2025-06-09T20:55:48.6431068Z Unpacking libavc1394-0:amd64 (0.5.4-5build3) ...
2025-06-09T20:55:48.6648261Z Selecting previously unselected package libcaca0:amd64.
2025-06-09T20:55:48.6787889Z Preparing to unpack .../093-libcaca0_0.99.beta20-4build2_amd64.deb ...
2025-06-09T20:55:48.6798486Z Unpacking libcaca0:amd64 (0.99.beta20-4build2) ...
2025-06-09T20:55:48.7093137Z Selecting previously unselected package libdv4t64:amd64.
2025-06-09T20:55:48.7232792Z Preparing to unpack .../094-libdv4t64_1.0.0-17.1build1_amd64.deb ...
2025-06-09T20:55:48.7243183Z Unpacking libdv4t64:amd64 (1.0.0-17.1build1) ...
2025-06-09T20:55:48.7539098Z Selecting previously unselected package libgstreamer-plugins-good1.0-0:amd64.
2025-06-09T20:55:48.7675633Z Preparing to unpack .../095-libgstreamer-plugins-good1.0-0_1.24.2-1ubuntu1.1_amd64.deb ...
2025-06-09T20:55:48.7689934Z Unpacking libgstreamer-plugins-good1.0-0:amd64 (1.24.2-1ubuntu1.1) ...
2025-06-09T20:55:48.7961057Z Selecting previously unselected package libiec61883-0:amd64.
2025-06-09T20:55:48.8097218Z Preparing to unpack .../096-libiec61883-0_1.2.0-6build1_amd64.deb ...
2025-06-09T20:55:48.8108562Z Unpacking libiec61883-0:amd64 (1.2.0-6build1) ...
2025-06-09T20:55:48.8361386Z Selecting previously unselected package libshout3:amd64.
2025-06-09T20:55:48.8499139Z Preparing to unpack .../097-libshout3_2.4.6-1build2_amd64.deb ...
2025-06-09T20:55:48.8513293Z Unpacking libshout3:amd64 (2.4.6-1build2) ...
2025-06-09T20:55:48.8780434Z Selecting previously unselected package libtag1v5-vanilla:amd64.
2025-06-09T20:55:48.8916903Z Preparing to unpack .../098-libtag1v5-vanilla_1.13.1-1build1_amd64.deb ...
2025-06-09T20:55:48.8926830Z Unpacking libtag1v5-vanilla:amd64 (1.13.1-1build1) ...
2025-06-09T20:55:48.9202786Z Selecting previously unselected package libtag1v5:amd64.
2025-06-09T20:55:48.9340356Z Preparing to unpack .../099-libtag1v5_1.13.1-1build1_amd64.deb ...
2025-06-09T20:55:48.9355546Z Unpacking libtag1v5:amd64 (1.13.1-1build1) ...
2025-06-09T20:55:48.9600893Z Selecting previously unselected package libv4lconvert0t64:amd64.
2025-06-09T20:55:48.9739610Z Preparing to unpack .../100-libv4lconvert0t64_1.26.1-4build3_amd64.deb ...
2025-06-09T20:55:48.9751121Z Unpacking libv4lconvert0t64:amd64 (1.26.1-4build3) ...
2025-06-09T20:55:49.0020926Z Selecting previously unselected package libv4l-0t64:amd64.
2025-06-09T20:55:49.0160526Z Preparing to unpack .../101-libv4l-0t64_1.26.1-4build3_amd64.deb ...
2025-06-09T20:55:49.0175032Z Unpacking libv4l-0t64:amd64 (1.26.1-4build3) ...
2025-06-09T20:55:49.0479024Z Selecting previously unselected package libwavpack1:amd64.
2025-06-09T20:55:49.0618629Z Preparing to unpack .../102-libwavpack1_5.6.0-1build1_amd64.deb ...
2025-06-09T20:55:49.0633547Z Unpacking libwavpack1:amd64 (5.6.0-1build1) ...
2025-06-09T20:55:49.0896512Z Selecting previously unselected package libsoup-3.0-common.
2025-06-09T20:55:49.1034112Z Preparing to unpack .../103-libsoup-3.0-common_3.4.4-5ubuntu0.4_all.deb ...
2025-06-09T20:55:49.1047163Z Unpacking libsoup-3.0-common (3.4.4-5ubuntu0.4) ...
2025-06-09T20:55:49.1309983Z Selecting previously unselected package libsoup-3.0-0:amd64.
2025-06-09T20:55:49.1447002Z Preparing to unpack .../104-libsoup-3.0-0_3.4.4-5ubuntu0.4_amd64.deb ...
2025-06-09T20:55:49.1461492Z Unpacking libsoup-3.0-0:amd64 (3.4.4-5ubuntu0.4) ...
2025-06-09T20:55:49.1737885Z Selecting previously unselected package gstreamer1.0-plugins-good:amd64.
2025-06-09T20:55:49.1880044Z Preparing to unpack .../105-gstreamer1.0-plugins-good_1.24.2-1ubuntu1.1_amd64.deb ...
2025-06-09T20:55:49.1892101Z Unpacking gstreamer1.0-plugins-good:amd64 (1.24.2-1ubuntu1.1) ...
2025-06-09T20:55:49.2538977Z Selecting previously unselected package libabsl20220623t64:amd64.
2025-06-09T20:55:49.2675126Z Preparing to unpack .../106-libabsl20220623t64_20220623.1-3.1ubuntu3.2_amd64.deb ...
2025-06-09T20:55:49.2691345Z Unpacking libabsl20220623t64:amd64 (20220623.1-3.1ubuntu3.2) ...
2025-06-09T20:55:49.3155905Z Selecting previously unselected package libgav1-1:amd64.
2025-06-09T20:55:49.3294055Z Preparing to unpack .../107-libgav1-1_0.18.0-1build3_amd64.deb ...
2025-06-09T20:55:49.3304096Z Unpacking libgav1-1:amd64 (0.18.0-1build3) ...
2025-06-09T20:55:49.3587229Z Selecting previously unselected package libyuv0:amd64.
2025-06-09T20:55:49.3725855Z Preparing to unpack .../108-libyuv0_0.0~git202401110.af6ac82-1_amd64.deb ...
2025-06-09T20:55:49.3738637Z Unpacking libyuv0:amd64 (0.0~git202401110.af6ac82-1) ...
2025-06-09T20:55:49.4035705Z Selecting previously unselected package libavif16:amd64.
2025-06-09T20:55:49.4176105Z Preparing to unpack .../109-libavif16_1.0.4-1ubuntu3_amd64.deb ...
2025-06-09T20:55:49.4191246Z Unpacking libavif16:amd64 (1.0.4-1ubuntu3) ...
2025-06-09T20:55:49.4449923Z Selecting previously unselected package libavtp0:amd64.
2025-06-09T20:55:49.4588361Z Preparing to unpack .../110-libavtp0_0.2.0-1build1_amd64.deb ...
2025-06-09T20:55:49.4599929Z Unpacking libavtp0:amd64 (0.2.0-1build1) ...
2025-06-09T20:55:49.4850130Z Selecting previously unselected package libcairo-script-interpreter2:amd64.
2025-06-09T20:55:49.4988271Z Preparing to unpack .../111-libcairo-script-interpreter2_1.18.0-3build1_amd64.deb ...
2025-06-09T20:55:49.4999205Z Unpacking libcairo-script-interpreter2:amd64 (1.18.0-3build1) ...
2025-06-09T20:55:49.5247842Z Selecting previously unselected package libdc1394-25:amd64.
2025-06-09T20:55:49.5386020Z Preparing to unpack .../112-libdc1394-25_2.2.6-4build1_amd64.deb ...
2025-06-09T20:55:49.5397283Z Unpacking libdc1394-25:amd64 (2.2.6-4build1) ...
2025-06-09T20:55:49.5653282Z Selecting previously unselected package libdecor-0-0:amd64.
2025-06-09T20:55:49.5794394Z Preparing to unpack .../113-libdecor-0-0_0.2.2-1build2_amd64.deb ...
2025-06-09T20:55:49.5811852Z Unpacking libdecor-0-0:amd64 (0.2.2-1build2) ...
2025-06-09T20:55:49.6072628Z Selecting previously unselected package libgles2:amd64.
2025-06-09T20:55:49.6212764Z Preparing to unpack .../114-libgles2_1.7.0-1build1_amd64.deb ...
2025-06-09T20:55:49.6225204Z Unpacking libgles2:amd64 (1.7.0-1build1) ...
2025-06-09T20:55:49.6480816Z Selecting previously unselected package libdirectfb-1.7-7t64:amd64.
2025-06-09T20:55:49.6627373Z Preparing to unpack .../115-libdirectfb-1.7-7t64_1.7.7-11.1ubuntu2_amd64.deb ...
2025-06-09T20:55:49.6642301Z Unpacking libdirectfb-1.7-7t64:amd64 (1.7.7-11.1ubuntu2) ...
2025-06-09T20:55:49.7090461Z Selecting previously unselected package libdvdread8t64:amd64.
2025-06-09T20:55:49.7232427Z Preparing to unpack .../116-libdvdread8t64_6.1.3-1.1build1_amd64.deb ...
2025-06-09T20:55:49.7243318Z Unpacking libdvdread8t64:amd64 (6.1.3-1.1build1) ...
2025-06-09T20:55:49.7508568Z Selecting previously unselected package libdvdnav4:amd64.
2025-06-09T20:55:49.7646167Z Preparing to unpack .../117-libdvdnav4_6.1.1-3build1_amd64.deb ...
2025-06-09T20:55:49.7657562Z Unpacking libdvdnav4:amd64 (6.1.1-3build1) ...
2025-06-09T20:55:49.7903857Z Selecting previously unselected package libegl-mesa0:amd64.
2025-06-09T20:55:49.8042776Z Preparing to unpack .../118-libegl-mesa0_24.2.8-1ubuntu1~24.04.1_amd64.deb ...
2025-06-09T20:55:49.8054075Z Unpacking libegl-mesa0:amd64 (24.2.8-1ubuntu1~24.04.1) ...
2025-06-09T20:55:49.8316709Z Selecting previously unselected package libevent-2.1-7t64:amd64.
2025-06-09T20:55:49.8455112Z Preparing to unpack .../119-libevent-2.1-7t64_2.1.12-stable-9ubuntu2_amd64.deb ...
2025-06-09T20:55:49.8465954Z Unpacking libevent-2.1-7t64:amd64 (2.1.12-stable-9ubuntu2) ...
2025-06-09T20:55:49.8726512Z Selecting previously unselected package libfaad2:amd64.
2025-06-09T20:55:49.8866165Z Preparing to unpack .../120-libfaad2_2.11.1-1build1_amd64.deb ...
2025-06-09T20:55:49.8879329Z Unpacking libfaad2:amd64 (2.11.1-1build1) ...
2025-06-09T20:55:49.9171819Z Selecting previously unselected package libinstpatch-1.0-2:amd64.
2025-06-09T20:55:49.9312958Z Preparing to unpack .../121-libinstpatch-1.0-2_1.1.6-1build2_amd64.deb ...
2025-06-09T20:55:49.9321632Z Unpacking libinstpatch-1.0-2:amd64 (1.1.6-1build2) ...
2025-06-09T20:55:49.9629185Z Selecting previously unselected package libjack-jackd2-0:amd64.
2025-06-09T20:55:49.9770608Z Preparing to unpack .../122-libjack-jackd2-0_1.9.21~dfsg-3ubuntu3_amd64.deb ...
2025-06-09T20:55:49.9781920Z Unpacking libjack-jackd2-0:amd64 (1.9.21~dfsg-3ubuntu3) ...
2025-06-09T20:55:50.0078052Z Selecting previously unselected package libwebrtc-audio-processing1:amd64.
2025-06-09T20:55:50.0216091Z Preparing to unpack .../123-libwebrtc-audio-processing1_0.3.1-0ubuntu6_amd64.deb ...
2025-06-09T20:55:50.0229388Z Unpacking libwebrtc-audio-processing1:amd64 (0.3.1-0ubuntu6) ...
2025-06-09T20:55:50.0503499Z Selecting previously unselected package libspa-0.2-modules:amd64.
2025-06-09T20:55:50.0645726Z Preparing to unpack .../124-libspa-0.2-modules_1.0.5-1ubuntu3_amd64.deb ...
2025-06-09T20:55:50.0656466Z Unpacking libspa-0.2-modules:amd64 (1.0.5-1ubuntu3) ...
2025-06-09T20:55:50.1043044Z Selecting previously unselected package libpipewire-0.3-0t64:amd64.
2025-06-09T20:55:50.1181181Z Preparing to unpack .../125-libpipewire-0.3-0t64_1.0.5-1ubuntu3_amd64.deb ...
2025-06-09T20:55:50.1191153Z Unpacking libpipewire-0.3-0t64:amd64 (1.0.5-1ubuntu3) ...
2025-06-09T20:55:50.1482502Z Selecting previously unselected package libsdl2-2.0-0:amd64.
2025-06-09T20:55:50.1621724Z Preparing to unpack .../126-libsdl2-2.0-0_2.30.0+dfsg-1ubuntu3.1_amd64.deb ...
2025-06-09T20:55:50.1632046Z Unpacking libsdl2-2.0-0:amd64 (2.30.0+dfsg-1ubuntu3.1) ...
2025-06-09T20:55:50.1974050Z Selecting previously unselected package timgm6mb-soundfont.
2025-06-09T20:55:50.2112627Z Preparing to unpack .../127-timgm6mb-soundfont_1.3-5_all.deb ...
2025-06-09T20:55:50.2122709Z Unpacking timgm6mb-soundfont (1.3-5) ...
2025-06-09T20:55:50.5561023Z Selecting previously unselected package libfluidsynth3:amd64.
2025-06-09T20:55:50.5701584Z Preparing to unpack .../128-libfluidsynth3_2.3.4-1build3_amd64.deb ...
2025-06-09T20:55:50.5716277Z Unpacking libfluidsynth3:amd64 (2.3.4-1build3) ...
2025-06-09T20:55:50.6006152Z Selecting previously unselected package libfreeaptx0:amd64.
2025-06-09T20:55:50.6147079Z Preparing to unpack .../129-libfreeaptx0_0.1.1-2build1_amd64.deb ...
2025-06-09T20:55:50.6160936Z Unpacking libfreeaptx0:amd64 (0.1.1-2build1) ...
2025-06-09T20:55:50.6421454Z Selecting previously unselected package libgraphene-1.0-0:amd64.
2025-06-09T20:55:50.6559990Z Preparing to unpack .../130-libgraphene-1.0-0_1.10.8-3build2_amd64.deb ...
2025-06-09T20:55:50.6571673Z Unpacking libgraphene-1.0-0:amd64 (1.10.8-3build2) ...
2025-06-09T20:55:50.6825396Z Selecting previously unselected package libgssdp-1.6-0:amd64.
2025-06-09T20:55:50.6965083Z Preparing to unpack .../131-libgssdp-1.6-0_1.6.3-1build3_amd64.deb ...
2025-06-09T20:55:50.6974619Z Unpacking libgssdp-1.6-0:amd64 (1.6.3-1build3) ...
2025-06-09T20:55:50.7255381Z Selecting previously unselected package libegl1:amd64.
2025-06-09T20:55:50.7395017Z Preparing to unpack .../132-libegl1_1.7.0-1build1_amd64.deb ...
2025-06-09T20:55:50.7412679Z Unpacking libegl1:amd64 (1.7.0-1build1) ...
2025-06-09T20:55:50.7679675Z Selecting previously unselected package libgstreamer-gl1.0-0:amd64.
2025-06-09T20:55:50.7823071Z Preparing to unpack .../133-libgstreamer-gl1.0-0_1.24.2-1ubuntu0.2_amd64.deb ...
2025-06-09T20:55:50.7838356Z Unpacking libgstreamer-gl1.0-0:amd64 (1.24.2-1ubuntu0.2) ...
2025-06-09T20:55:50.8154565Z Selecting previously unselected package libgtk-4-common.
2025-06-09T20:55:50.8306963Z Preparing to unpack .../134-libgtk-4-common_4.14.2+ds-1ubuntu3_all.deb ...
2025-06-09T20:55:50.8321587Z Unpacking libgtk-4-common (4.14.2+ds-1ubuntu3) ...
2025-06-09T20:55:50.8874489Z Selecting previously unselected package libgtk-4-1:amd64.
2025-06-09T20:55:50.9016670Z Preparing to unpack .../135-libgtk-4-1_4.14.2+ds-1ubuntu3_amd64.deb ...
2025-06-09T20:55:50.9032671Z Unpacking libgtk-4-1:amd64 (4.14.2+ds-1ubuntu3) ...
2025-06-09T20:55:50.9755024Z Selecting previously unselected package libgupnp-1.6-0:amd64.
2025-06-09T20:55:50.9894916Z Preparing to unpack .../136-libgupnp-1.6-0_1.6.6-1build3_amd64.deb ...
2025-06-09T20:55:50.9908093Z Unpacking libgupnp-1.6-0:amd64 (1.6.6-1build3) ...
2025-06-09T20:55:51.0172069Z Selecting previously unselected package libgupnp-igd-1.6-0:amd64.
2025-06-09T20:55:51.0311895Z Preparing to unpack .../137-libgupnp-igd-1.6-0_1.6.0-3build3_amd64.deb ...
2025-06-09T20:55:51.0322493Z Unpacking libgupnp-igd-1.6-0:amd64 (1.6.0-3build3) ...
2025-06-09T20:55:51.0566735Z Selecting previously unselected package libharfbuzz-icu0:amd64.
2025-06-09T20:55:51.0709214Z Preparing to unpack .../138-libharfbuzz-icu0_8.3.0-2build2_amd64.deb ...
2025-06-09T20:55:51.0723242Z Unpacking libharfbuzz-icu0:amd64 (8.3.0-2build2) ...
2025-06-09T20:55:51.0986227Z Selecting previously unselected package libhyphen0:amd64.
2025-06-09T20:55:51.1120708Z Preparing to unpack .../139-libhyphen0_2.8.8-7build3_amd64.deb ...
2025-06-09T20:55:51.1137732Z Unpacking libhyphen0:amd64 (2.8.8-7build3) ...
2025-06-09T20:55:51.1385798Z Selecting previously unselected package libimath-3-1-29t64:amd64.
2025-06-09T20:55:51.1521604Z Preparing to unpack .../140-libimath-3-1-29t64_3.1.9-3.1ubuntu2_amd64.deb ...
2025-06-09T20:55:51.1533809Z Unpacking libimath-3-1-29t64:amd64 (3.1.9-3.1ubuntu2) ...
2025-06-09T20:55:51.1826996Z Selecting previously unselected package liblc3-1:amd64.
2025-06-09T20:55:51.1974134Z Preparing to unpack .../141-liblc3-1_1.0.4-3build1_amd64.deb ...
2025-06-09T20:55:51.1986679Z Unpacking liblc3-1:amd64 (1.0.4-3build1) ...
2025-06-09T20:55:51.2253977Z Selecting previously unselected package libldacbt-enc2:amd64.
2025-06-09T20:55:51.2392411Z Preparing to unpack .../142-libldacbt-enc2_2.0.2.3+git20200429+ed310a0-4ubuntu2_amd64.deb ...
2025-06-09T20:55:51.2406503Z Unpacking libldacbt-enc2:amd64 (2.0.2.3+git20200429+ed310a0-4ubuntu2) ...
2025-06-09T20:55:51.2646120Z Selecting previously unselected package libraptor2-0:amd64.
2025-06-09T20:55:51.2784211Z Preparing to unpack .../143-libraptor2-0_2.0.16-3ubuntu0.1_amd64.deb ...
2025-06-09T20:55:51.2795870Z Unpacking libraptor2-0:amd64 (2.0.16-3ubuntu0.1) ...
2025-06-09T20:55:51.3103656Z Selecting previously unselected package liblrdf0:amd64.
2025-06-09T20:55:51.3240354Z Preparing to unpack .../144-liblrdf0_0.6.1-4build1_amd64.deb ...
2025-06-09T20:55:51.3253031Z Unpacking liblrdf0:amd64 (0.6.1-4build1) ...
2025-06-09T20:55:51.3503137Z Selecting previously unselected package libltc11:amd64.
2025-06-09T20:55:51.3643852Z Preparing to unpack .../145-libltc11_1.3.2-1build1_amd64.deb ...
2025-06-09T20:55:51.3653958Z Unpacking libltc11:amd64 (1.3.2-1build1) ...
2025-06-09T20:55:51.3907265Z Selecting previously unselected package libmanette-0.2-0:amd64.
2025-06-09T20:55:51.4047979Z Preparing to unpack .../146-libmanette-0.2-0_0.2.7-1build2_amd64.deb ...
2025-06-09T20:55:51.4061614Z Unpacking libmanette-0.2-0:amd64 (0.2.7-1build2) ...
2025-06-09T20:55:51.4313261Z Selecting previously unselected package libmfx1:amd64.
2025-06-09T20:55:51.4450677Z Preparing to unpack .../147-libmfx1_22.5.4-1_amd64.deb ...
2025-06-09T20:55:51.4461485Z Unpacking libmfx1:amd64 (22.5.4-1) ...
2025-06-09T20:55:51.5494670Z Selecting previously unselected package libmjpegutils-2.1-0t64:amd64.
2025-06-09T20:55:51.5631806Z Preparing to unpack .../148-libmjpegutils-2.1-0t64_1%3a2.1.0+debian-8.1build1_amd64.deb ...
2025-06-09T20:55:51.5643604Z Unpacking libmjpegutils-2.1-0t64:amd64 (1:2.1.0+debian-8.1build1) ...
2025-06-09T20:55:51.5905975Z Selecting previously unselected package libmodplug1:amd64.
2025-06-09T20:55:51.6044595Z Preparing to unpack .../149-libmodplug1_1%3a0.8.9.0-3build1_amd64.deb ...
2025-06-09T20:55:51.6056769Z Unpacking libmodplug1:amd64 (1:0.8.9.0-3build1) ...
2025-06-09T20:55:51.6333123Z Selecting previously unselected package libmpcdec6:amd64.
2025-06-09T20:55:51.6471638Z Preparing to unpack .../150-libmpcdec6_2%3a0.1~r495-2build1_amd64.deb ...
2025-06-09T20:55:51.6481876Z Unpacking libmpcdec6:amd64 (2:0.1~r495-2build1) ...
2025-06-09T20:55:51.6725767Z Selecting previously unselected package libmpeg2encpp-2.1-0t64:amd64.
2025-06-09T20:55:51.6865005Z Preparing to unpack .../151-libmpeg2encpp-2.1-0t64_1%3a2.1.0+debian-8.1build1_amd64.deb ...
2025-06-09T20:55:51.6876070Z Unpacking libmpeg2encpp-2.1-0t64:amd64 (1:2.1.0+debian-8.1build1) ...
2025-06-09T20:55:51.7137007Z Selecting previously unselected package libmplex2-2.1-0t64:amd64.
2025-06-09T20:55:51.7275002Z Preparing to unpack .../152-libmplex2-2.1-0t64_1%3a2.1.0+debian-8.1build1_amd64.deb ...
2025-06-09T20:55:51.7289026Z Unpacking libmplex2-2.1-0t64:amd64 (1:2.1.0+debian-8.1build1) ...
2025-06-09T20:55:51.7565449Z Selecting previously unselected package libneon27t64:amd64.
2025-06-09T20:55:51.7703250Z Preparing to unpack .../153-libneon27t64_0.33.0-1.1build3_amd64.deb ...
2025-06-09T20:55:51.7716250Z Unpacking libneon27t64:amd64 (0.33.0-1.1build3) ...
2025-06-09T20:55:51.7978831Z Selecting previously unselected package libnice10:amd64.
2025-06-09T20:55:51.8115771Z Preparing to unpack .../154-libnice10_0.1.21-2build3_amd64.deb ...
2025-06-09T20:55:51.8129071Z Unpacking libnice10:amd64 (0.1.21-2build3) ...
2025-06-09T20:55:51.8390811Z Selecting previously unselected package libopenal-data.
2025-06-09T20:55:51.8531990Z Preparing to unpack .../155-libopenal-data_1%3a1.23.1-4build1_all.deb ...
2025-06-09T20:55:51.8546325Z Unpacking libopenal-data (1:1.23.1-4build1) ...
2025-06-09T20:55:51.8830773Z Selecting previously unselected package libopenexr-3-1-30:amd64.
2025-06-09T20:55:51.8970011Z Preparing to unpack .../156-libopenexr-3-1-30_3.1.5-5.1build3_amd64.deb ...
2025-06-09T20:55:51.8985358Z Unpacking libopenexr-3-1-30:amd64 (3.1.5-5.1build3) ...
2025-06-09T20:55:51.9419012Z Selecting previously unselected package libopenh264-7:amd64.
2025-06-09T20:55:51.9558528Z Preparing to unpack .../157-libopenh264-7_2.4.1+dfsg-1_amd64.deb ...
2025-06-09T20:55:51.9576846Z Unpacking libopenh264-7:amd64 (2.4.1+dfsg-1) ...
2025-06-09T20:55:51.9925920Z Selecting previously unselected package libopenni2-0:amd64.
2025-06-09T20:55:52.0064281Z Preparing to unpack .../158-libopenni2-0_2.2.0.33+dfsg-18_amd64.deb ...
2025-06-09T20:55:52.0104740Z Unpacking libopenni2-0:amd64 (2.2.0.33+dfsg-18) ...
2025-06-09T20:55:52.0423098Z Selecting previously unselected package libqrencode4:amd64.
2025-06-09T20:55:52.0560316Z Preparing to unpack .../159-libqrencode4_4.1.1-1build2_amd64.deb ...
2025-06-09T20:55:52.0580296Z Unpacking libqrencode4:amd64 (4.1.1-1build2) ...
2025-06-09T20:55:52.0838719Z Selecting previously unselected package libsecret-common.
2025-06-09T20:55:52.0976450Z Preparing to unpack .../160-libsecret-common_0.21.4-1build3_all.deb ...
2025-06-09T20:55:52.0989868Z Unpacking libsecret-common (0.21.4-1build3) ...
2025-06-09T20:55:52.1242267Z Selecting previously unselected package libsecret-1-0:amd64.
2025-06-09T20:55:52.1378488Z Preparing to unpack .../161-libsecret-1-0_0.21.4-1build3_amd64.deb ...
2025-06-09T20:55:52.1393335Z Unpacking libsecret-1-0:amd64 (0.21.4-1build3) ...
2025-06-09T20:55:52.1661583Z Selecting previously unselected package libsndio7.0:amd64.
2025-06-09T20:55:52.1798455Z Preparing to unpack .../162-libsndio7.0_1.9.0-0.3build3_amd64.deb ...
2025-06-09T20:55:52.1952873Z Unpacking libsndio7.0:amd64 (1.9.0-0.3build3) ...
2025-06-09T20:55:52.2200661Z Selecting previously unselected package libsoundtouch1:amd64.
2025-06-09T20:55:52.2340217Z Preparing to unpack .../163-libsoundtouch1_2.3.2+ds1-1build1_amd64.deb ...
2025-06-09T20:55:52.2354635Z Unpacking libsoundtouch1:amd64 (2.3.2+ds1-1build1) ...
2025-06-09T20:55:52.2624323Z Selecting previously unselected package libspandsp2t64:amd64.
2025-06-09T20:55:52.2762316Z Preparing to unpack .../164-libspandsp2t64_0.0.6+dfsg-2.1build1_amd64.deb ...
2025-06-09T20:55:52.2781663Z Unpacking libspandsp2t64:amd64 (0.0.6+dfsg-2.1build1) ...
2025-06-09T20:55:52.3067187Z Selecting previously unselected package libsrtp2-1:amd64.
2025-06-09T20:55:52.3206422Z Preparing to unpack .../165-libsrtp2-1_2.5.0-3build1_amd64.deb ...
2025-06-09T20:55:52.3220779Z Unpacking libsrtp2-1:amd64 (2.5.0-3build1) ...
2025-06-09T20:55:52.3471405Z Selecting previously unselected package libwildmidi2:amd64.
2025-06-09T20:55:52.3608380Z Preparing to unpack .../166-libwildmidi2_0.4.3-1build3_amd64.deb ...
2025-06-09T20:55:52.3620451Z Unpacking libwildmidi2:amd64 (0.4.3-1build3) ...
2025-06-09T20:55:52.3879896Z Selecting previously unselected package libwoff1:amd64.
2025-06-09T20:55:52.4020322Z Preparing to unpack .../167-libwoff1_1.0.2-2build1_amd64.deb ...
2025-06-09T20:55:52.4032649Z Unpacking libwoff1:amd64 (1.0.2-2build1) ...
2025-06-09T20:55:52.4313988Z Selecting previously unselected package libxcb-xkb1:amd64.
2025-06-09T20:55:52.4452241Z Preparing to unpack .../168-libxcb-xkb1_1.15-1ubuntu2_amd64.deb ...
2025-06-09T20:55:52.4461855Z Unpacking libxcb-xkb1:amd64 (1.15-1ubuntu2) ...
2025-06-09T20:55:52.4730811Z Selecting previously unselected package libxkbcommon-x11-0:amd64.
2025-06-09T20:55:52.4867146Z Preparing to unpack .../169-libxkbcommon-x11-0_1.6.0-1build1_amd64.deb ...
2025-06-09T20:55:52.4879139Z Unpacking libxkbcommon-x11-0:amd64 (1.6.0-1build1) ...
2025-06-09T20:55:52.5120852Z Selecting previously unselected package libzbar0t64:amd64.
2025-06-09T20:55:52.5259134Z Preparing to unpack .../170-libzbar0t64_0.23.93-4build3_amd64.deb ...
2025-06-09T20:55:52.5272095Z Unpacking libzbar0t64:amd64 (0.23.93-4build3) ...
2025-06-09T20:55:52.5520254Z Selecting previously unselected package libzxing3:amd64.
2025-06-09T20:55:52.5658543Z Preparing to unpack .../171-libzxing3_2.2.1-3_amd64.deb ...
2025-06-09T20:55:52.5671077Z Unpacking libzxing3:amd64 (2.2.1-3) ...
2025-06-09T20:55:52.5950663Z Selecting previously unselected package xfonts-encodings.
2025-06-09T20:55:52.6090231Z Preparing to unpack .../172-xfonts-encodings_1%3a1.0.5-0ubuntu2_all.deb ...
2025-06-09T20:55:52.6100445Z Unpacking xfonts-encodings (1:1.0.5-0ubuntu2) ...
2025-06-09T20:55:52.6432207Z Selecting previously unselected package xfonts-utils.
2025-06-09T20:55:52.6570895Z Preparing to unpack .../173-xfonts-utils_1%3a7.7+6build3_amd64.deb ...
2025-06-09T20:55:52.6579996Z Unpacking xfonts-utils (1:7.7+6build3) ...
2025-06-09T20:55:52.6936611Z Selecting previously unselected package xfonts-cyrillic.
2025-06-09T20:55:52.7075136Z Preparing to unpack .../174-xfonts-cyrillic_1%3a1.0.5+nmu1_all.deb ...
2025-06-09T20:55:52.7086530Z Unpacking xfonts-cyrillic (1:1.0.5+nmu1) ...
2025-06-09T20:55:52.7514829Z Selecting previously unselected package xfonts-scalable.
2025-06-09T20:55:52.7655565Z Preparing to unpack .../175-xfonts-scalable_1%3a1.0.3-1.3_all.deb ...
2025-06-09T20:55:52.7671400Z Unpacking xfonts-scalable (1:1.0.3-1.3) ...
2025-06-09T20:55:52.7965722Z Selecting previously unselected package libgstreamer-plugins-bad1.0-0:amd64.
2025-06-09T20:55:52.8104347Z Preparing to unpack .../176-libgstreamer-plugins-bad1.0-0_1.24.2-1ubuntu4_amd64.deb ...
2025-06-09T20:55:52.8115372Z Unpacking libgstreamer-plugins-bad1.0-0:amd64 (1.24.2-1ubuntu4) ...
2025-06-09T20:55:52.8535757Z Selecting previously unselected package libdca0:amd64.
2025-06-09T20:55:52.8673707Z Preparing to unpack .../177-libdca0_0.0.7-2build1_amd64.deb ...
2025-06-09T20:55:52.8687046Z Unpacking libdca0:amd64 (0.0.7-2build1) ...
2025-06-09T20:55:52.8964741Z Selecting previously unselected package libopenal1:amd64.
2025-06-09T20:55:52.9109889Z Preparing to unpack .../178-libopenal1_1%3a1.23.1-4build1_amd64.deb ...
2025-06-09T20:55:52.9119905Z Unpacking libopenal1:amd64 (1:1.23.1-4build1) ...
2025-06-09T20:55:52.9421123Z Selecting previously unselected package libsbc1:amd64.
2025-06-09T20:55:52.9561984Z Preparing to unpack .../179-libsbc1_2.0-1build1_amd64.deb ...
2025-06-09T20:55:52.9572688Z Unpacking libsbc1:amd64 (2.0-1build1) ...
2025-06-09T20:55:52.9844114Z Selecting previously unselected package libvo-aacenc0:amd64.
2025-06-09T20:55:52.9983877Z Preparing to unpack .../180-libvo-aacenc0_0.1.3-2build1_amd64.deb ...
2025-06-09T20:55:52.9994733Z Unpacking libvo-aacenc0:amd64 (0.1.3-2build1) ...
2025-06-09T20:55:53.0254637Z Selecting previously unselected package libvo-amrwbenc0:amd64.
2025-06-09T20:55:53.0395367Z Preparing to unpack .../181-libvo-amrwbenc0_0.1.3-2build1_amd64.deb ...
2025-06-09T20:55:53.0407083Z Unpacking libvo-amrwbenc0:amd64 (0.1.3-2build1) ...
2025-06-09T20:55:53.0652122Z Selecting previously unselected package gstreamer1.0-plugins-bad:amd64.
2025-06-09T20:55:53.0794938Z Preparing to unpack .../182-gstreamer1.0-plugins-bad_1.24.2-1ubuntu4_amd64.deb ...
2025-06-09T20:55:53.0807397Z Unpacking gstreamer1.0-plugins-bad:amd64 (1.24.2-1ubuntu4) ...
2025-06-09T20:55:53.2198642Z Setting up libgme0:amd64 (0.6.3-7build1) ...
2025-06-09T20:55:53.2241415Z Setting up libchromaprint1:amd64 (1.5.1-5) ...
2025-06-09T20:55:53.2290186Z Setting up libssh-gcrypt-4:amd64 (0.10.6-2build2) ...
2025-06-09T20:55:53.2337817Z Setting up libhwy1t64:amd64 (1.0.7-8.1build1) ...
2025-06-09T20:55:53.2380354Z Setting up libcairo-script-interpreter2:amd64 (1.18.0-3build1) ...
2025-06-09T20:55:53.2423219Z Setting up libfreeaptx0:amd64 (0.1.1-2build1) ...
2025-06-09T20:55:53.2481914Z Setting up libdvdread8t64:amd64 (6.1.3-1.1build1) ...
2025-06-09T20:55:53.2512379Z Setting up libudfread0:amd64 (1.1.2-1build1) ...
2025-06-09T20:55:53.2544698Z Setting up libmodplug1:amd64 (1:0.8.9.0-3build1) ...
2025-06-09T20:55:53.2578645Z Setting up libcdparanoia0:amd64 (3.10.2+debian-14build3) ...
2025-06-09T20:55:53.2616431Z Setting up libvo-amrwbenc0:amd64 (0.1.3-2build1) ...
2025-06-09T20:55:53.2667499Z Setting up libraw1394-11:amd64 (2.1.2-2build3) ...
2025-06-09T20:55:53.2708831Z Setting up libsbc1:amd64 (2.0-1build1) ...
2025-06-09T20:55:53.2745893Z Setting up libneon27t64:amd64 (0.33.0-1.1build3) ...
2025-06-09T20:55:53.2784889Z Setting up libtag1v5-vanilla:amd64 (1.13.1-1build1) ...
2025-06-09T20:55:53.2816522Z Setting up libharfbuzz-icu0:amd64 (8.3.0-2build2) ...
2025-06-09T20:55:53.2852828Z Setting up libopenni2-0:amd64 (2.2.0.33+dfsg-18) ...
2025-06-09T20:55:53.3076923Z Setting up libspeex1:amd64 (1.2.1-2ubuntu2.24.04.1) ...
2025-06-09T20:55:53.3122546Z Setting up libshine3:amd64 (3.1.1-2build1) ...
2025-06-09T20:55:53.3153668Z Setting up libcaca0:amd64 (0.99.beta20-4build2) ...
2025-06-09T20:55:53.3188903Z Setting up libvpl2 (2023.3.0-1build1) ...
2025-06-09T20:55:53.3217490Z Setting up libv4lconvert0t64:amd64 (1.26.1-4build3) ...
2025-06-09T20:55:53.3243809Z Setting up libx264-164:amd64 (2:0.164.3108+git31e19f9-1) ...
2025-06-09T20:55:53.3272185Z Setting up libtwolame0:amd64 (0.4.0-2build3) ...
2025-06-09T20:55:53.3296996Z Setting up libmbedcrypto7t64:amd64 (2.28.8-1) ...
2025-06-09T20:55:53.3321781Z Setting up libwoff1:amd64 (1.0.2-2build1) ...
2025-06-09T20:55:53.3353382Z Setting up liblc3-1:amd64 (1.0.4-3build1) ...
2025-06-09T20:55:53.3383478Z Setting up libqrencode4:amd64 (4.1.1-1build2) ...
2025-06-09T20:55:53.3412513Z Setting up libhyphen0:amd64 (2.8.8-7build3) ...
2025-06-09T20:55:53.3447312Z Setting up libgsm1:amd64 (1.0.22-1build1) ...
2025-06-09T20:55:53.3478680Z Setting up libvisual-0.4-0:amd64 (0.4.2-2build1) ...
2025-06-09T20:55:53.3515052Z Setting up libsoxr0:amd64 (0.1.3-4build3) ...
2025-06-09T20:55:53.3556353Z Setting up libzix-0-0:amd64 (0.4.2-2build1) ...
2025-06-09T20:55:53.3593524Z Setting up libcodec2-1.2:amd64 (1.2.0-2build1) ...
2025-06-09T20:55:53.3631953Z Setting up libsrtp2-1:amd64 (2.5.0-3build1) ...
2025-06-09T20:55:53.3660789Z Setting up libmysofa1:amd64 (1.3.2+dfsg-2ubuntu2) ...
2025-06-09T20:55:53.3687600Z Setting up libraptor2-0:amd64 (2.0.16-3ubuntu0.1) ...
2025-06-09T20:55:53.3720713Z Setting up libldacbt-enc2:amd64 (2.0.2.3+git20200429+ed310a0-4ubuntu2) ...
2025-06-09T20:55:53.3755034Z Setting up fonts-wqy-zenhei (0.9.45-8) ...
2025-06-09T20:55:53.3895928Z Setting up libwebrtc-audio-processing1:amd64 (0.3.1-0ubuntu6) ...
2025-06-09T20:55:53.3922785Z Setting up fonts-freefont-ttf (20211204+svn4273-2) ...
2025-06-09T20:55:53.3952092Z Setting up libevent-2.1-7t64:amd64 (2.1.12-stable-9ubuntu2) ...
2025-06-09T20:55:53.3988237Z Setting up libsvtav1enc1d1:amd64 (1.7.0+dfsg-2build1) ...
2025-06-09T20:55:53.4023200Z Setting up libsoup-3.0-common (3.4.4-5ubuntu0.4) ...
2025-06-09T20:55:53.4056036Z Setting up libmpg123-0t64:amd64 (1.32.5-1ubuntu1.1) ...
2025-06-09T20:55:53.4091431Z Setting up libcjson1:amd64 (1.7.17-1) ...
2025-06-09T20:55:53.4122870Z Setting up libxvidcore4:amd64 (2:1.3.7-1build1) ...
2025-06-09T20:55:53.4153965Z Setting up libmpcdec6:amd64 (2:0.1~r495-2build1) ...
2025-06-09T20:55:53.4203849Z Setting up libmjpegutils-2.1-0t64:amd64 (1:2.1.0+debian-8.1build1) ...
2025-06-09T20:55:53.4237688Z Setting up librav1e0:amd64 (0.7.1-2) ...
2025-06-09T20:55:53.4292939Z Setting up liborc-0.4-0t64:amd64 (1:0.4.38-1ubuntu0.1) ...
2025-06-09T20:55:53.4336053Z Setting up libxcb-xkb1:amd64 (1.15-1ubuntu2) ...
2025-06-09T20:55:53.4363579Z Setting up libvo-aacenc0:amd64 (0.1.3-2build1) ...
2025-06-09T20:55:53.4393239Z Setting up librist4:amd64 (0.2.10+dfsg-2) ...
2025-06-09T20:55:53.4424758Z Setting up libglib2.0-0t64:amd64 (2.80.0-6ubuntu3.4) ...
2025-06-09T20:55:53.4631838Z Setting up libblas3:amd64 (3.12.0-3build1.1) ...
2025-06-09T20:55:53.4699155Z update-alternatives: using /usr/lib/x86_64-linux-gnu/blas/libblas.so.3 to provide /usr/lib/x86_64-linux-gnu/libblas.so.3 (libblas.so.3-x86_64-linux-gnu) in auto mode
2025-06-09T20:55:53.4722906Z Setting up libegl-mesa0:amd64 (24.2.8-1ubuntu1~24.04.1) ...
2025-06-09T20:55:53.4754636Z Setting up libsoundtouch1:amd64 (2.3.2+ds1-1build1) ...
2025-06-09T20:55:53.4806200Z Setting up libglib2.0-data (2.80.0-6ubuntu3.4) ...
2025-06-09T20:55:53.4847425Z Setting up libplacebo338:amd64 (6.338.2-2build1) ...
2025-06-09T20:55:53.4896962Z Setting up libgles2:amd64 (1.7.0-1build1) ...
2025-06-09T20:55:53.4931521Z Setting up fonts-tlwg-loma-otf (1:0.7.3-1) ...
2025-06-09T20:55:53.4977555Z Setting up libva2:amd64 (2.20.0-2build1) ...
2025-06-09T20:55:53.5027840Z Setting up libspa-0.2-modules:amd64 (1.0.5-1ubuntu3) ...
2025-06-09T20:55:53.5067336Z Setting up libzxing3:amd64 (2.2.1-3) ...
2025-06-09T20:55:53.5102947Z Setting up xfonts-encodings (1:1.0.5-0ubuntu2) ...
2025-06-09T20:55:53.5146956Z Setting up libopus0:amd64 (1.4-1build1) ...
2025-06-09T20:55:53.5178932Z Setting up libfaad2:amd64 (2.11.1-1build1) ...
2025-06-09T20:55:53.5212109Z Setting up libxkbcommon-x11-0:amd64 (1.6.0-1build1) ...
2025-06-09T20:55:53.5254350Z Setting up libdc1394-25:amd64 (2.2.6-4build1) ...
2025-06-09T20:55:53.5319022Z Setting up libimath-3-1-29t64:amd64 (3.1.9-3.1ubuntu2) ...
2025-06-09T20:55:53.5349819Z Setting up libunibreak5:amd64 (5.1-2build1) ...
2025-06-09T20:55:53.5401739Z Setting up libdv4t64:amd64 (1.0.0-17.1build1) ...
2025-06-09T20:55:53.5460501Z Setting up gir1.2-glib-2.0:amd64 (2.80.0-6ubuntu3.4) ...
2025-06-09T20:55:53.5500201Z Setting up libjxl0.7:amd64 (0.7.0-10.2ubuntu6) ...
2025-06-09T20:55:53.5563522Z Setting up libopenh264-7:amd64 (2.4.1+dfsg-1) ...
2025-06-09T20:55:53.5617260Z Setting up libltc11:amd64 (1.3.2-1build1) ...
2025-06-09T20:55:53.5663075Z Setting up libx265-199:amd64 (3.5-2build1) ...
2025-06-09T20:55:53.5707185Z Setting up libv4l-0t64:amd64 (1.26.1-4build3) ...
2025-06-09T20:55:53.5751530Z Setting up libavtp0:amd64 (0.2.0-1build1) ...
2025-06-09T20:55:53.5801176Z Setting up libsndio7.0:amd64 (1.9.0-0.3build3) ...
2025-06-09T20:55:53.5855738Z Setting up libdirectfb-1.7-7t64:amd64 (1.7.7-11.1ubuntu2) ...
2025-06-09T20:55:53.5901559Z Setting up libspandsp2t64:amd64 (0.0.6+dfsg-2.1build1) ...
2025-06-09T20:55:53.6084422Z Setting up libvidstab1.1:amd64 (1.1.0-2build1) ...
2025-06-09T20:55:53.6123853Z Setting up libvpx9:amd64 (1.14.0-1ubuntu2.2) ...
2025-06-09T20:55:53.6158925Z Setting up libsrt1.5-gnutls:amd64 (1.5.3-1build2) ...
2025-06-09T20:55:53.6187521Z Setting up libtag1v5:amd64 (1.13.1-1build1) ...
2025-06-09T20:55:53.6214882Z Setting up libflite1:amd64 (2.2-6build3) ...
2025-06-09T20:55:53.6251418Z Setting up libdav1d7:amd64 (1.4.1-1build1) ...
2025-06-09T20:55:53.6280180Z Setting up libva-drm2:amd64 (2.20.0-2build1) ...
2025-06-09T20:55:53.6318758Z Setting up fonts-ipafont-gothic (00303-21ubuntu1) ...
2025-06-09T20:55:53.6396354Z update-alternatives: using /usr/share/fonts/opentype/ipafont-gothic/ipag.ttf to provide /usr/share/fonts/truetype/fonts-japanese-gothic.ttf (fonts-japanese-gothic.ttf) in auto mode
2025-06-09T20:55:53.6433651Z Setting up ocl-icd-libopencl1:amd64 (2.3.2-1build1) ...
2025-06-09T20:55:53.6472931Z Setting up libasyncns0:amd64 (0.8-6build4) ...
2025-06-09T20:55:53.6497342Z Setting up libwildmidi2:amd64 (0.4.3-1build3) ...
2025-06-09T20:55:53.6541125Z Setting up libvdpau1:amd64 (1.5-2build1) ...
2025-06-09T20:55:53.6585216Z Setting up libwavpack1:amd64 (5.6.0-1build1) ...
2025-06-09T20:55:53.6607614Z Setting up libbs2b0:amd64 (3.1.0+dfsg-7build1) ...
2025-06-09T20:55:53.6635804Z Setting up libtheora0:amd64 (1.1.1+dfsg.1-16.1build3) ...
2025-06-09T20:55:53.6665327Z Setting up libegl1:amd64 (1.7.0-1build1) ...
2025-06-09T20:55:53.6691641Z Setting up libdecor-0-0:amd64 (0.2.2-1build2) ...
2025-06-09T20:55:53.6715642Z Setting up libdca0:amd64 (0.0.7-2build1) ...
2025-06-09T20:55:53.6739751Z Setting up libzimg2:amd64 (3.0.5+ds1-1build1) ...
2025-06-09T20:55:53.6760781Z Setting up libopenal-data (1:1.23.1-4build1) ...
2025-06-09T20:55:53.6797610Z Setting up libabsl20220623t64:amd64 (20220623.1-3.1ubuntu3.2) ...
2025-06-09T20:55:53.6819156Z Setting up libflac12t64:amd64 (1.4.3+ds-2.1ubuntu2) ...
2025-06-09T20:55:53.6841627Z Setting up libgtk-4-common (4.14.2+ds-1ubuntu3) ...
2025-06-09T20:55:53.6865590Z Setting up libmpeg2encpp-2.1-0t64:amd64 (1:2.1.0+debian-8.1build1) ...
2025-06-09T20:55:53.6888954Z Setting up glib-networking-common (2.80.0-1build1) ...
2025-06-09T20:55:53.6912629Z Setting up libmfx1:amd64 (22.5.4-1) ...
2025-06-09T20:55:53.6957631Z Setting up libbluray2:amd64 (1:1.3.4-1build1) ...
2025-06-09T20:55:53.7000474Z Setting up libsamplerate0:amd64 (0.2.2-4build1) ...
2025-06-09T20:55:53.7035475Z Setting up timgm6mb-soundfont (1.3-5) ...
2025-06-09T20:55:53.7139687Z update-alternatives: using /usr/share/sounds/sf2/TimGM6mb.sf2 to provide /usr/share/sounds/sf2/default-GM.sf2 (default-GM.sf2) in auto mode
2025-06-09T20:55:53.7187228Z update-alternatives: using /usr/share/sounds/sf2/TimGM6mb.sf2 to provide /usr/share/sounds/sf3/default-GM.sf3 (default-GM.sf3) in auto mode
2025-06-09T20:55:53.7214507Z Setting up libva-x11-2:amd64 (2.20.0-2build1) ...
2025-06-09T20:55:53.7247102Z Setting up libyuv0:amd64 (0.0~git202401110.af6ac82-1) ...
2025-06-09T20:55:53.7283885Z Setting up libmplex2-2.1-0t64:amd64 (1:2.1.0+debian-8.1build1) ...
2025-06-09T20:55:53.7326936Z Setting up libpipewire-0.3-0t64:amd64 (1.0.5-1ubuntu3) ...
2025-06-09T20:55:53.7376733Z Setting up libopenmpt0t64:amd64 (0.7.3-1.1build3) ...
2025-06-09T20:55:53.7413766Z Setting up libzvbi-common (0.2.42-2) ...
2025-06-09T20:55:53.7445152Z Setting up libsecret-common (0.21.4-1build3) ...
2025-06-09T20:55:53.7488568Z Setting up libmp3lame0:amd64 (3.100-6build1) ...
2025-06-09T20:55:53.7524346Z Setting up libgraphene-1.0-0:amd64 (1.10.8-3build2) ...
2025-06-09T20:55:53.7578860Z Setting up libvorbisenc2:amd64 (1.3.7-1build3) ...
2025-06-09T20:55:53.7609229Z Setting up libdvdnav4:amd64 (6.1.1-3build1) ...
2025-06-09T20:55:53.7648881Z Setting up fonts-unifont (1:15.1.01-1build1) ...
2025-06-09T20:55:53.7687725Z Setting up libaa1:amd64 (1.4p5-51.1) ...
2025-06-09T20:55:53.7719662Z Setting up libiec61883-0:amd64 (1.2.0-6build1) ...
2025-06-09T20:55:53.7748762Z Setting up libserd-0-0:amd64 (0.32.2-1) ...
2025-06-09T20:55:53.7800462Z Setting up libavc1394-0:amd64 (0.5.4-5build3) ...
2025-06-09T20:55:53.7843502Z Setting up session-migration (0.3.9build1) ...
2025-06-09T20:55:53.8951998Z Created symlink /etc/systemd/user/graphical-session-pre.target.wants/session-migration.service → /usr/lib/systemd/user/session-migration.service.
2025-06-09T20:55:53.8952613Z 
2025-06-09T20:55:53.8990697Z Setting up liblapack3:amd64 (3.12.0-3build1.1) ...
2025-06-09T20:55:53.9054338Z update-alternatives: using /usr/lib/x86_64-linux-gnu/lapack/liblapack.so.3 to provide /usr/lib/x86_64-linux-gnu/liblapack.so.3 (liblapack.so.3-x86_64-linux-gnu) in auto mode
2025-06-09T20:55:53.9074460Z Setting up libproxy1v5:amd64 (0.5.4-4build1) ...
2025-06-09T20:55:53.9102592Z Setting up libzvbi0t64:amd64 (0.2.42-2) ...
2025-06-09T20:55:53.9138695Z Setting up liblrdf0:amd64 (0.6.1-4build1) ...
2025-06-09T20:55:53.9172398Z Setting up libmanette-0.2-0:amd64 (0.2.7-1build2) ...
2025-06-09T20:55:53.9201718Z Setting up libglib2.0-bin (2.80.0-6ubuntu3.4) ...
2025-06-09T20:55:53.9252430Z Setting up libzbar0t64:amd64 (0.23.93-4build3) ...
2025-06-09T20:55:53.9282469Z Setting up libgstreamer-plugins-base1.0-0:amd64 (1.24.2-1ubuntu0.2) ...
2025-06-09T20:55:53.9328789Z Setting up libavutil58:amd64 (7:6.1.1-3ubuntu5) ...
2025-06-09T20:55:53.9352224Z Setting up libopenal1:amd64 (1:1.23.1-4build1) ...
2025-06-09T20:55:53.9381254Z Setting up xfonts-utils (1:7.7+6build3) ...
2025-06-09T20:55:53.9438483Z Setting up librsvg2-2:amd64 (2.58.0+dfsg-1build1) ...
2025-06-09T20:55:53.9473027Z Setting up libsecret-1-0:amd64 (0.21.4-1build3) ...
2025-06-09T20:55:53.9513634Z Setting up libgstreamer-plugins-good1.0-0:amd64 (1.24.2-1ubuntu1.1) ...
2025-06-09T20:55:53.9553173Z Setting up libgstreamer-gl1.0-0:amd64 (1.24.2-1ubuntu0.2) ...
2025-06-09T20:55:53.9589899Z Setting up gstreamer1.0-plugins-base:amd64 (1.24.2-1ubuntu0.2) ...
2025-06-09T20:55:53.9623887Z Setting up libass9:amd64 (1:0.17.1-2build1) ...
2025-06-09T20:55:53.9652804Z Setting up libswresample4:amd64 (7:6.1.1-3ubuntu5) ...
2025-06-09T20:55:53.9681988Z Setting up libopenexr-3-1-30:amd64 (3.1.5-5.1build3) ...
2025-06-09T20:55:53.9722875Z Setting up libshout3:amd64 (2.4.6-1build2) ...
2025-06-09T20:55:53.9760602Z Setting up libgav1-1:amd64 (0.18.0-1build3) ...
2025-06-09T20:55:53.9813035Z Setting up libavcodec60:amd64 (7:6.1.1-3ubuntu5) ...
2025-06-09T20:55:53.9848186Z Setting up librubberband2:amd64 (3.3.0+dfsg-2build1) ...
2025-06-09T20:55:53.9875148Z Setting up libjack-jackd2-0:amd64 (1.9.21~dfsg-3ubuntu3) ...
2025-06-09T20:55:53.9910569Z Setting up libsord-0-0:amd64 (0.16.16-2build1) ...
2025-06-09T20:55:53.9945375Z Setting up xfonts-cyrillic (1:1.0.5+nmu1) ...
2025-06-09T20:55:54.0264348Z Setting up libpostproc57:amd64 (7:6.1.1-3ubuntu5) ...
2025-06-09T20:55:54.0302907Z Setting up libsratom-0-0:amd64 (0.6.16-1build1) ...
2025-06-09T20:55:54.0331924Z Setting up libgtk-4-1:amd64 (4.14.2+ds-1ubuntu3) ...
2025-06-09T20:55:54.0855572Z Setting up libsndfile1:amd64 (1.2.2-1ubuntu5.24.04.1) ...
2025-06-09T20:55:54.0889374Z Setting up liblilv-0-0:amd64 (0.24.22-1build1) ...
2025-06-09T20:55:54.0956273Z Setting up libinstpatch-1.0-2:amd64 (1.1.6-1build2) ...
2025-06-09T20:55:54.0990225Z Setting up xfonts-scalable (1:1.0.3-1.3) ...
2025-06-09T20:55:54.1287346Z Setting up libswscale7:amd64 (7:6.1.1-3ubuntu5) ...
2025-06-09T20:55:54.1332139Z Setting up gsettings-desktop-schemas (46.1-0ubuntu1) ...
2025-06-09T20:55:54.1490451Z Setting up glib-networking-services (2.80.0-1build1) ...
2025-06-09T20:55:54.1532704Z Setting up libavif16:amd64 (1.0.4-1ubuntu3) ...
2025-06-09T20:55:54.1581463Z Setting up libpulse0:amd64 (1:16.1+dfsg1-2ubuntu10.1) ...
2025-06-09T20:55:54.1680319Z Setting up libavformat60:amd64 (7:6.1.1-3ubuntu5) ...
2025-06-09T20:55:54.1712895Z Setting up libsphinxbase3t64:amd64 (0.8+5prealpha+1-17build2) ...
2025-06-09T20:55:54.1751695Z Setting up glib-networking:amd64 (2.80.0-1build1) ...
2025-06-09T20:55:54.1783267Z Setting up libsdl2-2.0-0:amd64 (2.30.0+dfsg-1ubuntu3.1) ...
2025-06-09T20:55:54.1830253Z Setting up libfluidsynth3:amd64 (2.3.4-1build3) ...
2025-06-09T20:55:54.1882219Z Setting up libsoup-3.0-0:amd64 (3.4.4-5ubuntu0.4) ...
2025-06-09T20:55:54.1928995Z Setting up libpocketsphinx3:amd64 (0.8.0+real5prealpha+1-15ubuntu5) ...
2025-06-09T20:55:54.1965092Z Setting up libgssdp-1.6-0:amd64 (1.6.3-1build3) ...
2025-06-09T20:55:54.2008280Z Setting up gstreamer1.0-plugins-good:amd64 (1.24.2-1ubuntu1.1) ...
2025-06-09T20:55:54.2075020Z Setting up libgupnp-1.6-0:amd64 (1.6.6-1build3) ...
2025-06-09T20:55:54.2109818Z Setting up libavfilter9:amd64 (7:6.1.1-3ubuntu5) ...
2025-06-09T20:55:54.2155960Z Setting up libgupnp-igd-1.6-0:amd64 (1.6.0-3build3) ...
2025-06-09T20:55:54.2205548Z Setting up gstreamer1.0-libav:amd64 (1.24.1-1build1) ...
2025-06-09T20:55:54.2235163Z Setting up libnice10:amd64 (0.1.21-2build3) ...
2025-06-09T20:55:54.2265533Z Setting up libgstreamer-plugins-bad1.0-0:amd64 (1.24.2-1ubuntu4) ...
2025-06-09T20:55:54.2299929Z Setting up gstreamer1.0-plugins-bad:amd64 (1.24.2-1ubuntu4) ...
2025-06-09T20:55:54.2342326Z Processing triggers for libc-bin (2.39-0ubuntu8.4) ...
2025-06-09T20:55:54.2872424Z Processing triggers for man-db (2.12.0-4build2) ...
2025-06-09T20:56:02.5217271Z Processing triggers for fontconfig (2.15.0-1.1ubuntu2) ...
2025-06-09T20:56:03.1531617Z 
2025-06-09T20:56:03.1532594Z Running kernel seems to be up-to-date.
2025-06-09T20:56:03.1532949Z 
2025-06-09T20:56:03.1533117Z Restarting services...
2025-06-09T20:56:03.2045512Z  systemctl restart packagekit.service php8.3-fpm.service polkit.service udisks2.service
2025-06-09T20:56:03.3314235Z 
2025-06-09T20:56:03.3315093Z Service restarts being deferred:
2025-06-09T20:56:03.3315980Z  systemctl restart ModemManager.service
2025-06-09T20:56:03.3323701Z  systemctl restart hosted-compute-agent.service
2025-06-09T20:56:03.3324337Z  systemctl restart networkd-dispatcher.service
2025-06-09T20:56:03.3324682Z 
2025-06-09T20:56:03.3324936Z No containers need to be restarted.
2025-06-09T20:56:03.3325118Z 
2025-06-09T20:56:03.3325311Z No user sessions are running outdated binaries.
2025-06-09T20:56:03.3325509Z 
2025-06-09T20:56:03.3325795Z No VM guests are running outdated hypervisor (qemu) binaries on this host.
2025-06-09T20:56:04.2655741Z Downloading Chromium 136.0.7103.25 (playwright build v1169) from https://cdn.playwright.dev/dbazure/download/playwright/builds/chromium/1169/chromium-linux.zip
2025-06-09T20:56:04.4275680Z |                                                                                |   0% of 167.7 MiB
2025-06-09T20:56:04.5590580Z |■■■■■■■■                                                                        |  10% of 167.7 MiB
2025-06-09T20:56:04.6741927Z |■■■■■■■■■■■■■■■■                                                                |  20% of 167.7 MiB
2025-06-09T20:56:04.7620870Z |■■■■■■■■■■■■■■■■■■■■■■■■                                                        |  30% of 167.7 MiB
2025-06-09T20:56:04.8386002Z |■■■■■■■■■■■■■■■■■■■■■■■■■■■■■■■■                                                |  40% of 167.7 MiB
2025-06-09T20:56:04.9101136Z |■■■■■■■■■■■■■■■■■■■■■■■■■■■■■■■■■■■■■■■■                                        |  50% of 167.7 MiB
2025-06-09T20:56:04.9960404Z |■■■■■■■■■■■■■■■■■■■■■■■■■■■■■■■■■■■■■■■■■■■■■■■■                                |  60% of 167.7 MiB
2025-06-09T20:56:05.0793086Z |■■■■■■■■■■■■■■■■■■■■■■■■■■■■■■■■■■■■■■■■■■■■■■■■■■■■■■■■                        |  70% of 167.7 MiB
2025-06-09T20:56:05.1585906Z |■■■■■■■■■■■■■■■■■■■■■■■■■■■■■■■■■■■■■■■■■■■■■■■■■■■■■■■■■■■■■■■■                |  80% of 167.7 MiB
2025-06-09T20:56:05.2420304Z |■■■■■■■■■■■■■■■■■■■■■■■■■■■■■■■■■■■■■■■■■■■■■■■■■■■■■■■■■■■■■■■■■■■■■■■■        |  90% of 167.7 MiB
2025-06-09T20:56:05.3141138Z |■■■■■■■■■■■■■■■■■■■■■■■■■■■■■■■■■■■■■■■■■■■■■■■■■■■■■■■■■■■■■■■■■■■■■■■■■■■■■■■■| 100% of 167.7 MiB
2025-06-09T20:56:08.9585246Z Chromium 136.0.7103.25 (playwright build v1169) downloaded to /home/runner/.cache/ms-playwright/chromium-1169
2025-06-09T20:56:08.9588520Z Downloading FFMPEG playwright build v1011 from https://cdn.playwright.dev/dbazure/download/playwright/builds/ffmpeg/1011/ffmpeg-linux.zip
2025-06-09T20:56:09.1218887Z |                                                                                |   0% of 2.3 MiB
2025-06-09T20:56:09.1276379Z |■■■■■■■■                                                                        |  10% of 2.3 MiB
2025-06-09T20:56:09.1306556Z |■■■■■■■■■■■■■■■■                                                                |  20% of 2.3 MiB
2025-06-09T20:56:09.1336304Z |■■■■■■■■■■■■■■■■■■■■■■■■                                                        |  30% of 2.3 MiB
2025-06-09T20:56:09.1361015Z |■■■■■■■■■■■■■■■■■■■■■■■■■■■■■■■■                                                |  40% of 2.3 MiB
2025-06-09T20:56:09.1384934Z |■■■■■■■■■■■■■■■■■■■■■■■■■■■■■■■■■■■■■■■■                                        |  50% of 2.3 MiB
2025-06-09T20:56:09.1408269Z |■■■■■■■■■■■■■■■■■■■■■■■■■■■■■■■■■■■■■■■■■■■■■■■■                                |  60% of 2.3 MiB
2025-06-09T20:56:09.1431411Z |■■■■■■■■■■■■■■■■■■■■■■■■■■■■■■■■■■■■■■■■■■■■■■■■■■■■■■■■                        |  70% of 2.3 MiB
2025-06-09T20:56:09.1453293Z |■■■■■■■■■■■■■■■■■■■■■■■■■■■■■■■■■■■■■■■■■■■■■■■■■■■■■■■■■■■■■■■■                |  80% of 2.3 MiB
2025-06-09T20:56:09.1471695Z |■■■■■■■■■■■■■■■■■■■■■■■■■■■■■■■■■■■■■■■■■■■■■■■■■■■■■■■■■■■■■■■■■■■■■■■■        |  90% of 2.3 MiB
2025-06-09T20:56:09.1490006Z |■■■■■■■■■■■■■■■■■■■■■■■■■■■■■■■■■■■■■■■■■■■■■■■■■■■■■■■■■■■■■■■■■■■■■■■■■■■■■■■■| 100% of 2.3 MiB
2025-06-09T20:56:09.2168682Z FFMPEG playwright build v1011 downloaded to /home/runner/.cache/ms-playwright/ffmpeg-1011
2025-06-09T20:56:09.2171985Z Downloading Chromium Headless Shell 136.0.7103.25 (playwright build v1169) from https://cdn.playwright.dev/dbazure/download/playwright/builds/chromium/1169/chromium-headless-shell-linux.zip
2025-06-09T20:56:09.3753508Z |                                                                                |   0% of 101.4 MiB
2025-06-09T20:56:09.4777920Z |■■■■■■■■                                                                        |  10% of 101.4 MiB
2025-06-09T20:56:09.5404579Z |■■■■■■■■■■■■■■■■                                                                |  20% of 101.4 MiB
2025-06-09T20:56:09.6014039Z |■■■■■■■■■■■■■■■■■■■■■■■■                                                        |  30% of 101.4 MiB
2025-06-09T20:56:09.6638268Z |■■■■■■■■■■■■■■■■■■■■■■■■■■■■■■■■                                                |  40% of 101.4 MiB
2025-06-09T20:56:09.7207093Z |■■■■■■■■■■■■■■■■■■■■■■■■■■■■■■■■■■■■■■■■                                        |  50% of 101.4 MiB
2025-06-09T20:56:09.7709836Z |■■■■■■■■■■■■■■■■■■■■■■■■■■■■■■■■■■■■■■■■■■■■■■■■                                |  60% of 101.4 MiB
2025-06-09T20:56:09.8150830Z |■■■■■■■■■■■■■■■■■■■■■■■■■■■■■■■■■■■■■■■■■■■■■■■■■■■■■■■■                        |  70% of 101.4 MiB
2025-06-09T20:56:09.8602703Z |■■■■■■■■■■■■■■■■■■■■■■■■■■■■■■■■■■■■■■■■■■■■■■■■■■■■■■■■■■■■■■■■                |  80% of 101.4 MiB
2025-06-09T20:56:09.9105262Z |■■■■■■■■■■■■■■■■■■■■■■■■■■■■■■■■■■■■■■■■■■■■■■■■■■■■■■■■■■■■■■■■■■■■■■■■        |  90% of 101.4 MiB
2025-06-09T20:56:09.9526080Z |■■■■■■■■■■■■■■■■■■■■■■■■■■■■■■■■■■■■■■■■■■■■■■■■■■■■■■■■■■■■■■■■■■■■■■■■■■■■■■■■| 100% of 101.4 MiB
2025-06-09T20:56:12.0491390Z Chromium Headless Shell 136.0.7103.25 (playwright build v1169) downloaded to /home/runner/.cache/ms-playwright/chromium_headless_shell-1169
2025-06-09T20:56:12.0493921Z Downloading Webkit 18.4 (playwright build v2158) from https://cdn.playwright.dev/dbazure/download/playwright/builds/webkit/2158/webkit-ubuntu-24.04.zip
2025-06-09T20:56:12.2634459Z |                                                                                |   0% of 93.5 MiB
2025-06-09T20:56:12.3382330Z |■■■■■■■■                                                                        |  10% of 93.5 MiB
2025-06-09T20:56:12.4009354Z |■■■■■■■■■■■■■■■■                                                                |  20% of 93.5 MiB
2025-06-09T20:56:12.4622239Z |■■■■■■■■■■■■■■■■■■■■■■■■                                                        |  30% of 93.5 MiB
2025-06-09T20:56:12.5128627Z |■■■■■■■■■■■■■■■■■■■■■■■■■■■■■■■■                                                |  40% of 93.5 MiB
2025-06-09T20:56:12.5648082Z |■■■■■■■■■■■■■■■■■■■■■■■■■■■■■■■■■■■■■■■■                                        |  50% of 93.5 MiB
2025-06-09T20:56:12.6088523Z |■■■■■■■■■■■■■■■■■■■■■■■■■■■■■■■■■■■■■■■■■■■■■■■■                                |  60% of 93.5 MiB
2025-06-09T20:56:12.6497852Z |■■■■■■■■■■■■■■■■■■■■■■■■■■■■■■■■■■■■■■■■■■■■■■■■■■■■■■■■                        |  70% of 93.5 MiB
2025-06-09T20:56:12.6920786Z |■■■■■■■■■■■■■■■■■■■■■■■■■■■■■■■■■■■■■■■■■■■■■■■■■■■■■■■■■■■■■■■■                |  80% of 93.5 MiB
2025-06-09T20:56:12.7962672Z |■■■■■■■■■■■■■■■■■■■■■■■■■■■■■■■■■■■■■■■■■■■■■■■■■■■■■■■■■■■■■■■■■■■■■■■■        |  90% of 93.5 MiB
2025-06-09T20:56:12.8350989Z |■■■■■■■■■■■■■■■■■■■■■■■■■■■■■■■■■■■■■■■■■■■■■■■■■■■■■■■■■■■■■■■■■■■■■■■■■■■■■■■■| 100% of 93.5 MiB
2025-06-09T20:56:14.7393136Z Webkit 18.4 (playwright build v2158) downloaded to /home/runner/.cache/ms-playwright/webkit-2158
2025-06-09T20:56:14.7396153Z Downloading Firefox 137.0 (playwright build v1482) from https://cdn.playwright.dev/dbazure/download/playwright/builds/firefox/1482/firefox-ubuntu-24.04.zip
2025-06-09T20:56:14.8974769Z |                                                                                |   0% of 91 MiB
2025-06-09T20:56:14.9872109Z |■■■■■■■■                                                                        |  10% of 91 MiB
2025-06-09T20:56:15.0534668Z |■■■■■■■■■■■■■■■■                                                                |  20% of 91 MiB
2025-06-09T20:56:15.1106980Z |■■■■■■■■■■■■■■■■■■■■■■■■                                                        |  30% of 91 MiB
2025-06-09T20:56:15.2214420Z |■■■■■■■■■■■■■■■■■■■■■■■■■■■■■■■■                                                |  40% of 91 MiB
2025-06-09T20:56:15.2812168Z |■■■■■■■■■■■■■■■■■■■■■■■■■■■■■■■■■■■■■■■■                                        |  50% of 91 MiB
2025-06-09T20:56:15.3284938Z |■■■■■■■■■■■■■■■■■■■■■■■■■■■■■■■■■■■■■■■■■■■■■■■■                                |  60% of 91 MiB
2025-06-09T20:56:15.3710558Z |■■■■■■■■■■■■■■■■■■■■■■■■■■■■■■■■■■■■■■■■■■■■■■■■■■■■■■■■                        |  70% of 91 MiB
2025-06-09T20:56:15.4107905Z |■■■■■■■■■■■■■■■■■■■■■■■■■■■■■■■■■■■■■■■■■■■■■■■■■■■■■■■■■■■■■■■■                |  80% of 91 MiB
2025-06-09T20:56:15.4505405Z |■■■■■■■■■■■■■■■■■■■■■■■■■■■■■■■■■■■■■■■■■■■■■■■■■■■■■■■■■■■■■■■■■■■■■■■■        |  90% of 91 MiB
2025-06-09T20:56:15.4920462Z |■■■■■■■■■■■■■■■■■■■■■■■■■■■■■■■■■■■■■■■■■■■■■■■■■■■■■■■■■■■■■■■■■■■■■■■■■■■■■■■■| 100% of 91 MiB
2025-06-09T20:56:17.3133852Z Firefox 137.0 (playwright build v1482) downloaded to /home/runner/.cache/ms-playwright/firefox-1482
2025-06-09T20:56:17.7282977Z ##[group]Run npm run build
2025-06-09T20:56:17.7283238Z [36;1mnpm run build[0m
2025-06-09T20:56:17.7333839Z shell: /usr/bin/bash -e {0}
2025-06-09T20:56:17.7334077Z env:
2025-06-09T20:56:17.7334246Z   NODE_VERSION: 18
2025-06-09T20:56:17.7334676Z   NEXT_PUBLIC_SUPABASE_URL: ***
2025-06-09T20:56:17.7336005Z   NEXT_PUBLIC_SUPABASE_ANON_KEY: ***
2025-06-09T20:56:17.7336239Z ##[endgroup]
2025-06-09T20:56:17.8588763Z 
2025-06-09T20:56:17.8589181Z > localloop@0.1.0 build
2025-06-09T20:56:17.8589814Z > next build
2025-06-09T20:56:17.8590006Z 
2025-06-09T20:56:18.4763511Z ⚠ No build cache found. Please configure build caching for faster rebuilds. Read more: https://nextjs.org/docs/messages/no-cache
2025-06-09T20:56:18.4827440Z Attention: Next.js now collects completely anonymous telemetry regarding usage.
2025-06-09T20:56:18.4828676Z This information is used to shape Next.js' roadmap and prioritize features.
2025-06-09T20:56:18.4830597Z You can learn more, including how to opt-out if you'd not like to participate in this anonymous program, by visiting the following URL:
2025-06-09T20:56:18.4831467Z https://nextjs.org/telemetry
2025-06-09T20:56:18.4831680Z 
2025-06-09T20:56:18.5847033Z    ▲ Next.js 15.3.2
2025-06-09T20:56:18.5847343Z 
2025-06-09T20:56:18.6197475Z    Creating an optimized production build ...
2025-06-09T20:56:42.6380724Z <w> [webpack.cache.PackFileCacheStrategy] Serializing big strings (100kiB) impacts deserialization performance (consider using Buffer instead and decode when needed)
2025-06-09T20:56:46.8310405Z  ⚠ Compiled with warnings in 27.0s
2025-06-09T20:56:46.8310772Z 
2025-06-09T20:56:46.8311182Z ./node_modules/@supabase/realtime-js/dist/main/RealtimeClient.js
2025-06-09T20:56:46.8312047Z Critical dependency: the request of a dependency is an expression
2025-06-09T20:56:46.8312578Z 
2025-06-09T20:56:46.8312811Z Import trace for requested module:
2025-06-09T20:56:46.8313472Z ./node_modules/@supabase/realtime-js/dist/main/RealtimeClient.js
2025-06-09T20:56:46.8314221Z ./node_modules/@supabase/realtime-js/dist/main/index.js
2025-06-09T20:56:46.8314908Z ./node_modules/@supabase/supabase-js/dist/module/index.js
2025-06-09T20:56:46.8315659Z ./node_modules/@supabase/ssr/dist/module/createBrowserClient.js
2025-06-09T20:56:46.8316352Z ./node_modules/@supabase/ssr/dist/module/index.js
2025-06-09T20:56:46.8316844Z ./lib/supabase-server.ts
2025-06-09T20:56:46.8317200Z ./app/page.tsx
2025-06-09T20:56:46.8317392Z 
2025-06-09T20:56:46.8347490Z    Skipping linting
2025-06-09T20:56:46.8349944Z    Checking validity of types ...
2025-06-09T20:57:05.0875434Z    Collecting page data ...
2025-06-09T20:57:08.4466258Z    Generating static pages (0/49) ...
2025-06-09T20:57:14.6917080Z    Generating static pages (12/49) 
2025-06-09T20:57:14.6918159Z    Generating static pages (24/49) 
2025-06-09T20:57:14.6922778Z  ⚠ metadataBase property in metadata export is not set for resolving social open graph or twitter images, using "http://localhost:3000". See https://nextjs.org/docs/app/api-reference/functions/generate-metadata#metadatabase
2025-06-09T20:57:14.6925791Z  ⚠ metadataBase property in metadata export is not set for resolving social open graph or twitter images, using "http://localhost:3000". See https://nextjs.org/docs/app/api-reference/functions/generate-metadata#metadatabase
2025-06-09T20:57:14.6927363Z    Generating static pages (36/49) 
2025-06-09T20:57:14.6928017Z  ✓ Generating static pages (49/49)
2025-06-09T20:57:15.2142135Z    Finalizing page optimization ...
2025-06-09T20:57:15.2142802Z    Collecting build traces ...
2025-06-09T20:57:22.3514617Z 
2025-06-09T20:57:22.3638247Z Route (app)                                 Size  First Load JS
2025-06-09T20:57:22.3639596Z ┌ ƒ /                                    7.95 kB         232 kB
2025-06-09T20:57:22.3640530Z ├ ○ /_not-found                            981 B         102 kB
2025-06-09T20:57:22.3641163Z ├ ○ /about                                 188 B         105 kB
2025-06-09T20:57:22.3642110Z ├ ƒ /api/analytics/performance             228 B         101 kB
2025-06-09T20:57:22.3642817Z ├ ƒ /api/auth/google/callback              228 B         101 kB
2025-06-09T20:57:22.3643468Z ├ ƒ /api/auth/google/connect               228 B         101 kB
2025-06-09T20:57:22.3644213Z ├ ƒ /api/auth/google/disconnect            228 B         101 kB
2025-06-09T20:57:22.3645123Z ├ ƒ /api/auth/google/status                228 B         101 kB
2025-06-09T20:57:22.3646027Z ├ ƒ /api/auth/welcome                      228 B         101 kB
2025-06-09T20:57:22.3646874Z ├ ƒ /api/calendar/add-to-calendar          228 B         101 kB
2025-06-09T20:57:22.3647701Z ├ ƒ /api/calendar/create-event             228 B         101 kB
2025-06-09T20:57:22.3648536Z ├ ƒ /api/checkout                          228 B         101 kB
2025-06-09T20:57:22.3649670Z ├ ƒ /api/debug-oauth                       228 B         101 kB
2025-06-09T20:57:22.3650632Z ├ ƒ /api/events                            228 B         101 kB
2025-06-09T20:57:22.3651546Z ├ ƒ /api/events/[id]                       228 B         101 kB
2025-06-09T20:57:22.3652389Z ├ ƒ /api/events/cancellation               228 B         101 kB
2025-06-09T20:57:22.3653307Z ├ ƒ /api/events/reminders                  228 B         101 kB
2025-06-09T20:57:22.3653900Z ├ ƒ /api/health                            228 B         101 kB
2025-06-09T20:57:22.3654340Z ├ ƒ /api/orders                            228 B         101 kB
2025-06-09T20:57:22.3654786Z ├ ƒ /api/refunds                           228 B         101 kB
2025-06-09T20:57:22.3655218Z ├ ƒ /api/rsvps                             228 B         101 kB
2025-06-09T20:57:22.3655654Z ├ ƒ /api/rsvps/[id]                        228 B         101 kB
2025-06-09T20:57:22.3656092Z ├ ƒ /api/staff/analytics                   228 B         101 kB
2025-06-09T20:57:22.3656532Z ├ ƒ /api/staff/attendees                   228 B         101 kB
2025-06-09T20:57:22.3656974Z ├ ƒ /api/staff/dashboard                   228 B         101 kB
2025-06-09T20:57:22.3657421Z ├ ƒ /api/staff/export                      228 B         101 kB
2025-06-09T20:57:22.3657854Z ├ ƒ /api/test-env                          228 B         101 kB
2025-06-09T20:57:22.3658291Z ├ ƒ /api/test-upgrade-role                 228 B         101 kB
2025-06-09T20:57:22.3658735Z ├ ƒ /api/ticket-types                      228 B         101 kB
2025-06-09T20:57:22.3659174Z ├ ƒ /api/ticket-types/[id]                 228 B         101 kB
2025-06-09T20:57:22.3659896Z ├ ƒ /api/update-customer-info              228 B         101 kB
2025-06-09T20:57:22.3660354Z ├ ƒ /api/webhooks/stripe                   228 B         101 kB
2025-06-09T20:57:22.3660805Z ├ ○ /auth/callback                         957 B         142 kB
2025-06-09T20:57:22.3661263Z ├ ○ /auth/google/callback                2.29 kB         103 kB
2025-06-09T20:57:22.3661693Z ├ ○ /auth/login                          3.29 kB         148 kB
2025-06-09T20:57:22.3662134Z ├ ○ /auth/reset-password                 2.09 kB         146 kB
2025-06-09T20:57:22.3662583Z ├ ○ /auth/signup                         3.26 kB         148 kB
2025-06-09T20:57:22.3663019Z ├ ○ /auth/update-password                2.48 kB         147 kB
2025-06-09T20:57:22.3663451Z ├ ○ /contact                               188 B         105 kB
2025-06-09T20:57:22.3664195Z ├ ○ /create-event                          188 B         105 kB
2025-06-09T20:57:22.3665018Z ├ ○ /demo                                2.93 kB         227 kB
2025-06-09T20:57:22.3665785Z ├ ○ /demo/lists                          3.78 kB         228 kB
2025-06-09T20:57:22.3666553Z ├ ƒ /events/[id]                          2.1 kB         212 kB
2025-06-09T20:57:22.3667277Z ├ ƒ /my-events                            7.4 kB         126 kB
2025-06-09T20:57:22.3668259Z ├ ○ /privacy                               188 B         105 kB
2025-06-09T20:57:22.3668993Z ├ ○ /robots.txt                            228 B         101 kB
2025-06-09T20:57:22.3669920Z ├ ○ /sitemap.xml                           228 B         101 kB
2025-06-09T20:57:22.3670842Z ├ ƒ /staff                               14.6 kB         160 kB
2025-06-09T20:57:22.3671595Z ├ ○ /staff/dashboard                       228 B         101 kB
2025-06-09T20:57:22.3672404Z ├ ƒ /staff/events/[id]/edit              1.94 kB         157 kB
2025-06-09T20:57:22.3673156Z ├ ƒ /staff/events/create                 1.92 kB         157 kB
2025-06-09T20:57:22.3673788Z ├ ○ /terms                                 188 B         105 kB
2025-06-09T20:57:22.3674377Z └ ƒ /test-auth                             228 B         101 kB
2025-06-09T20:57:22.3674870Z + First Load JS shared by all             101 kB
2025-06-09T20:57:22.3675400Z   ├ chunks/1684-0df89d9f25c583b2.js      45.9 kB
2025-06-09T20:57:22.3675893Z   ├ chunks/4bd1b696-b638aa3d70fba23c.js  53.2 kB
2025-06-09T20:57:22.3676405Z   └ other shared chunks (total)          1.96 kB
2025-06-09T20:57:22.3676665Z 
2025-06-09T20:57:22.3676672Z 
2025-06-09T20:57:22.3676947Z ƒ Middleware                             66.2 kB
2025-06-09T20:57:22.3677193Z 
2025-06-09T20:57:22.3677471Z ○  (Static)   prerendered as static content
2025-06-09T20:57:22.3677965Z ƒ  (Dynamic)  server-rendered on demand
2025-06-09T20:57:22.3678206Z 
2025-06-09T20:57:22.4826073Z ##[group]Run npx playwright test --config=playwright.ci.config.ts
2025-06-09T20:57:22.4826554Z [36;1mnpx playwright test --config=playwright.ci.config.ts[0m
2025-06-09T20:57:22.4877768Z shell: /usr/bin/bash -e {0}
2025-06-09T20:57:22.4878004Z env:
2025-06-09T20:57:22.4878165Z   NODE_VERSION: 18
2025-06-09T20:57:22.4878341Z   CI: true
2025-06-09T20:57:22.4878718Z   NEXT_PUBLIC_SUPABASE_URL: ***
2025-06-09T20:57:22.4880279Z   NEXT_PUBLIC_SUPABASE_ANON_KEY: ***
2025-06-09T20:57:22.4880549Z ##[endgroup]
2025-06-09T20:57:24.1428814Z [WebServer] 
2025-06-09T20:57:24.1429377Z [WebServer] > localloop@0.1.0 start
2025-06-09T20:57:24.1430125Z [WebServer] > next start
2025-06-09T20:57:24.1430516Z [WebServer] 
2025-06-09T20:57:24.4465239Z [WebServer]    [1m[38;2;173;127;168m▲ Next.js 15.3.2[39m[22m
2025-06-09T20:57:24.4467925Z [WebServer]    - Local:        http://localhost:3000
2025-06-09T20:57:24.4468642Z [WebServer]    - Network:      http://10.1.0.239:3000
2025-06-09T20:57:24.4469199Z [WebServer] 
2025-06-09T20:57:24.4469937Z [WebServer]  [32m[1m✓[22m[39m Starting...
2025-06-09T20:57:24.6977837Z [WebServer]  [32m[1m✓[22m[39m Ready in 450ms
2025-06-09T20:57:25.4432724Z [WebServer]  [33m[1m⚠[22m[39m metadataBase property in metadata export is not set for resolving social open graph or twitter images, using "http://localhost:3000". See https://nextjs.org/docs/app/api-reference/functions/generate-metadata#metadatabase
2025-06-09T20:57:26.4376980Z 
2025-06-09T20:57:26.4377712Z Running 12 tests using 1 worker
2025-06-09T20:57:29.0986857Z Homepage basic structure loaded successfully
2025-06-09T20:57:29.9544323Z ·Navigation elements are present and responsive
2025-06-09T20:57:31.8639984Z ·Basic responsive layout works correctly
2025-06-09T20:57:37.1680588Z ·Homepage basic structure loaded successfully
2025-06-09T20:57:38.3354279Z ·Navigation elements are present and responsive
2025-06-09T20:57:40.6946523Z ·Basic responsive layout works correctly
2025-06-09T20:57:43.7017793Z ·Homepage basic structure loaded successfully
2025-06-09T20:57:44.5389853Z ·Navigation elements are present and responsive
2025-06-09T20:57:46.4457936Z ·Basic responsive layout works correctly
2025-06-09T20:57:48.8664686Z ·Homepage basic structure loaded successfully
2025-06-09T20:57:50.0364178Z ·Navigation elements are present and responsive
2025-06-09T20:57:52.2491506Z ·Basic responsive layout works correctly
2025-06-09T20:57:53.5301537Z ·
2025-06-09T20:57:53.5305916Z   12 passed (29.8s)
2025-06-09T20:57:53.5338398Z ##[notice]  12 passed (29.8s)
2025-06-09T20:57:53.5760501Z ##[group]Run actions/upload-artifact@v4
2025-06-09T20:57:53.5760778Z with:
2025-06-09T20:57:53.5760944Z   name: e2e-results
2025-06-09T20:57:53.5761171Z   path: test-results/
playwright-report/

2025-06-09T20:57:53.5761430Z   retention-days: 7
2025-06-09T20:57:53.5761620Z   if-no-files-found: warn
2025-06-09T20:57:53.5761829Z   compression-level: 6
2025-06-09T20:57:53.5762022Z   overwrite: false
2025-06-09T20:57:53.5762209Z   include-hidden-files: false
2025-06-09T20:57:53.5762421Z env:
2025-06-09T20:57:53.5762579Z   NODE_VERSION: 18
2025-06-09T20:57:53.5762756Z ##[endgroup]
2025-06-09T20:57:53.7920483Z Multiple search paths detected. Calculating the least common ancestor of all paths
2025-06-09T20:57:53.7923760Z The least common ancestor is /home/runner/work/LocalLoop/LocalLoop. This will be the root directory of the artifact
2025-06-09T20:57:53.7924929Z With the provided path, there will be 1 file uploaded
2025-06-09T20:57:53.7930125Z Artifact name is valid!
2025-06-09T20:57:53.7931642Z Root directory input is valid!
2025-06-09T20:57:54.0934716Z Beginning upload of artifact content to blob storage
2025-06-09T20:57:54.6320124Z Uploaded bytes 181317
2025-06-09T20:57:54.7176596Z Finished uploading artifact content to blob storage!
2025-06-09T20:57:54.7180259Z SHA256 digest of uploaded artifact zip is 4a1ae5925e11930b202b200279b6126ff409202bfd522194447d8f865683525f
2025-06-09T20:57:54.7181488Z Finalizing artifact upload
2025-06-09T20:57:54.8575157Z Artifact e2e-results.zip successfully finalized. Artifact ID 3291220235
2025-06-09T20:57:54.8576426Z Artifact e2e-results has been successfully uploaded! Final size is 181317 bytes. Artifact ID is 3291220235
2025-06-09T20:57:54.8583012Z Artifact download URL: https://github.com/JacksonR64/LocalLoop/actions/runs/15544394644/artifacts/3291220235
2025-06-09T20:57:54.8713311Z Post job cleanup.
2025-06-09T20:57:55.0214843Z Cache hit occurred on the primary key node-cache-Linux-x64-npm-c12c6ac637b018150c9ab8486a2ab8d5c875f0013e7356ae5e08bc546e10a4bd, not saving cache.
2025-06-09T20:57:55.0333387Z Post job cleanup.
2025-06-09T20:57:55.1272500Z [command]/usr/bin/git version
2025-06-09T20:57:55.1313674Z git version 2.49.0
2025-06-09T20:57:55.1359255Z Temporarily overriding HOME='/home/runner/work/_temp/25f41817-7e21-4959-897a-c6bcd95fd37c' before making global git config changes
2025-06-09T20:57:55.1361198Z Adding repository directory to the temporary git global config as a safe directory
2025-06-09T20:57:55.1374611Z [command]/usr/bin/git config --global --add safe.directory /home/runner/work/LocalLoop/LocalLoop
2025-06-09T20:57:55.1413021Z [command]/usr/bin/git config --local --name-only --get-regexp core\.sshCommand
2025-06-09T20:57:55.1448618Z [command]/usr/bin/git submodule foreach --recursive sh -c "git config --local --name-only --get-regexp 'core\.sshCommand' && git config --local --unset-all 'core.sshCommand' || :"
2025-06-09T20:57:55.1698364Z [command]/usr/bin/git config --local --name-only --get-regexp http\.https\:\/\/github\.com\/\.extraheader
2025-06-09T20:57:55.1721836Z http.https://github.com/.extraheader
2025-06-09T20:57:55.1734237Z [command]/usr/bin/git config --local --unset-all http.https://github.com/.extraheader
2025-06-09T20:57:55.1765565Z [command]/usr/bin/git submodule foreach --recursive sh -c "git config --local --name-only --get-regexp 'http\.https\:\/\/github\.com\/\.extraheader' && git config --local --unset-all 'http.https://github.com/.extraheader' || :"
2025-06-09T20:57:55.2092969Z Cleaning up orphan processes
