2025-06-10T19:02:09.4474339Z Current runner version: '2.325.0'
2025-06-10T19:02:09.4498158Z ##[group]Runner Image Provisioner
2025-06-10T19:02:09.4499073Z Hosted Compute Agent
2025-06-10T19:02:09.4499583Z Version: 20250529.345
2025-06-10T19:02:09.4500175Z Commit: 22237e57af968c281070ffa8ed912c1b754f9a23
2025-06-10T19:02:09.4500913Z Build Date: 2025-05-29T20:18:30Z
2025-06-10T19:02:09.4501460Z ##[endgroup]
2025-06-10T19:02:09.4502039Z ##[group]Operating System
2025-06-10T19:02:09.4502607Z Ubuntu
2025-06-10T19:02:09.4503316Z 24.04.2
2025-06-10T19:02:09.4503745Z LTS
2025-06-10T19:02:09.4504238Z ##[endgroup]
2025-06-10T19:02:09.4504703Z ##[group]Runner Image
2025-06-10T19:02:09.4505275Z Image: ubuntu-24.04
2025-06-10T19:02:09.4505715Z Version: 20250602.3.0
2025-06-10T19:02:09.4506779Z Included Software: https://github.com/actions/runner-images/blob/ubuntu24/20250602.3/images/ubuntu/Ubuntu2404-Readme.md
2025-06-10T19:02:09.4508276Z Image Release: https://github.com/actions/runner-images/releases/tag/ubuntu24%2F20250602.3
2025-06-10T19:02:09.4509295Z ##[endgroup]
2025-06-10T19:02:09.4510584Z ##[group]GITHUB_TOKEN Permissions
2025-06-10T19:02:09.4512712Z Contents: read
2025-06-10T19:02:09.4513515Z Deployments: write
2025-06-10T19:02:09.4514014Z Issues: write
2025-06-10T19:02:09.4514562Z Metadata: read
2025-06-10T19:02:09.4515062Z PullRequests: write
2025-06-10T19:02:09.4515532Z ##[endgroup]
2025-06-10T19:02:09.4518047Z Secret source: Actions
2025-06-10T19:02:09.4518711Z Prepare workflow directory
2025-06-10T19:02:09.4977584Z Prepare all required actions
2025-06-10T19:02:09.5032452Z Getting action download info
2025-06-10T19:02:09.8201232Z ##[group]Download immutable action package 'actions/checkout@v4'
2025-06-10T19:02:09.8202236Z Version: 4.2.2
2025-06-10T19:02:09.8203559Z Digest: sha256:ccb2698953eaebd21c7bf6268a94f9c26518a7e38e27e0b83c1fe1ad049819b1
2025-06-10T19:02:09.8204751Z Source commit SHA: 11bd71901bbe5b1630ceea73d27597364c9af683
2025-06-10T19:02:09.8205477Z ##[endgroup]
2025-06-10T19:02:09.9436661Z ##[group]Download immutable action package 'actions/setup-node@v4'
2025-06-10T19:02:09.9437552Z Version: 4.4.0
2025-06-10T19:02:09.9438284Z Digest: sha256:9427cefe82346e992fb5b949e3569b39d537ae41aa3086483b14eceebfc16bc1
2025-06-10T19:02:09.9439221Z Source commit SHA: 49933ea5288caeca8642d1e84afbd3f7d6820020
2025-06-10T19:02:09.9440047Z ##[endgroup]
2025-06-10T19:02:10.1575067Z Complete job name: 🧪 Tests
2025-06-10T19:02:10.2225703Z ##[group]Run actions/checkout@v4
2025-06-10T19:02:10.2226503Z with:
2025-06-10T19:02:10.2226896Z   repository: JacksonR64/LocalLoop
2025-06-10T19:02:10.2227535Z   token: ***
2025-06-10T19:02:10.2227904Z   ssh-strict: true
2025-06-10T19:02:10.2228292Z   ssh-user: git
2025-06-10T19:02:10.2228695Z   persist-credentials: true
2025-06-10T19:02:10.2229122Z   clean: true
2025-06-10T19:02:10.2229526Z   sparse-checkout-cone-mode: true
2025-06-10T19:02:10.2229988Z   fetch-depth: 1
2025-06-10T19:02:10.2230359Z   fetch-tags: false
2025-06-10T19:02:10.2230740Z   show-progress: true
2025-06-10T19:02:10.2231145Z   lfs: false
2025-06-10T19:02:10.2231530Z   submodules: false
2025-06-10T19:02:10.2231921Z   set-safe-directory: true
2025-06-10T19:02:10.2232538Z env:
2025-06-10T19:02:10.2233122Z   NODE_VERSION: 18
2025-06-10T19:02:10.2233515Z ##[endgroup]
2025-06-10T19:02:10.3268160Z Syncing repository: JacksonR64/LocalLoop
2025-06-10T19:02:10.3269818Z ##[group]Getting Git version info
2025-06-10T19:02:10.3270550Z Working directory is '/home/runner/work/LocalLoop/LocalLoop'
2025-06-10T19:02:10.3271469Z [command]/usr/bin/git version
2025-06-10T19:02:10.3435468Z git version 2.49.0
2025-06-10T19:02:10.3461327Z ##[endgroup]
2025-06-10T19:02:10.3476991Z Temporarily overriding HOME='/home/runner/work/_temp/2bed631a-e039-4d66-88a1-626656994a52' before making global git config changes
2025-06-10T19:02:10.3479399Z Adding repository directory to the temporary git global config as a safe directory
2025-06-10T19:02:10.3490419Z [command]/usr/bin/git config --global --add safe.directory /home/runner/work/LocalLoop/LocalLoop
2025-06-10T19:02:10.3526787Z Deleting the contents of '/home/runner/work/LocalLoop/LocalLoop'
2025-06-10T19:02:10.3530640Z ##[group]Initializing the repository
2025-06-10T19:02:10.3535509Z [command]/usr/bin/git init /home/runner/work/LocalLoop/LocalLoop
2025-06-10T19:02:10.3876381Z hint: Using 'master' as the name for the initial branch. This default branch name
2025-06-10T19:02:10.3877864Z hint: is subject to change. To configure the initial branch name to use in all
2025-06-10T19:02:10.3878861Z hint: of your new repositories, which will suppress this warning, call:
2025-06-10T19:02:10.3879773Z hint:
2025-06-10T19:02:10.3880297Z hint: 	git config --global init.defaultBranch <name>
2025-06-10T19:02:10.3880942Z hint:
2025-06-10T19:02:10.3881549Z hint: Names commonly chosen instead of 'master' are 'main', 'trunk' and
2025-06-10T19:02:10.3882561Z hint: 'development'. The just-created branch can be renamed via this command:
2025-06-10T19:02:10.3883893Z hint:
2025-06-10T19:02:10.3884613Z hint: 	git branch -m <name>
2025-06-10T19:02:10.3885553Z Initialized empty Git repository in /home/runner/work/LocalLoop/LocalLoop/.git/
2025-06-10T19:02:10.3896851Z [command]/usr/bin/git remote add origin https://github.com/JacksonR64/LocalLoop
2025-06-10T19:02:10.4160324Z ##[endgroup]
2025-06-10T19:02:10.4161820Z ##[group]Disabling automatic garbage collection
2025-06-10T19:02:10.4165431Z [command]/usr/bin/git config --local gc.auto 0
2025-06-10T19:02:10.4196534Z ##[endgroup]
2025-06-10T19:02:10.4197759Z ##[group]Setting up auth
2025-06-10T19:02:10.4204144Z [command]/usr/bin/git config --local --name-only --get-regexp core\.sshCommand
2025-06-10T19:02:10.4236824Z [command]/usr/bin/git submodule foreach --recursive sh -c "git config --local --name-only --get-regexp 'core\.sshCommand' && git config --local --unset-all 'core.sshCommand' || :"
2025-06-10T19:02:10.5327715Z [command]/usr/bin/git config --local --name-only --get-regexp http\.https\:\/\/github\.com\/\.extraheader
2025-06-10T19:02:10.5357743Z [command]/usr/bin/git submodule foreach --recursive sh -c "git config --local --name-only --get-regexp 'http\.https\:\/\/github\.com\/\.extraheader' && git config --local --unset-all 'http.https://github.com/.extraheader' || :"
2025-06-10T19:02:10.5573790Z [command]/usr/bin/git config --local http.https://github.com/.extraheader AUTHORIZATION: basic ***
2025-06-10T19:02:10.5607856Z ##[endgroup]
2025-06-10T19:02:10.5609472Z ##[group]Fetching the repository
2025-06-10T19:02:10.5626346Z [command]/usr/bin/git -c protocol.version=2 fetch --no-tags --prune --no-recurse-submodules --depth=1 origin +77b20f39518cb6b67f55a77c7840336fd3f00dcf:refs/remotes/origin/main
2025-06-10T19:02:11.2415242Z From https://github.com/JacksonR64/LocalLoop
2025-06-10T19:02:11.2416874Z  * [new ref]         77b20f39518cb6b67f55a77c7840336fd3f00dcf -> origin/main
2025-06-10T19:02:11.2442134Z ##[endgroup]
2025-06-10T19:02:11.2443595Z ##[group]Determining the checkout info
2025-06-10T19:02:11.2446719Z ##[endgroup]
2025-06-10T19:02:11.2450861Z [command]/usr/bin/git sparse-checkout disable
2025-06-10T19:02:11.2492722Z [command]/usr/bin/git config --local --unset-all extensions.worktreeConfig
2025-06-10T19:02:11.2521919Z ##[group]Checking out the ref
2025-06-10T19:02:11.2526421Z [command]/usr/bin/git checkout --progress --force -B main refs/remotes/origin/main
2025-06-10T19:02:11.3196478Z Switched to a new branch 'main'
2025-06-10T19:02:11.3197875Z branch 'main' set up to track 'origin/main'.
2025-06-10T19:02:11.3208941Z ##[endgroup]
2025-06-10T19:02:11.3246839Z [command]/usr/bin/git log -1 --format=%H
2025-06-10T19:02:11.3269419Z 77b20f39518cb6b67f55a77c7840336fd3f00dcf
2025-06-10T19:02:11.3546331Z ##[group]Run actions/setup-node@v4
2025-06-10T19:02:11.3547403Z with:
2025-06-10T19:02:11.3548191Z   node-version: 18
2025-06-10T19:02:11.3549081Z   cache: npm
2025-06-10T19:02:11.3549881Z   always-auth: false
2025-06-10T19:02:11.3550764Z   check-latest: false
2025-06-10T19:02:11.3551911Z   token: ***
2025-06-10T19:02:11.3552699Z env:
2025-06-10T19:02:11.3553804Z   NODE_VERSION: 18
2025-06-10T19:02:11.3554648Z ##[endgroup]
2025-06-10T19:02:11.5635747Z Found in cache @ /opt/hostedtoolcache/node/18.20.8/x64
2025-06-10T19:02:11.5642198Z ##[group]Environment details
2025-06-10T19:02:16.7273354Z node: v18.20.8
2025-06-10T19:02:16.7273881Z npm: 10.8.2
2025-06-10T19:02:16.7274237Z yarn: 1.22.22
2025-06-10T19:02:16.7275688Z ##[endgroup]
2025-06-10T19:02:16.7302611Z [command]/opt/hostedtoolcache/node/18.20.8/x64/bin/npm config get cache
2025-06-10T19:02:17.1911588Z /home/runner/.npm
2025-06-10T19:02:17.3813250Z Cache hit for: node-cache-Linux-x64-npm-c12c6ac637b018150c9ab8486a2ab8d5c875f0013e7356ae5e08bc546e10a4bd
2025-06-10T19:02:18.5147954Z Received 134217728 of 202515877 (66.3%), 125.7 MBs/sec
2025-06-10T19:02:18.9683227Z Received 202515877 of 202515877 (100.0%), 131.2 MBs/sec
2025-06-10T19:02:18.9684793Z Cache Size: ~193 MB (202515877 B)
2025-06-10T19:02:18.9722501Z [command]/usr/bin/tar -xf /home/runner/work/_temp/14b935c9-b259-4c08-a6f8-e19c6740de68/cache.tzst -P -C /home/runner/work/LocalLoop/LocalLoop --use-compress-program unzstd
2025-06-10T19:02:19.3371121Z Cache restored successfully
2025-06-10T19:02:19.3770401Z Cache restored from key: node-cache-Linux-x64-npm-c12c6ac637b018150c9ab8486a2ab8d5c875f0013e7356ae5e08bc546e10a4bd
2025-06-10T19:02:19.3946083Z ##[group]Run npm ci --legacy-peer-deps
2025-06-10T19:02:19.3946471Z [36;1mnpm ci --legacy-peer-deps[0m
2025-06-10T19:02:19.4211545Z shell: /usr/bin/bash -e {0}
2025-06-10T19:02:19.4211805Z env:
2025-06-10T19:02:19.4211976Z   NODE_VERSION: 18
2025-06-10T19:02:19.4212173Z ##[endgroup]
2025-06-10T19:02:27.4190456Z npm warn deprecated inflight@1.0.6: This module is not supported, and leaks memory. Do not use it. Check out lru-cache if you want a good and tested way to coalesce async requests by a key value, which is much more comprehensive and powerful.
2025-06-10T19:02:27.6291110Z npm warn deprecated abab@2.0.6: Use your platform's native atob() and btoa() methods instead
2025-06-10T19:02:27.7295491Z npm warn deprecated glob@7.2.3: Glob versions prior to v9 are no longer supported
2025-06-10T19:02:27.8101797Z npm warn deprecated domexception@4.0.0: Use your platform's native DOMException instead
2025-06-10T19:02:36.6531888Z 
2025-06-10T19:02:36.6533088Z > localloop@0.1.0 prepare
2025-06-10T19:02:36.6534663Z > husky install
2025-06-10T19:02:36.6534870Z 
2025-06-10T19:02:36.7159986Z husky - install command is DEPRECATED
2025-06-10T19:02:36.7438117Z 
2025-06-10T19:02:36.7439362Z added 822 packages, and audited 823 packages in 17s
2025-06-10T19:02:36.7439910Z 
2025-06-10T19:02:36.7440236Z 184 packages are looking for funding
2025-06-10T19:02:36.7440774Z   run `npm fund` for details
2025-06-10T19:02:36.7452949Z 
2025-06-10T19:02:36.7454675Z found 0 vulnerabilities
2025-06-10T19:02:36.8308596Z ##[group]Run npm run test:ci
2025-06-10T19:02:36.8308890Z [36;1mnpm run test:ci[0m
2025-06-10T19:02:36.8365452Z shell: /usr/bin/bash -e {0}
2025-06-10T19:02:36.8365685Z env:
2025-06-10T19:02:36.8365847Z   NODE_VERSION: 18
2025-06-10T19:02:36.8366049Z ##[endgroup]
2025-06-10T19:02:36.9757462Z 
2025-06-10T19:02:36.9758103Z > localloop@0.1.0 test:ci
2025-06-10T19:02:36.9758665Z > jest --ci --coverage --watchAll=false
2025-06-10T19:02:36.9758967Z 
2025-06-10T19:02:39.7384375Z PASS lib/utils/__tests__/ticket-utils.test.ts
2025-06-10T19:02:39.7413465Z   Ticket Utils
2025-06-10T19:02:39.7413820Z     formatPrice
2025-06-10T19:02:39.7414672Z       ✓ should format price correctly for paid tickets (22 ms)
2025-06-10T19:02:39.7415393Z       ✓ should display "Free" for zero price (1 ms)
2025-06-10T19:02:39.7416004Z       ✓ should handle different currencies
2025-06-10T19:02:39.7416581Z       ✓ should handle large amounts (1 ms)
2025-06-10T19:02:39.7417267Z       ✓ should handle small amounts (2 ms)
2025-06-10T19:02:39.7417707Z     convertToStripeAmount
2025-06-10T19:02:39.7418308Z       ✓ should convert dollars to cents correctly (1 ms)
2025-06-10T19:02:39.7418945Z       ✓ should handle zero amount (1 ms)
2025-06-10T19:02:39.7419624Z       ✓ should round properly for precision issues (1 ms)
2025-06-10T19:02:39.7420945Z       ✓ should handle large amounts
2025-06-10T19:02:39.7421449Z     convertToDollars
2025-06-10T19:02:39.7422093Z       ✓ should convert cents to dollars correctly (1 ms)
2025-06-10T19:02:39.7422733Z       ✓ should handle zero amount
2025-06-10T19:02:39.7423596Z       ✓ should handle single cents (1 ms)
2025-06-10T19:02:39.7424156Z     calculateStripeFee
2025-06-10T19:02:39.7424759Z       ✓ should calculate Stripe fees correctly (1 ms)
2025-06-10T19:02:39.7425711Z       ✓ should handle zero amount (1 ms)
2025-06-10T19:02:39.7426519Z       ✓ should handle small amounts (1 ms)
2025-06-10T19:02:39.7427404Z       ✓ should handle large amounts (1 ms)
2025-06-10T19:02:39.7428152Z     calculateCustomerTotal
2025-06-10T19:02:39.7429026Z       ✓ should calculate total amount customer pays
2025-06-10T19:02:39.7429976Z       ✓ should handle free tickets (1 ms)
2025-06-10T19:02:39.7430688Z     checkTicketAvailability
2025-06-10T19:02:39.7431688Z       ✓ should return availability for tickets with capacity (1 ms)
2025-06-10T19:02:39.7432933Z       ✓ should handle tickets without capacity limits (1 ms)
2025-06-10T19:02:39.7433894Z       ✓ should detect sold out tickets
2025-06-10T19:02:39.7434845Z       ✓ should handle tickets with sale periods (1 ms)
2025-06-10T19:02:39.7435788Z       ✓ should detect ended sales (1 ms)
2025-06-10T19:02:39.7436501Z     formatAvailabilityStatus
2025-06-10T19:02:39.7437303Z       ✓ should format available status
2025-06-10T19:02:39.7438150Z       ✓ should format unlimited availability
2025-06-10T19:02:39.7439053Z       ✓ should format sold out status (1 ms)
2025-06-10T19:02:39.7439745Z     validateTicketPrice
2025-06-10T19:02:39.7440624Z       ✓ should validate correct prices (8 ms)
2025-06-10T19:02:39.7642391Z       ✓ should reject negative prices (1 ms)
2025-06-10T19:02:39.7694124Z       ✓ should reject prices below minimum for paid tickets
2025-06-10T19:02:39.7713795Z       ✓ should reject prices above maximum
2025-06-10T19:02:39.7714285Z     calculateRefundAmount
2025-06-10T19:02:39.7714999Z       ✓ should calculate customer refund with Stripe fee deduction (1 ms)
2025-06-10T19:02:39.7716703Z       ✓ should calculate full refund for event cancellation
2025-06-10T19:02:39.7717337Z       ✓ should handle small amounts (1 ms)
2025-06-10T19:02:39.7717764Z     getTicketTypeDisplayName
2025-06-10T19:02:39.7718289Z       ✓ should return the ticket type name with price
2025-06-10T19:02:39.7718878Z       ✓ should handle empty or undefined names (1 ms)
2025-06-10T19:02:39.7719320Z     sortTicketTypes
2025-06-10T19:02:39.7719805Z       ✓ should sort ticket types by price ascending
2025-06-10T19:02:39.7720268Z     getActiveTicketTypes
2025-06-10T19:02:39.7721279Z       ✓ should filter only active ticket types (1 ms)
2025-06-10T19:02:39.7721960Z       ✓ should maintain order of active tickets
2025-06-10T19:02:39.7722412Z     calculateTotalRevenue
2025-06-10T19:02:39.7723236Z       ✓ should calculate total revenue from sold tickets (1 ms)
2025-06-10T19:02:39.7723910Z       ✓ should handle tickets with no sales
2025-06-10T19:02:39.7724319Z     formatSaleDate
2025-06-10T19:02:39.7724729Z       ✓ should format date strings (4 ms)
2025-06-10T19:02:39.7725263Z       ✓ should handle different date formats (1 ms)
2025-06-10T19:02:39.7725679Z     hasCapacityLimit
2025-06-10T19:02:39.7726147Z       ✓ should return true for tickets with capacity
2025-06-10T19:02:39.7726718Z       ✓ should return false for unlimited tickets
2025-06-10T19:02:39.7727143Z     getMinimumTicketPrice
2025-06-10T19:02:39.7727696Z       ✓ should return minimum price from ticket types (1 ms)
2025-06-10T19:02:39.7728282Z       ✓ should return null for empty array
2025-06-10T19:02:39.7728917Z       ✓ should exclude inactive tickets from price calculation
2025-06-10T19:02:39.7729413Z     getMaximumTicketPrice
2025-06-10T19:02:39.7730025Z       ✓ should return maximum price from ticket types (1 ms)
2025-06-10T19:02:39.7730619Z       ✓ should return null for empty array
2025-06-10T19:02:39.7731009Z     formatPriceRange
2025-06-10T19:02:39.7731821Z       ✓ should format price range for mixed ticket types (1 ms)
2025-06-10T19:02:39.7732418Z       ✓ should handle single price point
2025-06-10T19:02:39.7733102Z       ✓ should handle all free tickets
2025-06-10T19:02:39.7733615Z       ✓ should handle empty array (1 ms)
2025-06-10T19:02:39.7733873Z 
2025-06-10T19:02:39.7734141Z PASS lib/utils/__tests__/eventFilters.test.ts
2025-06-10T19:02:39.7734558Z   Event Filters
2025-06-10T19:02:39.7734839Z     applyFilters
2025-06-10T19:02:39.7735345Z       ✓ should return all events with empty filters (5 ms)
2025-06-10T19:02:39.7735910Z       ✓ should filter by categories (1 ms)
2025-06-10T19:02:39.7736477Z       ✓ should filter by price type (free) (1 ms)
2025-06-10T19:02:39.7737020Z       ✓ should filter by price type (paid)
2025-06-10T19:02:39.7737560Z       ✓ should filter by search query (1 ms)
2025-06-10T19:02:39.7738075Z       ✓ should sort by date ascending (1 ms)
2025-06-10T19:02:39.7738585Z       ✓ should sort by date descending
2025-06-10T19:02:39.7739136Z       ✓ should sort by title ascending (10 ms)
2025-06-10T19:02:39.7739678Z       ✓ should combine multiple filters (3 ms)
2025-06-10T19:02:39.7740089Z     getEventCategories
2025-06-10T19:02:39.7740620Z       ✓ should return unique categories with counts (4 ms)
2025-06-10T19:02:39.7741195Z       ✓ should handle empty events array (1 ms)
2025-06-10T19:02:39.7741775Z       ✓ should sort categories alphabetically (1 ms)
2025-06-10T19:02:39.7742215Z     getEventPriceCounts
2025-06-10T19:02:39.7742693Z       ✓ should count free and paid events (1 ms)
2025-06-10T19:02:39.7743479Z       ✓ should handle empty events array
2025-06-10T19:02:39.7743990Z       ✓ should handle all free events
2025-06-10T19:02:39.7744400Z     hasActiveFilters
2025-06-10T19:02:39.7744880Z       ✓ should return false for empty filters (1 ms)
2025-06-10T19:02:39.7745482Z       ✓ should return true when categories are selected
2025-06-10T19:02:39.7746091Z       ✓ should return true when price type is filtered
2025-06-10T19:02:39.7746679Z       ✓ should return true when search query is present
2025-06-10T19:02:39.7747121Z     getFilterSummary
2025-06-10T19:02:39.7747576Z       ✓ should generate filter summary (1 ms)
2025-06-10T19:02:39.7748088Z       ✓ should handle no filters applied
2025-06-10T19:02:39.7748488Z     filtersToQueryParams
2025-06-10T19:02:39.7748999Z       ✓ should convert filters to query params (2 ms)
2025-06-10T19:02:39.7749532Z       ✓ should skip empty values
2025-06-10T19:02:39.7749913Z     queryParamsToFilters
2025-06-10T19:02:39.7750427Z       ✓ should convert query params to filters (1 ms)
2025-06-10T19:02:39.7750980Z       ✓ should handle empty params (1 ms)
2025-06-10T19:02:39.7751251Z 
2025-06-10T19:02:40.0335111Z   console.log
2025-06-10T19:02:40.0339768Z     🧪 Database validation integration tests working correctly
2025-06-10T19:02:40.0343897Z 
2025-06-10T19:02:40.0347695Z       at Object.log (tests/integration/database-validation.test.ts:219:21)
2025-06-10T19:02:40.0351612Z 
2025-06-10T19:02:40.0359271Z PASS tests/integration/database-validation.test.ts
2025-06-10T19:02:40.0362687Z   Database Validation Integration
2025-06-10T19:02:40.0365999Z     Data Structure Validation
2025-06-10T19:02:40.0366772Z       ✓ should validate event data structure (5 ms)
2025-06-10T19:02:40.0369010Z       ✓ should validate RSVP data structure (1 ms)
2025-06-10T19:02:40.0369743Z       ✓ should validate ticket type data structure (4 ms)
2025-06-10T19:02:40.0370293Z     API Response Format Validation
2025-06-10T19:02:40.0370911Z       ✓ should validate events API response format (2 ms)
2025-06-10T19:02:40.0371544Z       ✓ should validate error response format
2025-06-10T19:02:40.0372002Z     Business Logic Validation
2025-06-10T19:02:40.0372571Z       ✓ should validate event capacity logic (1 ms)
2025-06-10T19:02:40.0373345Z       ✓ should validate ticket pricing logic
2025-06-10T19:02:40.0373738Z       ✓ should validate date logic for events (1 ms)
2025-06-10T19:02:40.0374039Z     Data Transformation Logic
2025-06-10T19:02:40.0374419Z       ✓ should transform event data for API responses (7 ms)
2025-06-10T19:02:40.0375085Z       ✓ should handle pagination logic correctly
2025-06-10T19:02:40.0375401Z     Integration Test Framework Verification
2025-06-10T19:02:40.0375845Z       ✓ should verify database integration test setup is working (39 ms)
2025-06-10T19:02:40.0376107Z 
2025-06-10T19:02:40.1994555Z   console.log
2025-06-10T19:02:40.1995565Z     🧪 API integration test framework working correctly
2025-06-10T19:02:40.1995993Z 
2025-06-10T19:02:40.1996273Z       at Object.log (tests/integration/api-routes.test.ts:198:21)
2025-06-10T19:02:40.1996732Z 
2025-06-10T19:02:40.2023995Z PASS tests/integration/api-routes.test.ts
2025-06-10T19:02:40.2024554Z   API Routes Integration
2025-06-10T19:02:40.2024991Z     API Route Structure Validation
2025-06-10T19:02:40.2025742Z       ✓ should validate API endpoint configurations (3 ms)
2025-06-10T19:02:40.2026453Z       ✓ should validate HTTP method patterns (2 ms)
2025-06-10T19:02:40.2027193Z     Request/Response Format Validation
2025-06-10T19:02:40.2027906Z       ✓ should validate event creation request format (1 ms)
2025-06-10T19:02:40.2028666Z       ✓ should validate RSVP creation request format (1 ms)
2025-06-10T19:02:40.2029447Z       ✓ should validate performance analytics data format (6 ms)
2025-06-10T19:02:40.2029988Z     Error Handling Patterns
2025-06-10T19:02:40.2030572Z       ✓ should validate error response structure (1 ms)
2025-06-10T19:02:40.2031232Z       ✓ should validate success response structure
2025-06-10T19:02:40.2031766Z     Authentication Integration Patterns
2025-06-10T19:02:40.2032487Z       ✓ should validate authentication header patterns (1 ms)
2025-06-10T19:02:40.2033513Z       ✓ should validate user session data structure (1 ms)
2025-06-10T19:02:40.2034094Z     Integration Test Framework Verification
2025-06-10T19:02:40.2034866Z       ✓ should verify API integration test setup is working (4 ms)
2025-06-10T19:02:40.2035568Z       ✓ should validate test data consistency
2025-06-10T19:02:40.2035899Z 
2025-06-10T19:02:40.2835811Z   console.log
2025-06-10T19:02:40.2838147Z     🧪 Component integration test framework working correctly
2025-06-10T19:02:40.2838571Z 
2025-06-10T19:02:40.2838980Z       at Object.log (tests/integration/component-interactions.test.ts:254:21)
2025-06-10T19:02:40.2839451Z 
2025-06-10T19:02:40.2900075Z PASS tests/integration/component-interactions.test.ts
2025-06-10T19:02:40.2901381Z   Component Interactions Integration
2025-06-10T19:02:40.2902514Z     Event Filters and Event List Integration
2025-06-10T19:02:40.2903909Z       ✓ should filter events when filter options are selected (2 ms)
2025-06-10T19:02:40.2904966Z     Authentication Flow Integration
2025-06-10T19:02:40.2905783Z       ✓ should handle authentication state changes across components (1 ms)
2025-06-10T19:02:40.2906535Z     Form Submission and Data Persistence Integration
2025-06-10T19:02:40.2907410Z       ✓ should handle form submission with validation and API calls (3 ms)
2025-06-10T19:02:40.2908085Z     Error Handling and User Feedback Integration
2025-06-10T19:02:40.2908940Z       ✓ should display appropriate error messages when API calls fail (1 ms)
2025-06-10T19:02:40.2909581Z     State Management Integration
2025-06-10T19:02:40.2910351Z       ✓ should maintain consistent state across component updates (1 ms)
2025-06-10T19:02:40.2911029Z     Real-time Updates Integration
2025-06-10T19:02:40.2911712Z       ✓ should handle real-time data updates correctly (1 ms)
2025-06-10T19:02:40.2912338Z     Performance and Loading States Integration
2025-06-10T19:02:40.2913503Z       ✓ should handle loading states appropriately during data fetching (101 ms)
2025-06-10T19:02:40.2914227Z     Integration Test Framework Verification
2025-06-10T19:02:40.2915041Z       ✓ should verify component integration test setup is working (27 ms)
2025-06-10T19:02:40.2915508Z 
2025-06-10T19:02:40.6634081Z PASS app/api/events/__tests__/route.test.ts
2025-06-10T19:02:40.6642121Z   /api/events
2025-06-10T19:02:40.6643309Z     ✓ should return 401 when user is not authenticated (10 ms)
2025-06-10T19:02:40.6644622Z     ✓ should return events when user is authenticated (4 ms)
2025-06-10T19:02:40.6645058Z 
2025-06-10T19:02:40.9272559Z PASS components/ui/__tests__/button.test.tsx
2025-06-10T19:02:40.9273286Z   Button Component
2025-06-10T19:02:40.9274001Z     ✓ should render with default props (67 ms)
2025-06-10T19:02:40.9274687Z     ✓ should render different variants correctly (27 ms)
2025-06-10T19:02:40.9275144Z     ✓ should render different sizes correctly (19 ms)
2025-06-10T19:02:40.9275523Z     ✓ should handle click events (26 ms)
2025-06-10T19:02:40.9276113Z     ✓ should be disabled when disabled prop is true (6 ms)
2025-06-10T19:02:40.9276939Z     ✓ should render as different HTML elements when asChild is used (5 ms)
2025-06-10T19:02:40.9277669Z     ✓ should forward refs correctly (2 ms)
2025-06-10T19:02:40.9278276Z     ✓ should accept custom className (6 ms)
2025-06-10T19:02:40.9278940Z     ✓ should handle keyboard navigation (17 ms)
2025-06-10T19:02:40.9279593Z     ✓ should have proper accessibility attributes (6 ms)
2025-06-10T19:02:40.9280190Z     ✓ should render loading state correctly (5 ms)
2025-06-10T19:02:40.9280844Z     ✓ should handle focus and blur events (26 ms)
2025-06-10T19:02:40.9281492Z     ✓ should prevent default behavior when needed (14 ms)
2025-06-10T19:02:40.9281879Z     ✓ should render with icons (3 ms)
2025-06-10T19:02:40.9282222Z     ✓ should handle rapid clicks gracefully (31 ms)
2025-06-10T19:02:40.9282431Z 
2025-06-10T19:02:46.1684745Z ----------------------------------|---------|----------|---------|---------|---------------------------------------------------
2025-06-10T19:02:46.1687011Z File                              | % Stmts | % Branch | % Funcs | % Lines | Uncovered Line #s                                 
2025-06-10T19:02:46.1688216Z ----------------------------------|---------|----------|---------|---------|---------------------------------------------------
2025-06-10T19:02:46.1700431Z All files                         |    4.39 |     2.88 |    5.01 |    4.16 |                                                   
2025-06-10T19:02:46.1701508Z  app                              |       0 |        0 |       0 |       0 |                                                   
2025-06-10T19:02:46.1702646Z   robots.ts                       |       0 |        0 |       0 |       0 | 3-6                                               
2025-06-10T19:02:46.1703980Z   sitemap.ts                      |       0 |        0 |       0 |       0 | 3-25                                              
2025-06-10T19:02:46.1705139Z  app/about                        |       0 |      100 |       0 |       0 |                                                   
2025-06-10T19:02:46.1705995Z   page.tsx                        |       0 |      100 |       0 |       0 | 1-4                                               
2025-06-10T19:02:46.1706930Z  app/api/analytics/performance    |       0 |        0 |       0 |       0 |                                                   
2025-06-10T19:02:46.1707882Z   route.ts                        |       0 |        0 |       0 |       0 | 1-231                                             
2025-06-10T19:02:46.1708814Z  app/api/auth/google/callback     |       0 |        0 |       0 |       0 |                                                   
2025-06-10T19:02:46.1709724Z   route.ts                        |       0 |        0 |       0 |       0 | 1-278                                             
2025-06-10T19:02:46.1710616Z  app/api/auth/google/connect      |       0 |        0 |       0 |       0 |                                                   
2025-06-10T19:02:46.1711515Z   route.ts                        |       0 |        0 |       0 |       0 | 1-118                                             
2025-06-10T19:02:46.1712459Z  app/api/auth/google/disconnect   |       0 |        0 |       0 |       0 |                                                   
2025-06-10T19:02:46.1713566Z   route.ts                        |       0 |        0 |       0 |       0 | 1-106                                             
2025-06-10T19:02:46.1714784Z  app/api/auth/google/status       |       0 |        0 |       0 |       0 |                                                   
2025-06-10T19:02:46.1715659Z   route.ts                        |       0 |        0 |       0 |       0 | 1-185                                             
2025-06-10T19:02:46.1716490Z  app/api/auth/welcome             |       0 |        0 |       0 |       0 |                                                   
2025-06-10T19:02:46.1717328Z   route.ts                        |       0 |        0 |       0 |       0 | 1-127                                             
2025-06-10T19:02:46.1718243Z  app/api/calendar/add-to-calendar |       0 |        0 |       0 |       0 |                                                   
2025-06-10T19:02:46.1719160Z   route.ts                        |       0 |        0 |       0 |       0 | 1-218                                             
2025-06-10T19:02:46.1720068Z  app/api/calendar/create-event    |       0 |        0 |       0 |       0 |                                                   
2025-06-10T19:02:46.1720978Z   route.ts                        |       0 |        0 |       0 |       0 | 1-94                                              
2025-06-10T19:02:46.1721791Z  app/api/checkout                 |       0 |        0 |       0 |       0 |                                                   
2025-06-10T19:02:46.1722602Z   route.ts                        |       0 |        0 |       0 |       0 | 1-289                                             
2025-06-10T19:02:46.1723616Z  app/api/debug-oauth              |       0 |        0 |       0 |       0 |                                                   
2025-06-10T19:02:46.1724432Z   route.ts                        |       0 |        0 |       0 |       0 | 1-20                                              
2025-06-10T19:02:46.1725256Z  app/api/events                   |   37.71 |    18.51 |   66.66 |   39.44 |                                                   
2025-06-10T19:02:46.1726120Z   route.ts                        |   37.71 |    18.51 |   66.66 |   39.44 | 7-163,209,213,217,221,231-245,271,290-300,321-322 
2025-06-10T19:02:46.1726994Z  app/api/events/[id]              |       0 |        0 |       0 |       0 |                                                   
2025-06-10T19:02:46.1727815Z   route.ts                        |       0 |        0 |       0 |       0 | 1-327                                             
2025-06-10T19:02:46.1728926Z  app/api/events/cancellation      |       0 |        0 |       0 |       0 |                                                   
2025-06-10T19:02:46.1729866Z   route.ts                        |       0 |        0 |       0 |       0 | 1-293                                             
2025-06-10T19:02:46.1730722Z  app/api/events/reminders         |       0 |        0 |       0 |       0 |                                                   
2025-06-10T19:02:46.1731606Z   route.ts                        |       0 |        0 |       0 |       0 | 1-322                                             
2025-06-10T19:02:46.1732396Z  app/api/health                   |       0 |        0 |       0 |       0 |                                                   
2025-06-10T19:02:46.1733356Z   route.ts                        |       0 |        0 |       0 |       0 | 1-139                                             
2025-06-10T19:02:46.1734156Z  app/api/orders                   |       0 |        0 |       0 |       0 |                                                   
2025-06-10T19:02:46.1735008Z   route.ts                        |       0 |        0 |       0 |       0 | 1-269                                             
2025-06-10T19:02:46.1735814Z  app/api/refunds                  |       0 |        0 |       0 |       0 |                                                   
2025-06-10T19:02:46.1736618Z   route.ts                        |       0 |        0 |       0 |       0 | 1-309                                             
2025-06-10T19:02:46.1737735Z  app/api/rsvps                    |       0 |        0 |       0 |       0 |                                                   
2025-06-10T19:02:46.1738568Z   route.ts                        |       0 |        0 |       0 |       0 | 1-334                                             
2025-06-10T19:02:46.1739359Z  app/api/rsvps/[id]               |       0 |        0 |       0 |       0 |                                                   
2025-06-10T19:02:46.1740182Z   route.ts                        |       0 |        0 |       0 |       0 | 1-315                                             
2025-06-10T19:02:46.1741055Z  app/api/staff/analytics          |       0 |        0 |       0 |       0 |                                                   
2025-06-10T19:02:46.1741928Z   route.ts                        |       0 |        0 |       0 |       0 | 1-207                                             
2025-06-10T19:02:46.1742958Z  app/api/staff/attendees          |       0 |        0 |       0 |       0 |                                                   
2025-06-10T19:02:46.1743834Z   route.ts                        |       0 |        0 |       0 |       0 | 1-272                                             
2025-06-10T19:02:46.1744682Z  app/api/staff/dashboard          |       0 |        0 |       0 |       0 |                                                   
2025-06-10T19:02:46.1745539Z   route.ts                        |       0 |        0 |       0 |       0 | 1-168                                             
2025-06-10T19:02:46.1746344Z  app/api/staff/export             |       0 |        0 |       0 |       0 |                                                   
2025-06-10T19:02:46.1747165Z   route.ts                        |       0 |        0 |       0 |       0 | 1-501                                             
2025-06-10T19:02:46.1747945Z  app/api/test-env                 |       0 |        0 |       0 |       0 |                                                   
2025-06-10T19:02:46.1748739Z   route.ts                        |       0 |        0 |       0 |       0 | 1-4                                               
2025-06-10T19:02:46.1749588Z  app/api/test-upgrade-role        |       0 |        0 |       0 |       0 |                                                   
2025-06-10T19:02:46.1750423Z   route.ts                        |       0 |        0 |       0 |       0 | 1-40                                              
2025-06-10T19:02:46.1751449Z  app/api/ticket-types             |       0 |        0 |       0 |       0 |                                                   
2025-06-10T19:02:46.1752406Z   route.ts                        |       0 |        0 |       0 |       0 | 1-373                                             
2025-06-10T19:02:46.1753404Z  app/api/ticket-types/[id]        |       0 |        0 |       0 |       0 |                                                   
2025-06-10T19:02:46.1754269Z   route.ts                        |       0 |        0 |       0 |       0 | 1-358                                             
2025-06-10T19:02:46.1755145Z  app/api/update-customer-info     |       0 |        0 |       0 |       0 |                                                   
2025-06-10T19:02:46.1756025Z   route.ts                        |       0 |        0 |       0 |       0 | 1-61                                              
2025-06-10T19:02:46.1756862Z  app/api/webhooks/stripe          |       0 |        0 |       0 |       0 |                                                   
2025-06-10T19:02:46.1757673Z   route.ts                        |       0 |        0 |       0 |       0 | 1-665                                             
2025-06-10T19:02:46.1758491Z  app/auth/callback                |       0 |        0 |       0 |       0 |                                                   
2025-06-10T19:02:46.1759304Z   page.tsx                        |       0 |        0 |       0 |       0 | 3-37                                              
2025-06-10T19:02:46.1760382Z  app/auth/google/callback         |       0 |        0 |       0 |       0 |                                                   
2025-06-10T19:02:46.1761265Z   page.tsx                        |       0 |        0 |       0 |       0 | 3-193                                             
2025-06-10T19:02:46.1762073Z  app/auth/login                   |       0 |        0 |       0 |       0 |                                                   
2025-06-10T19:02:46.1763063Z   page.tsx                        |       0 |        0 |       0 |       0 | 3-112                                             
2025-06-10T19:02:46.1763955Z  app/auth/reset-password          |       0 |        0 |       0 |       0 |                                                   
2025-06-10T19:02:46.1764842Z   page.tsx                        |       0 |        0 |       0 |       0 | 3-56                                              
2025-06-10T19:02:46.1765674Z  app/auth/signup                  |       0 |        0 |       0 |       0 |                                                   
2025-06-10T19:02:46.1766493Z   page.tsx                        |       0 |        0 |       0 |       0 | 3-103                                             
2025-06-10T19:02:46.1767375Z  app/auth/update-password         |       0 |        0 |       0 |       0 |                                                   
2025-06-10T19:02:46.1768252Z   page.tsx                        |       0 |      100 |       0 |       0 | 3-6                                               
2025-06-10T19:02:46.1769162Z   update-password-form.tsx        |       0 |        0 |       0 |       0 | 3-103                                             
2025-06-10T19:02:46.1770061Z  app/contact                      |       0 |      100 |       0 |       0 |                                                   
2025-06-10T19:02:46.1770823Z   page.tsx                        |       0 |      100 |       0 |       0 | 1-4                                               
2025-06-10T19:02:46.1771623Z  app/create-event                 |       0 |      100 |       0 |       0 |                                                   
2025-06-10T19:02:46.1772402Z   page.tsx                        |       0 |      100 |       0 |       0 | 1-4                                               
2025-06-10T19:02:46.1773354Z  app/demo                         |       0 |      100 |       0 |       0 |                                                   
2025-06-10T19:02:46.1774313Z   page.tsx                        |       0 |      100 |       0 |       0 | 3-249                                             
2025-06-10T19:02:46.1775139Z  app/demo/lists                   |       0 |        0 |       0 |       0 |                                                   
2025-06-10T19:02:46.1775930Z   page.tsx                        |       0 |        0 |       0 |       0 | 3-254                                             
2025-06-10T19:02:46.1779469Z  app/events/[id]                  |       0 |        0 |       0 |       0 |                                                   
2025-06-10T19:02:46.1780286Z   page.tsx                        |       0 |        0 |       0 |       0 | 1-127                                             
2025-06-10T19:02:46.1781142Z  app/my-events                    |       0 |        0 |       0 |       0 |                                                   
2025-06-10T19:02:46.1781925Z   page.tsx                        |       0 |        0 |       0 |       0 | 2-18                                              
2025-06-10T19:02:46.1782727Z  app/privacy                      |       0 |      100 |       0 |       0 |                                                   
2025-06-10T19:02:46.1783693Z   page.tsx                        |       0 |      100 |       0 |       0 | 1-4                                               
2025-06-10T19:02:46.1784459Z  app/staff                        |       0 |        0 |       0 |       0 |                                                   
2025-06-10T19:02:46.1785442Z   page.tsx                        |       0 |        0 |       0 |       0 | 1-36                                              
2025-06-10T19:02:46.1786278Z  app/staff/dashboard              |       0 |      100 |       0 |       0 |                                                   
2025-06-10T19:02:46.1787117Z   page.tsx                        |       0 |      100 |       0 |       0 | 1-5                                               
2025-06-10T19:02:46.1787961Z  app/staff/events/[id]/edit       |       0 |        0 |       0 |       0 |                                                   
2025-06-10T19:02:46.1788924Z   StaffEventEditClient.tsx        |       0 |      100 |       0 |       0 | 3-19                                              
2025-06-10T19:02:46.1789776Z   page.tsx                        |       0 |        0 |       0 |       0 | 1-45                                              
2025-06-10T19:02:46.1790615Z  app/staff/events/create          |       0 |        0 |       0 |       0 |                                                   
2025-06-10T19:02:46.1791580Z   StaffEventCreateClient.tsx      |       0 |      100 |       0 |       0 | 3-15                                              
2025-06-10T19:02:46.1792479Z   page.tsx                        |       0 |        0 |       0 |       0 | 1-24                                              
2025-06-10T19:02:46.1793510Z  app/terms                        |       0 |      100 |       0 |       0 |                                                   
2025-06-10T19:02:46.1794345Z   page.tsx                        |       0 |      100 |       0 |       0 | 1-4                                               
2025-06-10T19:02:46.1795184Z  app/test-auth                    |       0 |        0 |       0 |       0 |                                                   
2025-06-10T19:02:46.1796016Z   page.tsx                        |       0 |        0 |       0 |       0 | 1-23                                              
2025-06-10T19:02:46.1796873Z  components                       |       0 |        0 |       0 |       0 |                                                   
2025-06-10T19:02:46.1797801Z   GoogleCalendarConnect.tsx       |       0 |        0 |       0 |       0 | 3-420                                             
2025-06-10T19:02:46.1798798Z  components/analytics             |       0 |        0 |       0 |       0 |                                                   
2025-06-10T19:02:46.1799823Z   PerformanceMonitor.tsx          |       0 |        0 |       0 |       0 | 3-50                                              
2025-06-10T19:02:46.1801049Z  components/auth                  |       0 |        0 |       0 |       0 |                                                   
2025-06-10T19:02:46.1802021Z   ProfileDropdown.tsx             |       0 |        0 |       0 |       0 | 3-52                                              
2025-06-10T19:02:46.1803187Z   ProtectedRoute.tsx              |       0 |        0 |       0 |       0 | 3-148                                             
2025-06-10T19:02:46.1804178Z  components/checkout              |       0 |        0 |       0 |       0 |                                                   
2025-06-10T19:02:46.1805126Z   CheckoutForm.tsx                |       0 |        0 |       0 |       0 | 3-528                                             
2025-06-10T19:02:46.1806143Z   GoogleCalendarAddButton.tsx     |       0 |        0 |       0 |       0 | 3-14                                              
2025-06-10T19:02:46.1807175Z  components/dashboard             |       0 |        0 |       0 |       0 |                                                   
2025-06-10T19:02:46.1808103Z   Analytics.tsx                   |       0 |        0 |       0 |       0 | 3-423                                             
2025-06-10T19:02:46.1809038Z   AttendeeManagement.tsx          |       0 |        0 |       0 |       0 | 3-613                                             
2025-06-10T19:02:46.1810359Z   PerformanceDashboard.tsx        |       0 |        0 |       0 |       0 | 3-237                                             
2025-06-10T19:02:46.1811263Z   RefundDialog.tsx                |       0 |        0 |       0 |       0 | 3-303                                             
2025-06-10T19:02:46.1812191Z   StaffDashboard.tsx              |       0 |        0 |       0 |       0 | 3-438                                             
2025-06-10T19:02:46.1813310Z   UserDashboard.tsx               |       0 |        0 |       0 |       0 | 3-693                                             
2025-06-10T19:02:46.1814213Z  components/events                |       0 |        0 |       0 |       0 |                                                   
2025-06-10T19:02:46.1815082Z   EventCard.tsx                   |       0 |        0 |       0 |       0 | 3-527                                             
2025-06-10T19:02:46.1816021Z   EventDetailClient.tsx           |       0 |        0 |       0 |       0 | 3-293                                             
2025-06-10T19:02:46.1816973Z   EventForm.tsx                   |       0 |        0 |       0 |       0 | 3-825                                             
2025-06-10T19:02:46.1817942Z   EventImageGallery.tsx           |       0 |        0 |       0 |       0 | 3-276                                             
2025-06-10T19:02:46.1818880Z   EventList.tsx                   |       0 |        0 |       0 |       0 | 3-407                                             
2025-06-10T19:02:46.1819840Z   EventMapWrapper.tsx             |       0 |        0 |       0 |       0 | 3-13                                              
2025-06-10T19:02:46.1820831Z   RSVPTicketSection.tsx           |       0 |        0 |       0 |       0 | 3-469                                             
2025-06-10T19:02:46.1821797Z   TicketSelection.tsx             |       0 |        0 |       0 |       0 | 3-298                                             
2025-06-10T19:02:46.1822754Z   TicketTypeManager.tsx           |       0 |        0 |       0 |       0 | 3-500                                             
2025-06-10T19:02:46.1823888Z   index.ts                        |       0 |      100 |     100 |       0 | 5-44                                              
2025-06-10T19:02:46.1824787Z  components/filters               |       0 |        0 |       0 |       0 |                                                   
2025-06-10T19:02:46.1825697Z   ActiveFilters.tsx               |       0 |        0 |       0 |       0 | 3-62                                              
2025-06-10T19:02:46.1829019Z   CategoryFilter.tsx              |       0 |        0 |       0 |       0 | 3-104                                             
2025-06-10T19:02:46.1830043Z   DateFilter.tsx                  |       0 |        0 |       0 |       0 | 3-167                                             
2025-06-10T19:02:46.1830951Z   EventFilters.tsx                |       0 |        0 |       0 |       0 | 3-206                                             
2025-06-10T19:02:46.1831803Z   PriceFilter.tsx                 |       0 |        0 |       0 |       0 | 3-90                                              
2025-06-10T19:02:46.1832691Z   SortControl.tsx                 |       0 |        0 |       0 |       0 | 3-71                                              
2025-06-10T19:02:46.1833909Z  components/homepage              |       0 |        0 |       0 |       0 |                                                   
2025-06-10T19:02:46.1834888Z   HomePageClient.tsx              |       0 |        0 |       0 |       0 | 3-313                                             
2025-06-10T19:02:46.1835805Z  components/ui                    |    4.59 |       16 |    5.26 |    5.26 |                                                   
2025-06-10T19:02:46.1836668Z   Card.tsx                        |       0 |        0 |       0 |       0 | 3-161                                             
2025-06-10T19:02:46.1838092Z   LoadingSpinner.tsx              |       0 |        0 |       0 |       0 | 1-20                                              
2025-06-10T19:02:46.1839002Z   alert.tsx                       |       0 |        0 |       0 |       0 | 1-44                                              
2025-06-10T19:02:46.1839823Z   badge.tsx                       |       0 |        0 |       0 |       0 | 1-33                                              
2025-06-10T19:02:46.1840703Z   button.tsx                      |     100 |      100 |     100 |     100 |                                                   
2025-06-10T19:02:46.1841626Z   checkbox.tsx                    |       0 |      100 |     100 |       0 | 3-30                                              
2025-06-10T19:02:46.1842519Z   dialog.tsx                      |       0 |        0 |       0 |       0 | 1-87                                              
2025-06-10T19:02:46.1843556Z   index.ts                        |       0 |      100 |     100 |       0 | 3-49                                              
2025-06-10T19:02:46.1844415Z   input.tsx                       |       0 |      100 |       0 |       0 | 1-26                                              
2025-06-10T19:02:46.1845259Z   label.tsx                       |       0 |      100 |     100 |       0 | 3-26                                              
2025-06-10T19:02:46.1846115Z   select.tsx                      |       0 |        0 |     100 |       0 | 3-159                                             
2025-06-10T19:02:46.1846999Z   switch.tsx                      |       0 |      100 |     100 |       0 | 3-29                                              
2025-06-10T19:02:46.1847891Z   table.tsx                       |       0 |      100 |     100 |       0 | 1-116                                             
2025-06-10T19:02:46.1848747Z   tabs.tsx                        |       0 |      100 |     100 |       0 | 3-55                                              
2025-06-10T19:02:46.1849595Z   textarea.tsx                    |       0 |      100 |       0 |       0 | 1-25                                              
2025-06-10T19:02:46.1850415Z  lib                              |    0.58 |        0 |    0.76 |    0.61 |                                                   
2025-06-10T19:02:46.1851269Z   auth-context.tsx                |       0 |        0 |       0 |       0 | 3-143                                             
2025-06-10T19:02:46.1852116Z   auth.ts                         |       0 |        0 |       0 |       0 | 1-280                                             
2025-06-10T19:02:46.1853338Z   config.ts                       |       0 |        0 |       0 |       0 | 2-25                                              
2025-06-10T19:02:46.1854245Z   csv-export.ts                   |       0 |        0 |       0 |       0 | 66-278                                            
2025-06-10T19:02:46.1855098Z   email-service.ts                |       0 |        0 |       0 |       0 | 1-817                                             
2025-06-10T19:02:46.1855975Z   google-auth.ts                  |       0 |        0 |       0 |       0 | 1-569                                             
2025-06-10T19:02:46.1856882Z   google-calendar.ts              |       0 |        0 |       0 |       0 | 1-339                                             
2025-06-10T19:02:46.1857803Z   stripe-client.ts                |       0 |        0 |       0 |       0 | 1-155                                             
2025-06-10T19:02:46.1858658Z   stripe.ts                       |       0 |        0 |       0 |       0 | 1-159                                             
2025-06-10T19:02:46.1859479Z   supabase-server.ts              |       0 |        0 |       0 |       0 | 1-28                                              
2025-06-10T19:02:46.1860314Z   supabase.ts                     |       0 |        0 |       0 |       0 | 1-12                                              
2025-06-10T19:02:46.1861408Z   utils.ts                        |   23.52 |        0 |   16.66 |      25 | 20-77                                             
2025-06-10T19:02:46.1862257Z  lib/emails                       |       0 |        0 |       0 |       0 |                                                   
2025-06-10T19:02:46.1863374Z   event-cancellation.tsx          |       0 |        0 |       0 |       0 | 14-498                                            
2025-06-10T19:02:46.1864346Z   event-reminder.tsx              |       0 |        0 |       0 |       0 | 14-473                                            
2025-06-10T19:02:46.1865290Z   rsvp-cancellation.tsx           |       0 |        0 |       0 |       0 | 14-329                                            
2025-06-10T19:02:46.1866235Z   rsvp-confirmation.tsx           |       0 |        0 |       0 |       0 | 14-350                                            
2025-06-10T19:02:46.1867202Z   send-ticket-confirmation.ts     |       0 |        0 |       0 |       0 | 1-116                                             
2025-06-10T19:02:46.1868192Z   welcome-email.tsx               |       0 |        0 |       0 |       0 | 14-311                                            
2025-06-10T19:02:46.1869138Z  lib/emails/templates             |       0 |        0 |       0 |       0 |                                                   
2025-06-10T19:02:46.1870153Z   RefundConfirmationEmail.tsx     |       0 |        0 |       0 |       0 | 13-491                                            
2025-06-10T19:02:46.1871232Z   TicketConfirmationEmail.tsx     |       0 |        0 |       0 |       0 | 13-380                                            
2025-06-10T19:02:46.1872141Z  lib/hooks                        |       0 |        0 |       0 |       0 |                                                   
2025-06-10T19:02:46.1873140Z   useAuth.ts                      |       0 |        0 |       0 |       0 | 4-139                                             
2025-06-10T19:02:46.1874051Z   useInfiniteScroll.ts            |       0 |        0 |       0 |       0 | 3-61                                              
2025-06-10T19:02:46.1874971Z   usePagination.ts                |       0 |        0 |       0 |       0 | 3-91                                              
2025-06-10T19:02:46.1875845Z  lib/middleware                   |       0 |        0 |       0 |       0 |                                                   
2025-06-10T19:02:46.1876706Z   performance.ts                  |       0 |        0 |       0 |       0 | 1-203                                             
2025-06-10T19:02:46.1877786Z  lib/types                        |       0 |      100 |       0 |       0 |                                                   
2025-06-10T19:02:46.1878617Z   filters.ts                      |       0 |      100 |       0 |       0 | 46-151                                            
2025-06-10T19:02:46.1879422Z   index.ts                        |       0 |      100 |     100 |       0 | 10-13                                             
2025-06-10T19:02:46.1880245Z  lib/utils                        |   45.83 |    45.29 |   38.01 |   44.93 |                                                   
2025-06-10T19:02:46.1881039Z   cache.ts                        |       0 |        0 |       0 |       0 | 11-182                                            
2025-06-10T19:02:46.1881879Z   eventFilters.ts                 |   69.92 |    61.33 |   62.16 |   69.84 | 16-27,43-45,103-115,185-245,273,277,294-295,327   
2025-06-10T19:02:46.1882960Z   optimization.ts                 |       0 |        0 |       0 |       0 | 1-135                                             
2025-06-10T19:02:46.1883844Z   performance.ts                  |       0 |        0 |       0 |       0 | 17-279                                            
2025-06-10T19:02:46.1884794Z   ticket-utils.ts                 |    92.8 |     77.5 |     100 |   93.06 | 136,140,225,242-243,248-249                       
2025-06-10T19:02:46.1886151Z ----------------------------------|---------|----------|---------|---------|---------------------------------------------------
2025-06-10T19:02:46.1886677Z 
2025-06-10T19:02:46.1887081Z =============================== Coverage summary ===============================
2025-06-10T19:02:46.1887686Z Statements   : 4.39% ( 265/6030 )
2025-06-10T19:02:46.1888193Z Branches     : 2.88% ( 96/3329 )
2025-06-10T19:02:46.1888665Z Functions    : 5.01% ( 50/998 )
2025-06-10T19:02:46.1889135Z Lines        : 4.16% ( 238/5708 )
2025-06-10T19:02:46.1889727Z ================================================================================
2025-06-10T19:02:46.6354430Z Test Suites: 7 passed, 7 total
2025-06-10T19:02:46.6355043Z Tests:       125 passed, 125 total
2025-06-10T19:02:46.6355510Z Snapshots:   0 total
2025-06-10T19:02:46.6355892Z Time:        8.546 s
2025-06-10T19:02:46.6356247Z Ran all test suites.
2025-06-10T19:02:46.6875888Z Post job cleanup.
2025-06-10T19:02:46.8386700Z Cache hit occurred on the primary key node-cache-Linux-x64-npm-c12c6ac637b018150c9ab8486a2ab8d5c875f0013e7356ae5e08bc546e10a4bd, not saving cache.
2025-06-10T19:02:46.8504926Z Post job cleanup.
2025-06-10T19:02:46.9451940Z [command]/usr/bin/git version
2025-06-10T19:02:46.9488767Z git version 2.49.0
2025-06-10T19:02:46.9532088Z Temporarily overriding HOME='/home/runner/work/_temp/9cf70918-f386-4fa2-9776-b5b0c841f3b1' before making global git config changes
2025-06-10T19:02:46.9533749Z Adding repository directory to the temporary git global config as a safe directory
2025-06-10T19:02:46.9538466Z [command]/usr/bin/git config --global --add safe.directory /home/runner/work/LocalLoop/LocalLoop
2025-06-10T19:02:46.9574996Z [command]/usr/bin/git config --local --name-only --get-regexp core\.sshCommand
2025-06-10T19:02:46.9608347Z [command]/usr/bin/git submodule foreach --recursive sh -c "git config --local --name-only --get-regexp 'core\.sshCommand' && git config --local --unset-all 'core.sshCommand' || :"
2025-06-10T19:02:46.9840600Z [command]/usr/bin/git config --local --name-only --get-regexp http\.https\:\/\/github\.com\/\.extraheader
2025-06-10T19:02:46.9864183Z http.https://github.com/.extraheader
2025-06-10T19:02:46.9882095Z [command]/usr/bin/git config --local --unset-all http.https://github.com/.extraheader
2025-06-10T19:02:46.9917989Z [command]/usr/bin/git submodule foreach --recursive sh -c "git config --local --name-only --get-regexp 'http\.https\:\/\/github\.com\/\.extraheader' && git config --local --unset-all 'http.https://github.com/.extraheader' || :"
2025-06-10T19:02:47.0279556Z Cleaning up orphan processes
