2025-06-10T19:03:47.4286479Z Current runner version: '2.325.0'
2025-06-10T19:03:47.4310124Z ##[group]Runner Image Provisioner
2025-06-10T19:03:47.4311172Z Hosted Compute Agent
2025-06-10T19:03:47.4311710Z Version: 20250508.323
2025-06-10T19:03:47.4312296Z Commit: 81b259f29879f73b4213d199e42d8c3465dae986
2025-06-10T19:03:47.4313042Z Build Date: 2025-05-08T19:40:08Z
2025-06-10T19:03:47.4313632Z ##[endgroup]
2025-06-10T19:03:47.4314358Z ##[group]Operating System
2025-06-10T19:03:47.4314994Z Ubuntu
2025-06-10T19:03:47.4315421Z 24.04.2
2025-06-10T19:03:47.4315916Z LTS
2025-06-10T19:03:47.4316390Z ##[endgroup]
2025-06-10T19:03:47.4316859Z ##[group]Runner Image
2025-06-10T19:03:47.4317480Z Image: ubuntu-24.04
2025-06-10T19:03:47.4318011Z Version: 20250511.1.0
2025-06-10T19:03:47.4319027Z Included Software: https://github.com/actions/runner-images/blob/ubuntu24/20250511.1/images/ubuntu/Ubuntu2404-Readme.md
2025-06-10T19:03:47.4320609Z Image Release: https://github.com/actions/runner-images/releases/tag/ubuntu24%2F20250511.1
2025-06-10T19:03:47.4321620Z ##[endgroup]
2025-06-10T19:03:47.4322997Z ##[group]GITHUB_TOKEN Permissions
2025-06-10T19:03:47.4325181Z Contents: read
2025-06-10T19:03:47.4325851Z Deployments: write
2025-06-10T19:03:47.4326350Z Issues: write
2025-06-10T19:03:47.4326844Z Metadata: read
2025-06-10T19:03:47.4327446Z PullRequests: write
2025-06-10T19:03:47.4327938Z ##[endgroup]
2025-06-10T19:03:47.4329977Z Secret source: Actions
2025-06-10T19:03:47.4331163Z Prepare workflow directory
2025-06-10T19:03:47.4869325Z Prepare all required actions
2025-06-10T19:03:47.4923974Z Getting action download info
2025-06-10T19:03:47.8200584Z ##[group]Download immutable action package 'actions/checkout@v4'
2025-06-10T19:03:47.8201581Z Version: 4.2.2
2025-06-10T19:03:47.8202570Z Digest: sha256:ccb2698953eaebd21c7bf6268a94f9c26518a7e38e27e0b83c1fe1ad049819b1
2025-06-10T19:03:47.8203894Z Source commit SHA: 11bd71901bbe5b1630ceea73d27597364c9af683
2025-06-10T19:03:47.8204789Z ##[endgroup]
2025-06-10T19:03:47.8931129Z ##[group]Download immutable action package 'actions/setup-node@v4'
2025-06-10T19:03:47.8931962Z Version: 4.4.0
2025-06-10T19:03:47.8932722Z Digest: sha256:9427cefe82346e992fb5b949e3569b39d537ae41aa3086483b14eceebfc16bc1
2025-06-10T19:03:47.8933737Z Source commit SHA: 49933ea5288caeca8642d1e84afbd3f7d6820020
2025-06-10T19:03:47.8934672Z ##[endgroup]
2025-06-10T19:03:48.0124504Z ##[group]Download immutable action package 'actions/upload-artifact@v4'
2025-06-10T19:03:48.0125487Z Version: 4.6.2
2025-06-10T19:03:48.0126391Z Digest: sha256:290722aa3281d5caf23d0acdc3dbeb3424786a1a01a9cc97e72f147225e37c38
2025-06-10T19:03:48.0127419Z Source commit SHA: ea165f8d65b6e75b540449e92b4886f43607fa02
2025-06-10T19:03:48.0128084Z ##[endgroup]
2025-06-10T19:03:48.2946532Z Complete job name: 🎭 E2E Tests
2025-06-10T19:03:48.3440950Z ##[group]Checking docker version
2025-06-10T19:03:48.3453783Z ##[command]/usr/bin/docker version --format '{{.Server.APIVersion}}'
2025-06-10T19:03:49.3730529Z '1.48'
2025-06-10T19:03:49.3744659Z Docker daemon API version: '1.48'
2025-06-10T19:03:49.3745788Z ##[command]/usr/bin/docker version --format '{{.Client.APIVersion}}'
2025-06-10T19:03:49.3968221Z '1.48'
2025-06-10T19:03:49.3981543Z Docker client API version: '1.48'
2025-06-10T19:03:49.3987071Z ##[endgroup]
2025-06-10T19:03:49.3990110Z ##[group]Clean up resources from previous jobs
2025-06-10T19:03:49.3996258Z ##[command]/usr/bin/docker ps --all --quiet --no-trunc --filter "label=da303b"
2025-06-10T19:03:49.4175465Z ##[command]/usr/bin/docker network prune --force --filter "label=da303b"
2025-06-10T19:03:49.4302570Z ##[endgroup]
2025-06-10T19:03:49.4303672Z ##[group]Create local container network
2025-06-10T19:03:49.4314937Z ##[command]/usr/bin/docker network create --label da303b github_network_689d02585ab94fce919b7cb18fd532c8
2025-06-10T19:03:49.4837305Z c9d219b93accc91d759065e600b0f43316b1edb1a825ea55dbda48d639b7d970
2025-06-10T19:03:49.4856470Z ##[endgroup]
2025-06-10T19:03:49.4881053Z ##[group]Starting job container
2025-06-10T19:03:49.4901728Z ##[command]/usr/bin/docker pull mcr.microsoft.com/playwright:v1.52.0-jammy
2025-06-10T19:03:49.6863165Z v1.52.0-jammy: Pulling from playwright
2025-06-10T19:03:49.7318469Z c7ff1e1c28ca: Pulling fs layer
2025-06-10T19:03:49.7319116Z ba5f72c22b56: Pulling fs layer
2025-06-10T19:03:49.7319636Z 8d5b6fbdd7f7: Pulling fs layer
2025-06-10T19:03:49.7320172Z 41f369aecfed: Pulling fs layer
2025-06-10T19:03:49.7320662Z 41f369aecfed: Waiting
2025-06-10T19:03:49.8103529Z 8d5b6fbdd7f7: Verifying Checksum
2025-06-10T19:03:49.8104075Z 8d5b6fbdd7f7: Download complete
2025-06-10T19:03:49.9701157Z c7ff1e1c28ca: Verifying Checksum
2025-06-10T19:03:49.9701671Z c7ff1e1c28ca: Download complete
2025-06-10T19:03:50.1960541Z ba5f72c22b56: Verifying Checksum
2025-06-10T19:03:50.1961251Z ba5f72c22b56: Download complete
2025-06-10T19:03:51.1811528Z c7ff1e1c28ca: Pull complete
2025-06-10T19:03:53.1745486Z 41f369aecfed: Verifying Checksum
2025-06-10T19:03:58.0259367Z ba5f72c22b56: Pull complete
2025-06-10T19:03:58.0510035Z 8d5b6fbdd7f7: Pull complete
2025-06-10T19:04:14.0142842Z 41f369aecfed: Pull complete
2025-06-10T19:04:14.0183849Z Digest: sha256:ff2946177f0756c87482c0ef958b7cfbf389b92525ace78a1c9890281d0d60f4
2025-06-10T19:04:14.0197953Z Status: Downloaded newer image for mcr.microsoft.com/playwright:v1.52.0-jammy
2025-06-10T19:04:14.0208078Z mcr.microsoft.com/playwright:v1.52.0-jammy
2025-06-10T19:04:14.0288186Z ##[command]/usr/bin/docker create --name 0978dffeef9545c9bdb608530f50c1bc_mcrmicrosoftcomplaywrightv1520jammy_a3f250 --label da303b --workdir /__w/LocalLoop/LocalLoop --network github_network_689d02585ab94fce919b7cb18fd532c8  -e "HOME=/github/home" -e GITHUB_ACTIONS=true -e CI=true -v "/var/run/docker.sock":"/var/run/docker.sock" -v "/home/runner/work":"/__w" -v "/home/runner/actions-runner/cached/externals":"/__e":ro -v "/home/runner/work/_temp":"/__w/_temp" -v "/home/runner/work/_actions":"/__w/_actions" -v "/opt/hostedtoolcache":"/__t" -v "/home/runner/work/_temp/_github_home":"/github/home" -v "/home/runner/work/_temp/_github_workflow":"/github/workflow" --entrypoint "tail" mcr.microsoft.com/playwright:v1.52.0-jammy "-f" "/dev/null"
2025-06-10T19:04:14.0628064Z a0fd9521f075c8479a18b3ce15eb7e07a8e3a65fa274022739acf723d20aac8f
2025-06-10T19:04:14.0650868Z ##[command]/usr/bin/docker start a0fd9521f075c8479a18b3ce15eb7e07a8e3a65fa274022739acf723d20aac8f
2025-06-10T19:04:14.6978570Z a0fd9521f075c8479a18b3ce15eb7e07a8e3a65fa274022739acf723d20aac8f
2025-06-10T19:04:14.6997211Z ##[command]/usr/bin/docker ps --all --filter id=a0fd9521f075c8479a18b3ce15eb7e07a8e3a65fa274022739acf723d20aac8f --filter status=running --no-trunc --format "{{.ID}} {{.Status}}"
2025-06-10T19:04:14.7111470Z a0fd9521f075c8479a18b3ce15eb7e07a8e3a65fa274022739acf723d20aac8f Up Less than a second
2025-06-10T19:04:14.7132468Z ##[command]/usr/bin/docker inspect --format "{{range .Config.Env}}{{println .}}{{end}}" a0fd9521f075c8479a18b3ce15eb7e07a8e3a65fa274022739acf723d20aac8f
2025-06-10T19:04:14.7254520Z HOME=/github/home
2025-06-10T19:04:14.7256051Z GITHUB_ACTIONS=true
2025-06-10T19:04:14.7256385Z CI=true
2025-06-10T19:04:14.7257172Z PATH=/usr/local/sbin:/usr/local/bin:/usr/sbin:/usr/bin:/sbin:/bin
2025-06-10T19:04:14.7257798Z LANG=C.UTF-8
2025-06-10T19:04:14.7258083Z LC_ALL=C.UTF-8
2025-06-10T19:04:14.7258447Z PLAYWRIGHT_BROWSERS_PATH=/ms-playwright
2025-06-10T19:04:14.7277262Z ##[endgroup]
2025-06-10T19:04:14.7286163Z ##[group]Waiting for all services to be ready
2025-06-10T19:04:14.7287751Z ##[endgroup]
2025-06-10T19:04:14.7521061Z ##[group]Run actions/checkout@v4
2025-06-10T19:04:14.7521587Z with:
2025-06-10T19:04:14.7521794Z   repository: JacksonR64/LocalLoop
2025-06-10T19:04:14.7522188Z   token: ***
2025-06-10T19:04:14.7522386Z   ssh-strict: true
2025-06-10T19:04:14.7522605Z   ssh-user: git
2025-06-10T19:04:14.7522807Z   persist-credentials: true
2025-06-10T19:04:14.7523021Z   clean: true
2025-06-10T19:04:14.7523217Z   sparse-checkout-cone-mode: true
2025-06-10T19:04:14.7523452Z   fetch-depth: 1
2025-06-10T19:04:14.7523630Z   fetch-tags: false
2025-06-10T19:04:14.7523820Z   show-progress: true
2025-06-10T19:04:14.7524535Z   lfs: false
2025-06-10T19:04:14.7524785Z   submodules: false
2025-06-10T19:04:14.7524970Z   set-safe-directory: true
2025-06-10T19:04:14.7525473Z env:
2025-06-10T19:04:14.7525644Z   NODE_VERSION: 18
2025-06-10T19:04:14.7525823Z ##[endgroup]
2025-06-10T19:04:14.7579994Z ##[command]/usr/bin/docker exec  a0fd9521f075c8479a18b3ce15eb7e07a8e3a65fa274022739acf723d20aac8f sh -c "cat /etc/*release | grep ^ID"
2025-06-10T19:04:14.9693985Z Syncing repository: JacksonR64/LocalLoop
2025-06-10T19:04:14.9695693Z ##[group]Getting Git version info
2025-06-10T19:04:14.9696046Z Working directory is '/__w/LocalLoop/LocalLoop'
2025-06-10T19:04:14.9696540Z [command]/usr/bin/git version
2025-06-10T19:04:14.9696791Z git version 2.34.1
2025-06-10T19:04:14.9718020Z ##[endgroup]
2025-06-10T19:04:14.9732687Z Temporarily overriding HOME='/__w/_temp/02aae1fc-08a6-4b1d-8c32-e290db49cc87' before making global git config changes
2025-06-10T19:04:14.9733571Z Adding repository directory to the temporary git global config as a safe directory
2025-06-10T19:04:14.9739086Z [command]/usr/bin/git config --global --add safe.directory /__w/LocalLoop/LocalLoop
2025-06-10T19:04:14.9770546Z Deleting the contents of '/__w/LocalLoop/LocalLoop'
2025-06-10T19:04:14.9774456Z ##[group]Initializing the repository
2025-06-10T19:04:14.9785262Z [command]/usr/bin/git init /__w/LocalLoop/LocalLoop
2025-06-10T19:04:14.9816689Z hint: Using 'master' as the name for the initial branch. This default branch name
2025-06-10T19:04:14.9817608Z hint: is subject to change. To configure the initial branch name to use in all
2025-06-10T19:04:14.9818457Z hint: of your new repositories, which will suppress this warning, call:
2025-06-10T19:04:14.9819066Z hint: 
2025-06-10T19:04:14.9819528Z hint: 	git config --global init.defaultBranch <name>
2025-06-10T19:04:14.9820044Z hint: 
2025-06-10T19:04:14.9820546Z hint: Names commonly chosen instead of 'master' are 'main', 'trunk' and
2025-06-10T19:04:14.9821359Z hint: 'development'. The just-created branch can be renamed via this command:
2025-06-10T19:04:14.9822017Z hint: 
2025-06-10T19:04:14.9823953Z hint: 	git branch -m <name>
2025-06-10T19:04:14.9824722Z Initialized empty Git repository in /__w/LocalLoop/LocalLoop/.git/
2025-06-10T19:04:14.9836193Z [command]/usr/bin/git remote add origin https://github.com/JacksonR64/LocalLoop
2025-06-10T19:04:14.9891458Z ##[endgroup]
2025-06-10T19:04:14.9891951Z ##[group]Disabling automatic garbage collection
2025-06-10T19:04:14.9895545Z [command]/usr/bin/git config --local gc.auto 0
2025-06-10T19:04:14.9922233Z ##[endgroup]
2025-06-10T19:04:14.9922661Z ##[group]Setting up auth
2025-06-10T19:04:14.9929010Z [command]/usr/bin/git config --local --name-only --get-regexp core\.sshCommand
2025-06-10T19:04:14.9958547Z [command]/usr/bin/git submodule foreach --recursive sh -c "git config --local --name-only --get-regexp 'core\.sshCommand' && git config --local --unset-all 'core.sshCommand' || :"
2025-06-10T19:04:15.0208967Z [command]/usr/bin/git config --local --name-only --get-regexp http\.https\:\/\/github\.com\/\.extraheader
2025-06-10T19:04:15.0238235Z [command]/usr/bin/git submodule foreach --recursive sh -c "git config --local --name-only --get-regexp 'http\.https\:\/\/github\.com\/\.extraheader' && git config --local --unset-all 'http.https://github.com/.extraheader' || :"
2025-06-10T19:04:15.0481615Z [command]/usr/bin/git config --local http.https://github.com/.extraheader AUTHORIZATION: basic ***
2025-06-10T19:04:15.0519153Z ##[endgroup]
2025-06-10T19:04:15.0520704Z ##[group]Fetching the repository
2025-06-10T19:04:15.0531108Z [command]/usr/bin/git -c protocol.version=2 fetch --no-tags --prune --no-recurse-submodules --depth=1 origin +77b20f39518cb6b67f55a77c7840336fd3f00dcf:refs/remotes/origin/main
2025-06-10T19:04:15.6332687Z From https://github.com/JacksonR64/LocalLoop
2025-06-10T19:04:15.6333492Z  * [new ref]         77b20f39518cb6b67f55a77c7840336fd3f00dcf -> origin/main
2025-06-10T19:04:15.6355641Z ##[endgroup]
2025-06-10T19:04:15.6356424Z ##[group]Determining the checkout info
2025-06-10T19:04:15.6358897Z ##[endgroup]
2025-06-10T19:04:15.6363291Z [command]/usr/bin/git sparse-checkout disable
2025-06-10T19:04:15.6397833Z [command]/usr/bin/git config --local --unset-all extensions.worktreeConfig
2025-06-10T19:04:15.6425072Z ##[group]Checking out the ref
2025-06-10T19:04:15.6428751Z [command]/usr/bin/git checkout --progress --force -B main refs/remotes/origin/main
2025-06-10T19:04:15.7126424Z Switched to a new branch 'main'
2025-06-10T19:04:15.7128050Z Branch 'main' set up to track remote branch 'main' from 'origin'.
2025-06-10T19:04:15.7209445Z ##[endgroup]
2025-06-10T19:04:15.7211416Z [command]/usr/bin/git log -1 --format=%H
2025-06-10T19:04:15.7211880Z 77b20f39518cb6b67f55a77c7840336fd3f00dcf
2025-06-10T19:04:15.7437127Z ##[group]Run actions/setup-node@v4
2025-06-10T19:04:15.7437385Z with:
2025-06-10T19:04:15.7437560Z   node-version: 18
2025-06-10T19:04:15.7437750Z   cache: npm
2025-06-10T19:04:15.7437924Z   always-auth: false
2025-06-10T19:04:15.7438120Z   check-latest: false
2025-06-10T19:04:15.7438455Z   token: ***
2025-06-10T19:04:15.7438624Z env:
2025-06-10T19:04:15.7438784Z   NODE_VERSION: 18
2025-06-10T19:04:15.7438963Z ##[endgroup]
2025-06-10T19:04:15.7442445Z ##[command]/usr/bin/docker exec  a0fd9521f075c8479a18b3ce15eb7e07a8e3a65fa274022739acf723d20aac8f sh -c "cat /etc/*release | grep ^ID"
2025-06-10T19:04:16.0729666Z Found in cache @ /__t/node/18.20.8/x64
2025-06-10T19:04:16.0738559Z ##[group]Environment details
2025-06-10T19:04:17.6228169Z node: v18.20.8
2025-06-10T19:04:17.6228564Z npm: 10.8.2
2025-06-10T19:04:17.6228808Z yarn: 1.22.22
2025-06-10T19:04:17.6230087Z ##[endgroup]
2025-06-10T19:04:17.6246008Z [command]/__t/node/18.20.8/x64/bin/npm config get cache
2025-06-10T19:04:17.8930046Z /github/home/.npm
2025-06-10T19:04:18.0172010Z npm cache is not found
2025-06-10T19:04:18.0305272Z ##[group]Run npm ci --legacy-peer-deps
2025-06-10T19:04:18.0305629Z [36;1mnpm ci --legacy-peer-deps[0m
2025-06-10T19:04:18.0309152Z shell: sh -e {0}
2025-06-10T19:04:18.0309364Z env:
2025-06-10T19:04:18.0309556Z   NODE_VERSION: 18
2025-06-10T19:04:18.0309742Z ##[endgroup]
2025-06-10T19:04:22.8930865Z npm warn deprecated inflight@1.0.6: This module is not supported, and leaks memory. Do not use it. Check out lru-cache if you want a good and tested way to coalesce async requests by a key value, which is much more comprehensive and powerful.
2025-06-10T19:04:23.1079794Z npm warn deprecated glob@7.2.3: Glob versions prior to v9 are no longer supported
2025-06-10T19:04:23.5080001Z npm warn deprecated domexception@4.0.0: Use your platform's native DOMException instead
2025-06-10T19:04:23.8537126Z npm warn deprecated abab@2.0.6: Use your platform's native atob() and btoa() methods instead
2025-06-10T19:04:35.7233336Z 
2025-06-10T19:04:35.7234000Z > localloop@0.1.0 prepare
2025-06-10T19:04:35.7234988Z > husky install
2025-06-10T19:04:35.7235185Z 
2025-06-10T19:04:35.7683742Z husky - install command is DEPRECATED
2025-06-10T19:04:35.7719994Z fatal: not in a git directory
2025-06-10T19:04:35.7913882Z 
2025-06-10T19:04:35.7914872Z added 822 packages, and audited 823 packages in 18s
2025-06-10T19:04:35.7915335Z 
2025-06-10T19:04:35.7915656Z 184 packages are looking for funding
2025-06-10T19:04:35.7916228Z   run `npm fund` for details
2025-06-10T19:04:35.7928553Z 
2025-06-10T19:04:35.7929182Z found 0 vulnerabilities
2025-06-10T19:04:35.8408602Z ##[group]Run npm run build
2025-06-10T19:04:35.8408879Z [36;1mnpm run build[0m
2025-06-10T19:04:35.8409180Z shell: sh -e {0}
2025-06-10T19:04:35.8409357Z env:
2025-06-10T19:04:35.8409513Z   NODE_VERSION: 18
2025-06-10T19:04:35.8409905Z   NEXT_PUBLIC_SUPABASE_URL: ***
2025-06-10T19:04:35.8411240Z   NEXT_PUBLIC_SUPABASE_ANON_KEY: ***
2025-06-10T19:04:35.8411495Z ##[endgroup]
2025-06-10T19:04:36.0195599Z 
2025-06-10T19:04:36.0196190Z > localloop@0.1.0 build
2025-06-10T19:04:36.0196645Z > next build
2025-06-10T19:04:36.0196793Z 
2025-06-10T19:04:36.7028552Z ⚠ No build cache found. Please configure build caching for faster rebuilds. Read more: https://nextjs.org/docs/messages/no-cache
2025-06-10T19:04:36.7754047Z Attention: Next.js now collects completely anonymous telemetry regarding usage.
2025-06-10T19:04:36.7755665Z This information is used to shape Next.js' roadmap and prioritize features.
2025-06-10T19:04:36.7757335Z You can learn more, including how to opt-out if you'd not like to participate in this anonymous program, by visiting the following URL:
2025-06-10T19:04:36.7758286Z https://nextjs.org/telemetry
2025-06-10T19:04:36.7758489Z 
2025-06-10T19:04:36.8753375Z    ▲ Next.js 15.3.2
2025-06-10T19:04:36.8753659Z 
2025-06-10T19:04:36.9074891Z    Creating an optimized production build ...
2025-06-10T19:05:00.5738302Z <w> [webpack.cache.PackFileCacheStrategy] Serializing big strings (100kiB) impacts deserialization performance (consider using Buffer instead and decode when needed)
2025-06-10T19:05:04.7545851Z  ⚠ Compiled with warnings in 27.0s
2025-06-10T19:05:04.7546244Z 
2025-06-10T19:05:04.7546682Z ./node_modules/@supabase/realtime-js/dist/main/RealtimeClient.js
2025-06-10T19:05:04.7547644Z Critical dependency: the request of a dependency is an expression
2025-06-10T19:05:04.7548081Z 
2025-06-10T19:05:04.7548333Z Import trace for requested module:
2025-06-10T19:05:04.7549047Z ./node_modules/@supabase/realtime-js/dist/main/RealtimeClient.js
2025-06-10T19:05:04.7549873Z ./node_modules/@supabase/realtime-js/dist/main/index.js
2025-06-10T19:05:04.7550612Z ./node_modules/@supabase/supabase-js/dist/module/index.js
2025-06-10T19:05:04.7551413Z ./node_modules/@supabase/ssr/dist/module/createServerClient.js
2025-06-10T19:05:04.7552391Z ./node_modules/@supabase/ssr/dist/module/index.js
2025-06-10T19:05:04.7552922Z ./lib/supabase-server.ts
2025-06-10T19:05:04.7553297Z ./app/page.tsx
2025-06-10T19:05:04.7553498Z 
2025-06-10T19:05:04.7585228Z    Skipping linting
2025-06-10T19:05:04.7587510Z    Checking validity of types ...
2025-06-10T19:05:22.9943929Z    Collecting page data ...
2025-06-10T19:05:26.4497350Z    Generating static pages (0/49) ...
2025-06-10T19:05:32.5575262Z    Generating static pages (12/49) 
2025-06-10T19:05:32.5575835Z    Generating static pages (24/49) 
2025-06-10T19:05:32.5583111Z  ⚠ metadataBase property in metadata export is not set for resolving social open graph or twitter images, using "http://localhost:3000". See https://nextjs.org/docs/app/api-reference/functions/generate-metadata#metadatabase
2025-06-10T19:05:32.5586248Z  ⚠ metadataBase property in metadata export is not set for resolving social open graph or twitter images, using "http://localhost:3000". See https://nextjs.org/docs/app/api-reference/functions/generate-metadata#metadatabase
2025-06-10T19:05:32.5587760Z    Generating static pages (36/49) 
2025-06-10T19:05:32.5588150Z  ✓ Generating static pages (49/49)
2025-06-10T19:05:32.9281119Z    Finalizing page optimization ...
2025-06-10T19:05:32.9292172Z    Collecting build traces ...
2025-06-10T19:05:39.5449454Z 
2025-06-10T19:05:39.5577461Z Route (app)                                 Size  First Load JS
2025-06-10T19:05:39.5580614Z ┌ ƒ /                                    7.95 kB         232 kB
2025-06-10T19:05:39.5581129Z ├ ○ /_not-found                            981 B         102 kB
2025-06-10T19:05:39.5581573Z ├ ○ /about                                 189 B         105 kB
2025-06-10T19:05:39.5582328Z ├ ƒ /api/analytics/performance             228 B         101 kB
2025-06-10T19:05:39.5582860Z ├ ƒ /api/auth/google/callback              228 B         101 kB
2025-06-10T19:05:39.5583324Z ├ ƒ /api/auth/google/connect               228 B         101 kB
2025-06-10T19:05:39.5583779Z ├ ƒ /api/auth/google/disconnect            228 B         101 kB
2025-06-10T19:05:39.5584494Z ├ ƒ /api/auth/google/status                228 B         101 kB
2025-06-10T19:05:39.5585033Z ├ ƒ /api/auth/welcome                      228 B         101 kB
2025-06-10T19:05:39.5585484Z ├ ƒ /api/calendar/add-to-calendar          228 B         101 kB
2025-06-10T19:05:39.5585937Z ├ ƒ /api/calendar/create-event             228 B         101 kB
2025-06-10T19:05:39.5586373Z ├ ƒ /api/checkout                          228 B         101 kB
2025-06-10T19:05:39.5587067Z ├ ƒ /api/debug-oauth                       228 B         101 kB
2025-06-10T19:05:39.5587498Z ├ ƒ /api/events                            228 B         101 kB
2025-06-10T19:05:39.5587927Z ├ ƒ /api/events/[id]                       228 B         101 kB
2025-06-10T19:05:39.5588362Z ├ ƒ /api/events/cancellation               228 B         101 kB
2025-06-10T19:05:39.5588895Z ├ ƒ /api/events/reminders                  228 B         101 kB
2025-06-10T19:05:39.5589593Z ├ ƒ /api/health                            228 B         101 kB
2025-06-10T19:05:39.5590313Z ├ ƒ /api/orders                            228 B         101 kB
2025-06-10T19:05:39.5591014Z ├ ƒ /api/refunds                           228 B         101 kB
2025-06-10T19:05:39.5591690Z ├ ƒ /api/rsvps                             228 B         101 kB
2025-06-10T19:05:39.5592450Z ├ ƒ /api/rsvps/[id]                        228 B         101 kB
2025-06-10T19:05:39.5593245Z ├ ƒ /api/staff/analytics                   228 B         101 kB
2025-06-10T19:05:39.5594021Z ├ ƒ /api/staff/attendees                   228 B         101 kB
2025-06-10T19:05:39.5595049Z ├ ƒ /api/staff/dashboard                   228 B         101 kB
2025-06-10T19:05:39.5595893Z ├ ƒ /api/staff/export                      228 B         101 kB
2025-06-10T19:05:39.5596666Z ├ ƒ /api/test-env                          228 B         101 kB
2025-06-10T19:05:39.5597449Z ├ ƒ /api/test-upgrade-role                 228 B         101 kB
2025-06-10T19:05:39.5598250Z ├ ƒ /api/ticket-types                      228 B         101 kB
2025-06-10T19:05:39.5599044Z ├ ƒ /api/ticket-types/[id]                 228 B         101 kB
2025-06-10T19:05:39.5599900Z ├ ƒ /api/update-customer-info              228 B         101 kB
2025-06-10T19:05:39.5600727Z ├ ƒ /api/webhooks/stripe                   228 B         101 kB
2025-06-10T19:05:39.5601571Z ├ ○ /auth/callback                         957 B         142 kB
2025-06-10T19:05:39.5602348Z ├ ○ /auth/google/callback                 2.3 kB         103 kB
2025-06-10T19:05:39.5603133Z ├ ○ /auth/login                          3.29 kB         148 kB
2025-06-10T19:05:39.5603768Z ├ ○ /auth/reset-password                 2.09 kB         146 kB
2025-06-10T19:05:39.5604606Z ├ ○ /auth/signup                         3.26 kB         148 kB
2025-06-10T19:05:39.5605471Z ├ ○ /auth/update-password                2.48 kB         147 kB
2025-06-10T19:05:39.5606268Z ├ ○ /contact                               189 B         105 kB
2025-06-10T19:05:39.5607051Z ├ ○ /create-event                          189 B         105 kB
2025-06-10T19:05:39.5607770Z ├ ○ /demo                                2.93 kB         227 kB
2025-06-10T19:05:39.5608489Z ├ ○ /demo/lists                          3.78 kB         228 kB
2025-06-10T19:05:39.5609211Z ├ ƒ /events/[id]                          2.1 kB         212 kB
2025-06-10T19:05:39.5609957Z ├ ƒ /my-events                           7.39 kB         126 kB
2025-06-10T19:05:39.5610712Z ├ ○ /privacy                               189 B         105 kB
2025-06-10T19:05:39.5611469Z ├ ○ /robots.txt                            228 B         101 kB
2025-06-10T19:05:39.5612223Z ├ ○ /sitemap.xml                           228 B         101 kB
2025-06-10T19:05:39.5612949Z ├ ƒ /staff                               14.6 kB         160 kB
2025-06-10T19:05:39.5614014Z ├ ○ /staff/dashboard                       228 B         101 kB
2025-06-10T19:05:39.5614911Z ├ ƒ /staff/events/[id]/edit              1.94 kB         157 kB
2025-06-10T19:05:39.5615600Z ├ ƒ /staff/events/create                 1.92 kB         157 kB
2025-06-10T19:05:39.5616244Z ├ ○ /terms                                 189 B         105 kB
2025-06-10T19:05:39.5616862Z └ ƒ /test-auth                             228 B         101 kB
2025-06-10T19:05:39.5617405Z + First Load JS shared by all             101 kB
2025-06-10T19:05:39.5617970Z   ├ chunks/1684-0df89d9f25c583b2.js      45.9 kB
2025-06-10T19:05:39.5618488Z   ├ chunks/4bd1b696-b638aa3d70fba23c.js  53.2 kB
2025-06-10T19:05:39.5619195Z   └ other shared chunks (total)          1.96 kB
2025-06-10T19:05:39.5619451Z 
2025-06-10T19:05:39.5619459Z 
2025-06-10T19:05:39.5619744Z ƒ Middleware                             66.6 kB
2025-06-10T19:05:39.5620015Z 
2025-06-10T19:05:39.5620284Z ○  (Static)   prerendered as static content
2025-06-10T19:05:39.5620812Z ƒ  (Dynamic)  server-rendered on demand
2025-06-10T19:05:39.5621074Z 
2025-06-10T19:05:39.6792607Z ##[group]Run npx playwright test --config=playwright.ci.config.ts
2025-06-10T19:05:39.6793106Z [36;1mnpx playwright test --config=playwright.ci.config.ts[0m
2025-06-10T19:05:39.6793520Z shell: sh -e {0}
2025-06-10T19:05:39.6793697Z env:
2025-06-10T19:05:39.6793941Z   NODE_VERSION: 18
2025-06-10T19:05:39.6794144Z   CI: true
2025-06-10T19:05:39.6794795Z   NEXT_PUBLIC_SUPABASE_URL: ***
2025-06-10T19:05:39.6796104Z   NEXT_PUBLIC_SUPABASE_ANON_KEY: ***
2025-06-10T19:05:39.6796348Z ##[endgroup]
2025-06-10T19:05:41.3746830Z [WebServer] 
2025-06-10T19:05:41.3747370Z [WebServer] > localloop@0.1.0 start
2025-06-10T19:05:41.3747904Z [WebServer] > next start
2025-06-10T19:05:41.3748283Z [WebServer] 
2025-06-10T19:05:41.6736473Z [WebServer]    [1m[38;2;173;127;168m▲ Next.js 15.3.2[39m[22m
2025-06-10T19:05:41.6737873Z [WebServer]    - Local:        http://localhost:3000
2025-06-10T19:05:41.6738660Z [WebServer]    - Network:      http://172.18.0.2:3000
2025-06-10T19:05:41.6739253Z [WebServer] 
2025-06-10T19:05:41.6739890Z [WebServer]  [32m[1m✓[22m[39m Starting...
2025-06-10T19:05:41.9395348Z [WebServer]  [32m[1m✓[22m[39m Ready in 458ms
2025-06-10T19:05:42.6885498Z [WebServer]  [33m[1m⚠[22m[39m metadataBase property in metadata export is not set for resolving social open graph or twitter images, using "http://localhost:3000". See https://nextjs.org/docs/app/api-reference/functions/generate-metadata#metadatabase
2025-06-10T19:05:43.4822308Z 
2025-06-10T19:05:43.4822935Z Running 12 tests using 1 worker
2025-06-10T19:05:45.6665122Z Homepage basic structure loaded successfully
2025-06-10T19:05:46.2952140Z ·Navigation elements are present and responsive
2025-06-10T19:05:48.0075199Z ·Basic responsive layout works correctly
2025-06-10T19:05:52.4669626Z ·Homepage basic structure loaded successfully
2025-06-10T19:05:53.5449804Z ·Navigation elements are present and responsive
2025-06-10T19:05:55.5097496Z ·Basic responsive layout works correctly
2025-06-10T19:06:05.0876876Z ·××F××F××FHomepage basic structure loaded successfully
2025-06-10T19:06:06.0419438Z ·Navigation elements are present and responsive
2025-06-10T19:06:08.1090443Z ·Basic responsive layout works correctly
2025-06-10T19:06:09.1956601Z ·
2025-06-10T19:06:09.1965249Z 
2025-06-10T19:06:09.1975047Z   1) [CI Firefox] › e2e/example.spec.ts:3:5 › homepage loads basic structure ───────────────────────
2025-06-10T19:06:09.1975716Z 
2025-06-10T19:06:09.1976190Z     Error: browserType.launch: Target page, context or browser has been closed
2025-06-10T19:06:09.1976890Z     Browser logs:
2025-06-10T19:06:09.1977110Z 
2025-06-10T19:06:09.1977928Z     ╔═══════════════════════════════════════════════════════════════════════════════════════════════════════════════════╗
2025-06-10T19:06:09.1979154Z     ║ Firefox is unable to launch if the $HOME folder isn't owned by the current user.                                  ║
2025-06-10T19:06:09.1980744Z     ║ Workaround: Set the HOME=/root environment variable in your GitHub Actions workflow file when running Playwright. ║
2025-06-10T19:06:09.1982235Z     ╚═══════════════════════════════════════════════════════════════════════════════════════════════════════════════════╝
2025-06-10T19:06:09.1982850Z     Call log:
2025-06-10T19:06:09.1984606Z     [2m  - <launching> /ms-playwright/firefox-1482/firefox/firefox -no-remote -headless -profile /tmp/playwright_firefoxdev_profile-qWWjF7 -juggler-pipe -silent[22m
2025-06-10T19:06:09.1986018Z     [2m  - <launched> pid=1370[22m
2025-06-10T19:06:09.1987366Z     [2m  - [pid=1370][err] Running Nightly as root in a regular user's session is not supported.  ($HOME is /github/home which is owned by uid 1001.)[22m
2025-06-10T19:06:09.1989165Z     [2m  - [pid=1370] <process did exit: exitCode=1, signal=null>[22m
2025-06-10T19:06:09.1990048Z     [2m  - [pid=1370] starting temporary directories cleanup[22m
2025-06-10T19:06:09.1990460Z 
2025-06-10T19:06:09.1990470Z 
2025-06-10T19:06:09.1991468Z     Error Context: test-results/example-homepage-loads-basic-structure-CI-Firefox/error-context.md
2025-06-10T19:06:09.1992211Z 
2025-06-10T19:06:09.1992891Z     Retry #1 ───────────────────────────────────────────────────────────────────────────────────────
2025-06-10T19:06:09.1993349Z 
2025-06-10T19:06:09.1993808Z     Error: browserType.launch: Target page, context or browser has been closed
2025-06-10T19:06:09.1994684Z     Browser logs:
2025-06-10T19:06:09.1994899Z 
2025-06-10T19:06:09.1995652Z     ╔═══════════════════════════════════════════════════════════════════════════════════════════════════════════════════╗
2025-06-10T19:06:09.1996904Z     ║ Firefox is unable to launch if the $HOME folder isn't owned by the current user.                                  ║
2025-06-10T19:06:09.1998508Z     ║ Workaround: Set the HOME=/root environment variable in your GitHub Actions workflow file when running Playwright. ║
2025-06-10T19:06:09.2000006Z     ╚═══════════════════════════════════════════════════════════════════════════════════════════════════════════════════╝
2025-06-10T19:06:09.2000608Z     Call log:
2025-06-10T19:06:09.2002121Z     [2m  - <launching> /ms-playwright/firefox-1482/firefox/firefox -no-remote -headless -profile /tmp/playwright_firefoxdev_profile-66A0mb -juggler-pipe -silent[22m
2025-06-10T19:06:09.2003501Z     [2m  - <launched> pid=1385[22m
2025-06-10T19:06:09.2005110Z     [2m  - [pid=1385][err] Running Nightly as root in a regular user's session is not supported.  ($HOME is /github/home which is owned by uid 1001.)[22m
2025-06-10T19:06:09.2006470Z     [2m  - [pid=1385] <process did exit: exitCode=1, signal=null>[22m
2025-06-10T19:06:09.2007372Z     [2m  - [pid=1385] starting temporary directories cleanup[22m
2025-06-10T19:06:09.2007841Z 
2025-06-10T19:06:09.2007852Z 
2025-06-10T19:06:09.2008545Z     Error Context: test-results/example-homepage-loads-basic-structure-CI-Firefox-retry1/error-context.md
2025-06-10T19:06:09.2009307Z 
2025-06-10T19:06:09.2010099Z     attachment #2: trace (application/zip) ─────────────────────────────────────────────────────────
2025-06-10T19:06:09.2011205Z     test-results/example-homepage-loads-basic-structure-CI-Firefox-retry1/trace.zip
2025-06-10T19:06:09.2011958Z     Usage:
2025-06-10T19:06:09.2012140Z 
2025-06-10T19:06:09.2012839Z         npx playwright show-trace test-results/example-homepage-loads-basic-structure-CI-Firefox-retry1/trace.zip
2025-06-10T19:06:09.2013623Z 
2025-06-10T19:06:09.2014428Z     ────────────────────────────────────────────────────────────────────────────────────────────────
2025-06-10T19:06:09.2014811Z 
2025-06-10T19:06:09.2015398Z     Retry #2 ───────────────────────────────────────────────────────────────────────────────────────
2025-06-10T19:06:09.2016114Z 
2025-06-10T19:06:09.2016551Z     Error: browserType.launch: Target page, context or browser has been closed
2025-06-10T19:06:09.2017208Z     Browser logs:
2025-06-10T19:06:09.2017411Z 
2025-06-10T19:06:09.2018143Z     ╔═══════════════════════════════════════════════════════════════════════════════════════════════════════════════════╗
2025-06-10T19:06:09.2019555Z     ║ Firefox is unable to launch if the $HOME folder isn't owned by the current user.                                  ║
2025-06-10T19:06:09.2021105Z     ║ Workaround: Set the HOME=/root environment variable in your GitHub Actions workflow file when running Playwright. ║
2025-06-10T19:06:09.2022602Z     ╚═══════════════════════════════════════════════════════════════════════════════════════════════════════════════════╝
2025-06-10T19:06:09.2023169Z     Call log:
2025-06-10T19:06:09.2024874Z     [2m  - <launching> /ms-playwright/firefox-1482/firefox/firefox -no-remote -headless -profile /tmp/playwright_firefoxdev_profile-bSzWld -juggler-pipe -silent[22m
2025-06-10T19:06:09.2026280Z     [2m  - <launched> pid=1400[22m
2025-06-10T19:06:09.2027599Z     [2m  - [pid=1400][err] Running Nightly as root in a regular user's session is not supported.  ($HOME is /github/home which is owned by uid 1001.)[22m
2025-06-10T19:06:09.2028911Z     [2m  - [pid=1400] <process did exit: exitCode=1, signal=null>[22m
2025-06-10T19:06:09.2029789Z     [2m  - [pid=1400] starting temporary directories cleanup[22m
2025-06-10T19:06:09.2030212Z 
2025-06-10T19:06:09.2030223Z 
2025-06-10T19:06:09.2030913Z     Error Context: test-results/example-homepage-loads-basic-structure-CI-Firefox-retry2/error-context.md
2025-06-10T19:06:09.2031661Z 
2025-06-10T19:06:09.2032444Z   2) [CI Firefox] › e2e/example.spec.ts:31:5 › navigation elements are present ─────────────────────
2025-06-10T19:06:09.2033017Z 
2025-06-10T19:06:09.2033464Z     Error: browserType.launch: Target page, context or browser has been closed
2025-06-10T19:06:09.2034134Z     Browser logs:
2025-06-10T19:06:09.2034546Z 
2025-06-10T19:06:09.2035302Z     ╔═══════════════════════════════════════════════════════════════════════════════════════════════════════════════════╗
2025-06-10T19:06:09.2036545Z     ║ Firefox is unable to launch if the $HOME folder isn't owned by the current user.                                  ║
2025-06-10T19:06:09.2038091Z     ║ Workaround: Set the HOME=/root environment variable in your GitHub Actions workflow file when running Playwright. ║
2025-06-10T19:06:09.2039544Z     ╚═══════════════════════════════════════════════════════════════════════════════════════════════════════════════════╝
2025-06-10T19:06:09.2040109Z     Call log:
2025-06-10T19:06:09.2041590Z     [2m  - <launching> /ms-playwright/firefox-1482/firefox/firefox -no-remote -headless -profile /tmp/playwright_firefoxdev_profile-yOxGkZ -juggler-pipe -silent[22m
2025-06-10T19:06:09.2042930Z     [2m  - <launched> pid=1415[22m
2025-06-10T19:06:09.2044431Z     [2m  - [pid=1415][err] Running Nightly as root in a regular user's session is not supported.  ($HOME is /github/home which is owned by uid 1001.)[22m
2025-06-10T19:06:09.2046018Z     [2m  - [pid=1415] <process did exit: exitCode=1, signal=null>[22m
2025-06-10T19:06:09.2046851Z     [2m  - [pid=1415] starting temporary directories cleanup[22m
2025-06-10T19:06:09.2047222Z 
2025-06-10T19:06:09.2047231Z 
2025-06-10T19:06:09.2048173Z     Error Context: test-results/example-navigation-elements-are-present-CI-Firefox/error-context.md
2025-06-10T19:06:09.2048871Z 
2025-06-10T19:06:09.2049476Z     Retry #1 ───────────────────────────────────────────────────────────────────────────────────────
2025-06-10T19:06:09.2049861Z 
2025-06-10T19:06:09.2050237Z     Error: browserType.launch: Target page, context or browser has been closed
2025-06-10T19:06:09.2050818Z     Browser logs:
2025-06-10T19:06:09.2050994Z 
2025-06-10T19:06:09.2051619Z     ╔═══════════════════════════════════════════════════════════════════════════════════════════════════════════════════╗
2025-06-10T19:06:09.2052765Z     ║ Firefox is unable to launch if the $HOME folder isn't owned by the current user.                                  ║
2025-06-10T19:06:09.2054140Z     ║ Workaround: Set the HOME=/root environment variable in your GitHub Actions workflow file when running Playwright. ║
2025-06-10T19:06:09.2055667Z     ╚═══════════════════════════════════════════════════════════════════════════════════════════════════════════════════╝
2025-06-10T19:06:09.2056179Z     Call log:
2025-06-10T19:06:09.2057608Z     [2m  - <launching> /ms-playwright/firefox-1482/firefox/firefox -no-remote -headless -profile /tmp/playwright_firefoxdev_profile-xI1ozW -juggler-pipe -silent[22m
2025-06-10T19:06:09.2058946Z     [2m  - <launched> pid=1430[22m
2025-06-10T19:06:09.2060251Z     [2m  - [pid=1430][err] Running Nightly as root in a regular user's session is not supported.  ($HOME is /github/home which is owned by uid 1001.)[22m
2025-06-10T19:06:09.2061484Z     [2m  - [pid=1430] <process did exit: exitCode=1, signal=null>[22m
2025-06-10T19:06:09.2062368Z     [2m  - [pid=1430] starting temporary directories cleanup[22m
2025-06-10T19:06:09.2062786Z 
2025-06-10T19:06:09.2062796Z 
2025-06-10T19:06:09.2063496Z     Error Context: test-results/example-navigation-elements-are-present-CI-Firefox-retry1/error-context.md
2025-06-10T19:06:09.2064490Z 
2025-06-10T19:06:09.2065218Z     attachment #2: trace (application/zip) ─────────────────────────────────────────────────────────
2025-06-10T19:06:09.2066313Z     test-results/example-navigation-elements-are-present-CI-Firefox-retry1/trace.zip
2025-06-10T19:06:09.2067072Z     Usage:
2025-06-10T19:06:09.2067249Z 
2025-06-10T19:06:09.2068006Z         npx playwright show-trace test-results/example-navigation-elements-are-present-CI-Firefox-retry1/trace.zip
2025-06-10T19:06:09.2068816Z 
2025-06-10T19:06:09.2069460Z     ────────────────────────────────────────────────────────────────────────────────────────────────
2025-06-10T19:06:09.2069903Z 
2025-06-10T19:06:09.2071188Z     Retry #2 ───────────────────────────────────────────────────────────────────────────────────────
2025-06-10T19:06:09.2071669Z 
2025-06-10T19:06:09.2072126Z     Error: browserType.launch: Target page, context or browser has been closed
2025-06-10T19:06:09.2072805Z     Browser logs:
2025-06-10T19:06:09.2073004Z 
2025-06-10T19:06:09.2073994Z     ╔═══════════════════════════════════════════════════════════════════════════════════════════════════════════════════╗
2025-06-10T19:06:09.2075538Z     ║ Firefox is unable to launch if the $HOME folder isn't owned by the current user.                                  ║
2025-06-10T19:06:09.2077060Z     ║ Workaround: Set the HOME=/root environment variable in your GitHub Actions workflow file when running Playwright. ║
2025-06-10T19:06:09.2078523Z     ╚═══════════════════════════════════════════════════════════════════════════════════════════════════════════════════╝
2025-06-10T19:06:09.2079111Z     Call log:
2025-06-10T19:06:09.2080621Z     [2m  - <launching> /ms-playwright/firefox-1482/firefox/firefox -no-remote -headless -profile /tmp/playwright_firefoxdev_profile-gDM8Q3 -juggler-pipe -silent[22m
2025-06-10T19:06:09.2082039Z     [2m  - <launched> pid=1445[22m
2025-06-10T19:06:09.2083399Z     [2m  - [pid=1445][err] Running Nightly as root in a regular user's session is not supported.  ($HOME is /github/home which is owned by uid 1001.)[22m
2025-06-10T19:06:09.2084972Z     [2m  - [pid=1445] <process did exit: exitCode=1, signal=null>[22m
2025-06-10T19:06:09.2085880Z     [2m  - [pid=1445] starting temporary directories cleanup[22m
2025-06-10T19:06:09.2086285Z 
2025-06-10T19:06:09.2086295Z 
2025-06-10T19:06:09.2086994Z     Error Context: test-results/example-navigation-elements-are-present-CI-Firefox-retry2/error-context.md
2025-06-10T19:06:09.2087761Z 
2025-06-10T19:06:09.2088511Z   3) [CI Firefox] › e2e/example.spec.ts:56:5 › basic responsive layout works ───────────────────────
2025-06-10T19:06:09.2089120Z 
2025-06-10T19:06:09.2089575Z     Error: browserType.launch: Target page, context or browser has been closed
2025-06-10T19:06:09.2090273Z     Browser logs:
2025-06-10T19:06:09.2090478Z 
2025-06-10T19:06:09.2091222Z     ╔═══════════════════════════════════════════════════════════════════════════════════════════════════════════════════╗
2025-06-10T19:06:09.2092487Z     ║ Firefox is unable to launch if the $HOME folder isn't owned by the current user.                                  ║
2025-06-10T19:06:09.2094043Z     ║ Workaround: Set the HOME=/root environment variable in your GitHub Actions workflow file when running Playwright. ║
2025-06-10T19:06:09.2095801Z     ╚═══════════════════════════════════════════════════════════════════════════════════════════════════════════════════╝
2025-06-10T19:06:09.2096378Z     Call log:
2025-06-10T19:06:09.2097812Z     [2m  - <launching> /ms-playwright/firefox-1482/firefox/firefox -no-remote -headless -profile /tmp/playwright_firefoxdev_profile-CBZjom -juggler-pipe -silent[22m
2025-06-10T19:06:09.2099136Z     [2m  - <launched> pid=1460[22m
2025-06-10T19:06:09.2100697Z     [2m  - [pid=1460][err] Running Nightly as root in a regular user's session is not supported.  ($HOME is /github/home which is owned by uid 1001.)[22m
2025-06-10T19:06:09.2101938Z     [2m  - [pid=1460] <process did exit: exitCode=1, signal=null>[22m
2025-06-10T19:06:09.2129151Z     [2m  - [pid=1460] starting temporary directories cleanup[22m
2025-06-10T19:06:09.2129878Z 
2025-06-10T19:06:09.2129895Z 
2025-06-10T19:06:09.2130554Z     Error Context: test-results/example-basic-responsive-layout-works-CI-Firefox/error-context.md
2025-06-10T19:06:09.2131215Z 
2025-06-10T19:06:09.2131876Z     Retry #1 ───────────────────────────────────────────────────────────────────────────────────────
2025-06-10T19:06:09.2132298Z 
2025-06-10T19:06:09.2132732Z     Error: browserType.launch: Target page, context or browser has been closed
2025-06-10T19:06:09.2133367Z     Browser logs:
2025-06-10T19:06:09.2133583Z 
2025-06-10T19:06:09.2134491Z     ╔═══════════════════════════════════════════════════════════════════════════════════════════════════════════════════╗
2025-06-10T19:06:09.2135729Z     ║ Firefox is unable to launch if the $HOME folder isn't owned by the current user.                                  ║
2025-06-10T19:06:09.2137230Z     ║ Workaround: Set the HOME=/root environment variable in your GitHub Actions workflow file when running Playwright. ║
2025-06-10T19:06:09.2138709Z     ╚═══════════════════════════════════════════════════════════════════════════════════════════════════════════════════╝
2025-06-10T19:06:09.2139268Z     Call log:
2025-06-10T19:06:09.2140742Z     [2m  - <launching> /ms-playwright/firefox-1482/firefox/firefox -no-remote -headless -profile /tmp/playwright_firefoxdev_profile-M70Kz3 -juggler-pipe -silent[22m
2025-06-10T19:06:09.2142113Z     [2m  - <launched> pid=1475[22m
2025-06-10T19:06:09.2143434Z     [2m  - [pid=1475][err] Running Nightly as root in a regular user's session is not supported.  ($HOME is /github/home which is owned by uid 1001.)[22m
2025-06-10T19:06:09.2144795Z     [2m  - [pid=1475] <process did exit: exitCode=1, signal=null>[22m
2025-06-10T19:06:09.2145575Z     [2m  - [pid=1475] starting temporary directories cleanup[22m
2025-06-10T19:06:09.2145954Z 
2025-06-10T19:06:09.2145962Z 
2025-06-10T19:06:09.2146583Z     Error Context: test-results/example-basic-responsive-layout-works-CI-Firefox-retry1/error-context.md
2025-06-10T19:06:09.2147270Z 
2025-06-10T19:06:09.2147856Z     attachment #2: trace (application/zip) ─────────────────────────────────────────────────────────
2025-06-10T19:06:09.2148441Z     test-results/example-basic-responsive-layout-works-CI-Firefox-retry1/trace.zip
2025-06-10T19:06:09.2148840Z     Usage:
2025-06-10T19:06:09.2148943Z 
2025-06-10T19:06:09.2149322Z         npx playwright show-trace test-results/example-basic-responsive-layout-works-CI-Firefox-retry1/trace.zip
2025-06-10T19:06:09.2149936Z 
2025-06-10T19:06:09.2150475Z     ────────────────────────────────────────────────────────────────────────────────────────────────
2025-06-10T19:06:09.2151173Z 
2025-06-10T19:06:09.2151771Z     Retry #2 ───────────────────────────────────────────────────────────────────────────────────────
2025-06-10T19:06:09.2152229Z 
2025-06-10T19:06:09.2152671Z     Error: browserType.launch: Target page, context or browser has been closed
2025-06-10T19:06:09.2153306Z     Browser logs:
2025-06-10T19:06:09.2153505Z 
2025-06-10T19:06:09.2154633Z     ╔═══════════════════════════════════════════════════════════════════════════════════════════════════════════════════╗
2025-06-10T19:06:09.2155846Z     ║ Firefox is unable to launch if the $HOME folder isn't owned by the current user.                                  ║
2025-06-10T19:06:09.2157299Z     ║ Workaround: Set the HOME=/root environment variable in your GitHub Actions workflow file when running Playwright. ║
2025-06-10T19:06:09.2158641Z     ╚═══════════════════════════════════════════════════════════════════════════════════════════════════════════════════╝
2025-06-10T19:06:09.2159196Z     Call log:
2025-06-10T19:06:09.2160595Z     [2m  - <launching> /ms-playwright/firefox-1482/firefox/firefox -no-remote -headless -profile /tmp/playwright_firefoxdev_profile-rTZlDC -juggler-pipe -silent[22m
2025-06-10T19:06:09.2161870Z     [2m  - <launched> pid=1490[22m
2025-06-10T19:06:09.2163148Z     [2m  - [pid=1490][err] Running Nightly as root in a regular user's session is not supported.  ($HOME is /github/home which is owned by uid 1001.)[22m
2025-06-10T19:06:09.2164521Z     [2m  - [pid=1490] <process did exit: exitCode=1, signal=null>[22m
2025-06-10T19:06:09.2165288Z     [2m  - [pid=1490] starting temporary directories cleanup[22m
2025-06-10T19:06:09.2165660Z 
2025-06-10T19:06:09.2165668Z 
2025-06-10T19:06:09.2166305Z     Error Context: test-results/example-basic-responsive-layout-works-CI-Firefox-retry2/error-context.md
2025-06-10T19:06:09.2167003Z 
2025-06-10T19:06:09.2167116Z   3 failed
2025-06-10T19:06:09.2167909Z     [CI Firefox] › e2e/example.spec.ts:3:5 › homepage loads basic structure ────────────────────────
2025-06-10T19:06:09.2169074Z     [CI Firefox] › e2e/example.spec.ts:31:5 › navigation elements are present ──────────────────────
2025-06-10T19:06:09.2170207Z     [CI Firefox] › e2e/example.spec.ts:56:5 › basic responsive layout works ────────────────────────
2025-06-10T19:06:09.2170861Z   9 passed (28.3s)
2025-06-10T19:06:09.2205839Z ##[error]  1) [CI Firefox] › e2e/example.spec.ts:3:5 › homepage loads basic structure ───────────────────────
    Error: browserType.launch: Target page, context or browser has been closed
    Browser logs:

    ╔═══════════════════════════════════════════════════════════════════════════════════════════════════════════════════╗
    ║ Firefox is unable to launch if the $HOME folder isn't owned by the current user.                                  ║
    ║ Workaround: Set the HOME=/root environment variable in your GitHub Actions workflow file when running Playwright. ║
    ╚═══════════════════════════════════════════════════════════════════════════════════════════════════════════════════╝
    Call log:
      - <launching> /ms-playwright/firefox-1482/firefox/firefox -no-remote -headless -profile /tmp/playwright_firefoxdev_profile-qWWjF7 -juggler-pipe -silent
      - <launched> pid=1370
      - [pid=1370][err] Running Nightly as root in a regular user's session is not supported.  ($HOME is /github/home which is owned by uid 1001.)
      - [pid=1370] <process did exit: exitCode=1, signal=null>
      - [pid=1370] starting temporary directories cleanup

2025-06-10T19:06:09.2231681Z ##[error]  1) [CI Firefox] › e2e/example.spec.ts:3:5 › homepage loads basic structure ───────────────────────

    Retry #1 ───────────────────────────────────────────────────────────────────────────────────────
    Error: browserType.launch: Target page, context or browser has been closed
    Browser logs:

    ╔═══════════════════════════════════════════════════════════════════════════════════════════════════════════════════╗
    ║ Firefox is unable to launch if the $HOME folder isn't owned by the current user.                                  ║
    ║ Workaround: Set the HOME=/root environment variable in your GitHub Actions workflow file when running Playwright. ║
    ╚═══════════════════════════════════════════════════════════════════════════════════════════════════════════════════╝
    Call log:
      - <launching> /ms-playwright/firefox-1482/firefox/firefox -no-remote -headless -profile /tmp/playwright_firefoxdev_profile-66A0mb -juggler-pipe -silent
      - <launched> pid=1385
      - [pid=1385][err] Running Nightly as root in a regular user's session is not supported.  ($HOME is /github/home which is owned by uid 1001.)
      - [pid=1385] <process did exit: exitCode=1, signal=null>
      - [pid=1385] starting temporary directories cleanup

2025-06-10T19:06:09.2249349Z ##[error]  1) [CI Firefox] › e2e/example.spec.ts:3:5 › homepage loads basic structure ───────────────────────

    Retry #2 ───────────────────────────────────────────────────────────────────────────────────────
    Error: browserType.launch: Target page, context or browser has been closed
    Browser logs:

    ╔═══════════════════════════════════════════════════════════════════════════════════════════════════════════════════╗
    ║ Firefox is unable to launch if the $HOME folder isn't owned by the current user.                                  ║
    ║ Workaround: Set the HOME=/root environment variable in your GitHub Actions workflow file when running Playwright. ║
    ╚═══════════════════════════════════════════════════════════════════════════════════════════════════════════════════╝
    Call log:
      - <launching> /ms-playwright/firefox-1482/firefox/firefox -no-remote -headless -profile /tmp/playwright_firefoxdev_profile-bSzWld -juggler-pipe -silent
      - <launched> pid=1400
      - [pid=1400][err] Running Nightly as root in a regular user's session is not supported.  ($HOME is /github/home which is owned by uid 1001.)
      - [pid=1400] <process did exit: exitCode=1, signal=null>
      - [pid=1400] starting temporary directories cleanup

2025-06-10T19:06:09.2264676Z ##[error]  2) [CI Firefox] › e2e/example.spec.ts:31:5 › navigation elements are present ─────────────────────
    Error: browserType.launch: Target page, context or browser has been closed
    Browser logs:

    ╔═══════════════════════════════════════════════════════════════════════════════════════════════════════════════════╗
    ║ Firefox is unable to launch if the $HOME folder isn't owned by the current user.                                  ║
    ║ Workaround: Set the HOME=/root environment variable in your GitHub Actions workflow file when running Playwright. ║
    ╚═══════════════════════════════════════════════════════════════════════════════════════════════════════════════════╝
    Call log:
      - <launching> /ms-playwright/firefox-1482/firefox/firefox -no-remote -headless -profile /tmp/playwright_firefoxdev_profile-yOxGkZ -juggler-pipe -silent
      - <launched> pid=1415
      - [pid=1415][err] Running Nightly as root in a regular user's session is not supported.  ($HOME is /github/home which is owned by uid 1001.)
      - [pid=1415] <process did exit: exitCode=1, signal=null>
      - [pid=1415] starting temporary directories cleanup

2025-06-10T19:06:09.2277460Z ##[error]  2) [CI Firefox] › e2e/example.spec.ts:31:5 › navigation elements are present ─────────────────────

    Retry #1 ───────────────────────────────────────────────────────────────────────────────────────
    Error: browserType.launch: Target page, context or browser has been closed
    Browser logs:

    ╔═══════════════════════════════════════════════════════════════════════════════════════════════════════════════════╗
    ║ Firefox is unable to launch if the $HOME folder isn't owned by the current user.                                  ║
    ║ Workaround: Set the HOME=/root environment variable in your GitHub Actions workflow file when running Playwright. ║
    ╚═══════════════════════════════════════════════════════════════════════════════════════════════════════════════════╝
    Call log:
      - <launching> /ms-playwright/firefox-1482/firefox/firefox -no-remote -headless -profile /tmp/playwright_firefoxdev_profile-xI1ozW -juggler-pipe -silent
      - <launched> pid=1430
      - [pid=1430][err] Running Nightly as root in a regular user's session is not supported.  ($HOME is /github/home which is owned by uid 1001.)
      - [pid=1430] <process did exit: exitCode=1, signal=null>
      - [pid=1430] starting temporary directories cleanup

2025-06-10T19:06:09.2290713Z ##[error]  2) [CI Firefox] › e2e/example.spec.ts:31:5 › navigation elements are present ─────────────────────

    Retry #2 ───────────────────────────────────────────────────────────────────────────────────────
    Error: browserType.launch: Target page, context or browser has been closed
    Browser logs:

    ╔═══════════════════════════════════════════════════════════════════════════════════════════════════════════════════╗
    ║ Firefox is unable to launch if the $HOME folder isn't owned by the current user.                                  ║
    ║ Workaround: Set the HOME=/root environment variable in your GitHub Actions workflow file when running Playwright. ║
    ╚═══════════════════════════════════════════════════════════════════════════════════════════════════════════════════╝
    Call log:
      - <launching> /ms-playwright/firefox-1482/firefox/firefox -no-remote -headless -profile /tmp/playwright_firefoxdev_profile-gDM8Q3 -juggler-pipe -silent
      - <launched> pid=1445
      - [pid=1445][err] Running Nightly as root in a regular user's session is not supported.  ($HOME is /github/home which is owned by uid 1001.)
      - [pid=1445] <process did exit: exitCode=1, signal=null>
      - [pid=1445] starting temporary directories cleanup

2025-06-10T19:06:09.2300891Z ##[error]  3) [CI Firefox] › e2e/example.spec.ts:56:5 › basic responsive layout works ───────────────────────
    Error: browserType.launch: Target page, context or browser has been closed
    Browser logs:

    ╔═══════════════════════════════════════════════════════════════════════════════════════════════════════════════════╗
    ║ Firefox is unable to launch if the $HOME folder isn't owned by the current user.                                  ║
    ║ Workaround: Set the HOME=/root environment variable in your GitHub Actions workflow file when running Playwright. ║
    ╚═══════════════════════════════════════════════════════════════════════════════════════════════════════════════════╝
    Call log:
      - <launching> /ms-playwright/firefox-1482/firefox/firefox -no-remote -headless -profile /tmp/playwright_firefoxdev_profile-CBZjom -juggler-pipe -silent
      - <launched> pid=1460
      - [pid=1460][err] Running Nightly as root in a regular user's session is not supported.  ($HOME is /github/home which is owned by uid 1001.)
      - [pid=1460] <process did exit: exitCode=1, signal=null>
      - [pid=1460] starting temporary directories cleanup

2025-06-10T19:06:09.2318342Z ##[error]  3) [CI Firefox] › e2e/example.spec.ts:56:5 › basic responsive layout works ───────────────────────

    Retry #1 ───────────────────────────────────────────────────────────────────────────────────────
    Error: browserType.launch: Target page, context or browser has been closed
    Browser logs:

    ╔═══════════════════════════════════════════════════════════════════════════════════════════════════════════════════╗
    ║ Firefox is unable to launch if the $HOME folder isn't owned by the current user.                                  ║
    ║ Workaround: Set the HOME=/root environment variable in your GitHub Actions workflow file when running Playwright. ║
    ╚═══════════════════════════════════════════════════════════════════════════════════════════════════════════════════╝
    Call log:
      - <launching> /ms-playwright/firefox-1482/firefox/firefox -no-remote -headless -profile /tmp/playwright_firefoxdev_profile-M70Kz3 -juggler-pipe -silent
      - <launched> pid=1475
      - [pid=1475][err] Running Nightly as root in a regular user's session is not supported.  ($HOME is /github/home which is owned by uid 1001.)
      - [pid=1475] <process did exit: exitCode=1, signal=null>
      - [pid=1475] starting temporary directories cleanup

2025-06-10T19:06:09.2336479Z ##[error]  3) [CI Firefox] › e2e/example.spec.ts:56:5 › basic responsive layout works ───────────────────────

    Retry #2 ───────────────────────────────────────────────────────────────────────────────────────
    Error: browserType.launch: Target page, context or browser has been closed
    Browser logs:

    ╔═══════════════════════════════════════════════════════════════════════════════════════════════════════════════════╗
    ║ Firefox is unable to launch if the $HOME folder isn't owned by the current user.                                  ║
    ║ Workaround: Set the HOME=/root environment variable in your GitHub Actions workflow file when running Playwright. ║
    ╚═══════════════════════════════════════════════════════════════════════════════════════════════════════════════════╝
    Call log:
      - <launching> /ms-playwright/firefox-1482/firefox/firefox -no-remote -headless -profile /tmp/playwright_firefoxdev_profile-rTZlDC -juggler-pipe -silent
      - <launched> pid=1490
      - [pid=1490][err] Running Nightly as root in a regular user's session is not supported.  ($HOME is /github/home which is owned by uid 1001.)
      - [pid=1490] <process did exit: exitCode=1, signal=null>
      - [pid=1490] starting temporary directories cleanup

2025-06-10T19:06:09.2347999Z ##[notice]  3 failed
    [CI Firefox] › e2e/example.spec.ts:3:5 › homepage loads basic structure ────────────────────────
    [CI Firefox] › e2e/example.spec.ts:31:5 › navigation elements are present ──────────────────────
    [CI Firefox] › e2e/example.spec.ts:56:5 › basic responsive layout works ────────────────────────
  9 passed (28.3s)
2025-06-10T19:06:09.2590342Z ##[error]Process completed with exit code 1.
2025-06-10T19:06:09.2643229Z ##[group]Run actions/upload-artifact@v4
2025-06-10T19:06:09.2643503Z with:
2025-06-10T19:06:09.2643668Z   name: e2e-results
2025-06-10T19:06:09.2643910Z   path: test-results/
playwright-report/

2025-06-10T19:06:09.2644563Z   retention-days: 7
2025-06-10T19:06:09.2644767Z   if-no-files-found: warn
2025-06-10T19:06:09.2644979Z   compression-level: 6
2025-06-10T19:06:09.2645168Z   overwrite: false
2025-06-10T19:06:09.2645354Z   include-hidden-files: false
2025-06-10T19:06:09.2645560Z env:
2025-06-10T19:06:09.2645714Z   NODE_VERSION: 18
2025-06-10T19:06:09.2645878Z ##[endgroup]
2025-06-10T19:06:09.2648601Z ##[command]/usr/bin/docker exec  a0fd9521f075c8479a18b3ce15eb7e07a8e3a65fa274022739acf723d20aac8f sh -c "cat /etc/*release | grep ^ID"
2025-06-10T19:06:09.6037754Z Multiple search paths detected. Calculating the least common ancestor of all paths
2025-06-10T19:06:09.6044657Z The least common ancestor is /__w/LocalLoop/LocalLoop. This will be the root directory of the artifact
2025-06-10T19:06:09.6045763Z With the provided path, there will be 40 files uploaded
2025-06-10T19:06:09.6054426Z Artifact name is valid!
2025-06-10T19:06:09.6055018Z Root directory input is valid!
2025-06-10T19:06:09.7536967Z Beginning upload of artifact content to blob storage
2025-06-10T19:06:10.3423775Z Uploaded bytes 642045
2025-06-10T19:06:10.4018259Z Finished uploading artifact content to blob storage!
2025-06-10T19:06:10.4019768Z SHA256 digest of uploaded artifact zip is 385ce494300f6c4ce604eec603b9a4d59261da4b266fcfb7abe7de5c46766281
2025-06-10T19:06:10.4022879Z Finalizing artifact upload
2025-06-10T19:06:10.4951305Z Artifact e2e-results.zip successfully finalized. Artifact ID 3299449683
2025-06-10T19:06:10.4952153Z Artifact e2e-results has been successfully uploaded! Final size is 642045 bytes. Artifact ID is 3299449683
2025-06-10T19:06:10.4960722Z Artifact download URL: https://github.com/JacksonR64/LocalLoop/actions/runs/15567985031/artifacts/3299449683
2025-06-10T19:06:10.5141152Z Post job cleanup.
2025-06-10T19:06:10.5145394Z ##[command]/usr/bin/docker exec  a0fd9521f075c8479a18b3ce15eb7e07a8e3a65fa274022739acf723d20aac8f sh -c "cat /etc/*release | grep ^ID"
2025-06-10T19:06:10.7145053Z [command]/usr/bin/git version
2025-06-10T19:06:10.7184063Z git version 2.34.1
2025-06-10T19:06:10.7232457Z Temporarily overriding HOME='/__w/_temp/fe502a67-9418-4b57-9c3c-a742d035b081' before making global git config changes
2025-06-10T19:06:10.7233296Z Adding repository directory to the temporary git global config as a safe directory
2025-06-10T19:06:10.7239109Z [command]/usr/bin/git config --global --add safe.directory /__w/LocalLoop/LocalLoop
2025-06-10T19:06:10.7275002Z [command]/usr/bin/git config --local --name-only --get-regexp core\.sshCommand
2025-06-10T19:06:10.7309980Z [command]/usr/bin/git submodule foreach --recursive sh -c "git config --local --name-only --get-regexp 'core\.sshCommand' && git config --local --unset-all 'core.sshCommand' || :"
2025-06-10T19:06:10.7562978Z [command]/usr/bin/git config --local --name-only --get-regexp http\.https\:\/\/github\.com\/\.extraheader
2025-06-10T19:06:10.7584730Z http.https://github.com/.extraheader
2025-06-10T19:06:10.7597237Z [command]/usr/bin/git config --local --unset-all http.https://github.com/.extraheader
2025-06-10T19:06:10.7628103Z [command]/usr/bin/git submodule foreach --recursive sh -c "git config --local --name-only --get-regexp 'http\.https\:\/\/github\.com\/\.extraheader' && git config --local --unset-all 'http.https://github.com/.extraheader' || :"
2025-06-10T19:06:10.8003675Z Stop and remove container: 0978dffeef9545c9bdb608530f50c1bc_mcrmicrosoftcomplaywrightv1520jammy_a3f250
2025-06-10T19:06:10.8008801Z ##[command]/usr/bin/docker rm --force a0fd9521f075c8479a18b3ce15eb7e07a8e3a65fa274022739acf723d20aac8f
2025-06-10T19:06:10.9063510Z a0fd9521f075c8479a18b3ce15eb7e07a8e3a65fa274022739acf723d20aac8f
2025-06-10T19:06:10.9092663Z Remove container network: github_network_689d02585ab94fce919b7cb18fd532c8
2025-06-10T19:06:10.9097303Z ##[command]/usr/bin/docker network rm github_network_689d02585ab94fce919b7cb18fd532c8
2025-06-10T19:06:11.0332699Z github_network_689d02585ab94fce919b7cb18fd532c8
2025-06-10T19:06:11.0389889Z Cleaning up orphan processes
