2025-06-06T11:36:44.6559253Z Current runner version: '2.325.0'
2025-06-06T11:36:44.6594276Z ##[group]Runner Image Provisioner
2025-06-06T11:36:44.6595652Z Hosted Compute Agent
2025-06-06T11:36:44.6596546Z Version: 20250508.323
2025-06-06T11:36:44.6597665Z Commit: 81b259f29879f73b4213d199e42d8c3465dae986
2025-06-06T11:36:44.6598820Z Build Date: 2025-05-08T19:40:08Z
2025-06-06T11:36:44.6599798Z ##[endgroup]
2025-06-06T11:36:44.6600599Z ##[group]Operating System
2025-06-06T11:36:44.6601609Z Ubuntu
2025-06-06T11:36:44.6602552Z 24.04.2
2025-06-06T11:36:44.6603365Z LTS
2025-06-06T11:36:44.6604212Z ##[endgroup]
2025-06-06T11:36:44.6605035Z ##[group]Runner Image
2025-06-06T11:36:44.6605939Z Image: ubuntu-24.04
2025-06-06T11:36:44.6606869Z Version: 20250511.1.0
2025-06-06T11:36:44.6608747Z Included Software: https://github.com/actions/runner-images/blob/ubuntu24/20250511.1/images/ubuntu/Ubuntu2404-Readme.md
2025-06-06T11:36:44.6611577Z Image Release: https://github.com/actions/runner-images/releases/tag/ubuntu24%2F20250511.1
2025-06-06T11:36:44.6613530Z ##[endgroup]
2025-06-06T11:36:44.6615536Z ##[group]GITHUB_TOKEN Permissions
2025-06-06T11:36:44.6618133Z Contents: read
2025-06-06T11:36:44.6618984Z Metadata: read
2025-06-06T11:36:44.6619980Z Packages: read
2025-06-06T11:36:44.6620821Z ##[endgroup]
2025-06-06T11:36:44.6624220Z Secret source: Actions
2025-06-06T11:36:44.6625664Z Prepare workflow directory
2025-06-06T11:36:44.7415300Z Prepare all required actions
2025-06-06T11:36:44.7472897Z Getting action download info
2025-06-06T11:36:45.2427703Z ##[group]Download immutable action package 'actions/checkout@v4'
2025-06-06T11:36:45.2428788Z Version: 4.2.2
2025-06-06T11:36:45.2429800Z Digest: sha256:ccb2698953eaebd21c7bf6268a94f9c26518a7e38e27e0b83c1fe1ad049819b1
2025-06-06T11:36:45.2430902Z Source commit SHA: 11bd71901bbe5b1630ceea73d27597364c9af683
2025-06-06T11:36:45.2431744Z ##[endgroup]
2025-06-06T11:36:45.3130941Z ##[group]Download immutable action package 'actions/setup-node@v4'
2025-06-06T11:36:45.3131748Z Version: 4.4.0
2025-06-06T11:36:45.3132836Z Digest: sha256:9427cefe82346e992fb5b949e3569b39d537ae41aa3086483b14eceebfc16bc1
2025-06-06T11:36:45.3133801Z Source commit SHA: 49933ea5288caeca8642d1e84afbd3f7d6820020
2025-06-06T11:36:45.3134475Z ##[endgroup]
2025-06-06T11:36:45.4748467Z Complete job name: 🧪 Tests
2025-06-06T11:36:45.5471271Z ##[group]Run actions/checkout@v4
2025-06-06T11:36:45.5472080Z with:
2025-06-06T11:36:45.5472836Z   repository: JacksonR64/LocalLoop-V0.3
2025-06-06T11:36:45.5473529Z   token: ***
2025-06-06T11:36:45.5473898Z   ssh-strict: true
2025-06-06T11:36:45.5474289Z   ssh-user: git
2025-06-06T11:36:45.5474677Z   persist-credentials: true
2025-06-06T11:36:45.5475120Z   clean: true
2025-06-06T11:36:45.5475501Z   sparse-checkout-cone-mode: true
2025-06-06T11:36:45.5475974Z   fetch-depth: 1
2025-06-06T11:36:45.5476342Z   fetch-tags: false
2025-06-06T11:36:45.5476733Z   show-progress: true
2025-06-06T11:36:45.5477118Z   lfs: false
2025-06-06T11:36:45.5477484Z   submodules: false
2025-06-06T11:36:45.5477880Z   set-safe-directory: true
2025-06-06T11:36:45.5478617Z env:
2025-06-06T11:36:45.5478987Z   NODE_VERSION: 18
2025-06-06T11:36:45.5479362Z ##[endgroup]
2025-06-06T11:36:45.6759966Z Syncing repository: JacksonR64/LocalLoop-V0.3
2025-06-06T11:36:45.6764301Z ##[group]Getting Git version info
2025-06-06T11:36:45.6765504Z Working directory is '/home/runner/work/LocalLoop-V0.3/LocalLoop-V0.3'
2025-06-06T11:36:45.6767043Z [command]/usr/bin/git version
2025-06-06T11:36:45.6767801Z git version 2.49.0
2025-06-06T11:36:45.6770131Z ##[endgroup]
2025-06-06T11:36:45.6776001Z Temporarily overriding HOME='/home/runner/work/_temp/9207f6f1-ded3-4178-9fcc-6e513145f93e' before making global git config changes
2025-06-06T11:36:45.6778135Z Adding repository directory to the temporary git global config as a safe directory
2025-06-06T11:36:45.6782937Z [command]/usr/bin/git config --global --add safe.directory /home/runner/work/LocalLoop-V0.3/LocalLoop-V0.3
2025-06-06T11:36:45.6821963Z Deleting the contents of '/home/runner/work/LocalLoop-V0.3/LocalLoop-V0.3'
2025-06-06T11:36:45.6826956Z ##[group]Initializing the repository
2025-06-06T11:36:45.6832238Z [command]/usr/bin/git init /home/runner/work/LocalLoop-V0.3/LocalLoop-V0.3
2025-06-06T11:36:45.6926261Z hint: Using 'master' as the name for the initial branch. This default branch name
2025-06-06T11:36:45.6928175Z hint: is subject to change. To configure the initial branch name to use in all
2025-06-06T11:36:45.6929716Z hint: of your new repositories, which will suppress this warning, call:
2025-06-06T11:36:45.6930832Z hint:
2025-06-06T11:36:45.6931589Z hint: 	git config --global init.defaultBranch <name>
2025-06-06T11:36:45.6932662Z hint:
2025-06-06T11:36:45.6933534Z hint: Names commonly chosen instead of 'master' are 'main', 'trunk' and
2025-06-06T11:36:45.6935087Z hint: 'development'. The just-created branch can be renamed via this command:
2025-06-06T11:36:45.6936328Z hint:
2025-06-06T11:36:45.6937026Z hint: 	git branch -m <name>
2025-06-06T11:36:45.6939370Z Initialized empty Git repository in /home/runner/work/LocalLoop-V0.3/LocalLoop-V0.3/.git/
2025-06-06T11:36:45.6947858Z [command]/usr/bin/git remote add origin https://github.com/JacksonR64/LocalLoop-V0.3
2025-06-06T11:36:45.6986247Z ##[endgroup]
2025-06-06T11:36:45.6989193Z ##[group]Disabling automatic garbage collection
2025-06-06T11:36:45.6991414Z [command]/usr/bin/git config --local gc.auto 0
2025-06-06T11:36:45.7027039Z ##[endgroup]
2025-06-06T11:36:45.7029600Z ##[group]Setting up auth
2025-06-06T11:36:45.7034039Z [command]/usr/bin/git config --local --name-only --get-regexp core\.sshCommand
2025-06-06T11:36:45.7068137Z [command]/usr/bin/git submodule foreach --recursive sh -c "git config --local --name-only --get-regexp 'core\.sshCommand' && git config --local --unset-all 'core.sshCommand' || :"
2025-06-06T11:36:45.8136055Z [command]/usr/bin/git config --local --name-only --get-regexp http\.https\:\/\/github\.com\/\.extraheader
2025-06-06T11:36:45.8138628Z [command]/usr/bin/git submodule foreach --recursive sh -c "git config --local --name-only --get-regexp 'http\.https\:\/\/github\.com\/\.extraheader' && git config --local --unset-all 'http.https://github.com/.extraheader' || :"
2025-06-06T11:36:45.8141102Z [command]/usr/bin/git config --local http.https://github.com/.extraheader AUTHORIZATION: basic ***
2025-06-06T11:36:45.8143236Z ##[endgroup]
2025-06-06T11:36:45.8143923Z ##[group]Fetching the repository
2025-06-06T11:36:45.8145221Z [command]/usr/bin/git -c protocol.version=2 fetch --no-tags --prune --no-recurse-submodules --depth=1 origin +0b951ad994fc18eca371ccc7fcaa899172ad32fc:refs/remotes/origin/fix/ci-pipeline
2025-06-06T11:36:46.7751486Z From https://github.com/JacksonR64/LocalLoop-V0.3
2025-06-06T11:36:46.7755093Z  * [new ref]         0b951ad994fc18eca371ccc7fcaa899172ad32fc -> origin/fix/ci-pipeline
2025-06-06T11:36:46.7779510Z ##[endgroup]
2025-06-06T11:36:46.7781366Z ##[group]Determining the checkout info
2025-06-06T11:36:46.7783403Z ##[endgroup]
2025-06-06T11:36:46.7787616Z [command]/usr/bin/git sparse-checkout disable
2025-06-06T11:36:46.7831186Z [command]/usr/bin/git config --local --unset-all extensions.worktreeConfig
2025-06-06T11:36:46.7863141Z ##[group]Checking out the ref
2025-06-06T11:36:46.7894157Z [command]/usr/bin/git checkout --progress --force -B fix/ci-pipeline refs/remotes/origin/fix/ci-pipeline
2025-06-06T11:36:46.8636900Z Switched to a new branch 'fix/ci-pipeline'
2025-06-06T11:36:46.8641569Z branch 'fix/ci-pipeline' set up to track 'origin/fix/ci-pipeline'.
2025-06-06T11:36:46.8651547Z ##[endgroup]
2025-06-06T11:36:46.8692595Z [command]/usr/bin/git log -1 --format=%H
2025-06-06T11:36:46.8715962Z 0b951ad994fc18eca371ccc7fcaa899172ad32fc
2025-06-06T11:36:46.8961471Z ##[group]Run actions/setup-node@v4
2025-06-06T11:36:46.8962059Z with:
2025-06-06T11:36:46.8962841Z   node-version: 18
2025-06-06T11:36:46.8963289Z   cache: npm
2025-06-06T11:36:46.8963681Z   always-auth: false
2025-06-06T11:36:46.8964128Z   check-latest: false
2025-06-06T11:36:46.8964712Z   token: ***
2025-06-06T11:36:46.8965093Z env:
2025-06-06T11:36:46.8965451Z   NODE_VERSION: 18
2025-06-06T11:36:46.8966091Z ##[endgroup]
2025-06-06T11:36:47.0768692Z Found in cache @ /opt/hostedtoolcache/node/18.20.8/x64
2025-06-06T11:36:47.0771740Z ##[group]Environment details
2025-06-06T11:36:47.5641466Z node: v18.20.8
2025-06-06T11:36:47.5644224Z npm: 10.8.2
2025-06-06T11:36:47.5648655Z yarn: 1.22.22
2025-06-06T11:36:47.5651367Z ##[endgroup]
2025-06-06T11:36:47.5668892Z [command]/opt/hostedtoolcache/node/18.20.8/x64/bin/npm config get cache
2025-06-06T11:36:47.7069538Z /home/runner/.npm
2025-06-06T11:36:48.0220166Z Cache hit for: node-cache-Linux-x64-npm-2be94d80918732632554aac3646f7ebd6a7b87a8da6fd4ec5f1428c609b1c779
2025-06-06T11:36:49.4315561Z Received 4194304 of 201999962 (2.1%), 4.0 MBs/sec
2025-06-06T11:36:50.4363598Z Received 121634816 of 201999962 (60.2%), 58.0 MBs/sec
2025-06-06T11:36:51.3115998Z Received 201999962 of 201999962 (100.0%), 66.8 MBs/sec
2025-06-06T11:36:51.3117776Z Cache Size: ~193 MB (201999962 B)
2025-06-06T11:36:51.3223731Z [command]/usr/bin/tar -xf /home/runner/work/_temp/fb6b5f0b-90bc-431d-ac0b-bfde1a30320c/cache.tzst -P -C /home/runner/work/LocalLoop-V0.3/LocalLoop-V0.3 --use-compress-program unzstd
2025-06-06T11:36:51.7991925Z Cache restored successfully
2025-06-06T11:36:51.8411620Z Cache restored from key: node-cache-Linux-x64-npm-2be94d80918732632554aac3646f7ebd6a7b87a8da6fd4ec5f1428c609b1c779
2025-06-06T11:36:51.8580110Z ##[group]Run npm ci --legacy-peer-deps
2025-06-06T11:36:51.8580487Z [36;1mnpm ci --legacy-peer-deps[0m
2025-06-06T11:36:51.8763345Z shell: /usr/bin/bash -e {0}
2025-06-06T11:36:51.8763625Z env:
2025-06-06T11:36:51.8763811Z   NODE_VERSION: 18
2025-06-06T11:36:51.8764011Z ##[endgroup]
2025-06-06T11:36:58.1291380Z npm warn deprecated inflight@1.0.6: This module is not supported, and leaks memory. Do not use it. Check out lru-cache if you want a good and tested way to coalesce async requests by a key value, which is much more comprehensive and powerful.
2025-06-06T11:36:58.3997959Z npm warn deprecated abab@2.0.6: Use your platform's native atob() and btoa() methods instead
2025-06-06T11:36:58.5266739Z npm warn deprecated glob@7.2.3: Glob versions prior to v9 are no longer supported
2025-06-06T11:36:58.6217338Z npm warn deprecated domexception@4.0.0: Use your platform's native DOMException instead
2025-06-06T11:37:10.7293653Z 
2025-06-06T11:37:10.7294769Z > 1000x-app@0.1.0 prepare
2025-06-06T11:37:10.7303310Z > husky install
2025-06-06T11:37:10.7303880Z 
2025-06-06T11:37:10.7973809Z husky - install command is DEPRECATED
2025-06-06T11:37:10.8233702Z 
2025-06-06T11:37:10.8236504Z added 811 packages, and audited 812 packages in 19s
2025-06-06T11:37:10.8237187Z 
2025-06-06T11:37:10.8237482Z 183 packages are looking for funding
2025-06-06T11:37:10.8237972Z   run `npm fund` for details
2025-06-06T11:37:10.8250660Z 
2025-06-06T11:37:10.8251137Z found 0 vulnerabilities
2025-06-06T11:37:10.9134213Z ##[group]Run npm run test:ci
2025-06-06T11:37:10.9134527Z [36;1mnpm run test:ci[0m
2025-06-06T11:37:10.9188117Z shell: /usr/bin/bash -e {0}
2025-06-06T11:37:10.9188376Z env:
2025-06-06T11:37:10.9188554Z   NODE_VERSION: 18
2025-06-06T11:37:10.9188740Z ##[endgroup]
2025-06-06T11:37:11.0693461Z 
2025-06-06T11:37:11.0694202Z > 1000x-app@0.1.0 test:ci
2025-06-06T11:37:11.0694801Z > jest --ci --coverage --watchAll=false
2025-06-06T11:37:11.0695117Z 
2025-06-06T11:37:12.1306781Z jest-haste-map: Haste module naming collision: 1000x-app
2025-06-06T11:37:12.1308151Z   The following files share their name; please adjust your hasteImpl:
2025-06-06T11:37:12.1310145Z     * <rootDir>/package.json
2025-06-06T11:37:12.1310857Z     * <rootDir>/copy/package.json
2025-06-06T11:37:12.1311261Z 
2025-06-06T11:37:13.3318333Z PASS lib/utils/__tests__/ticket-utils.test.ts
2025-06-06T11:37:13.3322168Z   Ticket Utils
2025-06-06T11:37:13.3328589Z     formatPrice
2025-06-06T11:37:13.3331876Z       ✓ should format price correctly for paid tickets (15 ms)
2025-06-06T11:37:13.3333023Z       ✓ should display "Free" for zero price
2025-06-06T11:37:13.3333677Z       ✓ should handle different currencies
2025-06-06T11:37:13.3335062Z       ✓ should handle large amounts (1 ms)
2025-06-06T11:37:13.3335701Z       ✓ should handle small amounts (1 ms)
2025-06-06T11:37:13.3336206Z     convertToStripeAmount
2025-06-06T11:37:13.3336876Z       ✓ should convert dollars to cents correctly
2025-06-06T11:37:13.3337539Z       ✓ should handle zero amount
2025-06-06T11:37:13.3338239Z       ✓ should round properly for precision issues
2025-06-06T11:37:13.3338931Z       ✓ should handle large amounts
2025-06-06T11:37:13.3339446Z     convertToDollars
2025-06-06T11:37:13.3340094Z       ✓ should convert cents to dollars correctly (1 ms)
2025-06-06T11:37:13.3340772Z       ✓ should handle zero amount
2025-06-06T11:37:13.3341335Z       ✓ should handle single cents
2025-06-06T11:37:13.3341745Z     calculateStripeFee
2025-06-06T11:37:13.3342576Z       ✓ should calculate Stripe fees correctly (1 ms)
2025-06-06T11:37:13.3344844Z       ✓ should handle zero amount (1 ms)
2025-06-06T11:37:13.3345855Z       ✓ should handle small amounts (1 ms)
2025-06-06T11:37:13.3346726Z       ✓ should handle large amounts (6 ms)
2025-06-06T11:37:13.3347462Z     calculateCustomerTotal
2025-06-06T11:37:13.3348426Z       ✓ should calculate total amount customer pays (1 ms)
2025-06-06T11:37:13.3349538Z       ✓ should handle free tickets
2025-06-06T11:37:13.3350356Z     checkTicketAvailability
2025-06-06T11:37:13.3351470Z       ✓ should return availability for tickets with capacity (1 ms)
2025-06-06T11:37:13.3352932Z       ✓ should handle tickets without capacity limits
2025-06-06T11:37:13.3353921Z       ✓ should detect sold out tickets (1 ms)
2025-06-06T11:37:13.3354871Z       ✓ should handle tickets with sale periods
2025-06-06T11:37:13.3355775Z       ✓ should detect ended sales
2025-06-06T11:37:13.3356431Z     formatAvailabilityStatus
2025-06-06T11:37:13.3357234Z       ✓ should format available status
2025-06-06T11:37:13.3358095Z       ✓ should format unlimited availability
2025-06-06T11:37:13.3359033Z       ✓ should format sold out status
2025-06-06T11:37:13.3359857Z     validateTicketPrice
2025-06-06T11:37:13.3360679Z       ✓ should validate correct prices (1 ms)
2025-06-06T11:37:13.3361547Z       ✓ should reject negative prices
2025-06-06T11:37:13.3362691Z       ✓ should reject prices below minimum for paid tickets
2025-06-06T11:37:13.3388625Z       ✓ should reject prices above maximum (1 ms)
2025-06-06T11:37:13.3389148Z     calculateRefundAmount
2025-06-06T11:37:13.3389848Z       ✓ should calculate customer refund with Stripe fee deduction
2025-06-06T11:37:13.3390646Z       ✓ should calculate full refund for event cancellation
2025-06-06T11:37:13.3391313Z       ✓ should handle small amounts (1 ms)
2025-06-06T11:37:13.3391781Z     getTicketTypeDisplayName
2025-06-06T11:37:13.3392584Z       ✓ should return the ticket type name with price
2025-06-06T11:37:13.3393728Z       ✓ should handle empty or undefined names (1 ms)
2025-06-06T11:37:13.3394251Z     sortTicketTypes
2025-06-06T11:37:13.3394809Z       ✓ should sort ticket types by price ascending
2025-06-06T11:37:13.3395331Z     getActiveTicketTypes
2025-06-06T11:37:13.3395918Z       ✓ should filter only active ticket types (1 ms)
2025-06-06T11:37:13.3396551Z       ✓ should maintain order of active tickets
2025-06-06T11:37:13.3479729Z     calculateTotalRevenue
2025-06-06T11:37:13.3480539Z       ✓ should calculate total revenue from sold tickets
2025-06-06T11:37:13.3481269Z       ✓ should handle tickets with no sales
2025-06-06T11:37:13.3481756Z     formatSaleDate
2025-06-06T11:37:13.3482310Z       ✓ should format date strings (4 ms)
2025-06-06T11:37:13.3483616Z       ✓ should handle different date formats (1 ms)
2025-06-06T11:37:13.3484160Z     hasCapacityLimit
2025-06-06T11:37:13.3484784Z       ✓ should return true for tickets with capacity
2025-06-06T11:37:13.3485510Z       ✓ should return false for unlimited tickets
2025-06-06T11:37:13.3486061Z     getMinimumTicketPrice
2025-06-06T11:37:13.3486712Z       ✓ should return minimum price from ticket types
2025-06-06T11:37:13.3487354Z       ✓ should return null for empty array
2025-06-06T11:37:13.3488593Z       ✓ should exclude inactive tickets from price calculation
2025-06-06T11:37:13.3489195Z     getMaximumTicketPrice
2025-06-06T11:37:13.3489975Z       ✓ should return maximum price from ticket types
2025-06-06T11:37:13.3490667Z       ✓ should return null for empty array (1 ms)
2025-06-06T11:37:13.3491149Z     formatPriceRange
2025-06-06T11:37:13.3491740Z       ✓ should format price range for mixed ticket types
2025-06-06T11:37:13.3492708Z       ✓ should handle single price point
2025-06-06T11:37:13.3493378Z       ✓ should handle all free tickets
2025-06-06T11:37:13.3493980Z       ✓ should handle empty array
2025-06-06T11:37:13.3494270Z 
2025-06-06T11:37:13.7268477Z PASS lib/utils/__tests__/eventFilters.test.ts
2025-06-06T11:37:13.7273069Z   Event Filters
2025-06-06T11:37:13.7277128Z     applyFilters
2025-06-06T11:37:13.7281605Z       ✓ should return all events with empty filters (2 ms)
2025-06-06T11:37:13.7286206Z       ✓ should filter by categories (1 ms)
2025-06-06T11:37:13.7290309Z       ✓ should filter by price type (free)
2025-06-06T11:37:13.7295094Z       ✓ should filter by price type (paid) (1 ms)
2025-06-06T11:37:13.7299858Z       ✓ should filter by search query
2025-06-06T11:37:13.7304370Z       ✓ should sort by date ascending (1 ms)
2025-06-06T11:37:13.7308402Z       ✓ should sort by date descending
2025-06-06T11:37:13.7310355Z       ✓ should sort by title ascending (1 ms)
2025-06-06T11:37:13.7315347Z       ✓ should combine multiple filters
2025-06-06T11:37:13.7316114Z     getEventCategories
2025-06-06T11:37:13.7320681Z       ✓ should return unique categories with counts (1 ms)
2025-06-06T11:37:13.7321715Z       ✓ should handle empty events array (1 ms)
2025-06-06T11:37:13.7322890Z       ✓ should sort categories alphabetically
2025-06-06T11:37:13.7323704Z     getEventPriceCounts
2025-06-06T11:37:13.7324498Z       ✓ should count free and paid events (1 ms)
2025-06-06T11:37:13.7325390Z       ✓ should handle empty events array (1 ms)
2025-06-06T11:37:13.7326240Z       ✓ should handle all free events (1 ms)
2025-06-06T11:37:13.7326915Z     hasActiveFilters
2025-06-06T11:37:13.7327646Z       ✓ should return false for empty filters
2025-06-06T11:37:13.7328601Z       ✓ should return true when categories are selected (1 ms)
2025-06-06T11:37:13.7329617Z       ✓ should return true when price type is filtered (1 ms)
2025-06-06T11:37:13.7330574Z       ✓ should return true when search query is present
2025-06-06T11:37:13.7331274Z     getFilterSummary
2025-06-06T11:37:13.7332011Z       ✓ should generate filter summary
2025-06-06T11:37:13.7333090Z       ✓ should handle no filters applied (1 ms)
2025-06-06T11:37:13.7333788Z     filtersToQueryParams
2025-06-06T11:37:13.7334811Z       ✓ should convert filters to query params (1 ms)
2025-06-06T11:37:13.7335692Z       ✓ should skip empty values
2025-06-06T11:37:13.7337630Z     queryParamsToFilters
2025-06-06T11:37:13.7338489Z       ✓ should convert query params to filters (1 ms)
2025-06-06T11:37:13.7339338Z       ✓ should handle empty params (1 ms)
2025-06-06T11:37:13.7339868Z 
2025-06-06T11:37:14.1702863Z   console.log
2025-06-06T11:37:14.1703765Z     🧪 Component integration test framework working correctly
2025-06-06T11:37:14.1704175Z 
2025-06-06T11:37:14.1704583Z       at Object.log (tests/integration/component-interactions.test.ts:254:21)
2025-06-06T11:37:14.1705082Z 
2025-06-06T11:37:14.1773904Z PASS tests/integration/component-interactions.test.ts
2025-06-06T11:37:14.1774759Z   Component Interactions Integration
2025-06-06T11:37:14.1775948Z     Event Filters and Event List Integration
2025-06-06T11:37:14.1777285Z       ✓ should filter events when filter options are selected (2 ms)
2025-06-06T11:37:14.1784884Z     Authentication Flow Integration
2025-06-06T11:37:14.1786018Z       ✓ should handle authentication state changes across components (1 ms)
2025-06-06T11:37:14.1787064Z     Form Submission and Data Persistence Integration
2025-06-06T11:37:14.1789426Z       ✓ should handle form submission with validation and API calls (3 ms)
2025-06-06T11:37:14.1790799Z     Error Handling and User Feedback Integration
2025-06-06T11:37:14.1793119Z       ✓ should display appropriate error messages when API calls fail
2025-06-06T11:37:14.1794317Z     State Management Integration
2025-06-06T11:37:14.1795366Z       ✓ should maintain consistent state across component updates (1 ms)
2025-06-06T11:37:14.1797443Z     Real-time Updates Integration
2025-06-06T11:37:14.1798208Z       ✓ should handle real-time data updates correctly (1 ms)
2025-06-06T11:37:14.1798865Z     Performance and Loading States Integration
2025-06-06T11:37:14.1799791Z       ✓ should handle loading states appropriately during data fetching (101 ms)
2025-06-06T11:37:14.1800520Z     Integration Test Framework Verification
2025-06-06T11:37:14.1801350Z       ✓ should verify component integration test setup is working (20 ms)
2025-06-06T11:37:14.1801827Z 
2025-06-06T11:37:14.3263378Z   console.log
2025-06-06T11:37:14.3264794Z     🧪 Database validation integration tests working correctly
2025-06-06T11:37:14.3265593Z 
2025-06-06T11:37:14.3266226Z       at Object.log (tests/integration/database-validation.test.ts:219:21)
2025-06-06T11:37:14.3267388Z PASS tests/integration/database-validation.test.ts
2025-06-06T11:37:14.3268329Z   Database Validation Integration
2025-06-06T11:37:14.3268937Z 
2025-06-06T11:37:14.3273134Z     Data Structure Validation
2025-06-06T11:37:14.3273946Z       ✓ should validate event data structure (2 ms)
2025-06-06T11:37:14.3274842Z       ✓ should validate RSVP data structure (1 ms)
2025-06-06T11:37:14.3275909Z       ✓ should validate ticket type data structure (1 ms)
2025-06-06T11:37:14.3277420Z     API Response Format Validation
2025-06-06T11:37:14.3278527Z       ✓ should validate events API response format (2 ms)
2025-06-06T11:37:14.3279596Z       ✓ should validate error response format (1 ms)
2025-06-06T11:37:14.3280419Z     Business Logic Validation
2025-06-06T11:37:14.3281232Z       ✓ should validate event capacity logic (1 ms)
2025-06-06T11:37:14.3283229Z       ✓ should validate ticket pricing logic (1 ms)
2025-06-06T11:37:14.3284093Z       ✓ should validate date logic for events
2025-06-06T11:37:14.3284688Z     Data Transformation Logic
2025-06-06T11:37:14.3285500Z       ✓ should transform event data for API responses (2 ms)
2025-06-06T11:37:14.3286964Z       ✓ should handle pagination logic correctly (1 ms)
2025-06-06T11:37:14.3295152Z     Integration Test Framework Verification
2025-06-06T11:37:14.3296260Z       ✓ should verify database integration test setup is working (12 ms)
2025-06-06T11:37:14.3296874Z 
2025-06-06T11:37:14.4645068Z   console.log
2025-06-06T11:37:14.4647367Z     🧪 API integration test framework working correctly
2025-06-06T11:37:14.4648914Z 
2025-06-06T11:37:14.4650353Z       at Object.log (tests/integration/api-routes.test.ts:198:21)
2025-06-06T11:37:14.4652604Z 
2025-06-06T11:37:14.4668314Z PASS tests/integration/api-routes.test.ts
2025-06-06T11:37:14.4670078Z   API Routes Integration
2025-06-06T11:37:14.4671679Z     API Route Structure Validation
2025-06-06T11:37:14.4673563Z       ✓ should validate API endpoint configurations (3 ms)
2025-06-06T11:37:14.4675381Z       ✓ should validate HTTP method patterns (3 ms)
2025-06-06T11:37:14.4675932Z     Request/Response Format Validation
2025-06-06T11:37:14.4676618Z       ✓ should validate event creation request format (1 ms)
2025-06-06T11:37:14.4677385Z       ✓ should validate RSVP creation request format (8 ms)
2025-06-06T11:37:14.4678144Z       ✓ should validate performance analytics data format
2025-06-06T11:37:14.4678655Z     Error Handling Patterns
2025-06-06T11:37:14.4679262Z       ✓ should validate error response structure (1 ms)
2025-06-06T11:37:14.4679944Z       ✓ should validate success response structure
2025-06-06T11:37:14.4680450Z     Authentication Integration Patterns
2025-06-06T11:37:14.4681163Z       ✓ should validate authentication header patterns (1 ms)
2025-06-06T11:37:14.4681891Z       ✓ should validate user session data structure
2025-06-06T11:37:14.4682620Z     Integration Test Framework Verification
2025-06-06T11:37:14.4683684Z       ✓ should verify API integration test setup is working (3 ms)
2025-06-06T11:37:14.4684410Z       ✓ should validate test data consistency (1 ms)
2025-06-06T11:37:14.4684745Z 
2025-06-06T11:37:15.0517150Z PASS components/ui/__tests__/button.test.tsx
2025-06-06T11:37:15.0519036Z   Button Component
2025-06-06T11:37:15.0520526Z     ✓ should render with default props (67 ms)
2025-06-06T11:37:15.0522163Z     ✓ should render different variants correctly (31 ms)
2025-06-06T11:37:15.0523112Z     ✓ should render different sizes correctly (26 ms)
2025-06-06T11:37:15.0523741Z     ✓ should handle click events (25 ms)
2025-06-06T11:37:15.0524402Z     ✓ should be disabled when disabled prop is true (6 ms)
2025-06-06T11:37:15.0525299Z     ✓ should render as different HTML elements when asChild is used (5 ms)
2025-06-06T11:37:15.0526044Z     ✓ should forward refs correctly (3 ms)
2025-06-06T11:37:15.0526631Z     ✓ should accept custom className (7 ms)
2025-06-06T11:37:15.0527262Z     ✓ should handle keyboard navigation (20 ms)
2025-06-06T11:37:15.0527955Z     ✓ should have proper accessibility attributes (6 ms)
2025-06-06T11:37:15.0528661Z     ✓ should render loading state correctly (5 ms)
2025-06-06T11:37:15.0529327Z     ✓ should handle focus and blur events (30 ms)
2025-06-06T11:37:15.0530020Z     ✓ should prevent default behavior when needed (14 ms)
2025-06-06T11:37:15.0530657Z     ✓ should render with icons (3 ms)
2025-06-06T11:37:15.0531263Z     ✓ should handle rapid clicks gracefully (32 ms)
2025-06-06T11:37:15.0531599Z 
2025-06-06T11:37:15.3680903Z PASS app/api/events/__tests__/route.test.ts
2025-06-06T11:37:15.3681447Z   /api/events
2025-06-06T11:37:15.3683780Z     ✓ should return 401 when user is not authenticated (7 ms)
2025-06-06T11:37:15.3685700Z     ✓ should return events when user is authenticated (2 ms)
2025-06-06T11:37:15.3686106Z 
2025-06-06T11:37:22.0519739Z ----------------------------------|---------|----------|---------|---------|---------------------------------------------------
2025-06-06T11:37:22.0524439Z File                              | % Stmts | % Branch | % Funcs | % Lines | Uncovered Line #s                                 
2025-06-06T11:37:22.0526232Z ----------------------------------|---------|----------|---------|---------|---------------------------------------------------
2025-06-06T11:37:22.0537977Z All files                         |    4.44 |     2.95 |    5.06 |    4.21 |                                                   
2025-06-06T11:37:22.0539234Z  app                              |       0 |        0 |       0 |       0 |                                                   
2025-06-06T11:37:22.0540408Z   robots.ts                       |       0 |        0 |       0 |       0 | 3-6                                               
2025-06-06T11:37:22.0541971Z   sitemap.ts                      |       0 |        0 |       0 |       0 | 3-25                                              
2025-06-06T11:37:22.0544395Z  app/about                        |       0 |      100 |       0 |       0 |                                                   
2025-06-06T11:37:22.0546807Z   page.tsx                        |       0 |      100 |       0 |       0 | 1-4                                               
2025-06-06T11:37:22.0547958Z  app/api/analytics/performance    |       0 |        0 |       0 |       0 |                                                   
2025-06-06T11:37:22.0549049Z   route.ts                        |       0 |        0 |       0 |       0 | 1-231                                             
2025-06-06T11:37:22.0550351Z  app/api/auth/google/callback     |       0 |        0 |       0 |       0 |                                                   
2025-06-06T11:37:22.0551545Z   route.ts                        |       0 |        0 |       0 |       0 | 1-269                                             
2025-06-06T11:37:22.0552857Z  app/api/auth/google/connect      |       0 |        0 |       0 |       0 |                                                   
2025-06-06T11:37:22.0554250Z   route.ts                        |       0 |        0 |       0 |       0 | 1-118                                             
2025-06-06T11:37:22.0559409Z  app/api/auth/google/disconnect   |       0 |        0 |       0 |       0 |                                                   
2025-06-06T11:37:22.0562988Z   route.ts                        |       0 |        0 |       0 |       0 | 1-106                                             
2025-06-06T11:37:22.0567360Z  app/api/auth/google/status       |       0 |        0 |       0 |       0 |                                                   
2025-06-06T11:37:22.0568283Z   route.ts                        |       0 |        0 |       0 |       0 | 1-185                                             
2025-06-06T11:37:22.0569152Z  app/api/auth/welcome             |       0 |        0 |       0 |       0 |                                                   
2025-06-06T11:37:22.0570011Z   route.ts                        |       0 |        0 |       0 |       0 | 1-127                                             
2025-06-06T11:37:22.0570933Z  app/api/calendar/add-to-calendar |       0 |        0 |       0 |       0 |                                                   
2025-06-06T11:37:22.0571846Z   route.ts                        |       0 |        0 |       0 |       0 | 1-218                                             
2025-06-06T11:37:22.0572932Z  app/api/calendar/create-event    |       0 |        0 |       0 |       0 |                                                   
2025-06-06T11:37:22.0573828Z   route.ts                        |       0 |        0 |       0 |       0 | 1-94                                              
2025-06-06T11:37:22.0574654Z  app/api/checkout                 |       0 |        0 |       0 |       0 |                                                   
2025-06-06T11:37:22.0575463Z   route.ts                        |       0 |        0 |       0 |       0 | 1-289                                             
2025-06-06T11:37:22.0576283Z  app/api/events                   |   37.71 |    18.51 |   66.66 |   39.44 |                                                   
2025-06-06T11:37:22.0577157Z   route.ts                        |   37.71 |    18.51 |   66.66 |   39.44 | 7-163,209,213,217,221,231-245,271,290-300,321-322 
2025-06-06T11:37:22.0578019Z  app/api/events/[id]              |       0 |        0 |       0 |       0 |                                                   
2025-06-06T11:37:22.0578837Z   route.ts                        |       0 |        0 |       0 |       0 | 1-327                                             
2025-06-06T11:37:22.0579719Z  app/api/events/cancellation      |       0 |        0 |       0 |       0 |                                                   
2025-06-06T11:37:22.0580856Z   route.ts                        |       0 |        0 |       0 |       0 | 1-293                                             
2025-06-06T11:37:22.0581781Z  app/api/events/reminders         |       0 |        0 |       0 |       0 |                                                   
2025-06-06T11:37:22.0582838Z   route.ts                        |       0 |        0 |       0 |       0 | 1-322                                             
2025-06-06T11:37:22.0583647Z  app/api/orders                   |       0 |        0 |       0 |       0 |                                                   
2025-06-06T11:37:22.0584425Z   route.ts                        |       0 |        0 |       0 |       0 | 1-269                                             
2025-06-06T11:37:22.0585215Z  app/api/refunds                  |       0 |        0 |       0 |       0 |                                                   
2025-06-06T11:37:22.0586021Z   route.ts                        |       0 |        0 |       0 |       0 | 1-309                                             
2025-06-06T11:37:22.0586798Z  app/api/rsvps                    |       0 |        0 |       0 |       0 |                                                   
2025-06-06T11:37:22.0587790Z   route.ts                        |       0 |        0 |       0 |       0 | 1-334                                             
2025-06-06T11:37:22.0588585Z  app/api/rsvps/[id]               |       0 |        0 |       0 |       0 |                                                   
2025-06-06T11:37:22.0589371Z   route.ts                        |       0 |        0 |       0 |       0 | 1-315                                             
2025-06-06T11:37:22.0590221Z  app/api/staff/analytics          |       0 |        0 |       0 |       0 |                                                   
2025-06-06T11:37:22.0591109Z   route.ts                        |       0 |        0 |       0 |       0 | 1-207                                             
2025-06-06T11:37:22.0591973Z  app/api/staff/attendees          |       0 |        0 |       0 |       0 |                                                   
2025-06-06T11:37:22.0593031Z   route.ts                        |       0 |        0 |       0 |       0 | 1-272                                             
2025-06-06T11:37:22.0593929Z  app/api/staff/dashboard          |       0 |        0 |       0 |       0 |                                                   
2025-06-06T11:37:22.0594802Z   route.ts                        |       0 |        0 |       0 |       0 | 1-168                                             
2025-06-06T11:37:22.0595643Z  app/api/staff/export             |       0 |        0 |       0 |       0 |                                                   
2025-06-06T11:37:22.0596480Z   route.ts                        |       0 |        0 |       0 |       0 | 1-501                                             
2025-06-06T11:37:22.0597272Z  app/api/test-env                 |       0 |        0 |       0 |       0 |                                                   
2025-06-06T11:37:22.0598068Z   route.ts                        |       0 |        0 |       0 |       0 | 1-4                                               
2025-06-06T11:37:22.0598933Z  app/api/test-upgrade-role        |       0 |        0 |       0 |       0 |                                                   
2025-06-06T11:37:22.0599787Z   route.ts                        |       0 |        0 |       0 |       0 | 1-40                                              
2025-06-06T11:37:22.0600597Z  app/api/ticket-types             |       0 |        0 |       0 |       0 |                                                   
2025-06-06T11:37:22.0601419Z   route.ts                        |       0 |        0 |       0 |       0 | 1-373                                             
2025-06-06T11:37:22.0602247Z  app/api/ticket-types/[id]        |       0 |        0 |       0 |       0 |                                                   
2025-06-06T11:37:22.0603478Z   route.ts                        |       0 |        0 |       0 |       0 | 1-358                                             
2025-06-06T11:37:22.0604397Z  app/api/update-customer-info     |       0 |        0 |       0 |       0 |                                                   
2025-06-06T11:37:22.0605275Z   route.ts                        |       0 |        0 |       0 |       0 | 1-61                                              
2025-06-06T11:37:22.0606141Z  app/api/webhooks/stripe          |       0 |        0 |       0 |       0 |                                                   
2025-06-06T11:37:22.0606999Z   route.ts                        |       0 |        0 |       0 |       0 | 1-665                                             
2025-06-06T11:37:22.0607819Z  app/auth/callback                |       0 |        0 |       0 |       0 |                                                   
2025-06-06T11:37:22.0608650Z   page.tsx                        |       0 |        0 |       0 |       0 | 3-37                                              
2025-06-06T11:37:22.0609522Z  app/auth/google/callback         |       0 |        0 |       0 |       0 |                                                   
2025-06-06T11:37:22.0621148Z   page.tsx                        |       0 |        0 |       0 |       0 | 3-193                                             
2025-06-06T11:37:22.0622757Z  app/auth/login                   |       0 |        0 |       0 |       0 |                                                   
2025-06-06T11:37:22.0624053Z   page.tsx                        |       0 |        0 |       0 |       0 | 3-112                                             
2025-06-06T11:37:22.0625538Z  app/auth/reset-password          |       0 |        0 |       0 |       0 |                                                   
2025-06-06T11:37:22.0626863Z   page.tsx                        |       0 |        0 |       0 |       0 | 3-56                                              
2025-06-06T11:37:22.0627828Z  app/auth/signup                  |       0 |        0 |       0 |       0 |                                                   
2025-06-06T11:37:22.0628860Z   page.tsx                        |       0 |        0 |       0 |       0 | 3-103                                             
2025-06-06T11:37:22.0629993Z  app/auth/update-password         |       0 |        0 |       0 |       0 |                                                   
2025-06-06T11:37:22.0631241Z   page.tsx                        |       0 |      100 |       0 |       0 | 3-6                                               
2025-06-06T11:37:22.0632249Z   update-password-form.tsx        |       0 |        0 |       0 |       0 | 3-103                                             
2025-06-06T11:37:22.0634758Z  app/contact                      |       0 |      100 |       0 |       0 |                                                   
2025-06-06T11:37:22.0635612Z   page.tsx                        |       0 |      100 |       0 |       0 | 1-4                                               
2025-06-06T11:37:22.0636493Z  app/create-event                 |       0 |      100 |       0 |       0 |                                                   
2025-06-06T11:37:22.0637385Z   page.tsx                        |       0 |      100 |       0 |       0 | 1-4                                               
2025-06-06T11:37:22.0638183Z  app/demo                         |       0 |      100 |       0 |       0 |                                                   
2025-06-06T11:37:22.0638979Z   page.tsx                        |       0 |      100 |       0 |       0 | 3-249                                             
2025-06-06T11:37:22.0639747Z  app/demo/lists                   |       0 |        0 |       0 |       0 |                                                   
2025-06-06T11:37:22.0640567Z   page.tsx                        |       0 |        0 |       0 |       0 | 3-254                                             
2025-06-06T11:37:22.0641563Z  app/events/[id]                  |       0 |        0 |       0 |       0 |                                                   
2025-06-06T11:37:22.0642599Z   page.tsx                        |       0 |        0 |       0 |       0 | 1-127                                             
2025-06-06T11:37:22.0643389Z  app/my-events                    |       0 |        0 |       0 |       0 |                                                   
2025-06-06T11:37:22.0644198Z   page.tsx                        |       0 |        0 |       0 |       0 | 2-18                                              
2025-06-06T11:37:22.0644992Z  app/privacy                      |       0 |      100 |       0 |       0 |                                                   
2025-06-06T11:37:22.0645804Z   page.tsx                        |       0 |      100 |       0 |       0 | 1-4                                               
2025-06-06T11:37:22.0646601Z  app/staff                        |       0 |        0 |       0 |       0 |                                                   
2025-06-06T11:37:22.0647391Z   page.tsx                        |       0 |        0 |       0 |       0 | 1-36                                              
2025-06-06T11:37:22.0648546Z  app/staff/dashboard              |       0 |      100 |       0 |       0 |                                                   
2025-06-06T11:37:22.0649433Z   page.tsx                        |       0 |      100 |       0 |       0 | 1-5                                               
2025-06-06T11:37:22.0650291Z  app/staff/events/[id]/edit       |       0 |        0 |       0 |       0 |                                                   
2025-06-06T11:37:22.0651246Z   StaffEventEditClient.tsx        |       0 |      100 |       0 |       0 | 3-19                                              
2025-06-06T11:37:22.0652188Z   page.tsx                        |       0 |        0 |       0 |       0 | 1-45                                              
2025-06-06T11:37:22.0653331Z  app/staff/events/create          |       0 |        0 |       0 |       0 |                                                   
2025-06-06T11:37:22.0654334Z   StaffEventCreateClient.tsx      |       0 |      100 |       0 |       0 | 3-15                                              
2025-06-06T11:37:22.0655290Z   page.tsx                        |       0 |        0 |       0 |       0 | 1-24                                              
2025-06-06T11:37:22.0656123Z  app/terms                        |       0 |      100 |       0 |       0 |                                                   
2025-06-06T11:37:22.0656951Z   page.tsx                        |       0 |      100 |       0 |       0 | 1-4                                               
2025-06-06T11:37:22.0657754Z  app/test-auth                    |       0 |        0 |       0 |       0 |                                                   
2025-06-06T11:37:22.0658577Z   page.tsx                        |       0 |        0 |       0 |       0 | 1-23                                              
2025-06-06T11:37:22.0659393Z  components                       |       0 |        0 |       0 |       0 |                                                   
2025-06-06T11:37:22.0660280Z   GoogleCalendarConnect.tsx       |       0 |        0 |       0 |       0 | 3-420                                             
2025-06-06T11:37:22.0661237Z  components/analytics             |       0 |        0 |       0 |       0 |                                                   
2025-06-06T11:37:22.0662229Z   PerformanceMonitor.tsx          |       0 |        0 |       0 |       0 | 3-50                                              
2025-06-06T11:37:22.0663414Z  components/auth                  |       0 |        0 |       0 |       0 |                                                   
2025-06-06T11:37:22.0664387Z   ProfileDropdown.tsx             |       0 |        0 |       0 |       0 | 3-52                                              
2025-06-06T11:37:22.0665640Z   ProtectedRoute.tsx              |       0 |        0 |       0 |       0 | 3-148                                             
2025-06-06T11:37:22.0666641Z  components/checkout              |       0 |        0 |       0 |       0 |                                                   
2025-06-06T11:37:22.0667584Z   CheckoutForm.tsx                |       0 |        0 |       0 |       0 | 3-528                                             
2025-06-06T11:37:22.0668621Z   GoogleCalendarAddButton.tsx     |       0 |        0 |       0 |       0 | 3-14                                              
2025-06-06T11:37:22.0669675Z  components/dashboard             |       0 |        0 |       0 |       0 |                                                   
2025-06-06T11:37:22.0670659Z   Analytics.tsx                   |       0 |        0 |       0 |       0 | 3-423                                             
2025-06-06T11:37:22.0671605Z   AttendeeManagement.tsx          |       0 |        0 |       0 |       0 | 3-613                                             
2025-06-06T11:37:22.0672872Z   PerformanceDashboard.tsx        |       0 |        0 |       0 |       0 | 3-237                                             
2025-06-06T11:37:22.0673873Z   RefundDialog.tsx                |       0 |        0 |       0 |       0 | 3-303                                             
2025-06-06T11:37:22.0675072Z   StaffDashboard.tsx              |       0 |        0 |       0 |       0 | 3-438                                             
2025-06-06T11:37:22.0676025Z   UserDashboard.tsx               |       0 |        0 |       0 |       0 | 3-693                                             
2025-06-06T11:37:22.0676955Z  components/events                |       0 |        0 |       0 |       0 |                                                   
2025-06-06T11:37:22.0677871Z   EventCard.tsx                   |       0 |        0 |       0 |       0 | 3-527                                             
2025-06-06T11:37:22.0678811Z   EventDetailClient.tsx           |       0 |        0 |       0 |       0 | 3-283                                             
2025-06-06T11:37:22.0679729Z   EventForm.tsx                   |       0 |        0 |       0 |       0 | 3-825                                             
2025-06-06T11:37:22.0680673Z   EventImageGallery.tsx           |       0 |        0 |       0 |       0 | 3-276                                             
2025-06-06T11:37:22.0681619Z   EventList.tsx                   |       0 |        0 |       0 |       0 | 3-407                                             
2025-06-06T11:37:22.0682732Z   EventMapWrapper.tsx             |       0 |        0 |       0 |       0 | 3-13                                              
2025-06-06T11:37:22.0683637Z   RSVPTicketSection.tsx           |       0 |        0 |       0 |       0 | 3-464                                             
2025-06-06T11:37:22.0684627Z   TicketSelection.tsx             |       0 |        0 |       0 |       0 | 3-294                                             
2025-06-06T11:37:22.0685645Z   TicketTypeManager.tsx           |       0 |        0 |       0 |       0 | 3-500                                             
2025-06-06T11:37:22.0686584Z   index.ts                        |       0 |      100 |     100 |       0 | 5-44                                              
2025-06-06T11:37:22.0687447Z  components/filters               |       0 |        0 |       0 |       0 |                                                   
2025-06-06T11:37:22.0688384Z   ActiveFilters.tsx               |       0 |        0 |       0 |       0 | 3-62                                              
2025-06-06T11:37:22.0689341Z   CategoryFilter.tsx              |       0 |        0 |       0 |       0 | 3-104                                             
2025-06-06T11:37:22.0690247Z   DateFilter.tsx                  |       0 |        0 |       0 |       0 | 3-167                                             
2025-06-06T11:37:22.0691538Z   EventFilters.tsx                |       0 |        0 |       0 |       0 | 3-206                                             
2025-06-06T11:37:22.0692666Z   PriceFilter.tsx                 |       0 |        0 |       0 |       0 | 3-90                                              
2025-06-06T11:37:22.0693589Z   SortControl.tsx                 |       0 |        0 |       0 |       0 | 3-71                                              
2025-06-06T11:37:22.0694532Z  components/homepage              |       0 |        0 |       0 |       0 |                                                   
2025-06-06T11:37:22.0695472Z   HomePageClient.tsx              |       0 |        0 |       0 |       0 | 3-294                                             
2025-06-06T11:37:22.0696379Z  components/ui                    |    4.59 |       16 |    5.26 |    5.26 |                                                   
2025-06-06T11:37:22.0697220Z   Card.tsx                        |       0 |        0 |       0 |       0 | 3-161                                             
2025-06-06T11:37:22.0698080Z   LoadingSpinner.tsx              |       0 |        0 |       0 |       0 | 1-20                                              
2025-06-06T11:37:22.0698927Z   alert.tsx                       |       0 |        0 |       0 |       0 | 1-44                                              
2025-06-06T11:37:22.0699911Z   badge.tsx                       |       0 |        0 |       0 |       0 | 1-33                                              
2025-06-06T11:37:22.0700733Z   button.tsx                      |     100 |      100 |     100 |     100 |                                                   
2025-06-06T11:37:22.0701596Z   checkbox.tsx                    |       0 |      100 |     100 |       0 | 3-30                                              
2025-06-06T11:37:22.0702600Z   dialog.tsx                      |       0 |        0 |       0 |       0 | 1-87                                              
2025-06-06T11:37:22.0703419Z   index.ts                        |       0 |      100 |     100 |       0 | 3-49                                              
2025-06-06T11:37:22.0704213Z   input.tsx                       |       0 |      100 |       0 |       0 | 1-26                                              
2025-06-06T11:37:22.0705010Z   label.tsx                       |       0 |      100 |     100 |       0 | 3-26                                              
2025-06-06T11:37:22.0705811Z   select.tsx                      |       0 |        0 |     100 |       0 | 3-159                                             
2025-06-06T11:37:22.0706630Z   switch.tsx                      |       0 |      100 |     100 |       0 | 3-29                                              
2025-06-06T11:37:22.0707500Z   table.tsx                       |       0 |      100 |     100 |       0 | 1-116                                             
2025-06-06T11:37:22.0708220Z   tabs.tsx                        |       0 |      100 |     100 |       0 | 3-55                                              
2025-06-06T11:37:22.0708877Z   textarea.tsx                    |       0 |      100 |       0 |       0 | 1-25                                              
2025-06-06T11:37:22.0709483Z  lib                              |    0.59 |        0 |     0.8 |    0.62 |                                                   
2025-06-06T11:37:22.0710166Z   auth-context.tsx                |       0 |        0 |       0 |       0 | 3-143                                             
2025-06-06T11:37:22.0710970Z   auth.ts                         |       0 |        0 |       0 |       0 | 1-280                                             
2025-06-06T11:37:22.0711744Z   config.ts                       |       0 |        0 |       0 |       0 | 2-25                                              
2025-06-06T11:37:22.0712808Z   csv-export.ts                   |       0 |        0 |       0 |       0 | 66-278                                            
2025-06-06T11:37:22.0713863Z   email-service.ts                |       0 |        0 |       0 |       0 | 1-817                                             
2025-06-06T11:37:22.0714759Z   google-auth.ts                  |       0 |        0 |       0 |       0 | 1-569                                             
2025-06-06T11:37:22.0715643Z   google-calendar.ts              |       0 |        0 |       0 |       0 | 1-336                                             
2025-06-06T11:37:22.0716558Z   stripe-client.ts                |       0 |        0 |       0 |       0 | 1-155                                             
2025-06-06T11:37:22.0717424Z   stripe.ts                       |       0 |        0 |       0 |       0 | 1-123                                             
2025-06-06T11:37:22.0718309Z   supabase-server.ts              |       0 |        0 |       0 |       0 | 1-28                                              
2025-06-06T11:37:22.0719190Z   supabase.ts                     |       0 |        0 |       0 |       0 | 1-12                                              
2025-06-06T11:37:22.0719988Z   utils.ts                        |   23.52 |        0 |   16.66 |      25 | 20-77                                             
2025-06-06T11:37:22.0720825Z  lib/emails                       |       0 |        0 |       0 |       0 |                                                   
2025-06-06T11:37:22.0721926Z   event-cancellation.tsx          |       0 |        0 |       0 |       0 | 14-498                                            
2025-06-06T11:37:22.0723073Z   event-reminder.tsx              |       0 |        0 |       0 |       0 | 14-473                                            
2025-06-06T11:37:22.0724012Z   rsvp-cancellation.tsx           |       0 |        0 |       0 |       0 | 14-329                                            
2025-06-06T11:37:22.0724999Z   rsvp-confirmation.tsx           |       0 |        0 |       0 |       0 | 14-350                                            
2025-06-06T11:37:22.0726040Z   send-ticket-confirmation.ts     |       0 |        0 |       0 |       0 | 1-116                                             
2025-06-06T11:37:22.0727034Z   welcome-email.tsx               |       0 |        0 |       0 |       0 | 14-311                                            
2025-06-06T11:37:22.0727982Z  lib/emails/templates             |       0 |        0 |       0 |       0 |                                                   
2025-06-06T11:37:22.0729013Z   RefundConfirmationEmail.tsx     |       0 |        0 |       0 |       0 | 13-491                                            
2025-06-06T11:37:22.0730132Z   TicketConfirmationEmail.tsx     |       0 |        0 |       0 |       0 | 13-380                                            
2025-06-06T11:37:22.0731063Z  lib/hooks                        |       0 |        0 |       0 |       0 |                                                   
2025-06-06T11:37:22.0731878Z   useAuth.ts                      |       0 |        0 |       0 |       0 | 4-139                                             
2025-06-06T11:37:22.0732966Z   useInfiniteScroll.ts            |       0 |        0 |       0 |       0 | 3-61                                              
2025-06-06T11:37:22.0733895Z   usePagination.ts                |       0 |        0 |       0 |       0 | 3-91                                              
2025-06-06T11:37:22.0734806Z  lib/middleware                   |       0 |        0 |       0 |       0 |                                                   
2025-06-06T11:37:22.0735693Z   performance.ts                  |       0 |        0 |       0 |       0 | 1-203                                             
2025-06-06T11:37:22.0736559Z  lib/types                        |       0 |      100 |       0 |       0 |                                                   
2025-06-06T11:37:22.0737389Z   filters.ts                      |       0 |      100 |       0 |       0 | 46-151                                            
2025-06-06T11:37:22.0738431Z   index.ts                        |       0 |      100 |     100 |       0 | 10-13                                             
2025-06-06T11:37:22.0739291Z  lib/utils                        |   45.83 |    45.29 |   38.01 |   44.93 |                                                   
2025-06-06T11:37:22.0740152Z   cache.ts                        |       0 |        0 |       0 |       0 | 11-182                                            
2025-06-06T11:37:22.0741034Z   eventFilters.ts                 |   69.92 |    61.33 |   62.16 |   69.84 | 16-27,43-45,103-115,185-245,273,277,294-295,327   
2025-06-06T11:37:22.0741962Z   optimization.ts                 |       0 |        0 |       0 |       0 | 1-135                                             
2025-06-06T11:37:22.0753362Z   performance.ts                  |       0 |        0 |       0 |       0 | 17-279                                            
2025-06-06T11:37:22.0754314Z   ticket-utils.ts                 |    92.8 |     77.5 |     100 |   93.06 | 136,140,225,242-243,248-249                       
2025-06-06T11:37:22.0755429Z ----------------------------------|---------|----------|---------|---------|---------------------------------------------------
2025-06-06T11:37:22.0755943Z 
2025-06-06T11:37:22.0756319Z =============================== Coverage summary ===============================
2025-06-06T11:37:22.0757481Z Statements   : 4.44% ( 265/5963 )
2025-06-06T11:37:22.0757947Z Branches     : 2.95% ( 96/3249 )
2025-06-06T11:37:22.0758396Z Functions    : 5.06% ( 50/987 )
2025-06-06T11:37:22.0758831Z Lines        : 4.21% ( 238/5643 )
2025-06-06T11:37:22.0759387Z ================================================================================
2025-06-06T11:37:22.6089586Z Jest: "global" coverage threshold for statements (80%) not met: 0%
2025-06-06T11:37:22.6102166Z Jest: "global" coverage threshold for branches (80%) not met: 0%
2025-06-06T11:37:22.6103180Z Jest: "global" coverage threshold for lines (80%) not met: 0%
2025-06-06T11:37:22.6103994Z Jest: "global" coverage threshold for functions (80%) not met: 0%
2025-06-06T11:37:22.6105038Z Jest: "lib/utils/ticket-utils.ts" coverage threshold for statements (95%) not met: 92.8%
2025-06-06T11:37:22.6106135Z Jest: "lib/utils/ticket-utils.ts" coverage threshold for branches (95%) not met: 77.5%
2025-06-06T11:37:22.6107156Z Jest: "lib/utils/ticket-utils.ts" coverage threshold for lines (95%) not met: 93.06%
2025-06-06T11:37:22.6108177Z Jest: "lib/utils/eventFilters.ts" coverage threshold for statements (95%) not met: 69.92%
2025-06-06T11:37:22.6109337Z Jest: "lib/utils/eventFilters.ts" coverage threshold for branches (95%) not met: 61.33%
2025-06-06T11:37:22.6110436Z Jest: "lib/utils/eventFilters.ts" coverage threshold for lines (95%) not met: 69.84%
2025-06-06T11:37:22.6111523Z Jest: "lib/utils/eventFilters.ts" coverage threshold for functions (95%) not met: 62.16%
2025-06-06T11:37:22.6113248Z Jest: "/home/runner/work/LocalLoop-V0.3/LocalLoop-V0.3/app/api/events/route.ts" coverage threshold for statements (85%) not met: 37.71%
2025-06-06T11:37:22.6115002Z Jest: "/home/runner/work/LocalLoop-V0.3/LocalLoop-V0.3/app/api/events/route.ts" coverage threshold for branches (75%) not met: 18.51%
2025-06-06T11:37:22.6116770Z Jest: "/home/runner/work/LocalLoop-V0.3/LocalLoop-V0.3/app/api/events/route.ts" coverage threshold for lines (85%) not met: 39.44%
2025-06-06T11:37:22.6118550Z Jest: "/home/runner/work/LocalLoop-V0.3/LocalLoop-V0.3/app/api/events/route.ts" coverage threshold for functions (85%) not met: 66.66%
2025-06-06T11:37:22.6120334Z Jest: "/home/runner/work/LocalLoop-V0.3/LocalLoop-V0.3/app/api/checkout/route.ts" coverage threshold for statements (85%) not met: 0%
2025-06-06T11:37:22.6122053Z Jest: "/home/runner/work/LocalLoop-V0.3/LocalLoop-V0.3/app/api/checkout/route.ts" coverage threshold for branches (75%) not met: 0%
2025-06-06T11:37:22.6123947Z Jest: "/home/runner/work/LocalLoop-V0.3/LocalLoop-V0.3/app/api/checkout/route.ts" coverage threshold for lines (85%) not met: 0%
2025-06-06T11:37:22.6125923Z Jest: "/home/runner/work/LocalLoop-V0.3/LocalLoop-V0.3/app/api/checkout/route.ts" coverage threshold for functions (85%) not met: 0%
2025-06-06T11:37:22.6127630Z Jest: "/home/runner/work/LocalLoop-V0.3/LocalLoop-V0.3/app/api/orders/route.ts" coverage threshold for statements (85%) not met: 0%
2025-06-06T11:37:22.6129297Z Jest: "/home/runner/work/LocalLoop-V0.3/LocalLoop-V0.3/app/api/orders/route.ts" coverage threshold for branches (75%) not met: 0%
2025-06-06T11:37:22.6130951Z Jest: "/home/runner/work/LocalLoop-V0.3/LocalLoop-V0.3/app/api/orders/route.ts" coverage threshold for lines (85%) not met: 0%
2025-06-06T11:37:22.6132823Z Jest: "/home/runner/work/LocalLoop-V0.3/LocalLoop-V0.3/app/api/orders/route.ts" coverage threshold for functions (85%) not met: 0%
2025-06-06T11:37:22.6134508Z Jest: "/home/runner/work/LocalLoop-V0.3/LocalLoop-V0.3/app/api/refunds/route.ts" coverage threshold for statements (85%) not met: 0%
2025-06-06T11:37:22.6136192Z Jest: "/home/runner/work/LocalLoop-V0.3/LocalLoop-V0.3/app/api/refunds/route.ts" coverage threshold for branches (75%) not met: 0%
2025-06-06T11:37:22.6137861Z Jest: "/home/runner/work/LocalLoop-V0.3/LocalLoop-V0.3/app/api/refunds/route.ts" coverage threshold for lines (85%) not met: 0%
2025-06-06T11:37:22.6139535Z Jest: "/home/runner/work/LocalLoop-V0.3/LocalLoop-V0.3/app/api/refunds/route.ts" coverage threshold for functions (85%) not met: 0%
2025-06-06T11:37:22.6141444Z Jest: "/home/runner/work/LocalLoop-V0.3/LocalLoop-V0.3/app/api/rsvps/route.ts" coverage threshold for statements (85%) not met: 0%
2025-06-06T11:37:22.6143257Z Jest: "/home/runner/work/LocalLoop-V0.3/LocalLoop-V0.3/app/api/rsvps/route.ts" coverage threshold for branches (75%) not met: 0%
2025-06-06T11:37:22.6144881Z Jest: "/home/runner/work/LocalLoop-V0.3/LocalLoop-V0.3/app/api/rsvps/route.ts" coverage threshold for lines (85%) not met: 0%
2025-06-06T11:37:22.6146499Z Jest: "/home/runner/work/LocalLoop-V0.3/LocalLoop-V0.3/app/api/rsvps/route.ts" coverage threshold for functions (85%) not met: 0%
2025-06-06T11:37:22.6148176Z Jest: "/home/runner/work/LocalLoop-V0.3/LocalLoop-V0.3/app/api/test-env/route.ts" coverage threshold for statements (85%) not met: 0%
2025-06-06T11:37:22.6149850Z Jest: "/home/runner/work/LocalLoop-V0.3/LocalLoop-V0.3/app/api/test-env/route.ts" coverage threshold for branches (75%) not met: 0%
2025-06-06T11:37:22.6151529Z Jest: "/home/runner/work/LocalLoop-V0.3/LocalLoop-V0.3/app/api/test-env/route.ts" coverage threshold for lines (85%) not met: 0%
2025-06-06T11:37:22.6153268Z Jest: "/home/runner/work/LocalLoop-V0.3/LocalLoop-V0.3/app/api/test-env/route.ts" coverage threshold for functions (85%) not met: 0%
2025-06-06T11:37:22.6154955Z Jest: "/home/runner/work/LocalLoop-V0.3/LocalLoop-V0.3/app/api/test-upgrade-role/route.ts" coverage threshold for statements (85%) not met: 0%
2025-06-06T11:37:22.6156739Z Jest: "/home/runner/work/LocalLoop-V0.3/LocalLoop-V0.3/app/api/test-upgrade-role/route.ts" coverage threshold for branches (75%) not met: 0%
2025-06-06T11:37:22.6158538Z Jest: "/home/runner/work/LocalLoop-V0.3/LocalLoop-V0.3/app/api/test-upgrade-role/route.ts" coverage threshold for lines (85%) not met: 0%
2025-06-06T11:37:22.6160294Z Jest: "/home/runner/work/LocalLoop-V0.3/LocalLoop-V0.3/app/api/test-upgrade-role/route.ts" coverage threshold for functions (85%) not met: 0%
2025-06-06T11:37:22.6162067Z Jest: "/home/runner/work/LocalLoop-V0.3/LocalLoop-V0.3/app/api/ticket-types/route.ts" coverage threshold for statements (85%) not met: 0%
2025-06-06T11:37:22.6164039Z Jest: "/home/runner/work/LocalLoop-V0.3/LocalLoop-V0.3/app/api/ticket-types/route.ts" coverage threshold for branches (75%) not met: 0%
2025-06-06T11:37:22.6165776Z Jest: "/home/runner/work/LocalLoop-V0.3/LocalLoop-V0.3/app/api/ticket-types/route.ts" coverage threshold for lines (85%) not met: 0%
2025-06-06T11:37:22.6167489Z Jest: "/home/runner/work/LocalLoop-V0.3/LocalLoop-V0.3/app/api/ticket-types/route.ts" coverage threshold for functions (85%) not met: 0%
2025-06-06T11:37:22.6169328Z Jest: "/home/runner/work/LocalLoop-V0.3/LocalLoop-V0.3/app/api/update-customer-info/route.ts" coverage threshold for statements (85%) not met: 0%
2025-06-06T11:37:22.6171417Z Jest: "/home/runner/work/LocalLoop-V0.3/LocalLoop-V0.3/app/api/update-customer-info/route.ts" coverage threshold for branches (75%) not met: 0%
2025-06-06T11:37:22.6173556Z Jest: "/home/runner/work/LocalLoop-V0.3/LocalLoop-V0.3/app/api/update-customer-info/route.ts" coverage threshold for lines (85%) not met: 0%
2025-06-06T11:37:22.6175414Z Jest: "/home/runner/work/LocalLoop-V0.3/LocalLoop-V0.3/app/api/update-customer-info/route.ts" coverage threshold for functions (85%) not met: 0%
2025-06-06T11:37:22.6177324Z Jest: "/home/runner/work/LocalLoop-V0.3/LocalLoop-V0.3/app/api/analytics/performance/route.ts" coverage threshold for statements (85%) not met: 0%
2025-06-06T11:37:22.6184170Z Jest: "/home/runner/work/LocalLoop-V0.3/LocalLoop-V0.3/app/api/analytics/performance/route.ts" coverage threshold for branches (75%) not met: 0%
2025-06-06T11:37:22.6186189Z Jest: "/home/runner/work/LocalLoop-V0.3/LocalLoop-V0.3/app/api/analytics/performance/route.ts" coverage threshold for lines (85%) not met: 0%
2025-06-06T11:37:22.6188096Z Jest: "/home/runner/work/LocalLoop-V0.3/LocalLoop-V0.3/app/api/analytics/performance/route.ts" coverage threshold for functions (85%) not met: 0%
2025-06-06T11:37:22.6190295Z Jest: "/home/runner/work/LocalLoop-V0.3/LocalLoop-V0.3/app/api/auth/welcome/route.ts" coverage threshold for statements (85%) not met: 0%
2025-06-06T11:37:22.6192151Z Jest: "/home/runner/work/LocalLoop-V0.3/LocalLoop-V0.3/app/api/auth/welcome/route.ts" coverage threshold for branches (75%) not met: 0%
2025-06-06T11:37:22.6201911Z Jest: "/home/runner/work/LocalLoop-V0.3/LocalLoop-V0.3/app/api/auth/welcome/route.ts" coverage threshold for lines (85%) not met: 0%
2025-06-06T11:37:22.6211612Z Jest: "/home/runner/work/LocalLoop-V0.3/LocalLoop-V0.3/app/api/auth/welcome/route.ts" coverage threshold for functions (85%) not met: 0%
2025-06-06T11:37:22.6213613Z Jest: "/home/runner/work/LocalLoop-V0.3/LocalLoop-V0.3/app/api/calendar/add-to-calendar/route.ts" coverage threshold for statements (85%) not met: 0%
2025-06-06T11:37:22.6215441Z Jest: "/home/runner/work/LocalLoop-V0.3/LocalLoop-V0.3/app/api/calendar/add-to-calendar/route.ts" coverage threshold for branches (75%) not met: 0%
2025-06-06T11:37:22.6217264Z Jest: "/home/runner/work/LocalLoop-V0.3/LocalLoop-V0.3/app/api/calendar/add-to-calendar/route.ts" coverage threshold for lines (85%) not met: 0%
2025-06-06T11:37:22.6219056Z Jest: "/home/runner/work/LocalLoop-V0.3/LocalLoop-V0.3/app/api/calendar/add-to-calendar/route.ts" coverage threshold for functions (85%) not met: 0%
2025-06-06T11:37:22.6220872Z Jest: "/home/runner/work/LocalLoop-V0.3/LocalLoop-V0.3/app/api/calendar/create-event/route.ts" coverage threshold for statements (85%) not met: 0%
2025-06-06T11:37:22.6226926Z Jest: "/home/runner/work/LocalLoop-V0.3/LocalLoop-V0.3/app/api/calendar/create-event/route.ts" coverage threshold for branches (75%) not met: 0%
2025-06-06T11:37:22.6244293Z Jest: "/home/runner/work/LocalLoop-V0.3/LocalLoop-V0.3/app/api/calendar/create-event/route.ts" coverage threshold for lines (85%) not met: 0%
2025-06-06T11:37:22.6252541Z Jest: "/home/runner/work/LocalLoop-V0.3/LocalLoop-V0.3/app/api/calendar/create-event/route.ts" coverage threshold for functions (85%) not met: 0%
2025-06-06T11:37:22.6254334Z Jest: "/home/runner/work/LocalLoop-V0.3/LocalLoop-V0.3/app/api/events/cancellation/route.ts" coverage threshold for statements (85%) not met: 0%
2025-06-06T11:37:22.6256108Z Jest: "/home/runner/work/LocalLoop-V0.3/LocalLoop-V0.3/app/api/events/cancellation/route.ts" coverage threshold for branches (75%) not met: 0%
2025-06-06T11:37:22.6257689Z Jest: "/home/runner/work/LocalLoop-V0.3/LocalLoop-V0.3/app/api/events/cancellation/route.ts" coverage threshold for lines (85%) not met: 0%
2025-06-06T11:37:22.6259364Z Jest: "/home/runner/work/LocalLoop-V0.3/LocalLoop-V0.3/app/api/events/cancellation/route.ts" coverage threshold for functions (85%) not met: 0%
2025-06-06T11:37:22.6261384Z Jest: "/home/runner/work/LocalLoop-V0.3/LocalLoop-V0.3/app/api/events/reminders/route.ts" coverage threshold for statements (85%) not met: 0%
2025-06-06T11:37:22.6263476Z Jest: "/home/runner/work/LocalLoop-V0.3/LocalLoop-V0.3/app/api/events/reminders/route.ts" coverage threshold for branches (75%) not met: 0%
2025-06-06T11:37:22.6265255Z Jest: "/home/runner/work/LocalLoop-V0.3/LocalLoop-V0.3/app/api/events/reminders/route.ts" coverage threshold for lines (85%) not met: 0%
2025-06-06T11:37:22.6267099Z Jest: "/home/runner/work/LocalLoop-V0.3/LocalLoop-V0.3/app/api/events/reminders/route.ts" coverage threshold for functions (85%) not met: 0%
2025-06-06T11:37:22.6268839Z Jest: "/home/runner/work/LocalLoop-V0.3/LocalLoop-V0.3/app/api/events/[id]/route.ts" coverage threshold for statements (85%) not met: 0%
2025-06-06T11:37:22.6270553Z Jest: "/home/runner/work/LocalLoop-V0.3/LocalLoop-V0.3/app/api/events/[id]/route.ts" coverage threshold for branches (75%) not met: 0%
2025-06-06T11:37:22.6272289Z Jest: "/home/runner/work/LocalLoop-V0.3/LocalLoop-V0.3/app/api/events/[id]/route.ts" coverage threshold for lines (85%) not met: 0%
2025-06-06T11:37:22.6274260Z Jest: "/home/runner/work/LocalLoop-V0.3/LocalLoop-V0.3/app/api/events/[id]/route.ts" coverage threshold for functions (85%) not met: 0%
2025-06-06T11:37:22.6276228Z Jest: "/home/runner/work/LocalLoop-V0.3/LocalLoop-V0.3/app/api/rsvps/[id]/route.ts" coverage threshold for statements (85%) not met: 0%
2025-06-06T11:37:22.6277853Z Jest: "/home/runner/work/LocalLoop-V0.3/LocalLoop-V0.3/app/api/rsvps/[id]/route.ts" coverage threshold for branches (75%) not met: 0%
2025-06-06T11:37:22.6279375Z Jest: "/home/runner/work/LocalLoop-V0.3/LocalLoop-V0.3/app/api/rsvps/[id]/route.ts" coverage threshold for lines (85%) not met: 0%
2025-06-06T11:37:22.6280846Z Jest: "/home/runner/work/LocalLoop-V0.3/LocalLoop-V0.3/app/api/rsvps/[id]/route.ts" coverage threshold for functions (85%) not met: 0%
2025-06-06T11:37:22.6282630Z Jest: "/home/runner/work/LocalLoop-V0.3/LocalLoop-V0.3/app/api/staff/analytics/route.ts" coverage threshold for statements (85%) not met: 0%
2025-06-06T11:37:22.6284346Z Jest: "/home/runner/work/LocalLoop-V0.3/LocalLoop-V0.3/app/api/staff/analytics/route.ts" coverage threshold for branches (75%) not met: 0%
2025-06-06T11:37:22.6286012Z Jest: "/home/runner/work/LocalLoop-V0.3/LocalLoop-V0.3/app/api/staff/analytics/route.ts" coverage threshold for lines (85%) not met: 0%
2025-06-06T11:37:22.6287712Z Jest: "/home/runner/work/LocalLoop-V0.3/LocalLoop-V0.3/app/api/staff/analytics/route.ts" coverage threshold for functions (85%) not met: 0%
2025-06-06T11:37:22.6289428Z Jest: "/home/runner/work/LocalLoop-V0.3/LocalLoop-V0.3/app/api/staff/attendees/route.ts" coverage threshold for statements (85%) not met: 0%
2025-06-06T11:37:22.6291135Z Jest: "/home/runner/work/LocalLoop-V0.3/LocalLoop-V0.3/app/api/staff/attendees/route.ts" coverage threshold for branches (75%) not met: 0%
2025-06-06T11:37:22.6293013Z Jest: "/home/runner/work/LocalLoop-V0.3/LocalLoop-V0.3/app/api/staff/attendees/route.ts" coverage threshold for lines (85%) not met: 0%
2025-06-06T11:37:22.6294839Z Jest: "/home/runner/work/LocalLoop-V0.3/LocalLoop-V0.3/app/api/staff/attendees/route.ts" coverage threshold for functions (85%) not met: 0%
2025-06-06T11:37:22.6296666Z Jest: "/home/runner/work/LocalLoop-V0.3/LocalLoop-V0.3/app/api/staff/dashboard/route.ts" coverage threshold for statements (85%) not met: 0%
2025-06-06T11:37:22.6298463Z Jest: "/home/runner/work/LocalLoop-V0.3/LocalLoop-V0.3/app/api/staff/dashboard/route.ts" coverage threshold for branches (75%) not met: 0%
2025-06-06T11:37:22.6300261Z Jest: "/home/runner/work/LocalLoop-V0.3/LocalLoop-V0.3/app/api/staff/dashboard/route.ts" coverage threshold for lines (85%) not met: 0%
2025-06-06T11:37:22.6302047Z Jest: "/home/runner/work/LocalLoop-V0.3/LocalLoop-V0.3/app/api/staff/dashboard/route.ts" coverage threshold for functions (85%) not met: 0%
2025-06-06T11:37:22.6304098Z Jest: "/home/runner/work/LocalLoop-V0.3/LocalLoop-V0.3/app/api/staff/export/route.ts" coverage threshold for statements (85%) not met: 0%
2025-06-06T11:37:22.6306089Z Jest: "/home/runner/work/LocalLoop-V0.3/LocalLoop-V0.3/app/api/staff/export/route.ts" coverage threshold for branches (75%) not met: 0%
2025-06-06T11:37:22.6307835Z Jest: "/home/runner/work/LocalLoop-V0.3/LocalLoop-V0.3/app/api/staff/export/route.ts" coverage threshold for lines (85%) not met: 0%
2025-06-06T11:37:22.6309615Z Jest: "/home/runner/work/LocalLoop-V0.3/LocalLoop-V0.3/app/api/staff/export/route.ts" coverage threshold for functions (85%) not met: 0%
2025-06-06T11:37:22.6311421Z Jest: "/home/runner/work/LocalLoop-V0.3/LocalLoop-V0.3/app/api/ticket-types/[id]/route.ts" coverage threshold for statements (85%) not met: 0%
2025-06-06T11:37:22.6313334Z Jest: "/home/runner/work/LocalLoop-V0.3/LocalLoop-V0.3/app/api/ticket-types/[id]/route.ts" coverage threshold for branches (75%) not met: 0%
2025-06-06T11:37:22.6315111Z Jest: "/home/runner/work/LocalLoop-V0.3/LocalLoop-V0.3/app/api/ticket-types/[id]/route.ts" coverage threshold for lines (85%) not met: 0%
2025-06-06T11:37:22.6316889Z Jest: "/home/runner/work/LocalLoop-V0.3/LocalLoop-V0.3/app/api/ticket-types/[id]/route.ts" coverage threshold for functions (85%) not met: 0%
2025-06-06T11:37:22.6318643Z Jest: "/home/runner/work/LocalLoop-V0.3/LocalLoop-V0.3/app/api/webhooks/stripe/route.ts" coverage threshold for statements (85%) not met: 0%
2025-06-06T11:37:22.6320585Z Jest: "/home/runner/work/LocalLoop-V0.3/LocalLoop-V0.3/app/api/webhooks/stripe/route.ts" coverage threshold for branches (75%) not met: 0%
2025-06-06T11:37:22.6322288Z Jest: "/home/runner/work/LocalLoop-V0.3/LocalLoop-V0.3/app/api/webhooks/stripe/route.ts" coverage threshold for lines (85%) not met: 0%
2025-06-06T11:37:22.6324300Z Jest: "/home/runner/work/LocalLoop-V0.3/LocalLoop-V0.3/app/api/webhooks/stripe/route.ts" coverage threshold for functions (85%) not met: 0%
2025-06-06T11:37:22.6326099Z Jest: "/home/runner/work/LocalLoop-V0.3/LocalLoop-V0.3/app/api/auth/google/callback/route.ts" coverage threshold for statements (85%) not met: 0%
2025-06-06T11:37:22.6327924Z Jest: "/home/runner/work/LocalLoop-V0.3/LocalLoop-V0.3/app/api/auth/google/callback/route.ts" coverage threshold for branches (75%) not met: 0%
2025-06-06T11:37:22.6329712Z Jest: "/home/runner/work/LocalLoop-V0.3/LocalLoop-V0.3/app/api/auth/google/callback/route.ts" coverage threshold for lines (85%) not met: 0%
2025-06-06T11:37:22.6331532Z Jest: "/home/runner/work/LocalLoop-V0.3/LocalLoop-V0.3/app/api/auth/google/callback/route.ts" coverage threshold for functions (85%) not met: 0%
2025-06-06T11:37:22.6333565Z Jest: "/home/runner/work/LocalLoop-V0.3/LocalLoop-V0.3/app/api/auth/google/connect/route.ts" coverage threshold for statements (85%) not met: 0%
2025-06-06T11:37:22.6335453Z Jest: "/home/runner/work/LocalLoop-V0.3/LocalLoop-V0.3/app/api/auth/google/connect/route.ts" coverage threshold for branches (75%) not met: 0%
2025-06-06T11:37:22.6337311Z Jest: "/home/runner/work/LocalLoop-V0.3/LocalLoop-V0.3/app/api/auth/google/connect/route.ts" coverage threshold for lines (85%) not met: 0%
2025-06-06T11:37:22.6339144Z Jest: "/home/runner/work/LocalLoop-V0.3/LocalLoop-V0.3/app/api/auth/google/connect/route.ts" coverage threshold for functions (85%) not met: 0%
2025-06-06T11:37:22.6341095Z Jest: "/home/runner/work/LocalLoop-V0.3/LocalLoop-V0.3/app/api/auth/google/disconnect/route.ts" coverage threshold for statements (85%) not met: 0%
2025-06-06T11:37:22.6343268Z Jest: "/home/runner/work/LocalLoop-V0.3/LocalLoop-V0.3/app/api/auth/google/disconnect/route.ts" coverage threshold for branches (75%) not met: 0%
2025-06-06T11:37:22.6345227Z Jest: "/home/runner/work/LocalLoop-V0.3/LocalLoop-V0.3/app/api/auth/google/disconnect/route.ts" coverage threshold for lines (85%) not met: 0%
2025-06-06T11:37:22.6347152Z Jest: "/home/runner/work/LocalLoop-V0.3/LocalLoop-V0.3/app/api/auth/google/disconnect/route.ts" coverage threshold for functions (85%) not met: 0%
2025-06-06T11:37:22.6349035Z Jest: "/home/runner/work/LocalLoop-V0.3/LocalLoop-V0.3/app/api/auth/google/status/route.ts" coverage threshold for statements (85%) not met: 0%
2025-06-06T11:37:22.6351118Z Jest: "/home/runner/work/LocalLoop-V0.3/LocalLoop-V0.3/app/api/auth/google/status/route.ts" coverage threshold for branches (75%) not met: 0%
2025-06-06T11:37:22.6353172Z Jest: "/home/runner/work/LocalLoop-V0.3/LocalLoop-V0.3/app/api/auth/google/status/route.ts" coverage threshold for lines (85%) not met: 0%
2025-06-06T11:37:22.6355028Z Jest: "/home/runner/work/LocalLoop-V0.3/LocalLoop-V0.3/app/api/auth/google/status/route.ts" coverage threshold for functions (85%) not met: 0%
2025-06-06T11:37:22.6356944Z Jest: "/home/runner/work/LocalLoop-V0.3/LocalLoop-V0.3/components/GoogleCalendarConnect.tsx" coverage threshold for statements (80%) not met: 0%
2025-06-06T11:37:22.6358875Z Jest: "/home/runner/work/LocalLoop-V0.3/LocalLoop-V0.3/components/GoogleCalendarConnect.tsx" coverage threshold for branches (75%) not met: 0%
2025-06-06T11:37:22.6360686Z Jest: "/home/runner/work/LocalLoop-V0.3/LocalLoop-V0.3/components/GoogleCalendarConnect.tsx" coverage threshold for lines (80%) not met: 0%
2025-06-06T11:37:22.6362732Z Jest: "/home/runner/work/LocalLoop-V0.3/LocalLoop-V0.3/components/GoogleCalendarConnect.tsx" coverage threshold for functions (80%) not met: 0%
2025-06-06T11:37:22.6364674Z Jest: "/home/runner/work/LocalLoop-V0.3/LocalLoop-V0.3/components/analytics/PerformanceMonitor.tsx" coverage threshold for statements (80%) not met: 0%
2025-06-06T11:37:22.6366843Z Jest: "/home/runner/work/LocalLoop-V0.3/LocalLoop-V0.3/components/analytics/PerformanceMonitor.tsx" coverage threshold for branches (75%) not met: 0%
2025-06-06T11:37:22.6368750Z Jest: "/home/runner/work/LocalLoop-V0.3/LocalLoop-V0.3/components/analytics/PerformanceMonitor.tsx" coverage threshold for lines (80%) not met: 0%
2025-06-06T11:37:22.6370670Z Jest: "/home/runner/work/LocalLoop-V0.3/LocalLoop-V0.3/components/analytics/PerformanceMonitor.tsx" coverage threshold for functions (80%) not met: 0%
2025-06-06T11:37:22.6372813Z Jest: "/home/runner/work/LocalLoop-V0.3/LocalLoop-V0.3/components/auth/ProfileDropdown.tsx" coverage threshold for statements (80%) not met: 0%
2025-06-06T11:37:22.6374763Z Jest: "/home/runner/work/LocalLoop-V0.3/LocalLoop-V0.3/components/auth/ProfileDropdown.tsx" coverage threshold for branches (75%) not met: 0%
2025-06-06T11:37:22.6376626Z Jest: "/home/runner/work/LocalLoop-V0.3/LocalLoop-V0.3/components/auth/ProfileDropdown.tsx" coverage threshold for lines (80%) not met: 0%
2025-06-06T11:37:22.6378520Z Jest: "/home/runner/work/LocalLoop-V0.3/LocalLoop-V0.3/components/auth/ProfileDropdown.tsx" coverage threshold for functions (80%) not met: 0%
2025-06-06T11:37:22.6380434Z Jest: "/home/runner/work/LocalLoop-V0.3/LocalLoop-V0.3/components/auth/ProtectedRoute.tsx" coverage threshold for statements (80%) not met: 0%
2025-06-06T11:37:22.6382268Z Jest: "/home/runner/work/LocalLoop-V0.3/LocalLoop-V0.3/components/auth/ProtectedRoute.tsx" coverage threshold for branches (75%) not met: 0%
2025-06-06T11:37:22.6384412Z Jest: "/home/runner/work/LocalLoop-V0.3/LocalLoop-V0.3/components/auth/ProtectedRoute.tsx" coverage threshold for lines (80%) not met: 0%
2025-06-06T11:37:22.6386288Z Jest: "/home/runner/work/LocalLoop-V0.3/LocalLoop-V0.3/components/auth/ProtectedRoute.tsx" coverage threshold for functions (80%) not met: 0%
2025-06-06T11:37:22.6388174Z Jest: "/home/runner/work/LocalLoop-V0.3/LocalLoop-V0.3/components/checkout/CheckoutForm.tsx" coverage threshold for statements (80%) not met: 0%
2025-06-06T11:37:22.6390116Z Jest: "/home/runner/work/LocalLoop-V0.3/LocalLoop-V0.3/components/checkout/CheckoutForm.tsx" coverage threshold for branches (75%) not met: 0%
2025-06-06T11:37:22.6391952Z Jest: "/home/runner/work/LocalLoop-V0.3/LocalLoop-V0.3/components/checkout/CheckoutForm.tsx" coverage threshold for lines (80%) not met: 0%
2025-06-06T11:37:22.6393989Z Jest: "/home/runner/work/LocalLoop-V0.3/LocalLoop-V0.3/components/checkout/CheckoutForm.tsx" coverage threshold for functions (80%) not met: 0%
2025-06-06T11:37:22.6395911Z Jest: "/home/runner/work/LocalLoop-V0.3/LocalLoop-V0.3/components/checkout/GoogleCalendarAddButton.tsx" coverage threshold for statements (80%) not met: 0%
2025-06-06T11:37:22.6398121Z Jest: "/home/runner/work/LocalLoop-V0.3/LocalLoop-V0.3/components/checkout/GoogleCalendarAddButton.tsx" coverage threshold for branches (75%) not met: 0%
2025-06-06T11:37:22.6400133Z Jest: "/home/runner/work/LocalLoop-V0.3/LocalLoop-V0.3/components/checkout/GoogleCalendarAddButton.tsx" coverage threshold for lines (80%) not met: 0%
2025-06-06T11:37:22.6402117Z Jest: "/home/runner/work/LocalLoop-V0.3/LocalLoop-V0.3/components/checkout/GoogleCalendarAddButton.tsx" coverage threshold for functions (80%) not met: 0%
2025-06-06T11:37:22.6404257Z Jest: "/home/runner/work/LocalLoop-V0.3/LocalLoop-V0.3/components/dashboard/Analytics.tsx" coverage threshold for statements (80%) not met: 0%
2025-06-06T11:37:22.6406012Z Jest: "/home/runner/work/LocalLoop-V0.3/LocalLoop-V0.3/components/dashboard/Analytics.tsx" coverage threshold for branches (75%) not met: 0%
2025-06-06T11:37:22.6407774Z Jest: "/home/runner/work/LocalLoop-V0.3/LocalLoop-V0.3/components/dashboard/Analytics.tsx" coverage threshold for lines (80%) not met: 0%
2025-06-06T11:37:22.6409535Z Jest: "/home/runner/work/LocalLoop-V0.3/LocalLoop-V0.3/components/dashboard/Analytics.tsx" coverage threshold for functions (80%) not met: 0%
2025-06-06T11:37:22.6411594Z Jest: "/home/runner/work/LocalLoop-V0.3/LocalLoop-V0.3/components/dashboard/AttendeeManagement.tsx" coverage threshold for statements (80%) not met: 0%
2025-06-06T11:37:22.6413865Z Jest: "/home/runner/work/LocalLoop-V0.3/LocalLoop-V0.3/components/dashboard/AttendeeManagement.tsx" coverage threshold for branches (75%) not met: 0%
2025-06-06T11:37:22.6415900Z Jest: "/home/runner/work/LocalLoop-V0.3/LocalLoop-V0.3/components/dashboard/AttendeeManagement.tsx" coverage threshold for lines (80%) not met: 0%
2025-06-06T11:37:22.6417900Z Jest: "/home/runner/work/LocalLoop-V0.3/LocalLoop-V0.3/components/dashboard/AttendeeManagement.tsx" coverage threshold for functions (80%) not met: 0%
2025-06-06T11:37:22.6420020Z Jest: "/home/runner/work/LocalLoop-V0.3/LocalLoop-V0.3/components/dashboard/PerformanceDashboard.tsx" coverage threshold for statements (80%) not met: 0%
2025-06-06T11:37:22.6422088Z Jest: "/home/runner/work/LocalLoop-V0.3/LocalLoop-V0.3/components/dashboard/PerformanceDashboard.tsx" coverage threshold for branches (75%) not met: 0%
2025-06-06T11:37:22.6424388Z Jest: "/home/runner/work/LocalLoop-V0.3/LocalLoop-V0.3/components/dashboard/PerformanceDashboard.tsx" coverage threshold for lines (80%) not met: 0%
2025-06-06T11:37:22.6426470Z Jest: "/home/runner/work/LocalLoop-V0.3/LocalLoop-V0.3/components/dashboard/PerformanceDashboard.tsx" coverage threshold for functions (80%) not met: 0%
2025-06-06T11:37:22.6428446Z Jest: "/home/runner/work/LocalLoop-V0.3/LocalLoop-V0.3/components/dashboard/RefundDialog.tsx" coverage threshold for statements (80%) not met: 0%
2025-06-06T11:37:22.6430395Z Jest: "/home/runner/work/LocalLoop-V0.3/LocalLoop-V0.3/components/dashboard/RefundDialog.tsx" coverage threshold for branches (75%) not met: 0%
2025-06-06T11:37:22.6432319Z Jest: "/home/runner/work/LocalLoop-V0.3/LocalLoop-V0.3/components/dashboard/RefundDialog.tsx" coverage threshold for lines (80%) not met: 0%
2025-06-06T11:37:22.6434424Z Jest: "/home/runner/work/LocalLoop-V0.3/LocalLoop-V0.3/components/dashboard/RefundDialog.tsx" coverage threshold for functions (80%) not met: 0%
2025-06-06T11:37:22.6436405Z Jest: "/home/runner/work/LocalLoop-V0.3/LocalLoop-V0.3/components/dashboard/StaffDashboard.tsx" coverage threshold for statements (80%) not met: 0%
2025-06-06T11:37:22.6438333Z Jest: "/home/runner/work/LocalLoop-V0.3/LocalLoop-V0.3/components/dashboard/StaffDashboard.tsx" coverage threshold for branches (75%) not met: 0%
2025-06-06T11:37:22.6440279Z Jest: "/home/runner/work/LocalLoop-V0.3/LocalLoop-V0.3/components/dashboard/StaffDashboard.tsx" coverage threshold for lines (80%) not met: 0%
2025-06-06T11:37:22.6442233Z Jest: "/home/runner/work/LocalLoop-V0.3/LocalLoop-V0.3/components/dashboard/StaffDashboard.tsx" coverage threshold for functions (80%) not met: 0%
2025-06-06T11:37:22.6444599Z Jest: "/home/runner/work/LocalLoop-V0.3/LocalLoop-V0.3/components/dashboard/UserDashboard.tsx" coverage threshold for statements (80%) not met: 0%
2025-06-06T11:37:22.6446591Z Jest: "/home/runner/work/LocalLoop-V0.3/LocalLoop-V0.3/components/dashboard/UserDashboard.tsx" coverage threshold for branches (75%) not met: 0%
2025-06-06T11:37:22.6448517Z Jest: "/home/runner/work/LocalLoop-V0.3/LocalLoop-V0.3/components/dashboard/UserDashboard.tsx" coverage threshold for lines (80%) not met: 0%
2025-06-06T11:37:22.6450468Z Jest: "/home/runner/work/LocalLoop-V0.3/LocalLoop-V0.3/components/dashboard/UserDashboard.tsx" coverage threshold for functions (80%) not met: 0%
2025-06-06T11:37:22.6452589Z Jest: "/home/runner/work/LocalLoop-V0.3/LocalLoop-V0.3/components/events/EventCard.tsx" coverage threshold for statements (80%) not met: 0%
2025-06-06T11:37:22.6454359Z Jest: "/home/runner/work/LocalLoop-V0.3/LocalLoop-V0.3/components/events/EventCard.tsx" coverage threshold for branches (75%) not met: 0%
2025-06-06T11:37:22.6456076Z Jest: "/home/runner/work/LocalLoop-V0.3/LocalLoop-V0.3/components/events/EventCard.tsx" coverage threshold for lines (80%) not met: 0%
2025-06-06T11:37:22.6457778Z Jest: "/home/runner/work/LocalLoop-V0.3/LocalLoop-V0.3/components/events/EventCard.tsx" coverage threshold for functions (80%) not met: 0%
2025-06-06T11:37:22.6460006Z Jest: "/home/runner/work/LocalLoop-V0.3/LocalLoop-V0.3/components/events/EventDetailClient.tsx" coverage threshold for statements (80%) not met: 0%
2025-06-06T11:37:22.6461890Z Jest: "/home/runner/work/LocalLoop-V0.3/LocalLoop-V0.3/components/events/EventDetailClient.tsx" coverage threshold for branches (75%) not met: 0%
2025-06-06T11:37:22.6464022Z Jest: "/home/runner/work/LocalLoop-V0.3/LocalLoop-V0.3/components/events/EventDetailClient.tsx" coverage threshold for lines (80%) not met: 0%
2025-06-06T11:37:22.6465939Z Jest: "/home/runner/work/LocalLoop-V0.3/LocalLoop-V0.3/components/events/EventDetailClient.tsx" coverage threshold for functions (80%) not met: 0%
2025-06-06T11:37:22.6467788Z Jest: "/home/runner/work/LocalLoop-V0.3/LocalLoop-V0.3/components/events/EventForm.tsx" coverage threshold for statements (80%) not met: 0%
2025-06-06T11:37:22.6469551Z Jest: "/home/runner/work/LocalLoop-V0.3/LocalLoop-V0.3/components/events/EventForm.tsx" coverage threshold for branches (75%) not met: 0%
2025-06-06T11:37:22.6471290Z Jest: "/home/runner/work/LocalLoop-V0.3/LocalLoop-V0.3/components/events/EventForm.tsx" coverage threshold for lines (80%) not met: 0%
2025-06-06T11:37:22.6478884Z Jest: "/home/runner/work/LocalLoop-V0.3/LocalLoop-V0.3/components/events/EventForm.tsx" coverage threshold for functions (80%) not met: 0%
2025-06-06T11:37:22.6480892Z Jest: "/home/runner/work/LocalLoop-V0.3/LocalLoop-V0.3/components/events/EventImageGallery.tsx" coverage threshold for statements (80%) not met: 0%
2025-06-06T11:37:22.6483124Z Jest: "/home/runner/work/LocalLoop-V0.3/LocalLoop-V0.3/components/events/EventImageGallery.tsx" coverage threshold for branches (75%) not met: 0%
2025-06-06T11:37:22.6485099Z Jest: "/home/runner/work/LocalLoop-V0.3/LocalLoop-V0.3/components/events/EventImageGallery.tsx" coverage threshold for lines (80%) not met: 0%
2025-06-06T11:37:22.6487032Z Jest: "/home/runner/work/LocalLoop-V0.3/LocalLoop-V0.3/components/events/EventImageGallery.tsx" coverage threshold for functions (80%) not met: 0%
2025-06-06T11:37:22.6488934Z Jest: "/home/runner/work/LocalLoop-V0.3/LocalLoop-V0.3/components/events/EventList.tsx" coverage threshold for statements (80%) not met: 0%
2025-06-06T11:37:22.6490767Z Jest: "/home/runner/work/LocalLoop-V0.3/LocalLoop-V0.3/components/events/EventList.tsx" coverage threshold for branches (75%) not met: 0%
2025-06-06T11:37:22.6492676Z Jest: "/home/runner/work/LocalLoop-V0.3/LocalLoop-V0.3/components/events/EventList.tsx" coverage threshold for lines (80%) not met: 0%
2025-06-06T11:37:22.6494579Z Jest: "/home/runner/work/LocalLoop-V0.3/LocalLoop-V0.3/components/events/EventList.tsx" coverage threshold for functions (80%) not met: 0%
2025-06-06T11:37:22.6496780Z Jest: "/home/runner/work/LocalLoop-V0.3/LocalLoop-V0.3/components/events/EventMapWrapper.tsx" coverage threshold for statements (80%) not met: 0%
2025-06-06T11:37:22.6498747Z Jest: "/home/runner/work/LocalLoop-V0.3/LocalLoop-V0.3/components/events/EventMapWrapper.tsx" coverage threshold for branches (75%) not met: 0%
2025-06-06T11:37:22.6500675Z Jest: "/home/runner/work/LocalLoop-V0.3/LocalLoop-V0.3/components/events/EventMapWrapper.tsx" coverage threshold for lines (80%) not met: 0%
2025-06-06T11:37:22.6502780Z Jest: "/home/runner/work/LocalLoop-V0.3/LocalLoop-V0.3/components/events/EventMapWrapper.tsx" coverage threshold for functions (80%) not met: 0%
2025-06-06T11:37:22.6504762Z Jest: "/home/runner/work/LocalLoop-V0.3/LocalLoop-V0.3/components/events/RSVPTicketSection.tsx" coverage threshold for statements (80%) not met: 0%
2025-06-06T11:37:22.6506742Z Jest: "/home/runner/work/LocalLoop-V0.3/LocalLoop-V0.3/components/events/RSVPTicketSection.tsx" coverage threshold for branches (75%) not met: 0%
2025-06-06T11:37:22.6508620Z Jest: "/home/runner/work/LocalLoop-V0.3/LocalLoop-V0.3/components/events/RSVPTicketSection.tsx" coverage threshold for lines (80%) not met: 0%
2025-06-06T11:37:22.6510479Z Jest: "/home/runner/work/LocalLoop-V0.3/LocalLoop-V0.3/components/events/RSVPTicketSection.tsx" coverage threshold for functions (80%) not met: 0%
2025-06-06T11:37:22.6512794Z Jest: "/home/runner/work/LocalLoop-V0.3/LocalLoop-V0.3/components/events/TicketSelection.tsx" coverage threshold for statements (80%) not met: 0%
2025-06-06T11:37:22.6514641Z Jest: "/home/runner/work/LocalLoop-V0.3/LocalLoop-V0.3/components/events/TicketSelection.tsx" coverage threshold for branches (75%) not met: 0%
2025-06-06T11:37:22.6516424Z Jest: "/home/runner/work/LocalLoop-V0.3/LocalLoop-V0.3/components/events/TicketSelection.tsx" coverage threshold for lines (80%) not met: 0%
2025-06-06T11:37:22.6518227Z Jest: "/home/runner/work/LocalLoop-V0.3/LocalLoop-V0.3/components/events/TicketSelection.tsx" coverage threshold for functions (80%) not met: 0%
2025-06-06T11:37:22.6520029Z Jest: "/home/runner/work/LocalLoop-V0.3/LocalLoop-V0.3/components/events/TicketTypeManager.tsx" coverage threshold for statements (80%) not met: 0%
2025-06-06T11:37:22.6521892Z Jest: "/home/runner/work/LocalLoop-V0.3/LocalLoop-V0.3/components/events/TicketTypeManager.tsx" coverage threshold for branches (75%) not met: 0%
2025-06-06T11:37:22.6523963Z Jest: "/home/runner/work/LocalLoop-V0.3/LocalLoop-V0.3/components/events/TicketTypeManager.tsx" coverage threshold for lines (80%) not met: 0%
2025-06-06T11:37:22.6525929Z Jest: "/home/runner/work/LocalLoop-V0.3/LocalLoop-V0.3/components/events/TicketTypeManager.tsx" coverage threshold for functions (80%) not met: 0%
2025-06-06T11:37:22.6527726Z Jest: "/home/runner/work/LocalLoop-V0.3/LocalLoop-V0.3/components/events/index.ts" coverage threshold for statements (80%) not met: 0%
2025-06-06T11:37:22.6529445Z Jest: "/home/runner/work/LocalLoop-V0.3/LocalLoop-V0.3/components/events/index.ts" coverage threshold for lines (80%) not met: 0%
2025-06-06T11:37:22.6531331Z Jest: "/home/runner/work/LocalLoop-V0.3/LocalLoop-V0.3/components/filters/ActiveFilters.tsx" coverage threshold for statements (80%) not met: 0%
2025-06-06T11:37:22.6533491Z Jest: "/home/runner/work/LocalLoop-V0.3/LocalLoop-V0.3/components/filters/ActiveFilters.tsx" coverage threshold for branches (75%) not met: 0%
2025-06-06T11:37:22.6535386Z Jest: "/home/runner/work/LocalLoop-V0.3/LocalLoop-V0.3/components/filters/ActiveFilters.tsx" coverage threshold for lines (80%) not met: 0%
2025-06-06T11:37:22.6537255Z Jest: "/home/runner/work/LocalLoop-V0.3/LocalLoop-V0.3/components/filters/ActiveFilters.tsx" coverage threshold for functions (80%) not met: 0%
2025-06-06T11:37:22.6539267Z Jest: "/home/runner/work/LocalLoop-V0.3/LocalLoop-V0.3/components/filters/CategoryFilter.tsx" coverage threshold for statements (80%) not met: 0%
2025-06-06T11:37:22.6541401Z Jest: "/home/runner/work/LocalLoop-V0.3/LocalLoop-V0.3/components/filters/CategoryFilter.tsx" coverage threshold for branches (75%) not met: 0%
2025-06-06T11:37:22.6543483Z Jest: "/home/runner/work/LocalLoop-V0.3/LocalLoop-V0.3/components/filters/CategoryFilter.tsx" coverage threshold for lines (80%) not met: 0%
2025-06-06T11:37:22.6545411Z Jest: "/home/runner/work/LocalLoop-V0.3/LocalLoop-V0.3/components/filters/CategoryFilter.tsx" coverage threshold for functions (80%) not met: 0%
2025-06-06T11:37:22.6547309Z Jest: "/home/runner/work/LocalLoop-V0.3/LocalLoop-V0.3/components/filters/DateFilter.tsx" coverage threshold for statements (80%) not met: 0%
2025-06-06T11:37:22.6549146Z Jest: "/home/runner/work/LocalLoop-V0.3/LocalLoop-V0.3/components/filters/DateFilter.tsx" coverage threshold for branches (75%) not met: 0%
2025-06-06T11:37:22.6550972Z Jest: "/home/runner/work/LocalLoop-V0.3/LocalLoop-V0.3/components/filters/DateFilter.tsx" coverage threshold for lines (80%) not met: 0%
2025-06-06T11:37:22.6552976Z Jest: "/home/runner/work/LocalLoop-V0.3/LocalLoop-V0.3/components/filters/DateFilter.tsx" coverage threshold for functions (80%) not met: 0%
2025-06-06T11:37:22.6554829Z Jest: "/home/runner/work/LocalLoop-V0.3/LocalLoop-V0.3/components/filters/EventFilters.tsx" coverage threshold for statements (80%) not met: 0%
2025-06-06T11:37:22.6556827Z Jest: "/home/runner/work/LocalLoop-V0.3/LocalLoop-V0.3/components/filters/EventFilters.tsx" coverage threshold for branches (75%) not met: 0%
2025-06-06T11:37:22.6558597Z Jest: "/home/runner/work/LocalLoop-V0.3/LocalLoop-V0.3/components/filters/EventFilters.tsx" coverage threshold for lines (80%) not met: 0%
2025-06-06T11:37:22.6560381Z Jest: "/home/runner/work/LocalLoop-V0.3/LocalLoop-V0.3/components/filters/EventFilters.tsx" coverage threshold for functions (80%) not met: 0%
2025-06-06T11:37:22.6562173Z Jest: "/home/runner/work/LocalLoop-V0.3/LocalLoop-V0.3/components/filters/PriceFilter.tsx" coverage threshold for statements (80%) not met: 0%
2025-06-06T11:37:22.6564235Z Jest: "/home/runner/work/LocalLoop-V0.3/LocalLoop-V0.3/components/filters/PriceFilter.tsx" coverage threshold for branches (75%) not met: 0%
2025-06-06T11:37:22.6565995Z Jest: "/home/runner/work/LocalLoop-V0.3/LocalLoop-V0.3/components/filters/PriceFilter.tsx" coverage threshold for lines (80%) not met: 0%
2025-06-06T11:37:22.6567771Z Jest: "/home/runner/work/LocalLoop-V0.3/LocalLoop-V0.3/components/filters/PriceFilter.tsx" coverage threshold for functions (80%) not met: 0%
2025-06-06T11:37:22.6569577Z Jest: "/home/runner/work/LocalLoop-V0.3/LocalLoop-V0.3/components/filters/SortControl.tsx" coverage threshold for statements (80%) not met: 0%
2025-06-06T11:37:22.6571364Z Jest: "/home/runner/work/LocalLoop-V0.3/LocalLoop-V0.3/components/filters/SortControl.tsx" coverage threshold for branches (75%) not met: 0%
2025-06-06T11:37:22.6573291Z Jest: "/home/runner/work/LocalLoop-V0.3/LocalLoop-V0.3/components/filters/SortControl.tsx" coverage threshold for lines (80%) not met: 0%
2025-06-06T11:37:22.6575145Z Jest: "/home/runner/work/LocalLoop-V0.3/LocalLoop-V0.3/components/filters/SortControl.tsx" coverage threshold for functions (80%) not met: 0%
2025-06-06T11:37:22.6577053Z Jest: "/home/runner/work/LocalLoop-V0.3/LocalLoop-V0.3/components/homepage/HomePageClient.tsx" coverage threshold for statements (80%) not met: 0%
2025-06-06T11:37:22.6579008Z Jest: "/home/runner/work/LocalLoop-V0.3/LocalLoop-V0.3/components/homepage/HomePageClient.tsx" coverage threshold for branches (75%) not met: 0%
2025-06-06T11:37:22.6580931Z Jest: "/home/runner/work/LocalLoop-V0.3/LocalLoop-V0.3/components/homepage/HomePageClient.tsx" coverage threshold for lines (80%) not met: 0%
2025-06-06T11:37:22.6583058Z Jest: "/home/runner/work/LocalLoop-V0.3/LocalLoop-V0.3/components/homepage/HomePageClient.tsx" coverage threshold for functions (80%) not met: 0%
2025-06-06T11:37:22.6584876Z Jest: "/home/runner/work/LocalLoop-V0.3/LocalLoop-V0.3/components/ui/Card.tsx" coverage threshold for statements (80%) not met: 0%
2025-06-06T11:37:22.6586538Z Jest: "/home/runner/work/LocalLoop-V0.3/LocalLoop-V0.3/components/ui/Card.tsx" coverage threshold for branches (75%) not met: 0%
2025-06-06T11:37:22.6588335Z Jest: "/home/runner/work/LocalLoop-V0.3/LocalLoop-V0.3/components/ui/Card.tsx" coverage threshold for lines (80%) not met: 0%
2025-06-06T11:37:22.6589996Z Jest: "/home/runner/work/LocalLoop-V0.3/LocalLoop-V0.3/components/ui/Card.tsx" coverage threshold for functions (80%) not met: 0%
2025-06-06T11:37:22.6591778Z Jest: "/home/runner/work/LocalLoop-V0.3/LocalLoop-V0.3/components/ui/LoadingSpinner.tsx" coverage threshold for statements (80%) not met: 0%
2025-06-06T11:37:22.6593811Z Jest: "/home/runner/work/LocalLoop-V0.3/LocalLoop-V0.3/components/ui/LoadingSpinner.tsx" coverage threshold for branches (75%) not met: 0%
2025-06-06T11:37:22.6595627Z Jest: "/home/runner/work/LocalLoop-V0.3/LocalLoop-V0.3/components/ui/LoadingSpinner.tsx" coverage threshold for lines (80%) not met: 0%
2025-06-06T11:37:22.6597453Z Jest: "/home/runner/work/LocalLoop-V0.3/LocalLoop-V0.3/components/ui/LoadingSpinner.tsx" coverage threshold for functions (80%) not met: 0%
2025-06-06T11:37:22.6599183Z Jest: "/home/runner/work/LocalLoop-V0.3/LocalLoop-V0.3/components/ui/alert.tsx" coverage threshold for statements (80%) not met: 0%
2025-06-06T11:37:22.6600872Z Jest: "/home/runner/work/LocalLoop-V0.3/LocalLoop-V0.3/components/ui/alert.tsx" coverage threshold for branches (75%) not met: 0%
2025-06-06T11:37:22.6602942Z Jest: "/home/runner/work/LocalLoop-V0.3/LocalLoop-V0.3/components/ui/alert.tsx" coverage threshold for lines (80%) not met: 0%
2025-06-06T11:37:22.6604592Z Jest: "/home/runner/work/LocalLoop-V0.3/LocalLoop-V0.3/components/ui/alert.tsx" coverage threshold for functions (80%) not met: 0%
2025-06-06T11:37:22.6606283Z Jest: "/home/runner/work/LocalLoop-V0.3/LocalLoop-V0.3/components/ui/badge.tsx" coverage threshold for statements (80%) not met: 0%
2025-06-06T11:37:22.6607962Z Jest: "/home/runner/work/LocalLoop-V0.3/LocalLoop-V0.3/components/ui/badge.tsx" coverage threshold for branches (75%) not met: 0%
2025-06-06T11:37:22.6609592Z Jest: "/home/runner/work/LocalLoop-V0.3/LocalLoop-V0.3/components/ui/badge.tsx" coverage threshold for lines (80%) not met: 0%
2025-06-06T11:37:22.6611253Z Jest: "/home/runner/work/LocalLoop-V0.3/LocalLoop-V0.3/components/ui/badge.tsx" coverage threshold for functions (80%) not met: 0%
2025-06-06T11:37:22.6613199Z Jest: "/home/runner/work/LocalLoop-V0.3/LocalLoop-V0.3/components/ui/checkbox.tsx" coverage threshold for statements (80%) not met: 0%
2025-06-06T11:37:22.6614843Z Jest: "/home/runner/work/LocalLoop-V0.3/LocalLoop-V0.3/components/ui/checkbox.tsx" coverage threshold for lines (80%) not met: 0%
2025-06-06T11:37:22.6616456Z Jest: "/home/runner/work/LocalLoop-V0.3/LocalLoop-V0.3/components/ui/dialog.tsx" coverage threshold for statements (80%) not met: 0%
2025-06-06T11:37:22.6618069Z Jest: "/home/runner/work/LocalLoop-V0.3/LocalLoop-V0.3/components/ui/dialog.tsx" coverage threshold for branches (75%) not met: 0%
2025-06-06T11:37:22.6619700Z Jest: "/home/runner/work/LocalLoop-V0.3/LocalLoop-V0.3/components/ui/dialog.tsx" coverage threshold for lines (80%) not met: 0%
2025-06-06T11:37:22.6621329Z Jest: "/home/runner/work/LocalLoop-V0.3/LocalLoop-V0.3/components/ui/dialog.tsx" coverage threshold for functions (80%) not met: 0%
2025-06-06T11:37:22.6623192Z Jest: "/home/runner/work/LocalLoop-V0.3/LocalLoop-V0.3/components/ui/index.ts" coverage threshold for statements (80%) not met: 0%
2025-06-06T11:37:22.6624764Z Jest: "/home/runner/work/LocalLoop-V0.3/LocalLoop-V0.3/components/ui/index.ts" coverage threshold for lines (80%) not met: 0%
2025-06-06T11:37:22.6626390Z Jest: "/home/runner/work/LocalLoop-V0.3/LocalLoop-V0.3/components/ui/input.tsx" coverage threshold for statements (80%) not met: 0%
2025-06-06T11:37:22.6627965Z Jest: "/home/runner/work/LocalLoop-V0.3/LocalLoop-V0.3/components/ui/input.tsx" coverage threshold for lines (80%) not met: 0%
2025-06-06T11:37:22.6629554Z Jest: "/home/runner/work/LocalLoop-V0.3/LocalLoop-V0.3/components/ui/input.tsx" coverage threshold for functions (80%) not met: 0%
2025-06-06T11:37:22.6631403Z Jest: "/home/runner/work/LocalLoop-V0.3/LocalLoop-V0.3/components/ui/label.tsx" coverage threshold for statements (80%) not met: 0%
2025-06-06T11:37:22.6633435Z Jest: "/home/runner/work/LocalLoop-V0.3/LocalLoop-V0.3/components/ui/label.tsx" coverage threshold for lines (80%) not met: 0%
2025-06-06T11:37:22.6635145Z Jest: "/home/runner/work/LocalLoop-V0.3/LocalLoop-V0.3/components/ui/select.tsx" coverage threshold for statements (80%) not met: 0%
2025-06-06T11:37:22.6636852Z Jest: "/home/runner/work/LocalLoop-V0.3/LocalLoop-V0.3/components/ui/select.tsx" coverage threshold for branches (75%) not met: 0%
2025-06-06T11:37:22.6638483Z Jest: "/home/runner/work/LocalLoop-V0.3/LocalLoop-V0.3/components/ui/select.tsx" coverage threshold for lines (80%) not met: 0%
2025-06-06T11:37:22.6640205Z Jest: "/home/runner/work/LocalLoop-V0.3/LocalLoop-V0.3/components/ui/switch.tsx" coverage threshold for statements (80%) not met: 0%
2025-06-06T11:37:22.6641887Z Jest: "/home/runner/work/LocalLoop-V0.3/LocalLoop-V0.3/components/ui/switch.tsx" coverage threshold for lines (80%) not met: 0%
2025-06-06T11:37:22.6643789Z Jest: "/home/runner/work/LocalLoop-V0.3/LocalLoop-V0.3/components/ui/table.tsx" coverage threshold for statements (80%) not met: 0%
2025-06-06T11:37:22.6645448Z Jest: "/home/runner/work/LocalLoop-V0.3/LocalLoop-V0.3/components/ui/table.tsx" coverage threshold for lines (80%) not met: 0%
2025-06-06T11:37:22.6647306Z Jest: "/home/runner/work/LocalLoop-V0.3/LocalLoop-V0.3/components/ui/tabs.tsx" coverage threshold for statements (80%) not met: 0%
2025-06-06T11:37:22.6648918Z Jest: "/home/runner/work/LocalLoop-V0.3/LocalLoop-V0.3/components/ui/tabs.tsx" coverage threshold for lines (80%) not met: 0%
2025-06-06T11:37:22.6650617Z Jest: "/home/runner/work/LocalLoop-V0.3/LocalLoop-V0.3/components/ui/textarea.tsx" coverage threshold for statements (80%) not met: 0%
2025-06-06T11:37:22.6652455Z Jest: "/home/runner/work/LocalLoop-V0.3/LocalLoop-V0.3/components/ui/textarea.tsx" coverage threshold for lines (80%) not met: 0%
2025-06-06T11:37:22.6654255Z Jest: "/home/runner/work/LocalLoop-V0.3/LocalLoop-V0.3/components/ui/textarea.tsx" coverage threshold for functions (80%) not met: 0%
2025-06-06T11:37:22.6656023Z Jest: "/home/runner/work/LocalLoop-V0.3/LocalLoop-V0.3/lib/utils/ticket-utils.ts" coverage threshold for branches (85%) not met: 77.5%
2025-06-06T11:37:22.6657774Z Jest: "/home/runner/work/LocalLoop-V0.3/LocalLoop-V0.3/lib/utils/eventFilters.ts" coverage threshold for statements (90%) not met: 69.92%
2025-06-06T11:37:22.6659708Z Jest: "/home/runner/work/LocalLoop-V0.3/LocalLoop-V0.3/lib/utils/eventFilters.ts" coverage threshold for branches (85%) not met: 61.33%
2025-06-06T11:37:22.6661445Z Jest: "/home/runner/work/LocalLoop-V0.3/LocalLoop-V0.3/lib/utils/eventFilters.ts" coverage threshold for lines (90%) not met: 69.84%
2025-06-06T11:37:22.6663703Z Jest: "/home/runner/work/LocalLoop-V0.3/LocalLoop-V0.3/lib/utils/eventFilters.ts" coverage threshold for functions (90%) not met: 62.16%
2025-06-06T11:37:22.6665380Z Jest: "/home/runner/work/LocalLoop-V0.3/LocalLoop-V0.3/lib/utils.ts" coverage threshold for statements (90%) not met: 23.52%
2025-06-06T11:37:22.6667155Z Jest: "/home/runner/work/LocalLoop-V0.3/LocalLoop-V0.3/lib/utils.ts" coverage threshold for branches (85%) not met: 0%
2025-06-06T11:37:22.6668663Z Jest: "/home/runner/work/LocalLoop-V0.3/LocalLoop-V0.3/lib/utils.ts" coverage threshold for lines (90%) not met: 25%
2025-06-06T11:37:22.6670187Z Jest: "/home/runner/work/LocalLoop-V0.3/LocalLoop-V0.3/lib/utils.ts" coverage threshold for functions (90%) not met: 16.66%
2025-06-06T11:37:22.6671781Z Jest: "/home/runner/work/LocalLoop-V0.3/LocalLoop-V0.3/lib/auth-context.tsx" coverage threshold for statements (90%) not met: 0%
2025-06-06T11:37:22.6673595Z Jest: "/home/runner/work/LocalLoop-V0.3/LocalLoop-V0.3/lib/auth-context.tsx" coverage threshold for branches (85%) not met: 0%
2025-06-06T11:37:22.6675121Z Jest: "/home/runner/work/LocalLoop-V0.3/LocalLoop-V0.3/lib/auth-context.tsx" coverage threshold for lines (90%) not met: 0%
2025-06-06T11:37:22.6676844Z Jest: "/home/runner/work/LocalLoop-V0.3/LocalLoop-V0.3/lib/auth-context.tsx" coverage threshold for functions (90%) not met: 0%
2025-06-06T11:37:22.6678354Z Jest: "/home/runner/work/LocalLoop-V0.3/LocalLoop-V0.3/lib/auth.ts" coverage threshold for statements (90%) not met: 0%
2025-06-06T11:37:22.6679788Z Jest: "/home/runner/work/LocalLoop-V0.3/LocalLoop-V0.3/lib/auth.ts" coverage threshold for branches (85%) not met: 0%
2025-06-06T11:37:22.6681187Z Jest: "/home/runner/work/LocalLoop-V0.3/LocalLoop-V0.3/lib/auth.ts" coverage threshold for lines (90%) not met: 0%
2025-06-06T11:37:22.6682759Z Jest: "/home/runner/work/LocalLoop-V0.3/LocalLoop-V0.3/lib/auth.ts" coverage threshold for functions (90%) not met: 0%
2025-06-06T11:37:22.6684212Z Jest: "/home/runner/work/LocalLoop-V0.3/LocalLoop-V0.3/lib/config.ts" coverage threshold for statements (90%) not met: 0%
2025-06-06T11:37:22.6685672Z Jest: "/home/runner/work/LocalLoop-V0.3/LocalLoop-V0.3/lib/config.ts" coverage threshold for branches (85%) not met: 0%
2025-06-06T11:37:22.6687114Z Jest: "/home/runner/work/LocalLoop-V0.3/LocalLoop-V0.3/lib/config.ts" coverage threshold for lines (90%) not met: 0%
2025-06-06T11:37:22.6688551Z Jest: "/home/runner/work/LocalLoop-V0.3/LocalLoop-V0.3/lib/config.ts" coverage threshold for functions (90%) not met: 0%
2025-06-06T11:37:22.6690221Z Jest: "/home/runner/work/LocalLoop-V0.3/LocalLoop-V0.3/lib/csv-export.ts" coverage threshold for statements (90%) not met: 0%
2025-06-06T11:37:22.6691714Z Jest: "/home/runner/work/LocalLoop-V0.3/LocalLoop-V0.3/lib/csv-export.ts" coverage threshold for branches (85%) not met: 0%
2025-06-06T11:37:22.6693399Z Jest: "/home/runner/work/LocalLoop-V0.3/LocalLoop-V0.3/lib/csv-export.ts" coverage threshold for lines (90%) not met: 0%
2025-06-06T11:37:22.6694968Z Jest: "/home/runner/work/LocalLoop-V0.3/LocalLoop-V0.3/lib/csv-export.ts" coverage threshold for functions (90%) not met: 0%
2025-06-06T11:37:22.6696615Z Jest: "/home/runner/work/LocalLoop-V0.3/LocalLoop-V0.3/lib/email-service.ts" coverage threshold for statements (90%) not met: 0%
2025-06-06T11:37:22.6698220Z Jest: "/home/runner/work/LocalLoop-V0.3/LocalLoop-V0.3/lib/email-service.ts" coverage threshold for branches (85%) not met: 0%
2025-06-06T11:37:22.6699810Z Jest: "/home/runner/work/LocalLoop-V0.3/LocalLoop-V0.3/lib/email-service.ts" coverage threshold for lines (90%) not met: 0%
2025-06-06T11:37:22.6701423Z Jest: "/home/runner/work/LocalLoop-V0.3/LocalLoop-V0.3/lib/email-service.ts" coverage threshold for functions (90%) not met: 0%
2025-06-06T11:37:22.6703254Z Jest: "/home/runner/work/LocalLoop-V0.3/LocalLoop-V0.3/lib/google-auth.ts" coverage threshold for statements (90%) not met: 0%
2025-06-06T11:37:22.6704840Z Jest: "/home/runner/work/LocalLoop-V0.3/LocalLoop-V0.3/lib/google-auth.ts" coverage threshold for branches (85%) not met: 0%
2025-06-06T11:37:22.6706422Z Jest: "/home/runner/work/LocalLoop-V0.3/LocalLoop-V0.3/lib/google-auth.ts" coverage threshold for lines (90%) not met: 0%
2025-06-06T11:37:22.6707990Z Jest: "/home/runner/work/LocalLoop-V0.3/LocalLoop-V0.3/lib/google-auth.ts" coverage threshold for functions (90%) not met: 0%
2025-06-06T11:37:22.6709606Z Jest: "/home/runner/work/LocalLoop-V0.3/LocalLoop-V0.3/lib/google-calendar.ts" coverage threshold for statements (90%) not met: 0%
2025-06-06T11:37:22.6711280Z Jest: "/home/runner/work/LocalLoop-V0.3/LocalLoop-V0.3/lib/google-calendar.ts" coverage threshold for branches (85%) not met: 0%
2025-06-06T11:37:22.6713069Z Jest: "/home/runner/work/LocalLoop-V0.3/LocalLoop-V0.3/lib/google-calendar.ts" coverage threshold for lines (90%) not met: 0%
2025-06-06T11:37:22.6714705Z Jest: "/home/runner/work/LocalLoop-V0.3/LocalLoop-V0.3/lib/google-calendar.ts" coverage threshold for functions (90%) not met: 0%
2025-06-06T11:37:22.6716368Z Jest: "/home/runner/work/LocalLoop-V0.3/LocalLoop-V0.3/lib/stripe-client.ts" coverage threshold for statements (90%) not met: 0%
2025-06-06T11:37:22.6717976Z Jest: "/home/runner/work/LocalLoop-V0.3/LocalLoop-V0.3/lib/stripe-client.ts" coverage threshold for branches (85%) not met: 0%
2025-06-06T11:37:22.6719753Z Jest: "/home/runner/work/LocalLoop-V0.3/LocalLoop-V0.3/lib/stripe-client.ts" coverage threshold for lines (90%) not met: 0%
2025-06-06T11:37:22.6721385Z Jest: "/home/runner/work/LocalLoop-V0.3/LocalLoop-V0.3/lib/stripe-client.ts" coverage threshold for functions (90%) not met: 0%
2025-06-06T11:37:22.6723205Z Jest: "/home/runner/work/LocalLoop-V0.3/LocalLoop-V0.3/lib/stripe.ts" coverage threshold for statements (90%) not met: 0%
2025-06-06T11:37:22.6724740Z Jest: "/home/runner/work/LocalLoop-V0.3/LocalLoop-V0.3/lib/stripe.ts" coverage threshold for branches (85%) not met: 0%
2025-06-06T11:37:22.6726235Z Jest: "/home/runner/work/LocalLoop-V0.3/LocalLoop-V0.3/lib/stripe.ts" coverage threshold for lines (90%) not met: 0%
2025-06-06T11:37:22.6727714Z Jest: "/home/runner/work/LocalLoop-V0.3/LocalLoop-V0.3/lib/stripe.ts" coverage threshold for functions (90%) not met: 0%
2025-06-06T11:37:22.6729336Z Jest: "/home/runner/work/LocalLoop-V0.3/LocalLoop-V0.3/lib/supabase-server.ts" coverage threshold for statements (90%) not met: 0%
2025-06-06T11:37:22.6731001Z Jest: "/home/runner/work/LocalLoop-V0.3/LocalLoop-V0.3/lib/supabase-server.ts" coverage threshold for branches (85%) not met: 0%
2025-06-06T11:37:22.6733151Z Jest: "/home/runner/work/LocalLoop-V0.3/LocalLoop-V0.3/lib/supabase-server.ts" coverage threshold for lines (90%) not met: 0%
2025-06-06T11:37:22.6734747Z Jest: "/home/runner/work/LocalLoop-V0.3/LocalLoop-V0.3/lib/supabase-server.ts" coverage threshold for functions (90%) not met: 0%
2025-06-06T11:37:22.6736286Z Jest: "/home/runner/work/LocalLoop-V0.3/LocalLoop-V0.3/lib/supabase.ts" coverage threshold for statements (90%) not met: 0%
2025-06-06T11:37:22.6737741Z Jest: "/home/runner/work/LocalLoop-V0.3/LocalLoop-V0.3/lib/supabase.ts" coverage threshold for branches (85%) not met: 0%
2025-06-06T11:37:22.6739193Z Jest: "/home/runner/work/LocalLoop-V0.3/LocalLoop-V0.3/lib/supabase.ts" coverage threshold for lines (90%) not met: 0%
2025-06-06T11:37:22.6740674Z Jest: "/home/runner/work/LocalLoop-V0.3/LocalLoop-V0.3/lib/supabase.ts" coverage threshold for functions (90%) not met: 0%
2025-06-06T11:37:22.6742552Z Jest: "/home/runner/work/LocalLoop-V0.3/LocalLoop-V0.3/lib/emails/event-cancellation.tsx" coverage threshold for statements (90%) not met: 0%
2025-06-06T11:37:22.6744359Z Jest: "/home/runner/work/LocalLoop-V0.3/LocalLoop-V0.3/lib/emails/event-cancellation.tsx" coverage threshold for branches (85%) not met: 0%
2025-06-06T11:37:22.6746079Z Jest: "/home/runner/work/LocalLoop-V0.3/LocalLoop-V0.3/lib/emails/event-cancellation.tsx" coverage threshold for lines (90%) not met: 0%
2025-06-06T11:37:22.6747813Z Jest: "/home/runner/work/LocalLoop-V0.3/LocalLoop-V0.3/lib/emails/event-cancellation.tsx" coverage threshold for functions (90%) not met: 0%
2025-06-06T11:37:22.6749543Z Jest: "/home/runner/work/LocalLoop-V0.3/LocalLoop-V0.3/lib/emails/event-reminder.tsx" coverage threshold for statements (90%) not met: 0%
2025-06-06T11:37:22.6751238Z Jest: "/home/runner/work/LocalLoop-V0.3/LocalLoop-V0.3/lib/emails/event-reminder.tsx" coverage threshold for branches (85%) not met: 0%
2025-06-06T11:37:22.6753170Z Jest: "/home/runner/work/LocalLoop-V0.3/LocalLoop-V0.3/lib/emails/event-reminder.tsx" coverage threshold for lines (90%) not met: 0%
2025-06-06T11:37:22.6754953Z Jest: "/home/runner/work/LocalLoop-V0.3/LocalLoop-V0.3/lib/emails/event-reminder.tsx" coverage threshold for functions (90%) not met: 0%
2025-06-06T11:37:22.6756746Z Jest: "/home/runner/work/LocalLoop-V0.3/LocalLoop-V0.3/lib/emails/rsvp-cancellation.tsx" coverage threshold for statements (90%) not met: 0%
2025-06-06T11:37:22.6758486Z Jest: "/home/runner/work/LocalLoop-V0.3/LocalLoop-V0.3/lib/emails/rsvp-cancellation.tsx" coverage threshold for branches (85%) not met: 0%
2025-06-06T11:37:22.6760280Z Jest: "/home/runner/work/LocalLoop-V0.3/LocalLoop-V0.3/lib/emails/rsvp-cancellation.tsx" coverage threshold for lines (90%) not met: 0%
2025-06-06T11:37:22.6762269Z Jest: "/home/runner/work/LocalLoop-V0.3/LocalLoop-V0.3/lib/emails/rsvp-cancellation.tsx" coverage threshold for functions (90%) not met: 0%
2025-06-06T11:37:22.6764287Z Jest: "/home/runner/work/LocalLoop-V0.3/LocalLoop-V0.3/lib/emails/rsvp-confirmation.tsx" coverage threshold for statements (90%) not met: 0%
2025-06-06T11:37:22.6766120Z Jest: "/home/runner/work/LocalLoop-V0.3/LocalLoop-V0.3/lib/emails/rsvp-confirmation.tsx" coverage threshold for branches (85%) not met: 0%
2025-06-06T11:37:22.6767899Z Jest: "/home/runner/work/LocalLoop-V0.3/LocalLoop-V0.3/lib/emails/rsvp-confirmation.tsx" coverage threshold for lines (90%) not met: 0%
2025-06-06T11:37:22.6769665Z Jest: "/home/runner/work/LocalLoop-V0.3/LocalLoop-V0.3/lib/emails/rsvp-confirmation.tsx" coverage threshold for functions (90%) not met: 0%
2025-06-06T11:37:22.6771561Z Jest: "/home/runner/work/LocalLoop-V0.3/LocalLoop-V0.3/lib/emails/send-ticket-confirmation.ts" coverage threshold for statements (90%) not met: 0%
2025-06-06T11:37:22.6773707Z Jest: "/home/runner/work/LocalLoop-V0.3/LocalLoop-V0.3/lib/emails/send-ticket-confirmation.ts" coverage threshold for branches (85%) not met: 0%
2025-06-06T11:37:22.6797822Z Jest: "/home/runner/work/LocalLoop-V0.3/LocalLoop-V0.3/lib/emails/send-ticket-confirmation.ts" coverage threshold for lines (90%) not met: 0%
2025-06-06T11:37:22.6800091Z Jest: "/home/runner/work/LocalLoop-V0.3/LocalLoop-V0.3/lib/emails/send-ticket-confirmation.ts" coverage threshold for functions (90%) not met: 0%
2025-06-06T11:37:22.6801880Z Jest: "/home/runner/work/LocalLoop-V0.3/LocalLoop-V0.3/lib/emails/welcome-email.tsx" coverage threshold for statements (90%) not met: 0%
2025-06-06T11:37:22.6803854Z Jest: "/home/runner/work/LocalLoop-V0.3/LocalLoop-V0.3/lib/emails/welcome-email.tsx" coverage threshold for branches (85%) not met: 0%
2025-06-06T11:37:22.6805523Z Jest: "/home/runner/work/LocalLoop-V0.3/LocalLoop-V0.3/lib/emails/welcome-email.tsx" coverage threshold for lines (90%) not met: 0%
2025-06-06T11:37:22.6807193Z Jest: "/home/runner/work/LocalLoop-V0.3/LocalLoop-V0.3/lib/emails/welcome-email.tsx" coverage threshold for functions (90%) not met: 0%
2025-06-06T11:37:22.6808819Z Jest: "/home/runner/work/LocalLoop-V0.3/LocalLoop-V0.3/lib/hooks/useAuth.ts" coverage threshold for statements (90%) not met: 0%
2025-06-06T11:37:22.6810383Z Jest: "/home/runner/work/LocalLoop-V0.3/LocalLoop-V0.3/lib/hooks/useAuth.ts" coverage threshold for branches (85%) not met: 0%
2025-06-06T11:37:22.6811928Z Jest: "/home/runner/work/LocalLoop-V0.3/LocalLoop-V0.3/lib/hooks/useAuth.ts" coverage threshold for lines (90%) not met: 0%
2025-06-06T11:37:22.6813720Z Jest: "/home/runner/work/LocalLoop-V0.3/LocalLoop-V0.3/lib/hooks/useAuth.ts" coverage threshold for functions (90%) not met: 0%
2025-06-06T11:37:22.6815476Z Jest: "/home/runner/work/LocalLoop-V0.3/LocalLoop-V0.3/lib/hooks/useInfiniteScroll.ts" coverage threshold for statements (90%) not met: 0%
2025-06-06T11:37:22.6817235Z Jest: "/home/runner/work/LocalLoop-V0.3/LocalLoop-V0.3/lib/hooks/useInfiniteScroll.ts" coverage threshold for branches (85%) not met: 0%
2025-06-06T11:37:22.6819043Z Jest: "/home/runner/work/LocalLoop-V0.3/LocalLoop-V0.3/lib/hooks/useInfiniteScroll.ts" coverage threshold for lines (90%) not met: 0%
2025-06-06T11:37:22.6820840Z Jest: "/home/runner/work/LocalLoop-V0.3/LocalLoop-V0.3/lib/hooks/useInfiniteScroll.ts" coverage threshold for functions (90%) not met: 0%
2025-06-06T11:37:22.6822824Z Jest: "/home/runner/work/LocalLoop-V0.3/LocalLoop-V0.3/lib/hooks/usePagination.ts" coverage threshold for statements (90%) not met: 0%
2025-06-06T11:37:22.6824596Z Jest: "/home/runner/work/LocalLoop-V0.3/LocalLoop-V0.3/lib/hooks/usePagination.ts" coverage threshold for branches (85%) not met: 0%
2025-06-06T11:37:22.6826316Z Jest: "/home/runner/work/LocalLoop-V0.3/LocalLoop-V0.3/lib/hooks/usePagination.ts" coverage threshold for lines (90%) not met: 0%
2025-06-06T11:37:22.6828015Z Jest: "/home/runner/work/LocalLoop-V0.3/LocalLoop-V0.3/lib/hooks/usePagination.ts" coverage threshold for functions (90%) not met: 0%
2025-06-06T11:37:22.6830074Z Jest: "/home/runner/work/LocalLoop-V0.3/LocalLoop-V0.3/lib/middleware/performance.ts" coverage threshold for statements (90%) not met: 0%
2025-06-06T11:37:22.6831899Z Jest: "/home/runner/work/LocalLoop-V0.3/LocalLoop-V0.3/lib/middleware/performance.ts" coverage threshold for branches (85%) not met: 0%
2025-06-06T11:37:22.6833809Z Jest: "/home/runner/work/LocalLoop-V0.3/LocalLoop-V0.3/lib/middleware/performance.ts" coverage threshold for lines (90%) not met: 0%
2025-06-06T11:37:22.6835590Z Jest: "/home/runner/work/LocalLoop-V0.3/LocalLoop-V0.3/lib/middleware/performance.ts" coverage threshold for functions (90%) not met: 0%
2025-06-06T11:37:22.6837279Z Jest: "/home/runner/work/LocalLoop-V0.3/LocalLoop-V0.3/lib/types/filters.ts" coverage threshold for statements (90%) not met: 0%
2025-06-06T11:37:22.6838937Z Jest: "/home/runner/work/LocalLoop-V0.3/LocalLoop-V0.3/lib/types/filters.ts" coverage threshold for lines (90%) not met: 0%
2025-06-06T11:37:22.6840567Z Jest: "/home/runner/work/LocalLoop-V0.3/LocalLoop-V0.3/lib/types/filters.ts" coverage threshold for functions (90%) not met: 0%
2025-06-06T11:37:22.6842167Z Jest: "/home/runner/work/LocalLoop-V0.3/LocalLoop-V0.3/lib/types/index.ts" coverage threshold for statements (90%) not met: 0%
2025-06-06T11:37:22.6843918Z Jest: "/home/runner/work/LocalLoop-V0.3/LocalLoop-V0.3/lib/types/index.ts" coverage threshold for lines (90%) not met: 0%
2025-06-06T11:37:22.6845617Z Jest: "/home/runner/work/LocalLoop-V0.3/LocalLoop-V0.3/lib/utils/cache.ts" coverage threshold for statements (90%) not met: 0%
2025-06-06T11:37:22.6847131Z Jest: "/home/runner/work/LocalLoop-V0.3/LocalLoop-V0.3/lib/utils/cache.ts" coverage threshold for branches (85%) not met: 0%
2025-06-06T11:37:22.6848620Z Jest: "/home/runner/work/LocalLoop-V0.3/LocalLoop-V0.3/lib/utils/cache.ts" coverage threshold for lines (90%) not met: 0%
2025-06-06T11:37:22.6850117Z Jest: "/home/runner/work/LocalLoop-V0.3/LocalLoop-V0.3/lib/utils/cache.ts" coverage threshold for functions (90%) not met: 0%
2025-06-06T11:37:22.6851734Z Jest: "/home/runner/work/LocalLoop-V0.3/LocalLoop-V0.3/lib/utils/optimization.ts" coverage threshold for statements (90%) not met: 0%
2025-06-06T11:37:22.6853645Z Jest: "/home/runner/work/LocalLoop-V0.3/LocalLoop-V0.3/lib/utils/optimization.ts" coverage threshold for branches (85%) not met: 0%
2025-06-06T11:37:22.6855382Z Jest: "/home/runner/work/LocalLoop-V0.3/LocalLoop-V0.3/lib/utils/optimization.ts" coverage threshold for lines (90%) not met: 0%
2025-06-06T11:37:22.6857099Z Jest: "/home/runner/work/LocalLoop-V0.3/LocalLoop-V0.3/lib/utils/optimization.ts" coverage threshold for functions (90%) not met: 0%
2025-06-06T11:37:22.6858704Z Jest: "/home/runner/work/LocalLoop-V0.3/LocalLoop-V0.3/lib/utils/performance.ts" coverage threshold for statements (90%) not met: 0%
2025-06-06T11:37:22.6860415Z Jest: "/home/runner/work/LocalLoop-V0.3/LocalLoop-V0.3/lib/utils/performance.ts" coverage threshold for branches (85%) not met: 0%
2025-06-06T11:37:22.6862092Z Jest: "/home/runner/work/LocalLoop-V0.3/LocalLoop-V0.3/lib/utils/performance.ts" coverage threshold for lines (90%) not met: 0%
2025-06-06T11:37:22.6863926Z Jest: "/home/runner/work/LocalLoop-V0.3/LocalLoop-V0.3/lib/utils/performance.ts" coverage threshold for functions (90%) not met: 0%
2025-06-06T11:37:22.6865898Z Jest: "/home/runner/work/LocalLoop-V0.3/LocalLoop-V0.3/lib/emails/templates/RefundConfirmationEmail.tsx" coverage threshold for statements (90%) not met: 0%
2025-06-06T11:37:22.6868092Z Jest: "/home/runner/work/LocalLoop-V0.3/LocalLoop-V0.3/lib/emails/templates/RefundConfirmationEmail.tsx" coverage threshold for branches (85%) not met: 0%
2025-06-06T11:37:22.6870140Z Jest: "/home/runner/work/LocalLoop-V0.3/LocalLoop-V0.3/lib/emails/templates/RefundConfirmationEmail.tsx" coverage threshold for lines (90%) not met: 0%
2025-06-06T11:37:22.6872277Z Jest: "/home/runner/work/LocalLoop-V0.3/LocalLoop-V0.3/lib/emails/templates/RefundConfirmationEmail.tsx" coverage threshold for functions (90%) not met: 0%
2025-06-06T11:37:22.6874737Z Jest: "/home/runner/work/LocalLoop-V0.3/LocalLoop-V0.3/lib/emails/templates/TicketConfirmationEmail.tsx" coverage threshold for statements (90%) not met: 0%
2025-06-06T11:37:22.6876805Z Jest: "/home/runner/work/LocalLoop-V0.3/LocalLoop-V0.3/lib/emails/templates/TicketConfirmationEmail.tsx" coverage threshold for branches (85%) not met: 0%
2025-06-06T11:37:22.6878839Z Jest: "/home/runner/work/LocalLoop-V0.3/LocalLoop-V0.3/lib/emails/templates/TicketConfirmationEmail.tsx" coverage threshold for lines (90%) not met: 0%
2025-06-06T11:37:22.6880870Z Jest: "/home/runner/work/LocalLoop-V0.3/LocalLoop-V0.3/lib/emails/templates/TicketConfirmationEmail.tsx" coverage threshold for functions (90%) not met: 0%
2025-06-06T11:37:22.6882047Z Test Suites: 7 passed, 7 total
2025-06-06T11:37:22.6882727Z Tests:       125 passed, 125 total
2025-06-06T11:37:22.6883137Z Snapshots:   0 total
2025-06-06T11:37:22.6883477Z Time:        10.45 s
2025-06-06T11:37:22.6883799Z Ran all test suites.
2025-06-06T11:37:22.6920421Z 📊 Test reports generated in /home/runner/work/LocalLoop-V0.3/LocalLoop-V0.3/reports
2025-06-06T11:37:22.6921387Z 📈 Coverage: 4%
2025-06-06T11:37:22.6921926Z ⏱️  Total runtime: 2.70s
2025-06-06T11:37:22.7885807Z ##[error]Process completed with exit code 1.
2025-06-06T11:37:22.7982920Z Post job cleanup.
2025-06-06T11:37:22.8936619Z [command]/usr/bin/git version
2025-06-06T11:37:22.8977240Z git version 2.49.0
2025-06-06T11:37:22.9024646Z Temporarily overriding HOME='/home/runner/work/_temp/ca98f7a1-a9ec-41cb-93f9-2526e6a90b8c' before making global git config changes
2025-06-06T11:37:22.9026626Z Adding repository directory to the temporary git global config as a safe directory
2025-06-06T11:37:22.9030764Z [command]/usr/bin/git config --global --add safe.directory /home/runner/work/LocalLoop-V0.3/LocalLoop-V0.3
2025-06-06T11:37:22.9075763Z [command]/usr/bin/git config --local --name-only --get-regexp core\.sshCommand
2025-06-06T11:37:22.9111824Z [command]/usr/bin/git submodule foreach --recursive sh -c "git config --local --name-only --get-regexp 'core\.sshCommand' && git config --local --unset-all 'core.sshCommand' || :"
2025-06-06T11:37:22.9353431Z [command]/usr/bin/git config --local --name-only --get-regexp http\.https\:\/\/github\.com\/\.extraheader
2025-06-06T11:37:22.9377446Z http.https://github.com/.extraheader
2025-06-06T11:37:22.9393067Z [command]/usr/bin/git config --local --unset-all http.https://github.com/.extraheader
2025-06-06T11:37:22.9430066Z [command]/usr/bin/git submodule foreach --recursive sh -c "git config --local --name-only --get-regexp 'http\.https\:\/\/github\.com\/\.extraheader' && git config --local --unset-all 'http.https://github.com/.extraheader' || :"
2025-06-06T11:37:22.9767188Z Cleaning up orphan processes
