2025-06-09T21:12:05.5663194Z Current runner version: '2.325.0'
2025-06-09T21:12:05.5688117Z ##[group]Runner Image Provisioner
2025-06-09T21:12:05.5689114Z Hosted Compute Agent
2025-06-09T21:12:05.5689672Z Version: 20250508.323
2025-06-09T21:12:05.5690284Z Commit: 81b259f29879f73b4213d199e42d8c3465dae986
2025-06-09T21:12:05.5691011Z Build Date: 2025-05-08T19:40:08Z
2025-06-09T21:12:05.5691602Z ##[endgroup]
2025-06-09T21:12:05.5692206Z ##[group]Operating System
2025-06-09T21:12:05.5692799Z Ubuntu
2025-06-09T21:12:05.5693245Z 24.04.2
2025-06-09T21:12:05.5693709Z LTS
2025-06-09T21:12:05.5694209Z ##[endgroup]
2025-06-09T21:12:05.5695036Z ##[group]Runner Image
2025-06-09T21:12:05.5695673Z Image: ubuntu-24.04
2025-06-09T21:12:05.5696237Z Version: 20250511.1.0
2025-06-09T21:12:05.5697302Z Included Software: https://github.com/actions/runner-images/blob/ubuntu24/20250511.1/images/ubuntu/Ubuntu2404-Readme.md
2025-06-09T21:12:05.5698802Z Image Release: https://github.com/actions/runner-images/releases/tag/ubuntu24%2F20250511.1
2025-06-09T21:12:05.5699878Z ##[endgroup]
2025-06-09T21:12:05.5701236Z ##[group]GITHUB_TOKEN Permissions
2025-06-09T21:12:05.5703415Z Contents: read
2025-06-09T21:12:05.5703977Z Deployments: write
2025-06-09T21:12:05.5704680Z Issues: write
2025-06-09T21:12:05.5705221Z Metadata: read
2025-06-09T21:12:05.5705739Z PullRequests: write
2025-06-09T21:12:05.5706279Z ##[endgroup]
2025-06-09T21:12:05.5708751Z Secret source: Actions
2025-06-09T21:12:05.5709862Z Prepare workflow directory
2025-06-09T21:12:05.6109099Z Prepare all required actions
2025-06-09T21:12:05.6147929Z Getting action download info
2025-06-09T21:12:05.9121378Z ##[group]Download immutable action package 'actions/checkout@v4'
2025-06-09T21:12:05.9122362Z Version: 4.2.2
2025-06-09T21:12:05.9123343Z Digest: sha256:ccb2698953eaebd21c7bf6268a94f9c26518a7e38e27e0b83c1fe1ad049819b1
2025-06-09T21:12:05.9124833Z Source commit SHA: 11bd71901bbe5b1630ceea73d27597364c9af683
2025-06-09T21:12:05.9125536Z ##[endgroup]
2025-06-09T21:12:05.9797399Z ##[group]Download immutable action package 'actions/setup-node@v4'
2025-06-09T21:12:05.9798223Z Version: 4.4.0
2025-06-09T21:12:05.9799079Z Digest: sha256:9427cefe82346e992fb5b949e3569b39d537ae41aa3086483b14eceebfc16bc1
2025-06-09T21:12:05.9800035Z Source commit SHA: 49933ea5288caeca8642d1e84afbd3f7d6820020
2025-06-09T21:12:05.9800701Z ##[endgroup]
2025-06-09T21:12:06.0730705Z ##[group]Download immutable action package 'actions/upload-artifact@v4'
2025-06-09T21:12:06.0731498Z Version: 4.6.2
2025-06-09T21:12:06.0732763Z Digest: sha256:290722aa3281d5caf23d0acdc3dbeb3424786a1a01a9cc97e72f147225e37c38
2025-06-09T21:12:06.0734711Z Source commit SHA: ea165f8d65b6e75b540449e92b4886f43607fa02
2025-06-09T21:12:06.0735656Z ##[endgroup]
2025-06-09T21:12:06.3096197Z Complete job name: 🎭 E2E Tests
2025-06-09T21:12:06.3767657Z ##[group]Run actions/checkout@v4
2025-06-09T21:12:06.3768511Z with:
2025-06-09T21:12:06.3768920Z   repository: JacksonR64/LocalLoop
2025-06-09T21:12:06.3769606Z   token: ***
2025-06-09T21:12:06.3769983Z   ssh-strict: true
2025-06-09T21:12:06.3770405Z   ssh-user: git
2025-06-09T21:12:06.3770812Z   persist-credentials: true
2025-06-09T21:12:06.3771268Z   clean: true
2025-06-09T21:12:06.3771680Z   sparse-checkout-cone-mode: true
2025-06-09T21:12:06.3772164Z   fetch-depth: 1
2025-06-09T21:12:06.3772550Z   fetch-tags: false
2025-06-09T21:12:06.3772946Z   show-progress: true
2025-06-09T21:12:06.3773351Z   lfs: false
2025-06-09T21:12:06.3773715Z   submodules: false
2025-06-09T21:12:06.3774126Z   set-safe-directory: true
2025-06-09T21:12:06.3775192Z env:
2025-06-09T21:12:06.3775583Z   NODE_VERSION: 18
2025-06-09T21:12:06.3775982Z ##[endgroup]
2025-06-09T21:12:06.4836996Z Syncing repository: JacksonR64/LocalLoop
2025-06-09T21:12:06.4838914Z ##[group]Getting Git version info
2025-06-09T21:12:06.4839859Z Working directory is '/home/runner/work/LocalLoop/LocalLoop'
2025-06-09T21:12:06.4840916Z [command]/usr/bin/git version
2025-06-09T21:12:06.4869246Z git version 2.49.0
2025-06-09T21:12:06.4895095Z ##[endgroup]
2025-06-09T21:12:06.4909288Z Temporarily overriding HOME='/home/runner/work/_temp/665fd16f-8a86-4861-9bb6-8d702c455e76' before making global git config changes
2025-06-09T21:12:06.4910961Z Adding repository directory to the temporary git global config as a safe directory
2025-06-09T21:12:06.4922418Z [command]/usr/bin/git config --global --add safe.directory /home/runner/work/LocalLoop/LocalLoop
2025-06-09T21:12:06.4957177Z Deleting the contents of '/home/runner/work/LocalLoop/LocalLoop'
2025-06-09T21:12:06.4960484Z ##[group]Initializing the repository
2025-06-09T21:12:06.4964712Z [command]/usr/bin/git init /home/runner/work/LocalLoop/LocalLoop
2025-06-09T21:12:06.5024702Z hint: Using 'master' as the name for the initial branch. This default branch name
2025-06-09T21:12:06.5026033Z hint: is subject to change. To configure the initial branch name to use in all
2025-06-09T21:12:06.5027731Z hint: of your new repositories, which will suppress this warning, call:
2025-06-09T21:12:06.5028517Z hint:
2025-06-09T21:12:06.5029360Z hint: 	git config --global init.defaultBranch <name>
2025-06-09T21:12:06.5030422Z hint:
2025-06-09T21:12:06.5031432Z hint: Names commonly chosen instead of 'master' are 'main', 'trunk' and
2025-06-09T21:12:06.5033067Z hint: 'development'. The just-created branch can be renamed via this command:
2025-06-09T21:12:06.5034663Z hint:
2025-06-09T21:12:06.5035368Z hint: 	git branch -m <name>
2025-06-09T21:12:06.5036584Z Initialized empty Git repository in /home/runner/work/LocalLoop/LocalLoop/.git/
2025-06-09T21:12:06.5041491Z [command]/usr/bin/git remote add origin https://github.com/JacksonR64/LocalLoop
2025-06-09T21:12:06.5072963Z ##[endgroup]
2025-06-09T21:12:06.5074161Z ##[group]Disabling automatic garbage collection
2025-06-09T21:12:06.5078102Z [command]/usr/bin/git config --local gc.auto 0
2025-06-09T21:12:06.5107291Z ##[endgroup]
2025-06-09T21:12:06.5108483Z ##[group]Setting up auth
2025-06-09T21:12:06.5115042Z [command]/usr/bin/git config --local --name-only --get-regexp core\.sshCommand
2025-06-09T21:12:06.5145757Z [command]/usr/bin/git submodule foreach --recursive sh -c "git config --local --name-only --get-regexp 'core\.sshCommand' && git config --local --unset-all 'core.sshCommand' || :"
2025-06-09T21:12:06.5421545Z [command]/usr/bin/git config --local --name-only --get-regexp http\.https\:\/\/github\.com\/\.extraheader
2025-06-09T21:12:06.5458763Z [command]/usr/bin/git submodule foreach --recursive sh -c "git config --local --name-only --get-regexp 'http\.https\:\/\/github\.com\/\.extraheader' && git config --local --unset-all 'http.https://github.com/.extraheader' || :"
2025-06-09T21:12:06.5693329Z [command]/usr/bin/git config --local http.https://github.com/.extraheader AUTHORIZATION: basic ***
2025-06-09T21:12:06.5732292Z ##[endgroup]
2025-06-09T21:12:06.5733470Z ##[group]Fetching the repository
2025-06-09T21:12:06.5756360Z [command]/usr/bin/git -c protocol.version=2 fetch --no-tags --prune --no-recurse-submodules --depth=1 origin +eabf9e705d9517af96e4f7a3d5a76917308efd69:refs/remotes/origin/main
2025-06-09T21:12:07.3983402Z From https://github.com/JacksonR64/LocalLoop
2025-06-09T21:12:07.3985716Z  * [new ref]         eabf9e705d9517af96e4f7a3d5a76917308efd69 -> origin/main
2025-06-09T21:12:07.4010599Z ##[endgroup]
2025-06-09T21:12:07.4011885Z ##[group]Determining the checkout info
2025-06-09T21:12:07.4013423Z ##[endgroup]
2025-06-09T21:12:07.4018900Z [command]/usr/bin/git sparse-checkout disable
2025-06-09T21:12:07.4059501Z [command]/usr/bin/git config --local --unset-all extensions.worktreeConfig
2025-06-09T21:12:07.4089080Z ##[group]Checking out the ref
2025-06-09T21:12:07.4093492Z [command]/usr/bin/git checkout --progress --force -B main refs/remotes/origin/main
2025-06-09T21:12:07.4756287Z Switched to a new branch 'main'
2025-06-09T21:12:07.4757627Z branch 'main' set up to track 'origin/main'.
2025-06-09T21:12:07.4768009Z ##[endgroup]
2025-06-09T21:12:07.4806969Z [command]/usr/bin/git log -1 --format=%H
2025-06-09T21:12:07.4829291Z eabf9e705d9517af96e4f7a3d5a76917308efd69
2025-06-09T21:12:07.5122185Z ##[group]Run actions/setup-node@v4
2025-06-09T21:12:07.5123549Z with:
2025-06-09T21:12:07.5124577Z   node-version: 18
2025-06-09T21:12:07.5125472Z   cache: npm
2025-06-09T21:12:07.5126323Z   always-auth: false
2025-06-09T21:12:07.5127255Z   check-latest: false
2025-06-09T21:12:07.5128461Z   token: ***
2025-06-09T21:12:07.5129298Z env:
2025-06-09T21:12:07.5130086Z   NODE_VERSION: 18
2025-06-09T21:12:07.5130954Z ##[endgroup]
2025-06-09T21:12:07.6884969Z Found in cache @ /opt/hostedtoolcache/node/18.20.8/x64
2025-06-09T21:12:07.6891061Z ##[group]Environment details
2025-06-09T21:12:09.5461134Z node: v18.20.8
2025-06-09T21:12:09.5462254Z npm: 10.8.2
2025-06-09T21:12:09.5462497Z yarn: 1.22.22
2025-06-09T21:12:09.5463490Z ##[endgroup]
2025-06-09T21:12:09.5486865Z [command]/opt/hostedtoolcache/node/18.20.8/x64/bin/npm config get cache
2025-06-09T21:12:09.8689192Z /home/runner/.npm
2025-06-09T21:12:09.9622364Z Cache hit for: node-cache-Linux-x64-npm-c12c6ac637b018150c9ab8486a2ab8d5c875f0013e7356ae5e08bc546e10a4bd
2025-06-09T21:12:11.0114916Z Received 202515877 of 202515877 (100.0%), 193.5 MBs/sec
2025-06-09T21:12:11.0121579Z Cache Size: ~193 MB (202515877 B)
2025-06-09T21:12:11.0184853Z [command]/usr/bin/tar -xf /home/runner/work/_temp/5bbe2bed-def2-4ed3-9d8d-dc6ec4118607/cache.tzst -P -C /home/runner/work/LocalLoop/LocalLoop --use-compress-program unzstd
2025-06-09T21:12:11.3827466Z Cache restored successfully
2025-06-09T21:12:11.4228079Z Cache restored from key: node-cache-Linux-x64-npm-c12c6ac637b018150c9ab8486a2ab8d5c875f0013e7356ae5e08bc546e10a4bd
2025-06-09T21:12:11.4401119Z ##[group]Run npm ci --legacy-peer-deps
2025-06-09T21:12:11.4401510Z [36;1mnpm ci --legacy-peer-deps[0m
2025-06-09T21:12:11.4556720Z shell: /usr/bin/bash -e {0}
2025-06-09T21:12:11.4557025Z env:
2025-06-09T21:12:11.4557205Z   NODE_VERSION: 18
2025-06-09T21:12:11.4557409Z ##[endgroup]
2025-06-09T21:12:17.6360489Z npm warn deprecated inflight@1.0.6: This module is not supported, and leaks memory. Do not use it. Check out lru-cache if you want a good and tested way to coalesce async requests by a key value, which is much more comprehensive and powerful.
2025-06-09T21:12:17.8527640Z npm warn deprecated abab@2.0.6: Use your platform's native atob() and btoa() methods instead
2025-06-09T21:12:17.9521693Z npm warn deprecated glob@7.2.3: Glob versions prior to v9 are no longer supported
2025-06-09T21:12:18.0338289Z npm warn deprecated domexception@4.0.0: Use your platform's native DOMException instead
2025-06-09T21:12:26.4377970Z 
2025-06-09T21:12:26.4379689Z > localloop@0.1.0 prepare
2025-06-09T21:12:26.4380294Z > husky install
2025-06-09T21:12:26.4380492Z 
2025-06-09T21:12:26.5074328Z husky - install command is DEPRECATED
2025-06-09T21:12:26.5315638Z 
2025-06-09T21:12:26.5316893Z added 822 packages, and audited 823 packages in 15s
2025-06-09T21:12:26.5317392Z 
2025-06-09T21:12:26.5317738Z 184 packages are looking for funding
2025-06-09T21:12:26.5318252Z   run `npm fund` for details
2025-06-09T21:12:26.5331671Z 
2025-06-09T21:12:26.5331989Z found 0 vulnerabilities
2025-06-09T21:12:26.6182671Z ##[group]Run npx playwright install --with-deps chromium webkit firefox
2025-06-09T21:12:26.6183204Z [36;1mnpx playwright install --with-deps chromium webkit firefox[0m
2025-06-09T21:12:26.6236063Z shell: /usr/bin/bash -e {0}
2025-06-09T21:12:26.6236304Z env:
2025-06-09T21:12:26.6236489Z   NODE_VERSION: 18
2025-06-09T21:12:26.6236685Z ##[endgroup]
2025-06-09T21:12:27.5330574Z Installing dependencies...
2025-06-09T21:12:27.5395143Z Switching to root user to install dependencies...
2025-06-09T21:12:27.6098751Z Get:1 file:/etc/apt/apt-mirrors.txt Mirrorlist [144 B]
2025-06-09T21:12:27.6441354Z Hit:2 http://azure.archive.ubuntu.com/ubuntu noble InRelease
2025-06-09T21:12:27.6456848Z Get:3 http://azure.archive.ubuntu.com/ubuntu noble-updates InRelease [126 kB]
2025-06-09T21:12:27.6539524Z Get:4 http://azure.archive.ubuntu.com/ubuntu noble-backports InRelease [126 kB]
2025-06-09T21:12:27.6590078Z Get:5 http://azure.archive.ubuntu.com/ubuntu noble-security InRelease [126 kB]
2025-06-09T21:12:27.6652402Z Get:6 https://packages.microsoft.com/repos/azure-cli noble InRelease [3564 B]
2025-06-09T21:12:27.6682359Z Get:7 https://packages.microsoft.com/ubuntu/24.04/prod noble InRelease [3600 B]
2025-06-09T21:12:27.7851986Z Get:8 http://azure.archive.ubuntu.com/ubuntu noble-updates/main amd64 Packages [1118 kB]
2025-06-09T21:12:27.7991296Z Get:9 http://azure.archive.ubuntu.com/ubuntu noble-updates/main Translation-en [238 kB]
2025-06-09T21:12:27.8017567Z Get:10 http://azure.archive.ubuntu.com/ubuntu noble-updates/main amd64 Components [161 kB]
2025-06-09T21:12:27.8041981Z Get:11 http://azure.archive.ubuntu.com/ubuntu noble-updates/universe amd64 Packages [1078 kB]
2025-06-09T21:12:27.8107848Z Get:12 http://azure.archive.ubuntu.com/ubuntu noble-updates/universe Translation-en [274 kB]
2025-06-09T21:12:27.8136933Z Get:13 http://azure.archive.ubuntu.com/ubuntu noble-updates/universe amd64 Components [376 kB]
2025-06-09T21:12:27.8171251Z Get:14 http://azure.archive.ubuntu.com/ubuntu noble-updates/restricted amd64 Packages [1179 kB]
2025-06-09T21:12:27.8274644Z Get:15 http://azure.archive.ubuntu.com/ubuntu noble-updates/restricted Translation-en [245 kB]
2025-06-09T21:12:27.8298152Z Get:16 http://azure.archive.ubuntu.com/ubuntu noble-updates/restricted amd64 Components [212 B]
2025-06-09T21:12:27.8311763Z Get:17 http://azure.archive.ubuntu.com/ubuntu noble-updates/multiverse amd64 Components [940 B]
2025-06-09T21:12:27.8941962Z Get:18 http://azure.archive.ubuntu.com/ubuntu noble-backports/main amd64 Packages [39.2 kB]
2025-06-09T21:12:27.8961174Z Get:19 http://azure.archive.ubuntu.com/ubuntu noble-backports/main amd64 Components [7076 B]
2025-06-09T21:12:27.8976533Z Get:20 http://azure.archive.ubuntu.com/ubuntu noble-backports/universe amd64 Packages [27.1 kB]
2025-06-09T21:12:27.8995642Z Get:21 http://azure.archive.ubuntu.com/ubuntu noble-backports/universe amd64 Components [16.3 kB]
2025-06-09T21:12:27.9018637Z Get:22 http://azure.archive.ubuntu.com/ubuntu noble-backports/restricted amd64 Components [216 B]
2025-06-09T21:12:27.9029949Z Get:23 http://azure.archive.ubuntu.com/ubuntu noble-backports/multiverse amd64 Components [212 B]
2025-06-09T21:12:27.9044725Z Get:24 http://azure.archive.ubuntu.com/ubuntu noble-security/main amd64 Packages [868 kB]
2025-06-09T21:12:27.9102006Z Get:25 http://azure.archive.ubuntu.com/ubuntu noble-security/main Translation-en [160 kB]
2025-06-09T21:12:27.9127325Z Get:26 http://azure.archive.ubuntu.com/ubuntu noble-security/main amd64 Components [21.5 kB]
2025-06-09T21:12:27.9144947Z Get:27 http://azure.archive.ubuntu.com/ubuntu noble-security/universe amd64 Packages [849 kB]
2025-06-09T21:12:27.9212006Z Get:28 http://azure.archive.ubuntu.com/ubuntu noble-security/universe Translation-en [187 kB]
2025-06-09T21:12:27.9241333Z Get:29 http://azure.archive.ubuntu.com/ubuntu noble-security/universe amd64 Components [52.2 kB]
2025-06-09T21:12:27.9257379Z Get:30 http://azure.archive.ubuntu.com/ubuntu noble-security/restricted amd64 Packages [1138 kB]
2025-06-09T21:12:27.9337930Z Get:31 http://azure.archive.ubuntu.com/ubuntu noble-security/restricted Translation-en [236 kB]
2025-06-09T21:12:27.9491950Z Get:34 https://packages.microsoft.com/repos/azure-cli noble/main amd64 Packages [1377 B]
2025-06-09T21:12:27.9806946Z Get:32 http://azure.archive.ubuntu.com/ubuntu noble-security/restricted amd64 Components [212 B]
2025-06-09T21:12:27.9821205Z Get:33 http://azure.archive.ubuntu.com/ubuntu noble-security/multiverse amd64 Components [212 B]
2025-06-09T21:12:27.9983727Z Get:35 https://packages.microsoft.com/ubuntu/24.04/prod noble/main armhf Packages [8488 B]
2025-06-09T21:12:28.0029081Z Get:36 https://packages.microsoft.com/ubuntu/24.04/prod noble/main amd64 Packages [33.8 kB]
2025-06-09T21:12:28.0060704Z Get:37 https://packages.microsoft.com/ubuntu/24.04/prod noble/main arm64 Packages [21.0 kB]
2025-06-09T21:12:32.8233316Z Fetched 8722 kB in 1s (8171 kB/s)
2025-06-09T21:12:33.4982210Z Reading package lists...
2025-06-09T21:12:33.5232657Z Reading package lists...
2025-06-09T21:12:33.7144336Z Building dependency tree...
2025-06-09T21:12:33.7152930Z Reading state information...
2025-06-09T21:12:33.7375031Z libasound2t64 is already the newest version (1.2.11-1build2).
2025-06-09T21:12:33.7375798Z libasound2t64 set to manually installed.
2025-06-09T21:12:33.7376589Z libatk-bridge2.0-0t64 is already the newest version (2.52.0-1build1).
2025-06-09T21:12:33.7377354Z libatk-bridge2.0-0t64 set to manually installed.
2025-06-09T21:12:33.7378085Z libatk1.0-0t64 is already the newest version (2.52.0-1build1).
2025-06-09T21:12:33.7378750Z libatk1.0-0t64 set to manually installed.
2025-06-09T21:12:33.7379453Z libatspi2.0-0t64 is already the newest version (2.52.0-1build1).
2025-06-09T21:12:33.7380141Z libatspi2.0-0t64 set to manually installed.
2025-06-09T21:12:33.7380889Z libcairo2 is already the newest version (1.18.0-3build1).
2025-06-09T21:12:33.7381516Z libcairo2 set to manually installed.
2025-06-09T21:12:33.7382214Z libcups2t64 is already the newest version (2.4.7-1.2ubuntu7.3).
2025-06-09T21:12:33.7382906Z libcups2t64 set to manually installed.
2025-06-09T21:12:33.7383558Z libdbus-1-3 is already the newest version (1.14.10-4ubuntu4.1).
2025-06-09T21:12:33.7384172Z libdbus-1-3 set to manually installed.
2025-06-09T21:12:33.7385028Z libdrm2 is already the newest version (2.4.122-1~ubuntu0.24.04.1).
2025-06-09T21:12:33.7385631Z libdrm2 set to manually installed.
2025-06-09T21:12:33.7386252Z libgbm1 is already the newest version (24.2.8-1ubuntu1~24.04.1).
2025-06-09T21:12:33.7386841Z libgbm1 set to manually installed.
2025-06-09T21:12:33.7387449Z libnspr4 is already the newest version (2:4.35-1.1build1).
2025-06-09T21:12:33.7388026Z libnspr4 set to manually installed.
2025-06-09T21:12:33.7388590Z libnss3 is already the newest version (2:3.98-1build1).
2025-06-09T21:12:33.7389130Z libnss3 set to manually installed.
2025-06-09T21:12:33.7389747Z libpango-1.0-0 is already the newest version (1.52.1+ds-1build1).
2025-06-09T21:12:33.7390361Z libpango-1.0-0 set to manually installed.
2025-06-09T21:12:33.7390979Z libx11-6 is already the newest version (2:1.8.7-1build1).
2025-06-09T21:12:33.7391535Z libx11-6 set to manually installed.
2025-06-09T21:12:33.7392083Z libxcb1 is already the newest version (1.15-1ubuntu2).
2025-06-09T21:12:33.7392618Z libxcb1 set to manually installed.
2025-06-09T21:12:33.7393247Z libxcomposite1 is already the newest version (1:0.4.5-1build3).
2025-06-09T21:12:33.7393883Z libxcomposite1 set to manually installed.
2025-06-09T21:12:33.7394722Z libxdamage1 is already the newest version (1:1.1.6-1build1).
2025-06-09T21:12:33.7395321Z libxdamage1 set to manually installed.
2025-06-09T21:12:33.7395922Z libxext6 is already the newest version (2:1.3.4-1build2).
2025-06-09T21:12:33.7396484Z libxext6 set to manually installed.
2025-06-09T21:12:33.7397084Z libxfixes3 is already the newest version (1:6.0.0-2build1).
2025-06-09T21:12:33.7397669Z libxfixes3 set to manually installed.
2025-06-09T21:12:33.7398288Z libxkbcommon0 is already the newest version (1.6.0-1build1).
2025-06-09T21:12:33.7399339Z libxkbcommon0 set to manually installed.
2025-06-09T21:12:33.7399996Z libxrandr2 is already the newest version (2:1.5.2-2build1).
2025-06-09T21:12:33.7400584Z libxrandr2 set to manually installed.
2025-06-09T21:12:33.7401187Z xvfb is already the newest version (2:21.1.12-1ubuntu1.3).
2025-06-09T21:12:33.7402016Z fonts-noto-color-emoji is already the newest version (2.047-0ubuntu0.24.04.1).
2025-06-09T21:12:33.7402885Z libfontconfig1 is already the newest version (2.15.0-1.1ubuntu2).
2025-06-09T21:12:33.7403535Z libfontconfig1 set to manually installed.
2025-06-09T21:12:33.7404220Z libfreetype6 is already the newest version (2.13.2+dfsg-1build3).
2025-06-09T21:12:33.7405011Z libfreetype6 set to manually installed.
2025-06-09T21:12:33.7405656Z fonts-liberation is already the newest version (1:2.1.5-3).
2025-06-09T21:12:33.7406292Z fonts-liberation set to manually installed.
2025-06-09T21:12:33.7406934Z libicu74 is already the newest version (74.2-1ubuntu3.1).
2025-06-09T21:12:33.7407514Z libicu74 set to manually installed.
2025-06-09T21:12:33.7408344Z libatomic1 is already the newest version (14.2.0-4ubuntu2~24.04).
2025-06-09T21:12:33.7408961Z libatomic1 set to manually installed.
2025-06-09T21:12:33.7409635Z libcairo-gobject2 is already the newest version (1.18.0-3build1).
2025-06-09T21:12:33.7410364Z libcairo-gobject2 set to manually installed.
2025-06-09T21:12:33.7411041Z libenchant-2-2 is already the newest version (2.3.3-2build2).
2025-06-09T21:12:33.7411668Z libenchant-2-2 set to manually installed.
2025-06-09T21:12:33.7412314Z libepoxy0 is already the newest version (1.5.10-1build1).
2025-06-09T21:12:33.7412898Z libepoxy0 set to manually installed.
2025-06-09T21:12:33.7413634Z libgdk-pixbuf-2.0-0 is already the newest version (2.42.10+dfsg-3ubuntu3.1).
2025-06-09T21:12:33.7414345Z libgdk-pixbuf-2.0-0 set to manually installed.
2025-06-09T21:12:33.7415202Z libgstreamer1.0-0 is already the newest version (1.24.2-1ubuntu0.1).
2025-06-09T21:12:33.7415792Z libgstreamer1.0-0 set to manually installed.
2025-06-09T21:12:33.7416372Z libharfbuzz0b is already the newest version (8.3.0-2build2).
2025-06-09T21:12:33.7416976Z libharfbuzz0b set to manually installed.
2025-06-09T21:12:33.7417674Z libjpeg-turbo8 is already the newest version (2.1.5-2ubuntu2).
2025-06-09T21:12:33.7418252Z libjpeg-turbo8 set to manually installed.
2025-06-09T21:12:33.7418792Z liblcms2-2 is already the newest version (2.14-2build1).
2025-06-09T21:12:33.7419299Z liblcms2-2 set to manually installed.
2025-06-09T21:12:33.7419905Z libpangocairo-1.0-0 is already the newest version (1.52.1+ds-1build1).
2025-06-09T21:12:33.7420510Z libpangocairo-1.0-0 set to manually installed.
2025-06-09T21:12:33.7421080Z libpng16-16t64 is already the newest version (1.6.43-5build1).
2025-06-09T21:12:33.7421615Z libpng16-16t64 set to manually installed.
2025-06-09T21:12:33.7422207Z libwayland-client0 is already the newest version (1.22.0-2.1build1).
2025-06-09T21:12:33.7422789Z libwayland-client0 set to manually installed.
2025-06-09T21:12:33.7423410Z libwayland-egl1 is already the newest version (1.22.0-2.1build1).
2025-06-09T21:12:33.7423970Z libwayland-egl1 set to manually installed.
2025-06-09T21:12:33.7424734Z libwayland-server0 is already the newest version (1.22.0-2.1build1).
2025-06-09T21:12:33.7425324Z libwayland-server0 set to manually installed.
2025-06-09T21:12:33.8936272Z libwebp7 is already the newest version (1.3.2-0.4build3).
2025-06-09T21:12:33.8936978Z libwebp7 set to manually installed.
2025-06-09T21:12:33.8937676Z libwebpdemux2 is already the newest version (1.3.2-0.4build3).
2025-06-09T21:12:33.8938344Z libwebpdemux2 set to manually installed.
2025-06-09T21:12:33.8939073Z libxml2 is already the newest version (2.9.14+dfsg-1.3ubuntu3.3).
2025-06-09T21:12:33.8939790Z libxml2 set to manually installed.
2025-06-09T21:12:33.8940589Z libxslt1.1 is already the newest version (1.1.39-0exp1ubuntu0.24.04.2).
2025-06-09T21:12:33.8941286Z libxslt1.1 set to manually installed.
2025-06-09T21:12:33.8941971Z libgtk-3-0t64 is already the newest version (3.24.41-4ubuntu1.3).
2025-06-09T21:12:33.8943084Z libgtk-3-0t64 set to manually installed.
2025-06-09T21:12:33.8943755Z libx11-xcb1 is already the newest version (2:1.8.7-1build1).
2025-06-09T21:12:33.8944370Z libx11-xcb1 set to manually installed.
2025-06-09T21:12:33.8945253Z libxcb-shm0 is already the newest version (1.15-1ubuntu2).
2025-06-09T21:12:33.8945902Z libxcb-shm0 set to manually installed.
2025-06-09T21:12:33.8946570Z libxcursor1 is already the newest version (1:1.2.1-1build1).
2025-06-09T21:12:33.8947172Z libxcursor1 set to manually installed.
2025-06-09T21:12:33.8947761Z libxi6 is already the newest version (2:1.8.1-1build1).
2025-06-09T21:12:33.8948338Z libxi6 set to manually installed.
2025-06-09T21:12:33.8948956Z libxrender1 is already the newest version (1:0.9.10-1.1build1).
2025-06-09T21:12:33.8949564Z libxrender1 set to manually installed.
2025-06-09T21:12:33.8950248Z The following additional packages will be installed:
2025-06-09T21:12:33.8950979Z   gir1.2-glib-2.0 glib-networking glib-networking-common
2025-06-09T21:12:33.8951786Z   glib-networking-services gsettings-desktop-schemas libaa1 libabsl20220623t64
2025-06-09T21:12:33.8952984Z   libass9 libasyncns0 libavc1394-0 libavcodec60 libavfilter9 libavformat60
2025-06-09T21:12:33.8953755Z   libavtp0 libavutil58 libblas3 libbluray2 libbs2b0 libcaca0
2025-06-09T21:12:33.8954690Z   libcairo-script-interpreter2 libcdparanoia0 libchromaprint1 libcjson1
2025-06-09T21:12:33.8955420Z   libcodec2-1.2 libdav1d7 libdc1394-25 libdca0 libdecor-0-0
2025-06-09T21:12:33.8956036Z   libdirectfb-1.7-7t64 libdv4t64 libdvdnav4 libdvdread8t64 libegl-mesa0
2025-06-09T21:12:33.8956742Z   libegl1 libfaad2 libflac12t64 libfluidsynth3 libfreeaptx0 libgav1-1
2025-06-09T21:12:33.8957223Z   libglib2.0-bin libglib2.0-data libgme0 libgraphene-1.0-0 libgsm1
2025-06-09T21:12:33.8957732Z   libgssdp-1.6-0 libgstreamer-plugins-good1.0-0 libgtk-4-common libgupnp-1.6-0
2025-06-09T21:12:33.8958227Z   libgupnp-igd-1.6-0 libhwy1t64 libiec61883-0 libimath-3-1-29t64
2025-06-09T21:12:33.8958850Z   libinstpatch-1.0-2 libjack-jackd2-0 libjxl0.7 liblapack3 liblc3-1
2025-06-09T21:12:33.8959377Z   libldacbt-enc2 liblilv-0-0 liblrdf0 libltc11 libmbedcrypto7t64 libmfx1
2025-06-09T21:12:33.8959825Z   libmjpegutils-2.1-0t64 libmodplug1 libmp3lame0 libmpcdec6
2025-06-09T21:12:33.8960261Z   libmpeg2encpp-2.1-0t64 libmpg123-0t64 libmplex2-2.1-0t64 libmysofa1
2025-06-09T21:12:33.8960718Z   libneon27t64 libnice10 libopenal-data libopenal1 libopenexr-3-1-30
2025-06-09T21:12:33.8961153Z   libopenh264-7 libopenmpt0t64 libopenni2-0 liborc-0.4-0t64
2025-06-09T21:12:33.8961578Z   libpipewire-0.3-0t64 libplacebo338 libpocketsphinx3 libpostproc57
2025-06-09T21:12:33.8962051Z   libproxy1v5 libpulse0 libqrencode4 libraptor2-0 librav1e0 libraw1394-11
2025-06-09T21:12:33.8962772Z   librist4 librsvg2-2 librubberband2 libsamplerate0 libsbc1 libsdl2-2.0-0
2025-06-09T21:12:33.8963610Z   libsecret-common libserd-0-0 libshine3 libshout3 libsndfile1 libsndio7.0
2025-06-09T21:12:33.8964708Z   libsord-0-0 libsoundtouch1 libsoup-3.0-0 libsoup-3.0-common libsoxr0
2025-06-09T21:12:33.8965598Z   libspa-0.2-modules libspandsp2t64 libspeex1 libsphinxbase3t64 libsratom-0-0
2025-06-09T21:12:33.8966330Z   libsrt1.5-gnutls libsrtp2-1 libssh-gcrypt-4 libsvtav1enc1d1 libswresample4
2025-06-09T21:12:33.8967282Z   libswscale7 libtag1v5 libtag1v5-vanilla libtheora0 libtwolame0 libudfread0
2025-06-09T21:12:33.8968138Z   libunibreak5 libv4l-0t64 libv4lconvert0t64 libva-drm2 libva-x11-2 libva2
2025-06-09T21:12:33.8968644Z   libvdpau1 libvidstab1.1 libvisual-0.4-0 libvo-aacenc0 libvo-amrwbenc0
2025-06-09T21:12:33.8969154Z   libvorbisenc2 libvpl2 libwavpack1 libwebrtc-audio-processing1 libwildmidi2
2025-06-09T21:12:33.8969671Z   libx265-199 libxcb-xkb1 libxkbcommon-x11-0 libxvidcore4 libyuv0 libzbar0t64
2025-06-09T21:12:33.8970174Z   libzimg2 libzix-0-0 libzvbi-common libzvbi0t64 libzxing3 ocl-icd-libopencl1
2025-06-09T21:12:33.8970803Z   session-migration timgm6mb-soundfont xfonts-encodings xfonts-utils
2025-06-09T21:12:33.8971437Z Suggested packages:
2025-06-09T21:12:33.8972304Z   frei0r-plugins gvfs libcuda1 libnvcuvid1 libnvidia-encode1 libbluray-bdj
2025-06-09T21:12:33.8973235Z   libdirectfb-extra libdv-bin oss-compat libdvdcss2 low-memory-monitor
2025-06-09T21:12:33.8974151Z   libvisual-0.4-plugins jackd2 liblrdf0-dev libportaudio2 opus-tools pipewire
2025-06-09T21:12:33.8975329Z   pulseaudio raptor2-utils libraw1394-doc librsvg2-bin serdi sndiod sordi
2025-06-09T21:12:33.8976113Z   speex libwildmidi-config opencl-icd fluid-soundfont-gm
2025-06-09T21:12:33.8976676Z Recommended packages:
2025-06-09T21:12:33.8977237Z   fonts-ipafont-mincho fonts-tlwg-loma gstreamer1.0-x libaacs0
2025-06-09T21:12:33.8978049Z   default-libdecor-0-plugin-1 | libdecor-0-plugin-1 gstreamer1.0-gl
2025-06-09T21:12:33.8978939Z   libgtk-4-bin librsvg2-common libgtk-4-media-gstreamer libpipewire-0.3-common
2025-06-09T21:12:33.8979877Z   pocketsphinx-en-us va-driver-all | va-driver vdpau-driver-all | vdpau-driver
2025-06-09T21:12:33.8980551Z   libmagickcore-6.q16-7-extra
2025-06-09T21:12:33.9691419Z The following NEW packages will be installed:
2025-06-09T21:12:33.9692736Z   fonts-freefont-ttf fonts-ipafont-gothic fonts-tlwg-loma-otf fonts-unifont
2025-06-09T21:12:33.9693661Z   fonts-wqy-zenhei glib-networking glib-networking-common
2025-06-09T21:12:33.9694766Z   glib-networking-services gsettings-desktop-schemas gstreamer1.0-libav
2025-06-09T21:12:33.9695806Z   gstreamer1.0-plugins-bad gstreamer1.0-plugins-base gstreamer1.0-plugins-good
2025-06-09T21:12:33.9696819Z   libaa1 libabsl20220623t64 libass9 libasyncns0 libavc1394-0 libavcodec60
2025-06-09T21:12:33.9697746Z   libavfilter9 libavformat60 libavif16 libavtp0 libavutil58 libblas3
2025-06-09T21:12:33.9698730Z   libbluray2 libbs2b0 libcaca0 libcairo-script-interpreter2 libcdparanoia0
2025-06-09T21:12:33.9699756Z   libchromaprint1 libcjson1 libcodec2-1.2 libdav1d7 libdc1394-25 libdca0
2025-06-09T21:12:33.9700733Z   libdecor-0-0 libdirectfb-1.7-7t64 libdv4t64 libdvdnav4 libdvdread8t64
2025-06-09T21:12:33.9701656Z   libegl-mesa0 libegl1 libevent-2.1-7t64 libfaad2 libflac12t64 libflite1
2025-06-09T21:12:33.9702614Z   libfluidsynth3 libfreeaptx0 libgav1-1 libgles2 libgme0 libgraphene-1.0-0
2025-06-09T21:12:33.9703658Z   libgsm1 libgssdp-1.6-0 libgstreamer-gl1.0-0 libgstreamer-plugins-bad1.0-0
2025-06-09T21:12:33.9704903Z   libgstreamer-plugins-base1.0-0 libgstreamer-plugins-good1.0-0 libgtk-4-1
2025-06-09T21:12:33.9705897Z   libgtk-4-common libgupnp-1.6-0 libgupnp-igd-1.6-0 libharfbuzz-icu0
2025-06-09T21:12:33.9706871Z   libhwy1t64 libhyphen0 libiec61883-0 libimath-3-1-29t64 libinstpatch-1.0-2
2025-06-09T21:12:33.9707871Z   libjack-jackd2-0 libjxl0.7 liblapack3 liblc3-1 libldacbt-enc2 liblilv-0-0
2025-06-09T21:12:33.9708774Z   liblrdf0 libltc11 libmanette-0.2-0 libmbedcrypto7t64 libmfx1
2025-06-09T21:12:33.9709567Z   libmjpegutils-2.1-0t64 libmodplug1 libmp3lame0 libmpcdec6
2025-06-09T21:12:33.9710422Z   libmpeg2encpp-2.1-0t64 libmpg123-0t64 libmplex2-2.1-0t64 libmysofa1
2025-06-09T21:12:33.9711146Z   libneon27t64 libnice10 libopenal-data libopenal1 libopenexr-3-1-30
2025-06-09T21:12:33.9711898Z   libopenh264-7 libopenmpt0t64 libopenni2-0 libopus0 liborc-0.4-0t64
2025-06-09T21:12:33.9712639Z   libpipewire-0.3-0t64 libplacebo338 libpocketsphinx3 libpostproc57
2025-06-09T21:12:33.9713405Z   libproxy1v5 libpulse0 libqrencode4 libraptor2-0 librav1e0 libraw1394-11
2025-06-09T21:12:33.9714247Z   librist4 librsvg2-2 librubberband2 libsamplerate0 libsbc1 libsdl2-2.0-0
2025-06-09T21:12:33.9715266Z   libsecret-1-0 libsecret-common libserd-0-0 libshine3 libshout3 libsndfile1
2025-06-09T21:12:33.9716094Z   libsndio7.0 libsord-0-0 libsoundtouch1 libsoup-3.0-0 libsoup-3.0-common
2025-06-09T21:12:33.9716916Z   libsoxr0 libspa-0.2-modules libspandsp2t64 libspeex1 libsphinxbase3t64
2025-06-09T21:12:33.9717786Z   libsratom-0-0 libsrt1.5-gnutls libsrtp2-1 libssh-gcrypt-4 libsvtav1enc1d1
2025-06-09T21:12:33.9718614Z   libswresample4 libswscale7 libtag1v5 libtag1v5-vanilla libtheora0
2025-06-09T21:12:33.9719426Z   libtwolame0 libudfread0 libunibreak5 libv4l-0t64 libv4lconvert0t64
2025-06-09T21:12:33.9720506Z   libva-drm2 libva-x11-2 libva2 libvdpau1 libvidstab1.1 libvisual-0.4-0
2025-06-09T21:12:33.9721411Z   libvo-aacenc0 libvo-amrwbenc0 libvorbisenc2 libvpl2 libvpx9 libwavpack1
2025-06-09T21:12:33.9722350Z   libwebrtc-audio-processing1 libwildmidi2 libwoff1 libx264-164 libx265-199
2025-06-09T21:12:33.9723280Z   libxcb-xkb1 libxkbcommon-x11-0 libxvidcore4 libyuv0 libzbar0t64 libzimg2
2025-06-09T21:12:33.9724124Z   libzix-0-0 libzvbi-common libzvbi0t64 libzxing3 ocl-icd-libopencl1
2025-06-09T21:12:33.9725087Z   session-migration timgm6mb-soundfont xfonts-cyrillic xfonts-encodings
2025-06-09T21:12:33.9725768Z   xfonts-scalable xfonts-utils
2025-06-09T21:12:33.9726308Z The following packages will be upgraded:
2025-06-09T21:12:33.9726965Z   gir1.2-glib-2.0 libglib2.0-0t64 libglib2.0-bin libglib2.0-data
2025-06-09T21:12:33.9947116Z 4 upgraded, 179 newly installed, 0 to remove and 67 not upgraded.
2025-06-09T21:12:33.9947549Z Need to get 116 MB of archives.
2025-06-09T21:12:33.9948089Z After this operation, 363 MB of additional disk space will be used.
2025-06-09T21:12:33.9949204Z Get:1 file:/etc/apt/apt-mirrors.txt Mirrorlist [144 B]
2025-06-09T21:12:34.0431353Z Get:2 http://azure.archive.ubuntu.com/ubuntu noble/universe amd64 fonts-ipafont-gothic all 00303-21ubuntu1 [3513 kB]
2025-06-09T21:12:34.1071092Z Get:3 http://azure.archive.ubuntu.com/ubuntu noble-updates/main amd64 libglib2.0-data all 2.80.0-6ubuntu3.4 [48.7 kB]
2025-06-09T21:12:34.1225375Z Get:4 http://azure.archive.ubuntu.com/ubuntu noble-updates/main amd64 libglib2.0-bin amd64 2.80.0-6ubuntu3.4 [97.9 kB]
2025-06-09T21:12:34.1408848Z Get:5 http://azure.archive.ubuntu.com/ubuntu noble-updates/main amd64 gir1.2-glib-2.0 amd64 2.80.0-6ubuntu3.4 [183 kB]
2025-06-09T21:12:34.1572993Z Get:6 http://azure.archive.ubuntu.com/ubuntu noble-updates/main amd64 libglib2.0-0t64 amd64 2.80.0-6ubuntu3.4 [1544 kB]
2025-06-09T21:12:34.2008847Z Get:7 http://azure.archive.ubuntu.com/ubuntu noble/main amd64 fonts-freefont-ttf all 20211204+svn4273-2 [5641 kB]
2025-06-09T21:12:34.2808508Z Get:8 http://azure.archive.ubuntu.com/ubuntu noble/universe amd64 fonts-tlwg-loma-otf all 1:0.7.3-1 [107 kB]
2025-06-09T21:12:34.2980285Z Get:9 http://azure.archive.ubuntu.com/ubuntu noble/universe amd64 fonts-unifont all 1:15.1.01-1build1 [2993 kB]
2025-06-09T21:12:34.3711539Z Get:10 http://azure.archive.ubuntu.com/ubuntu noble/universe amd64 fonts-wqy-zenhei all 0.9.45-8 [7472 kB]
2025-06-09T21:12:34.4611806Z Get:11 http://azure.archive.ubuntu.com/ubuntu noble/main amd64 libproxy1v5 amd64 0.5.4-4build1 [26.5 kB]
2025-06-09T21:12:34.4767113Z Get:12 http://azure.archive.ubuntu.com/ubuntu noble/main amd64 glib-networking-common all 2.80.0-1build1 [6702 B]
2025-06-09T21:12:34.4918276Z Get:13 http://azure.archive.ubuntu.com/ubuntu noble/main amd64 glib-networking-services amd64 2.80.0-1build1 [12.8 kB]
2025-06-09T21:12:34.5073007Z Get:14 http://azure.archive.ubuntu.com/ubuntu noble/main amd64 session-migration amd64 0.3.9build1 [9034 B]
2025-06-09T21:12:34.5231824Z Get:15 http://azure.archive.ubuntu.com/ubuntu noble-updates/main amd64 gsettings-desktop-schemas all 46.1-0ubuntu1 [35.6 kB]
2025-06-09T21:12:34.5389151Z Get:16 http://azure.archive.ubuntu.com/ubuntu noble/main amd64 glib-networking amd64 2.80.0-1build1 [64.1 kB]
2025-06-09T21:12:34.5549820Z Get:17 http://azure.archive.ubuntu.com/ubuntu noble/universe amd64 libva2 amd64 2.20.0-2build1 [66.2 kB]
2025-06-09T21:12:34.5707521Z Get:18 http://azure.archive.ubuntu.com/ubuntu noble/universe amd64 libva-drm2 amd64 2.20.0-2build1 [7124 B]
2025-06-09T21:12:34.5858476Z Get:19 http://azure.archive.ubuntu.com/ubuntu noble/universe amd64 libva-x11-2 amd64 2.20.0-2build1 [12.0 kB]
2025-06-09T21:12:34.6523243Z Get:20 http://azure.archive.ubuntu.com/ubuntu noble/main amd64 libvdpau1 amd64 1.5-2build1 [27.8 kB]
2025-06-09T21:12:34.6679022Z Get:21 http://azure.archive.ubuntu.com/ubuntu noble/universe amd64 libvpl2 amd64 2023.3.0-1build1 [99.8 kB]
2025-06-09T21:12:34.6840294Z Get:22 http://azure.archive.ubuntu.com/ubuntu noble/universe amd64 ocl-icd-libopencl1 amd64 2.3.2-1build1 [38.5 kB]
2025-06-09T21:12:34.7000789Z Get:23 http://azure.archive.ubuntu.com/ubuntu noble/universe amd64 libavutil58 amd64 7:6.1.1-3ubuntu5 [401 kB]
2025-06-09T21:12:34.7179532Z Get:24 http://azure.archive.ubuntu.com/ubuntu noble/universe amd64 libcodec2-1.2 amd64 1.2.0-2build1 [8998 kB]
2025-06-09T21:12:34.8289900Z Get:25 http://azure.archive.ubuntu.com/ubuntu noble/universe amd64 libdav1d7 amd64 1.4.1-1build1 [604 kB]
2025-06-09T21:12:34.8607749Z Get:26 http://azure.archive.ubuntu.com/ubuntu noble/universe amd64 libgsm1 amd64 1.0.22-1build1 [27.8 kB]
2025-06-09T21:12:34.8766206Z Get:27 http://azure.archive.ubuntu.com/ubuntu noble/universe amd64 libhwy1t64 amd64 1.0.7-8.1build1 [584 kB]
2025-06-09T21:12:34.9060280Z Get:28 http://azure.archive.ubuntu.com/ubuntu noble/universe amd64 libjxl0.7 amd64 0.7.0-10.2ubuntu6 [999 kB]
2025-06-09T21:12:34.9383125Z Get:29 http://azure.archive.ubuntu.com/ubuntu noble/main amd64 libmp3lame0 amd64 3.100-6build1 [142 kB]
2025-06-09T21:12:34.9547176Z Get:30 http://azure.archive.ubuntu.com/ubuntu noble/main amd64 libopus0 amd64 1.4-1build1 [208 kB]
2025-06-09T21:12:34.9716053Z Get:31 http://azure.archive.ubuntu.com/ubuntu noble/universe amd64 librav1e0 amd64 0.7.1-2 [1022 kB]
2025-06-09T21:12:35.0035749Z Get:32 http://azure.archive.ubuntu.com/ubuntu noble/main amd64 librsvg2-2 amd64 2.58.0+dfsg-1build1 [2135 kB]
2025-06-09T21:12:35.0506372Z Get:33 http://azure.archive.ubuntu.com/ubuntu noble/universe amd64 libshine3 amd64 3.1.1-2build1 [23.2 kB]
2025-06-09T21:12:35.0656282Z Get:34 http://azure.archive.ubuntu.com/ubuntu noble-updates/main amd64 libspeex1 amd64 1.2.1-2ubuntu2.24.04.1 [59.6 kB]
2025-06-09T21:12:35.0812976Z Get:35 http://azure.archive.ubuntu.com/ubuntu noble/universe amd64 libsvtav1enc1d1 amd64 1.7.0+dfsg-2build1 [2425 kB]
2025-06-09T21:12:35.1302784Z Get:36 http://azure.archive.ubuntu.com/ubuntu noble/universe amd64 libsoxr0 amd64 0.1.3-4build3 [80.0 kB]
2025-06-09T21:12:35.1457518Z Get:37 http://azure.archive.ubuntu.com/ubuntu noble/universe amd64 libswresample4 amd64 7:6.1.1-3ubuntu5 [63.8 kB]
2025-06-09T21:12:35.1615525Z Get:38 http://azure.archive.ubuntu.com/ubuntu noble/main amd64 libtheora0 amd64 1.1.1+dfsg.1-16.1build3 [211 kB]
2025-06-09T21:12:35.2245581Z Get:39 http://azure.archive.ubuntu.com/ubuntu noble/main amd64 libtwolame0 amd64 0.4.0-2build3 [52.3 kB]
2025-06-09T21:12:35.2403320Z Get:40 http://azure.archive.ubuntu.com/ubuntu noble/main amd64 libvorbisenc2 amd64 1.3.7-1build3 [80.8 kB]
2025-06-09T21:12:35.2566560Z Get:41 http://azure.archive.ubuntu.com/ubuntu noble-updates/main amd64 libvpx9 amd64 1.14.0-1ubuntu2.2 [1143 kB]
2025-06-09T21:12:35.2890814Z Get:42 http://azure.archive.ubuntu.com/ubuntu noble/universe amd64 libx264-164 amd64 2:0.164.3108+git31e19f9-1 [604 kB]
2025-06-09T21:12:35.3185803Z Get:43 http://azure.archive.ubuntu.com/ubuntu noble/universe amd64 libx265-199 amd64 3.5-2build1 [1226 kB]
2025-06-09T21:12:35.3534737Z Get:44 http://azure.archive.ubuntu.com/ubuntu noble/universe amd64 libxvidcore4 amd64 2:1.3.7-1build1 [219 kB]
2025-06-09T21:12:35.3717383Z Get:45 http://azure.archive.ubuntu.com/ubuntu noble/universe amd64 libzvbi-common all 0.2.42-2 [42.4 kB]
2025-06-09T21:12:35.3872995Z Get:46 http://azure.archive.ubuntu.com/ubuntu noble/universe amd64 libzvbi0t64 amd64 0.2.42-2 [261 kB]
2025-06-09T21:12:35.4047410Z Get:47 http://azure.archive.ubuntu.com/ubuntu noble/universe amd64 libavcodec60 amd64 7:6.1.1-3ubuntu5 [5851 kB]
2025-06-09T21:12:35.4901690Z Get:48 http://azure.archive.ubuntu.com/ubuntu noble/universe amd64 libunibreak5 amd64 5.1-2build1 [25.0 kB]
2025-06-09T21:12:35.5064072Z Get:49 http://azure.archive.ubuntu.com/ubuntu noble/universe amd64 libass9 amd64 1:0.17.1-2build1 [104 kB]
2025-06-09T21:12:35.5232744Z Get:50 http://azure.archive.ubuntu.com/ubuntu noble/universe amd64 libudfread0 amd64 1.1.2-1build1 [19.0 kB]
2025-06-09T21:12:35.5389945Z Get:51 http://azure.archive.ubuntu.com/ubuntu noble/universe amd64 libbluray2 amd64 1:1.3.4-1build1 [159 kB]
2025-06-09T21:12:35.5561885Z Get:52 http://azure.archive.ubuntu.com/ubuntu noble/universe amd64 libchromaprint1 amd64 1.5.1-5 [30.5 kB]
2025-06-09T21:12:35.5736375Z Get:53 http://azure.archive.ubuntu.com/ubuntu noble/universe amd64 libgme0 amd64 0.6.3-7build1 [134 kB]
2025-06-09T21:12:35.5908182Z Get:54 http://azure.archive.ubuntu.com/ubuntu noble-updates/main amd64 libmpg123-0t64 amd64 1.32.5-1ubuntu1.1 [169 kB]
2025-06-09T21:12:35.6070920Z Get:55 http://azure.archive.ubuntu.com/ubuntu noble/universe amd64 libopenmpt0t64 amd64 0.7.3-1.1build3 [647 kB]
2025-06-09T21:12:35.6376078Z Get:56 http://azure.archive.ubuntu.com/ubuntu noble/universe amd64 libcjson1 amd64 1.7.17-1 [24.8 kB]
2025-06-09T21:12:35.6968590Z Get:57 http://azure.archive.ubuntu.com/ubuntu noble/universe amd64 libmbedcrypto7t64 amd64 2.28.8-1 [209 kB]
2025-06-09T21:12:35.7142181Z Get:58 http://azure.archive.ubuntu.com/ubuntu noble/universe amd64 librist4 amd64 0.2.10+dfsg-2 [74.9 kB]
2025-06-09T21:12:35.7300050Z Get:59 http://azure.archive.ubuntu.com/ubuntu noble/universe amd64 libsrt1.5-gnutls amd64 1.5.3-1build2 [316 kB]
2025-06-09T21:12:35.7471823Z Get:60 http://azure.archive.ubuntu.com/ubuntu noble/main amd64 libssh-gcrypt-4 amd64 0.10.6-2build2 [223 kB]
2025-06-09T21:12:35.7643683Z Get:61 http://azure.archive.ubuntu.com/ubuntu noble/universe amd64 libavformat60 amd64 7:6.1.1-3ubuntu5 [1153 kB]
2025-06-09T21:12:35.7963412Z Get:62 http://azure.archive.ubuntu.com/ubuntu noble/universe amd64 libbs2b0 amd64 3.1.0+dfsg-7build1 [10.6 kB]
2025-06-09T21:12:35.8135775Z Get:63 http://azure.archive.ubuntu.com/ubuntu noble/universe amd64 libflite1 amd64 2.2-6build3 [13.6 MB]
2025-06-09T21:12:35.9626286Z Get:64 http://azure.archive.ubuntu.com/ubuntu noble/universe amd64 libserd-0-0 amd64 0.32.2-1 [43.6 kB]
2025-06-09T21:12:35.9787743Z Get:65 http://azure.archive.ubuntu.com/ubuntu noble/universe amd64 libzix-0-0 amd64 0.4.2-2build1 [23.6 kB]
2025-06-09T21:12:35.9950601Z Get:66 http://azure.archive.ubuntu.com/ubuntu noble/universe amd64 libsord-0-0 amd64 0.16.16-2build1 [15.8 kB]
2025-06-09T21:12:36.0105683Z Get:67 http://azure.archive.ubuntu.com/ubuntu noble/universe amd64 libsratom-0-0 amd64 0.6.16-1build1 [17.3 kB]
2025-06-09T21:12:36.0263135Z Get:68 http://azure.archive.ubuntu.com/ubuntu noble/universe amd64 liblilv-0-0 amd64 0.24.22-1build1 [41.0 kB]
2025-06-09T21:12:36.0440420Z Get:69 http://azure.archive.ubuntu.com/ubuntu noble/universe amd64 libmysofa1 amd64 1.3.2+dfsg-2ubuntu2 [1158 kB]
2025-06-09T21:12:36.0862798Z Get:70 http://azure.archive.ubuntu.com/ubuntu noble/universe amd64 libplacebo338 amd64 6.338.2-2build1 [2654 kB]
2025-06-09T21:12:36.1386090Z Get:71 http://azure.archive.ubuntu.com/ubuntu noble-updates/main amd64 libblas3 amd64 3.12.0-3build1.1 [238 kB]
2025-06-09T21:12:36.1583690Z Get:72 http://azure.archive.ubuntu.com/ubuntu noble-updates/main amd64 liblapack3 amd64 3.12.0-3build1.1 [2646 kB]
2025-06-09T21:12:36.2079155Z Get:73 http://azure.archive.ubuntu.com/ubuntu noble/main amd64 libasyncns0 amd64 0.8-6build4 [11.3 kB]
2025-06-09T21:12:36.2233961Z Get:74 http://azure.archive.ubuntu.com/ubuntu noble/main amd64 libflac12t64 amd64 1.4.3+ds-2.1ubuntu2 [197 kB]
2025-06-09T21:12:36.2412849Z Get:75 http://azure.archive.ubuntu.com/ubuntu noble-updates/main amd64 libsndfile1 amd64 1.2.2-1ubuntu5.24.04.1 [209 kB]
2025-06-09T21:12:36.3038730Z Get:76 http://azure.archive.ubuntu.com/ubuntu noble-updates/main amd64 libpulse0 amd64 1:16.1+dfsg1-2ubuntu10.1 [292 kB]
2025-06-09T21:12:36.3212160Z Get:77 http://azure.archive.ubuntu.com/ubuntu noble/universe amd64 libsphinxbase3t64 amd64 0.8+5prealpha+1-17build2 [126 kB]
2025-06-09T21:12:36.3379030Z Get:78 http://azure.archive.ubuntu.com/ubuntu noble/universe amd64 libpocketsphinx3 amd64 0.8.0+real5prealpha+1-15ubuntu5 [133 kB]
2025-06-09T21:12:36.3561492Z Get:79 http://azure.archive.ubuntu.com/ubuntu noble/universe amd64 libpostproc57 amd64 7:6.1.1-3ubuntu5 [49.9 kB]
2025-06-09T21:12:36.3791077Z Get:80 http://azure.archive.ubuntu.com/ubuntu noble/main amd64 libsamplerate0 amd64 0.2.2-4build1 [1344 kB]
2025-06-09T21:12:36.4128985Z Get:81 http://azure.archive.ubuntu.com/ubuntu noble/universe amd64 librubberband2 amd64 3.3.0+dfsg-2build1 [130 kB]
2025-06-09T21:12:36.4297987Z Get:82 http://azure.archive.ubuntu.com/ubuntu noble/universe amd64 libswscale7 amd64 7:6.1.1-3ubuntu5 [193 kB]
2025-06-09T21:12:36.4493832Z Get:83 http://azure.archive.ubuntu.com/ubuntu noble/universe amd64 libvidstab1.1 amd64 1.1.0-2build1 [38.5 kB]
2025-06-09T21:12:36.4653412Z Get:84 http://azure.archive.ubuntu.com/ubuntu noble/universe amd64 libzimg2 amd64 3.0.5+ds1-1build1 [254 kB]
2025-06-09T21:12:36.4851899Z Get:85 http://azure.archive.ubuntu.com/ubuntu noble/universe amd64 libavfilter9 amd64 7:6.1.1-3ubuntu5 [4235 kB]
2025-06-09T21:12:36.5503417Z Get:86 http://azure.archive.ubuntu.com/ubuntu noble-updates/main amd64 liborc-0.4-0t64 amd64 1:0.4.38-1ubuntu0.1 [207 kB]
2025-06-09T21:12:36.5672760Z Get:87 http://azure.archive.ubuntu.com/ubuntu noble-updates/main amd64 libgstreamer-plugins-base1.0-0 amd64 1.24.2-1ubuntu0.2 [862 kB]
2025-06-09T21:12:36.5989216Z Get:88 http://azure.archive.ubuntu.com/ubuntu noble/universe amd64 gstreamer1.0-libav amd64 1.24.1-1build1 [103 kB]
2025-06-09T21:12:36.6156824Z Get:89 http://azure.archive.ubuntu.com/ubuntu noble/main amd64 libcdparanoia0 amd64 3.10.2+debian-14build3 [48.5 kB]
2025-06-09T21:12:36.6311373Z Get:90 http://azure.archive.ubuntu.com/ubuntu noble/main amd64 libvisual-0.4-0 amd64 0.4.2-2build1 [115 kB]
2025-06-09T21:12:36.6479079Z Get:91 http://azure.archive.ubuntu.com/ubuntu noble-updates/main amd64 gstreamer1.0-plugins-base amd64 1.24.2-1ubuntu0.2 [721 kB]
2025-06-09T21:12:36.6784849Z Get:92 http://azure.archive.ubuntu.com/ubuntu noble/main amd64 libaa1 amd64 1.4p5-51.1 [49.9 kB]
2025-06-09T21:12:36.6946824Z Get:93 http://azure.archive.ubuntu.com/ubuntu noble/main amd64 libraw1394-11 amd64 2.1.2-2build3 [26.2 kB]
2025-06-09T21:12:36.7520197Z Get:94 http://azure.archive.ubuntu.com/ubuntu noble/main amd64 libavc1394-0 amd64 0.5.4-5build3 [15.4 kB]
2025-06-09T21:12:36.7679178Z Get:95 http://azure.archive.ubuntu.com/ubuntu noble/main amd64 libcaca0 amd64 0.99.beta20-4build2 [208 kB]
2025-06-09T21:12:36.7852177Z Get:96 http://azure.archive.ubuntu.com/ubuntu noble/main amd64 libdv4t64 amd64 1.0.0-17.1build1 [63.2 kB]
2025-06-09T21:12:36.8010315Z Get:97 http://azure.archive.ubuntu.com/ubuntu noble-updates/main amd64 libgstreamer-plugins-good1.0-0 amd64 1.24.2-1ubuntu1.1 [32.9 kB]
2025-06-09T21:12:36.8164825Z Get:98 http://azure.archive.ubuntu.com/ubuntu noble/main amd64 libiec61883-0 amd64 1.2.0-6build1 [24.5 kB]
2025-06-09T21:12:36.8321396Z Get:99 http://azure.archive.ubuntu.com/ubuntu noble/main amd64 libshout3 amd64 2.4.6-1build2 [50.3 kB]
2025-06-09T21:12:36.8490023Z Get:100 http://azure.archive.ubuntu.com/ubuntu noble/main amd64 libtag1v5-vanilla amd64 1.13.1-1build1 [326 kB]
2025-06-09T21:12:36.8664658Z Get:101 http://azure.archive.ubuntu.com/ubuntu noble/main amd64 libtag1v5 amd64 1.13.1-1build1 [11.7 kB]
2025-06-09T21:12:36.8822756Z Get:102 http://azure.archive.ubuntu.com/ubuntu noble/main amd64 libv4lconvert0t64 amd64 1.26.1-4build3 [87.6 kB]
2025-06-09T21:12:36.8999255Z Get:103 http://azure.archive.ubuntu.com/ubuntu noble/main amd64 libv4l-0t64 amd64 1.26.1-4build3 [46.9 kB]
2025-06-09T21:12:36.9174881Z Get:104 http://azure.archive.ubuntu.com/ubuntu noble/main amd64 libwavpack1 amd64 5.6.0-1build1 [84.6 kB]
2025-06-09T21:12:36.9339179Z Get:105 http://azure.archive.ubuntu.com/ubuntu noble-updates/main amd64 libsoup-3.0-common all 3.4.4-5ubuntu0.4 [11.1 kB]
2025-06-09T21:12:36.9497895Z Get:106 http://azure.archive.ubuntu.com/ubuntu noble-updates/main amd64 libsoup-3.0-0 amd64 3.4.4-5ubuntu0.4 [290 kB]
2025-06-09T21:12:36.9700651Z Get:107 http://azure.archive.ubuntu.com/ubuntu noble-updates/main amd64 gstreamer1.0-plugins-good amd64 1.24.2-1ubuntu1.1 [2238 kB]
2025-06-09T21:12:37.0276525Z Get:108 http://azure.archive.ubuntu.com/ubuntu noble-updates/main amd64 libabsl20220623t64 amd64 20220623.1-3.1ubuntu3.2 [423 kB]
2025-06-09T21:12:37.0572111Z Get:109 http://azure.archive.ubuntu.com/ubuntu noble/universe amd64 libgav1-1 amd64 0.18.0-1build3 [357 kB]
2025-06-09T21:12:37.0771578Z Get:110 http://azure.archive.ubuntu.com/ubuntu noble/universe amd64 libyuv0 amd64 0.0~git202401110.af6ac82-1 [178 kB]
2025-06-09T21:12:37.0953646Z Get:111 http://azure.archive.ubuntu.com/ubuntu noble/universe amd64 libavif16 amd64 1.0.4-1ubuntu3 [91.2 kB]
2025-06-09T21:12:37.1128324Z Get:112 http://azure.archive.ubuntu.com/ubuntu noble/universe amd64 libavtp0 amd64 0.2.0-1build1 [6414 B]
2025-06-09T21:12:37.1281970Z Get:113 http://azure.archive.ubuntu.com/ubuntu noble/main amd64 libcairo-script-interpreter2 amd64 1.18.0-3build1 [60.3 kB]
2025-06-09T21:12:37.1443092Z Get:114 http://azure.archive.ubuntu.com/ubuntu noble/universe amd64 libdc1394-25 amd64 2.2.6-4build1 [90.1 kB]
2025-06-09T21:12:37.1643496Z Get:115 http://azure.archive.ubuntu.com/ubuntu noble/main amd64 libdecor-0-0 amd64 0.2.2-1build2 [16.5 kB]
2025-06-09T21:12:37.1798833Z Get:116 http://azure.archive.ubuntu.com/ubuntu noble/main amd64 libgles2 amd64 1.7.0-1build1 [17.1 kB]
2025-06-09T21:12:37.1953444Z Get:117 http://azure.archive.ubuntu.com/ubuntu noble/universe amd64 libdirectfb-1.7-7t64 amd64 1.7.7-11.1ubuntu2 [1035 kB]
2025-06-09T21:12:37.2355112Z Get:118 http://azure.archive.ubuntu.com/ubuntu noble/universe amd64 libdvdread8t64 amd64 6.1.3-1.1build1 [54.7 kB]
2025-06-09T21:12:37.2513984Z Get:119 http://azure.archive.ubuntu.com/ubuntu noble/universe amd64 libdvdnav4 amd64 6.1.1-3build1 [39.5 kB]
2025-06-09T21:12:37.2672615Z Get:120 http://azure.archive.ubuntu.com/ubuntu noble-updates/main amd64 libegl-mesa0 amd64 24.2.8-1ubuntu1~24.04.1 [129 kB]
2025-06-09T21:12:37.3780591Z Get:121 http://azure.archive.ubuntu.com/ubuntu noble/main amd64 libevent-2.1-7t64 amd64 2.1.12-stable-9ubuntu2 [145 kB]
2025-06-09T21:12:37.3942238Z Get:122 http://azure.archive.ubuntu.com/ubuntu noble/universe amd64 libfaad2 amd64 2.11.1-1build1 [207 kB]
2025-06-09T21:12:37.4105556Z Get:123 http://azure.archive.ubuntu.com/ubuntu noble/universe amd64 libinstpatch-1.0-2 amd64 1.1.6-1build2 [251 kB]
2025-06-09T21:12:37.4283015Z Get:124 http://azure.archive.ubuntu.com/ubuntu noble/main amd64 libjack-jackd2-0 amd64 1.9.21~dfsg-3ubuntu3 [289 kB]
2025-06-09T21:12:37.4474639Z Get:125 http://azure.archive.ubuntu.com/ubuntu noble/main amd64 libwebrtc-audio-processing1 amd64 0.3.1-0ubuntu6 [290 kB]
2025-06-09T21:12:37.4643826Z Get:126 http://azure.archive.ubuntu.com/ubuntu noble-updates/main amd64 libspa-0.2-modules amd64 1.0.5-1ubuntu3 [626 kB]
2025-06-09T21:12:37.4969124Z Get:127 http://azure.archive.ubuntu.com/ubuntu noble-updates/main amd64 libpipewire-0.3-0t64 amd64 1.0.5-1ubuntu3 [252 kB]
2025-06-09T21:12:37.5136065Z Get:128 http://azure.archive.ubuntu.com/ubuntu noble-updates/main amd64 libsdl2-2.0-0 amd64 2.30.0+dfsg-1ubuntu3.1 [686 kB]
2025-06-09T21:12:37.5442553Z Get:129 http://azure.archive.ubuntu.com/ubuntu noble/universe amd64 timgm6mb-soundfont all 1.3-5 [5427 kB]
2025-06-09T21:12:37.6315044Z Get:130 http://azure.archive.ubuntu.com/ubuntu noble/universe amd64 libfluidsynth3 amd64 2.3.4-1build3 [249 kB]
2025-06-09T21:12:37.6483000Z Get:131 http://azure.archive.ubuntu.com/ubuntu noble/main amd64 libfreeaptx0 amd64 0.1.1-2build1 [13.5 kB]
2025-06-09T21:12:37.6633658Z Get:132 http://azure.archive.ubuntu.com/ubuntu noble/main amd64 libgraphene-1.0-0 amd64 1.10.8-3build2 [46.2 kB]
2025-06-09T21:12:37.6781911Z Get:133 http://azure.archive.ubuntu.com/ubuntu noble/main amd64 libgssdp-1.6-0 amd64 1.6.3-1build3 [40.4 kB]
2025-06-09T21:12:37.6941597Z Get:134 http://azure.archive.ubuntu.com/ubuntu noble/main amd64 libegl1 amd64 1.7.0-1build1 [28.7 kB]
2025-06-09T21:12:37.7096589Z Get:135 http://azure.archive.ubuntu.com/ubuntu noble-updates/main amd64 libgstreamer-gl1.0-0 amd64 1.24.2-1ubuntu0.2 [214 kB]
2025-06-09T21:12:37.7269949Z Get:136 http://azure.archive.ubuntu.com/ubuntu noble-updates/main amd64 libgtk-4-common all 4.14.2+ds-1ubuntu3 [1496 kB]
2025-06-09T21:12:37.7715595Z Get:137 http://azure.archive.ubuntu.com/ubuntu noble-updates/main amd64 libgtk-4-1 amd64 4.14.2+ds-1ubuntu3 [3289 kB]
2025-06-09T21:12:37.8381182Z Get:138 http://azure.archive.ubuntu.com/ubuntu noble/main amd64 libgupnp-1.6-0 amd64 1.6.6-1build3 [92.7 kB]
2025-06-09T21:12:37.8978539Z Get:139 http://azure.archive.ubuntu.com/ubuntu noble/universe amd64 libgupnp-igd-1.6-0 amd64 1.6.0-3build3 [16.5 kB]
2025-06-09T21:12:37.9128041Z Get:140 http://azure.archive.ubuntu.com/ubuntu noble/main amd64 libharfbuzz-icu0 amd64 8.3.0-2build2 [13.3 kB]
2025-06-09T21:12:37.9277788Z Get:141 http://azure.archive.ubuntu.com/ubuntu noble/main amd64 libhyphen0 amd64 2.8.8-7build3 [26.5 kB]
2025-06-09T21:12:37.9428331Z Get:142 http://azure.archive.ubuntu.com/ubuntu noble/universe amd64 libimath-3-1-29t64 amd64 3.1.9-3.1ubuntu2 [72.2 kB]
2025-06-09T21:12:37.9579043Z Get:143 http://azure.archive.ubuntu.com/ubuntu noble/main amd64 liblc3-1 amd64 1.0.4-3build1 [69.7 kB]
2025-06-09T21:12:37.9737932Z Get:144 http://azure.archive.ubuntu.com/ubuntu noble/main amd64 libldacbt-enc2 amd64 2.0.2.3+git20200429+ed310a0-4ubuntu2 [27.1 kB]
2025-06-09T21:12:37.9888561Z Get:145 http://azure.archive.ubuntu.com/ubuntu noble-updates/main amd64 libraptor2-0 amd64 2.0.16-3ubuntu0.1 [165 kB]
2025-06-09T21:12:38.0112201Z Get:146 http://azure.archive.ubuntu.com/ubuntu noble/universe amd64 liblrdf0 amd64 0.6.1-4build1 [18.5 kB]
2025-06-09T21:12:38.0305368Z Get:147 http://azure.archive.ubuntu.com/ubuntu noble/universe amd64 libltc11 amd64 1.3.2-1build1 [13.0 kB]
2025-06-09T21:12:38.0456550Z Get:148 http://azure.archive.ubuntu.com/ubuntu noble/main amd64 libmanette-0.2-0 amd64 0.2.7-1build2 [30.6 kB]
2025-06-09T21:12:38.0605887Z Get:149 http://azure.archive.ubuntu.com/ubuntu noble/universe amd64 libmfx1 amd64 22.5.4-1 [3124 kB]
2025-06-09T21:12:38.1175384Z Get:150 http://azure.archive.ubuntu.com/ubuntu noble/universe amd64 libmjpegutils-2.1-0t64 amd64 1:2.1.0+debian-8.1build1 [25.5 kB]
2025-06-09T21:12:38.1324362Z Get:151 http://azure.archive.ubuntu.com/ubuntu noble/universe amd64 libmodplug1 amd64 1:0.8.9.0-3build1 [166 kB]
2025-06-09T21:12:38.1482550Z Get:152 http://azure.archive.ubuntu.com/ubuntu noble/universe amd64 libmpcdec6 amd64 2:0.1~r495-2build1 [32.7 kB]
2025-06-09T21:12:38.1635656Z Get:153 http://azure.archive.ubuntu.com/ubuntu noble/universe amd64 libmpeg2encpp-2.1-0t64 amd64 1:2.1.0+debian-8.1build1 [75.6 kB]
2025-06-09T21:12:38.1791050Z Get:154 http://azure.archive.ubuntu.com/ubuntu noble/universe amd64 libmplex2-2.1-0t64 amd64 1:2.1.0+debian-8.1build1 [46.1 kB]
2025-06-09T21:12:38.1939465Z Get:155 http://azure.archive.ubuntu.com/ubuntu noble/universe amd64 libneon27t64 amd64 0.33.0-1.1build3 [102 kB]
2025-06-09T21:12:38.2097194Z Get:156 http://azure.archive.ubuntu.com/ubuntu noble/universe amd64 libnice10 amd64 0.1.21-2build3 [157 kB]
2025-06-09T21:12:38.2700017Z Get:157 http://azure.archive.ubuntu.com/ubuntu noble/universe amd64 libopenal-data all 1:1.23.1-4build1 [161 kB]
2025-06-09T21:12:38.2861567Z Get:158 http://azure.archive.ubuntu.com/ubuntu noble/universe amd64 libopenexr-3-1-30 amd64 3.1.5-5.1build3 [1004 kB]
2025-06-09T21:12:38.3191101Z Get:159 http://azure.archive.ubuntu.com/ubuntu noble/universe amd64 libopenh264-7 amd64 2.4.1+dfsg-1 [409 kB]
2025-06-09T21:12:38.3464025Z Get:160 http://azure.archive.ubuntu.com/ubuntu noble/universe amd64 libopenni2-0 amd64 2.2.0.33+dfsg-18 [370 kB]
2025-06-09T21:12:38.3648470Z Get:161 http://azure.archive.ubuntu.com/ubuntu noble/universe amd64 libqrencode4 amd64 4.1.1-1build2 [25.0 kB]
2025-06-09T21:12:38.3843856Z Get:162 http://azure.archive.ubuntu.com/ubuntu noble/main amd64 libsecret-common all 0.21.4-1build3 [4962 B]
2025-06-09T21:12:38.3999097Z Get:163 http://azure.archive.ubuntu.com/ubuntu noble/main amd64 libsecret-1-0 amd64 0.21.4-1build3 [116 kB]
2025-06-09T21:12:38.4159580Z Get:164 http://azure.archive.ubuntu.com/ubuntu noble/universe amd64 libsndio7.0 amd64 1.9.0-0.3build3 [29.6 kB]
2025-06-09T21:12:38.4309461Z Get:165 http://azure.archive.ubuntu.com/ubuntu noble/universe amd64 libsoundtouch1 amd64 2.3.2+ds1-1build1 [60.5 kB]
2025-06-09T21:12:38.4463023Z Get:166 http://azure.archive.ubuntu.com/ubuntu noble/universe amd64 libspandsp2t64 amd64 0.0.6+dfsg-2.1build1 [311 kB]
2025-06-09T21:12:38.4662150Z Get:167 http://azure.archive.ubuntu.com/ubuntu noble/universe amd64 libsrtp2-1 amd64 2.5.0-3build1 [41.9 kB]
2025-06-09T21:12:38.4806452Z Get:168 http://azure.archive.ubuntu.com/ubuntu noble/universe amd64 libwildmidi2 amd64 0.4.3-1build3 [68.5 kB]
2025-06-09T21:12:38.4973983Z Get:169 http://azure.archive.ubuntu.com/ubuntu noble/main amd64 libwoff1 amd64 1.0.2-2build1 [45.3 kB]
2025-06-09T21:12:38.5122630Z Get:170 http://azure.archive.ubuntu.com/ubuntu noble/main amd64 libxcb-xkb1 amd64 1.15-1ubuntu2 [32.3 kB]
2025-06-09T21:12:38.5284814Z Get:171 http://azure.archive.ubuntu.com/ubuntu noble/main amd64 libxkbcommon-x11-0 amd64 1.6.0-1build1 [14.5 kB]
2025-06-09T21:12:38.5426344Z Get:172 http://azure.archive.ubuntu.com/ubuntu noble/universe amd64 libzbar0t64 amd64 0.23.93-4build3 [123 kB]
2025-06-09T21:12:38.5606111Z Get:173 http://azure.archive.ubuntu.com/ubuntu noble/universe amd64 libzxing3 amd64 2.2.1-3 [583 kB]
2025-06-09T21:12:38.5909627Z Get:174 http://azure.archive.ubuntu.com/ubuntu noble/main amd64 xfonts-encodings all 1:1.0.5-0ubuntu2 [578 kB]
2025-06-09T21:12:38.6230296Z Get:175 http://azure.archive.ubuntu.com/ubuntu noble/main amd64 xfonts-utils amd64 1:7.7+6build3 [94.4 kB]
2025-06-09T21:12:38.6818457Z Get:176 http://azure.archive.ubuntu.com/ubuntu noble/universe amd64 xfonts-cyrillic all 1:1.0.5+nmu1 [384 kB]
2025-06-09T21:12:38.7007212Z Get:177 http://azure.archive.ubuntu.com/ubuntu noble/main amd64 xfonts-scalable all 1:1.0.3-1.3 [304 kB]
2025-06-09T21:12:38.7191059Z Get:178 http://azure.archive.ubuntu.com/ubuntu noble/universe amd64 libgstreamer-plugins-bad1.0-0 amd64 1.24.2-1ubuntu4 [797 kB]
2025-06-09T21:12:38.7502784Z Get:179 http://azure.archive.ubuntu.com/ubuntu noble/universe amd64 libdca0 amd64 0.0.7-2build1 [93.8 kB]
2025-06-09T21:12:38.7665777Z Get:180 http://azure.archive.ubuntu.com/ubuntu noble/universe amd64 libopenal1 amd64 1:1.23.1-4build1 [540 kB]
2025-06-09T21:12:38.7985712Z Get:181 http://azure.archive.ubuntu.com/ubuntu noble/main amd64 libsbc1 amd64 2.0-1build1 [33.9 kB]
2025-06-09T21:12:38.8143693Z Get:182 http://azure.archive.ubuntu.com/ubuntu noble/universe amd64 libvo-aacenc0 amd64 0.1.3-2build1 [67.8 kB]
2025-06-09T21:12:38.8370392Z Get:183 http://azure.archive.ubuntu.com/ubuntu noble/universe amd64 libvo-amrwbenc0 amd64 0.1.3-2build1 [76.7 kB]
2025-06-09T21:12:38.8527190Z Get:184 http://azure.archive.ubuntu.com/ubuntu noble/universe amd64 gstreamer1.0-plugins-bad amd64 1.24.2-1ubuntu4 [3081 kB]
2025-06-09T21:12:39.3401995Z Fetched 116 MB in 5s (23.6 MB/s)
2025-06-09T21:12:39.3648026Z Selecting previously unselected package fonts-ipafont-gothic.
2025-06-09T21:12:39.3833256Z (Reading database ... 
2025-06-09T21:12:39.3833716Z (Reading database ... 5%
2025-06-09T21:12:39.3834132Z (Reading database ... 10%
2025-06-09T21:12:39.3834714Z (Reading database ... 15%
2025-06-09T21:12:39.3835105Z (Reading database ... 20%
2025-06-09T21:12:39.3835350Z (Reading database ... 25%
2025-06-09T21:12:39.3835587Z (Reading database ... 30%
2025-06-09T21:12:39.3835849Z (Reading database ... 35%
2025-06-09T21:12:39.3836095Z (Reading database ... 40%
2025-06-09T21:12:39.3836305Z (Reading database ... 45%
2025-06-09T21:12:39.3836522Z (Reading database ... 50%
2025-06-09T21:12:39.3929186Z (Reading database ... 55%
2025-06-09T21:12:39.4241368Z (Reading database ... 60%
2025-06-09T21:12:39.4415660Z (Reading database ... 65%
2025-06-09T21:12:39.4609135Z (Reading database ... 70%
2025-06-09T21:12:39.4782441Z (Reading database ... 75%
2025-06-09T21:12:39.5255922Z (Reading database ... 80%
2025-06-09T21:12:39.5554351Z (Reading database ... 85%
2025-06-09T21:12:39.6117746Z (Reading database ... 90%
2025-06-09T21:12:39.6476858Z (Reading database ... 95%
2025-06-09T21:12:39.6477473Z (Reading database ... 100%
2025-06-09T21:12:39.6478140Z (Reading database ... 222694 files and directories currently installed.)
2025-06-09T21:12:39.6525122Z Preparing to unpack .../000-fonts-ipafont-gothic_00303-21ubuntu1_all.deb ...
2025-06-09T21:12:39.6611394Z Unpacking fonts-ipafont-gothic (00303-21ubuntu1) ...
2025-06-09T21:12:39.9028127Z Preparing to unpack .../001-libglib2.0-data_2.80.0-6ubuntu3.4_all.deb ...
2025-06-09T21:12:39.9048680Z Unpacking libglib2.0-data (2.80.0-6ubuntu3.4) over (2.80.0-6ubuntu3.2) ...
2025-06-09T21:12:39.9404198Z Preparing to unpack .../002-libglib2.0-bin_2.80.0-6ubuntu3.4_amd64.deb ...
2025-06-09T21:12:39.9428115Z Unpacking libglib2.0-bin (2.80.0-6ubuntu3.4) over (2.80.0-6ubuntu3.2) ...
2025-06-09T21:12:39.9978195Z Preparing to unpack .../003-gir1.2-glib-2.0_2.80.0-6ubuntu3.4_amd64.deb ...
2025-06-09T21:12:39.9998654Z Unpacking gir1.2-glib-2.0:amd64 (2.80.0-6ubuntu3.4) over (2.80.0-6ubuntu3.2) ...
2025-06-09T21:12:40.0422071Z Preparing to unpack .../004-libglib2.0-0t64_2.80.0-6ubuntu3.4_amd64.deb ...
2025-06-09T21:12:40.0535673Z Unpacking libglib2.0-0t64:amd64 (2.80.0-6ubuntu3.4) over (2.80.0-6ubuntu3.2) ...
2025-06-09T21:12:40.1036911Z Selecting previously unselected package fonts-freefont-ttf.
2025-06-09T21:12:40.1178373Z Preparing to unpack .../005-fonts-freefont-ttf_20211204+svn4273-2_all.deb ...
2025-06-09T21:12:40.1186401Z Unpacking fonts-freefont-ttf (20211204+svn4273-2) ...
2025-06-09T21:12:40.2020876Z Selecting previously unselected package fonts-tlwg-loma-otf.
2025-06-09T21:12:40.2158534Z Preparing to unpack .../006-fonts-tlwg-loma-otf_1%3a0.7.3-1_all.deb ...
2025-06-09T21:12:40.2166693Z Unpacking fonts-tlwg-loma-otf (1:0.7.3-1) ...
2025-06-09T21:12:40.2388176Z Selecting previously unselected package fonts-unifont.
2025-06-09T21:12:40.2527125Z Preparing to unpack .../007-fonts-unifont_1%3a15.1.01-1build1_all.deb ...
2025-06-09T21:12:40.2536502Z Unpacking fonts-unifont (1:15.1.01-1build1) ...
2025-06-09T21:12:40.3759609Z Selecting previously unselected package fonts-wqy-zenhei.
2025-06-09T21:12:40.3897425Z Preparing to unpack .../008-fonts-wqy-zenhei_0.9.45-8_all.deb ...
2025-06-09T21:12:40.3999680Z Unpacking fonts-wqy-zenhei (0.9.45-8) ...
2025-06-09T21:12:40.8657859Z Selecting previously unselected package libproxy1v5:amd64.
2025-06-09T21:12:40.8794848Z Preparing to unpack .../009-libproxy1v5_0.5.4-4build1_amd64.deb ...
2025-06-09T21:12:40.8803160Z Unpacking libproxy1v5:amd64 (0.5.4-4build1) ...
2025-06-09T21:12:40.9010221Z Selecting previously unselected package glib-networking-common.
2025-06-09T21:12:40.9146053Z Preparing to unpack .../010-glib-networking-common_2.80.0-1build1_all.deb ...
2025-06-09T21:12:40.9155349Z Unpacking glib-networking-common (2.80.0-1build1) ...
2025-06-09T21:12:40.9348653Z Selecting previously unselected package glib-networking-services.
2025-06-09T21:12:40.9486191Z Preparing to unpack .../011-glib-networking-services_2.80.0-1build1_amd64.deb ...
2025-06-09T21:12:40.9494198Z Unpacking glib-networking-services (2.80.0-1build1) ...
2025-06-09T21:12:40.9711620Z Selecting previously unselected package session-migration.
2025-06-09T21:12:40.9848798Z Preparing to unpack .../012-session-migration_0.3.9build1_amd64.deb ...
2025-06-09T21:12:40.9856576Z Unpacking session-migration (0.3.9build1) ...
2025-06-09T21:12:41.0074980Z Selecting previously unselected package gsettings-desktop-schemas.
2025-06-09T21:12:41.0211571Z Preparing to unpack .../013-gsettings-desktop-schemas_46.1-0ubuntu1_all.deb ...
2025-06-09T21:12:41.0220275Z Unpacking gsettings-desktop-schemas (46.1-0ubuntu1) ...
2025-06-09T21:12:41.0488603Z Selecting previously unselected package glib-networking:amd64.
2025-06-09T21:12:41.0627903Z Preparing to unpack .../014-glib-networking_2.80.0-1build1_amd64.deb ...
2025-06-09T21:12:41.0642116Z Unpacking glib-networking:amd64 (2.80.0-1build1) ...
2025-06-09T21:12:41.0912385Z Selecting previously unselected package libva2:amd64.
2025-06-09T21:12:41.1053541Z Preparing to unpack .../015-libva2_2.20.0-2build1_amd64.deb ...
2025-06-09T21:12:41.1062132Z Unpacking libva2:amd64 (2.20.0-2build1) ...
2025-06-09T21:12:41.1280898Z Selecting previously unselected package libva-drm2:amd64.
2025-06-09T21:12:41.1421015Z Preparing to unpack .../016-libva-drm2_2.20.0-2build1_amd64.deb ...
2025-06-09T21:12:41.1431077Z Unpacking libva-drm2:amd64 (2.20.0-2build1) ...
2025-06-09T21:12:41.1644681Z Selecting previously unselected package libva-x11-2:amd64.
2025-06-09T21:12:41.1782635Z Preparing to unpack .../017-libva-x11-2_2.20.0-2build1_amd64.deb ...
2025-06-09T21:12:41.1792062Z Unpacking libva-x11-2:amd64 (2.20.0-2build1) ...
2025-06-09T21:12:41.2012780Z Selecting previously unselected package libvdpau1:amd64.
2025-06-09T21:12:41.2151309Z Preparing to unpack .../018-libvdpau1_1.5-2build1_amd64.deb ...
2025-06-09T21:12:41.2160419Z Unpacking libvdpau1:amd64 (1.5-2build1) ...
2025-06-09T21:12:41.2388113Z Selecting previously unselected package libvpl2.
2025-06-09T21:12:41.2541721Z Preparing to unpack .../019-libvpl2_2023.3.0-1build1_amd64.deb ...
2025-06-09T21:12:41.2570906Z Unpacking libvpl2 (2023.3.0-1build1) ...
2025-06-09T21:12:41.2804175Z Selecting previously unselected package ocl-icd-libopencl1:amd64.
2025-06-09T21:12:41.2942817Z Preparing to unpack .../020-ocl-icd-libopencl1_2.3.2-1build1_amd64.deb ...
2025-06-09T21:12:41.2963602Z Unpacking ocl-icd-libopencl1:amd64 (2.3.2-1build1) ...
2025-06-09T21:12:41.3202197Z Selecting previously unselected package libavutil58:amd64.
2025-06-09T21:12:41.3340850Z Preparing to unpack .../021-libavutil58_7%3a6.1.1-3ubuntu5_amd64.deb ...
2025-06-09T21:12:41.3349314Z Unpacking libavutil58:amd64 (7:6.1.1-3ubuntu5) ...
2025-06-09T21:12:41.3618145Z Selecting previously unselected package libcodec2-1.2:amd64.
2025-06-09T21:12:41.3755487Z Preparing to unpack .../022-libcodec2-1.2_1.2.0-2build1_amd64.deb ...
2025-06-09T21:12:41.3764515Z Unpacking libcodec2-1.2:amd64 (1.2.0-2build1) ...
2025-06-09T21:12:41.4547227Z Selecting previously unselected package libdav1d7:amd64.
2025-06-09T21:12:41.4683436Z Preparing to unpack .../023-libdav1d7_1.4.1-1build1_amd64.deb ...
2025-06-09T21:12:41.4691807Z Unpacking libdav1d7:amd64 (1.4.1-1build1) ...
2025-06-09T21:12:41.4985666Z Selecting previously unselected package libgsm1:amd64.
2025-06-09T21:12:41.5125971Z Preparing to unpack .../024-libgsm1_1.0.22-1build1_amd64.deb ...
2025-06-09T21:12:41.5134345Z Unpacking libgsm1:amd64 (1.0.22-1build1) ...
2025-06-09T21:12:41.5378557Z Selecting previously unselected package libhwy1t64:amd64.
2025-06-09T21:12:41.5518970Z Preparing to unpack .../025-libhwy1t64_1.0.7-8.1build1_amd64.deb ...
2025-06-09T21:12:41.5527277Z Unpacking libhwy1t64:amd64 (1.0.7-8.1build1) ...
2025-06-09T21:12:41.5878961Z Selecting previously unselected package libjxl0.7:amd64.
2025-06-09T21:12:41.6018762Z Preparing to unpack .../026-libjxl0.7_0.7.0-10.2ubuntu6_amd64.deb ...
2025-06-09T21:12:41.6027100Z Unpacking libjxl0.7:amd64 (0.7.0-10.2ubuntu6) ...
2025-06-09T21:12:41.6379234Z Selecting previously unselected package libmp3lame0:amd64.
2025-06-09T21:12:41.6519003Z Preparing to unpack .../027-libmp3lame0_3.100-6build1_amd64.deb ...
2025-06-09T21:12:41.6534703Z Unpacking libmp3lame0:amd64 (3.100-6build1) ...
2025-06-09T21:12:41.6769016Z Selecting previously unselected package libopus0:amd64.
2025-06-09T21:12:41.6906758Z Preparing to unpack .../028-libopus0_1.4-1build1_amd64.deb ...
2025-06-09T21:12:41.6915978Z Unpacking libopus0:amd64 (1.4-1build1) ...
2025-06-09T21:12:41.7150228Z Selecting previously unselected package librav1e0:amd64.
2025-06-09T21:12:41.7290573Z Preparing to unpack .../029-librav1e0_0.7.1-2_amd64.deb ...
2025-06-09T21:12:41.7300767Z Unpacking librav1e0:amd64 (0.7.1-2) ...
2025-06-09T21:12:41.7665420Z Selecting previously unselected package librsvg2-2:amd64.
2025-06-09T21:12:41.7805011Z Preparing to unpack .../030-librsvg2-2_2.58.0+dfsg-1build1_amd64.deb ...
2025-06-09T21:12:41.7814316Z Unpacking librsvg2-2:amd64 (2.58.0+dfsg-1build1) ...
2025-06-09T21:12:41.8309938Z Selecting previously unselected package libshine3:amd64.
2025-06-09T21:12:41.8451834Z Preparing to unpack .../031-libshine3_3.1.1-2build1_amd64.deb ...
2025-06-09T21:12:41.8460504Z Unpacking libshine3:amd64 (3.1.1-2build1) ...
2025-06-09T21:12:41.8686093Z Selecting previously unselected package libspeex1:amd64.
2025-06-09T21:12:41.8824025Z Preparing to unpack .../032-libspeex1_1.2.1-2ubuntu2.24.04.1_amd64.deb ...
2025-06-09T21:12:41.8833265Z Unpacking libspeex1:amd64 (1.2.1-2ubuntu2.24.04.1) ...
2025-06-09T21:12:41.9054836Z Selecting previously unselected package libsvtav1enc1d1:amd64.
2025-06-09T21:12:41.9193899Z Preparing to unpack .../033-libsvtav1enc1d1_1.7.0+dfsg-2build1_amd64.deb ...
2025-06-09T21:12:41.9202427Z Unpacking libsvtav1enc1d1:amd64 (1.7.0+dfsg-2build1) ...
2025-06-09T21:12:41.9730656Z Selecting previously unselected package libsoxr0:amd64.
2025-06-09T21:12:41.9867687Z Preparing to unpack .../034-libsoxr0_0.1.3-4build3_amd64.deb ...
2025-06-09T21:12:41.9877353Z Unpacking libsoxr0:amd64 (0.1.3-4build3) ...
2025-06-09T21:12:42.0102071Z Selecting previously unselected package libswresample4:amd64.
2025-06-09T21:12:42.0240018Z Preparing to unpack .../035-libswresample4_7%3a6.1.1-3ubuntu5_amd64.deb ...
2025-06-09T21:12:42.0249288Z Unpacking libswresample4:amd64 (7:6.1.1-3ubuntu5) ...
2025-06-09T21:12:42.0475633Z Selecting previously unselected package libtheora0:amd64.
2025-06-09T21:12:42.0615169Z Preparing to unpack .../036-libtheora0_1.1.1+dfsg.1-16.1build3_amd64.deb ...
2025-06-09T21:12:42.0625419Z Unpacking libtheora0:amd64 (1.1.1+dfsg.1-16.1build3) ...
2025-06-09T21:12:42.0882601Z Selecting previously unselected package libtwolame0:amd64.
2025-06-09T21:12:42.1020584Z Preparing to unpack .../037-libtwolame0_0.4.0-2build3_amd64.deb ...
2025-06-09T21:12:42.1029104Z Unpacking libtwolame0:amd64 (0.4.0-2build3) ...
2025-06-09T21:12:42.1249013Z Selecting previously unselected package libvorbisenc2:amd64.
2025-06-09T21:12:42.1387381Z Preparing to unpack .../038-libvorbisenc2_1.3.7-1build3_amd64.deb ...
2025-06-09T21:12:42.1397390Z Unpacking libvorbisenc2:amd64 (1.3.7-1build3) ...
2025-06-09T21:12:42.1648959Z Selecting previously unselected package libvpx9:amd64.
2025-06-09T21:12:42.1787709Z Preparing to unpack .../039-libvpx9_1.14.0-1ubuntu2.2_amd64.deb ...
2025-06-09T21:12:42.1815425Z Unpacking libvpx9:amd64 (1.14.0-1ubuntu2.2) ...
2025-06-09T21:12:42.2174190Z Selecting previously unselected package libx264-164:amd64.
2025-06-09T21:12:42.2312716Z Preparing to unpack .../040-libx264-164_2%3a0.164.3108+git31e19f9-1_amd64.deb ...
2025-06-09T21:12:42.2323500Z Unpacking libx264-164:amd64 (2:0.164.3108+git31e19f9-1) ...
2025-06-09T21:12:42.2637955Z Selecting previously unselected package libx265-199:amd64.
2025-06-09T21:12:42.2776848Z Preparing to unpack .../041-libx265-199_3.5-2build1_amd64.deb ...
2025-06-09T21:12:42.2786524Z Unpacking libx265-199:amd64 (3.5-2build1) ...
2025-06-09T21:12:42.3519485Z Selecting previously unselected package libxvidcore4:amd64.
2025-06-09T21:12:42.3657482Z Preparing to unpack .../042-libxvidcore4_2%3a1.3.7-1build1_amd64.deb ...
2025-06-09T21:12:42.3667105Z Unpacking libxvidcore4:amd64 (2:1.3.7-1build1) ...
2025-06-09T21:12:42.3898150Z Selecting previously unselected package libzvbi-common.
2025-06-09T21:12:42.4037379Z Preparing to unpack .../043-libzvbi-common_0.2.42-2_all.deb ...
2025-06-09T21:12:42.4045562Z Unpacking libzvbi-common (0.2.42-2) ...
2025-06-09T21:12:42.4420962Z Selecting previously unselected package libzvbi0t64:amd64.
2025-06-09T21:12:42.4557341Z Preparing to unpack .../044-libzvbi0t64_0.2.42-2_amd64.deb ...
2025-06-09T21:12:42.4566955Z Unpacking libzvbi0t64:amd64 (0.2.42-2) ...
2025-06-09T21:12:42.4827804Z Selecting previously unselected package libavcodec60:amd64.
2025-06-09T21:12:42.4965685Z Preparing to unpack .../045-libavcodec60_7%3a6.1.1-3ubuntu5_amd64.deb ...
2025-06-09T21:12:42.4975639Z Unpacking libavcodec60:amd64 (7:6.1.1-3ubuntu5) ...
2025-06-09T21:12:42.5887068Z Selecting previously unselected package libunibreak5:amd64.
2025-06-09T21:12:42.6023140Z Preparing to unpack .../046-libunibreak5_5.1-2build1_amd64.deb ...
2025-06-09T21:12:42.6032382Z Unpacking libunibreak5:amd64 (5.1-2build1) ...
2025-06-09T21:12:42.6253189Z Selecting previously unselected package libass9:amd64.
2025-06-09T21:12:42.6390739Z Preparing to unpack .../047-libass9_1%3a0.17.1-2build1_amd64.deb ...
2025-06-09T21:12:42.6399328Z Unpacking libass9:amd64 (1:0.17.1-2build1) ...
2025-06-09T21:12:42.6630709Z Selecting previously unselected package libudfread0:amd64.
2025-06-09T21:12:42.6767559Z Preparing to unpack .../048-libudfread0_1.1.2-1build1_amd64.deb ...
2025-06-09T21:12:42.6776190Z Unpacking libudfread0:amd64 (1.1.2-1build1) ...
2025-06-09T21:12:42.6989723Z Selecting previously unselected package libbluray2:amd64.
2025-06-09T21:12:42.7125409Z Preparing to unpack .../049-libbluray2_1%3a1.3.4-1build1_amd64.deb ...
2025-06-09T21:12:42.7133492Z Unpacking libbluray2:amd64 (1:1.3.4-1build1) ...
2025-06-09T21:12:42.7368025Z Selecting previously unselected package libchromaprint1:amd64.
2025-06-09T21:12:42.7503899Z Preparing to unpack .../050-libchromaprint1_1.5.1-5_amd64.deb ...
2025-06-09T21:12:42.7512885Z Unpacking libchromaprint1:amd64 (1.5.1-5) ...
2025-06-09T21:12:42.7729847Z Selecting previously unselected package libgme0:amd64.
2025-06-09T21:12:42.7866044Z Preparing to unpack .../051-libgme0_0.6.3-7build1_amd64.deb ...
2025-06-09T21:12:42.7874597Z Unpacking libgme0:amd64 (0.6.3-7build1) ...
2025-06-09T21:12:42.8100163Z Selecting previously unselected package libmpg123-0t64:amd64.
2025-06-09T21:12:42.8237413Z Preparing to unpack .../052-libmpg123-0t64_1.32.5-1ubuntu1.1_amd64.deb ...
2025-06-09T21:12:42.8246561Z Unpacking libmpg123-0t64:amd64 (1.32.5-1ubuntu1.1) ...
2025-06-09T21:12:42.8483810Z Selecting previously unselected package libopenmpt0t64:amd64.
2025-06-09T21:12:42.8634318Z Preparing to unpack .../053-libopenmpt0t64_0.7.3-1.1build3_amd64.deb ...
2025-06-09T21:12:42.8643829Z Unpacking libopenmpt0t64:amd64 (0.7.3-1.1build3) ...
2025-06-09T21:12:42.8939698Z Selecting previously unselected package libcjson1:amd64.
2025-06-09T21:12:42.9077182Z Preparing to unpack .../054-libcjson1_1.7.17-1_amd64.deb ...
2025-06-09T21:12:42.9089074Z Unpacking libcjson1:amd64 (1.7.17-1) ...
2025-06-09T21:12:42.9318443Z Selecting previously unselected package libmbedcrypto7t64:amd64.
2025-06-09T21:12:42.9456165Z Preparing to unpack .../055-libmbedcrypto7t64_2.28.8-1_amd64.deb ...
2025-06-09T21:12:42.9465576Z Unpacking libmbedcrypto7t64:amd64 (2.28.8-1) ...
2025-06-09T21:12:42.9710366Z Selecting previously unselected package librist4:amd64.
2025-06-09T21:12:42.9848784Z Preparing to unpack .../056-librist4_0.2.10+dfsg-2_amd64.deb ...
2025-06-09T21:12:42.9857942Z Unpacking librist4:amd64 (0.2.10+dfsg-2) ...
2025-06-09T21:12:43.0081583Z Selecting previously unselected package libsrt1.5-gnutls:amd64.
2025-06-09T21:12:43.0219079Z Preparing to unpack .../057-libsrt1.5-gnutls_1.5.3-1build2_amd64.deb ...
2025-06-09T21:12:43.0228815Z Unpacking libsrt1.5-gnutls:amd64 (1.5.3-1build2) ...
2025-06-09T21:12:43.0487568Z Selecting previously unselected package libssh-gcrypt-4:amd64.
2025-06-09T21:12:43.0626443Z Preparing to unpack .../058-libssh-gcrypt-4_0.10.6-2build2_amd64.deb ...
2025-06-09T21:12:43.0635564Z Unpacking libssh-gcrypt-4:amd64 (0.10.6-2build2) ...
2025-06-09T21:12:43.0888313Z Selecting previously unselected package libavformat60:amd64.
2025-06-09T21:12:43.1025863Z Preparing to unpack .../059-libavformat60_7%3a6.1.1-3ubuntu5_amd64.deb ...
2025-06-09T21:12:43.1034630Z Unpacking libavformat60:amd64 (7:6.1.1-3ubuntu5) ...
2025-06-09T21:12:43.1391839Z Selecting previously unselected package libbs2b0:amd64.
2025-06-09T21:12:43.1528550Z Preparing to unpack .../060-libbs2b0_3.1.0+dfsg-7build1_amd64.deb ...
2025-06-09T21:12:43.1545231Z Unpacking libbs2b0:amd64 (3.1.0+dfsg-7build1) ...
2025-06-09T21:12:43.1789297Z Selecting previously unselected package libflite1:amd64.
2025-06-09T21:12:43.1928213Z Preparing to unpack .../061-libflite1_2.2-6build3_amd64.deb ...
2025-06-09T21:12:43.1938785Z Unpacking libflite1:amd64 (2.2-6build3) ...
2025-06-09T21:12:43.3100229Z Selecting previously unselected package libserd-0-0:amd64.
2025-06-09T21:12:43.3239149Z Preparing to unpack .../062-libserd-0-0_0.32.2-1_amd64.deb ...
2025-06-09T21:12:43.3248738Z Unpacking libserd-0-0:amd64 (0.32.2-1) ...
2025-06-09T21:12:43.3473717Z Selecting previously unselected package libzix-0-0:amd64.
2025-06-09T21:12:43.3612523Z Preparing to unpack .../063-libzix-0-0_0.4.2-2build1_amd64.deb ...
2025-06-09T21:12:43.3621966Z Unpacking libzix-0-0:amd64 (0.4.2-2build1) ...
2025-06-09T21:12:43.3842762Z Selecting previously unselected package libsord-0-0:amd64.
2025-06-09T21:12:43.3981463Z Preparing to unpack .../064-libsord-0-0_0.16.16-2build1_amd64.deb ...
2025-06-09T21:12:43.3991402Z Unpacking libsord-0-0:amd64 (0.16.16-2build1) ...
2025-06-09T21:12:43.4209065Z Selecting previously unselected package libsratom-0-0:amd64.
2025-06-09T21:12:43.4349952Z Preparing to unpack .../065-libsratom-0-0_0.6.16-1build1_amd64.deb ...
2025-06-09T21:12:43.4360086Z Unpacking libsratom-0-0:amd64 (0.6.16-1build1) ...
2025-06-09T21:12:43.4583227Z Selecting previously unselected package liblilv-0-0:amd64.
2025-06-09T21:12:43.4721568Z Preparing to unpack .../066-liblilv-0-0_0.24.22-1build1_amd64.deb ...
2025-06-09T21:12:43.4731383Z Unpacking liblilv-0-0:amd64 (0.24.22-1build1) ...
2025-06-09T21:12:43.4959246Z Selecting previously unselected package libmysofa1:amd64.
2025-06-09T21:12:43.5095990Z Preparing to unpack .../067-libmysofa1_1.3.2+dfsg-2ubuntu2_amd64.deb ...
2025-06-09T21:12:43.5106042Z Unpacking libmysofa1:amd64 (1.3.2+dfsg-2ubuntu2) ...
2025-06-09T21:12:43.5380917Z Selecting previously unselected package libplacebo338:amd64.
2025-06-09T21:12:43.5518620Z Preparing to unpack .../068-libplacebo338_6.338.2-2build1_amd64.deb ...
2025-06-09T21:12:43.5528869Z Unpacking libplacebo338:amd64 (6.338.2-2build1) ...
2025-06-09T21:12:43.6116755Z Selecting previously unselected package libblas3:amd64.
2025-06-09T21:12:43.6253931Z Preparing to unpack .../069-libblas3_3.12.0-3build1.1_amd64.deb ...
2025-06-09T21:12:43.6289695Z Unpacking libblas3:amd64 (3.12.0-3build1.1) ...
2025-06-09T21:12:43.6566436Z Selecting previously unselected package liblapack3:amd64.
2025-06-09T21:12:43.6703320Z Preparing to unpack .../070-liblapack3_3.12.0-3build1.1_amd64.deb ...
2025-06-09T21:12:43.6736693Z Unpacking liblapack3:amd64 (3.12.0-3build1.1) ...
2025-06-09T21:12:43.7261481Z Selecting previously unselected package libasyncns0:amd64.
2025-06-09T21:12:43.7401025Z Preparing to unpack .../071-libasyncns0_0.8-6build4_amd64.deb ...
2025-06-09T21:12:43.7410290Z Unpacking libasyncns0:amd64 (0.8-6build4) ...
2025-06-09T21:12:43.7634839Z Selecting previously unselected package libflac12t64:amd64.
2025-06-09T21:12:43.7773988Z Preparing to unpack .../072-libflac12t64_1.4.3+ds-2.1ubuntu2_amd64.deb ...
2025-06-09T21:12:43.7783284Z Unpacking libflac12t64:amd64 (1.4.3+ds-2.1ubuntu2) ...
2025-06-09T21:12:43.8027093Z Selecting previously unselected package libsndfile1:amd64.
2025-06-09T21:12:43.8164573Z Preparing to unpack .../073-libsndfile1_1.2.2-1ubuntu5.24.04.1_amd64.deb ...
2025-06-09T21:12:43.8173138Z Unpacking libsndfile1:amd64 (1.2.2-1ubuntu5.24.04.1) ...
2025-06-09T21:12:43.8455102Z Selecting previously unselected package libpulse0:amd64.
2025-06-09T21:12:43.8593165Z Preparing to unpack .../074-libpulse0_1%3a16.1+dfsg1-2ubuntu10.1_amd64.deb ...
2025-06-09T21:12:43.8724811Z Unpacking libpulse0:amd64 (1:16.1+dfsg1-2ubuntu10.1) ...
2025-06-09T21:12:43.8992087Z Selecting previously unselected package libsphinxbase3t64:amd64.
2025-06-09T21:12:43.9129530Z Preparing to unpack .../075-libsphinxbase3t64_0.8+5prealpha+1-17build2_amd64.deb ...
2025-06-09T21:12:43.9140012Z Unpacking libsphinxbase3t64:amd64 (0.8+5prealpha+1-17build2) ...
2025-06-09T21:12:43.9380536Z Selecting previously unselected package libpocketsphinx3:amd64.
2025-06-09T21:12:43.9518785Z Preparing to unpack .../076-libpocketsphinx3_0.8.0+real5prealpha+1-15ubuntu5_amd64.deb ...
2025-06-09T21:12:43.9527671Z Unpacking libpocketsphinx3:amd64 (0.8.0+real5prealpha+1-15ubuntu5) ...
2025-06-09T21:12:43.9770107Z Selecting previously unselected package libpostproc57:amd64.
2025-06-09T21:12:43.9907986Z Preparing to unpack .../077-libpostproc57_7%3a6.1.1-3ubuntu5_amd64.deb ...
2025-06-09T21:12:43.9917891Z Unpacking libpostproc57:amd64 (7:6.1.1-3ubuntu5) ...
2025-06-09T21:12:44.0145795Z Selecting previously unselected package libsamplerate0:amd64.
2025-06-09T21:12:44.0285944Z Preparing to unpack .../078-libsamplerate0_0.2.2-4build1_amd64.deb ...
2025-06-09T21:12:44.0295401Z Unpacking libsamplerate0:amd64 (0.2.2-4build1) ...
2025-06-09T21:12:44.0697193Z Selecting previously unselected package librubberband2:amd64.
2025-06-09T21:12:44.0835224Z Preparing to unpack .../079-librubberband2_3.3.0+dfsg-2build1_amd64.deb ...
2025-06-09T21:12:44.0855709Z Unpacking librubberband2:amd64 (3.3.0+dfsg-2build1) ...
2025-06-09T21:12:44.1090855Z Selecting previously unselected package libswscale7:amd64.
2025-06-09T21:12:44.1228974Z Preparing to unpack .../080-libswscale7_7%3a6.1.1-3ubuntu5_amd64.deb ...
2025-06-09T21:12:44.1237744Z Unpacking libswscale7:amd64 (7:6.1.1-3ubuntu5) ...
2025-06-09T21:12:44.1481961Z Selecting previously unselected package libvidstab1.1:amd64.
2025-06-09T21:12:44.1620963Z Preparing to unpack .../081-libvidstab1.1_1.1.0-2build1_amd64.deb ...
2025-06-09T21:12:44.1630081Z Unpacking libvidstab1.1:amd64 (1.1.0-2build1) ...
2025-06-09T21:12:44.1845678Z Selecting previously unselected package libzimg2:amd64.
2025-06-09T21:12:44.1985356Z Preparing to unpack .../082-libzimg2_3.0.5+ds1-1build1_amd64.deb ...
2025-06-09T21:12:44.1993814Z Unpacking libzimg2:amd64 (3.0.5+ds1-1build1) ...
2025-06-09T21:12:44.2257464Z Selecting previously unselected package libavfilter9:amd64.
2025-06-09T21:12:44.2396208Z Preparing to unpack .../083-libavfilter9_7%3a6.1.1-3ubuntu5_amd64.deb ...
2025-06-09T21:12:44.2405246Z Unpacking libavfilter9:amd64 (7:6.1.1-3ubuntu5) ...
2025-06-09T21:12:44.3194605Z Selecting previously unselected package liborc-0.4-0t64:amd64.
2025-06-09T21:12:44.3334923Z Preparing to unpack .../084-liborc-0.4-0t64_1%3a0.4.38-1ubuntu0.1_amd64.deb ...
2025-06-09T21:12:44.3343540Z Unpacking liborc-0.4-0t64:amd64 (1:0.4.38-1ubuntu0.1) ...
2025-06-09T21:12:44.3611068Z Selecting previously unselected package libgstreamer-plugins-base1.0-0:amd64.
2025-06-09T21:12:44.3753637Z Preparing to unpack .../085-libgstreamer-plugins-base1.0-0_1.24.2-1ubuntu0.2_amd64.deb ...
2025-06-09T21:12:44.3762805Z Unpacking libgstreamer-plugins-base1.0-0:amd64 (1.24.2-1ubuntu0.2) ...
2025-06-09T21:12:44.4115237Z Selecting previously unselected package gstreamer1.0-libav:amd64.
2025-06-09T21:12:44.4254789Z Preparing to unpack .../086-gstreamer1.0-libav_1.24.1-1build1_amd64.deb ...
2025-06-09T21:12:44.4265349Z Unpacking gstreamer1.0-libav:amd64 (1.24.1-1build1) ...
2025-06-09T21:12:44.4532397Z Selecting previously unselected package libcdparanoia0:amd64.
2025-06-09T21:12:44.4671318Z Preparing to unpack .../087-libcdparanoia0_3.10.2+debian-14build3_amd64.deb ...
2025-06-09T21:12:44.4683744Z Unpacking libcdparanoia0:amd64 (3.10.2+debian-14build3) ...
2025-06-09T21:12:44.4910822Z Selecting previously unselected package libvisual-0.4-0:amd64.
2025-06-09T21:12:44.5049194Z Preparing to unpack .../088-libvisual-0.4-0_0.4.2-2build1_amd64.deb ...
2025-06-09T21:12:44.5058918Z Unpacking libvisual-0.4-0:amd64 (0.4.2-2build1) ...
2025-06-09T21:12:44.5290509Z Selecting previously unselected package gstreamer1.0-plugins-base:amd64.
2025-06-09T21:12:44.5428132Z Preparing to unpack .../089-gstreamer1.0-plugins-base_1.24.2-1ubuntu0.2_amd64.deb ...
2025-06-09T21:12:44.5436728Z Unpacking gstreamer1.0-plugins-base:amd64 (1.24.2-1ubuntu0.2) ...
2025-06-09T21:12:44.5786411Z Selecting previously unselected package libaa1:amd64.
2025-06-09T21:12:44.5923462Z Preparing to unpack .../090-libaa1_1.4p5-51.1_amd64.deb ...
2025-06-09T21:12:44.5932143Z Unpacking libaa1:amd64 (1.4p5-51.1) ...
2025-06-09T21:12:44.6158684Z Selecting previously unselected package libraw1394-11:amd64.
2025-06-09T21:12:44.6296656Z Preparing to unpack .../091-libraw1394-11_2.1.2-2build3_amd64.deb ...
2025-06-09T21:12:44.6305853Z Unpacking libraw1394-11:amd64 (2.1.2-2build3) ...
2025-06-09T21:12:44.6522887Z Selecting previously unselected package libavc1394-0:amd64.
2025-06-09T21:12:44.6662457Z Preparing to unpack .../092-libavc1394-0_0.5.4-5build3_amd64.deb ...
2025-06-09T21:12:44.6671744Z Unpacking libavc1394-0:amd64 (0.5.4-5build3) ...
2025-06-09T21:12:44.6882873Z Selecting previously unselected package libcaca0:amd64.
2025-06-09T21:12:44.7023169Z Preparing to unpack .../093-libcaca0_0.99.beta20-4build2_amd64.deb ...
2025-06-09T21:12:44.7033399Z Unpacking libcaca0:amd64 (0.99.beta20-4build2) ...
2025-06-09T21:12:44.7323582Z Selecting previously unselected package libdv4t64:amd64.
2025-06-09T21:12:44.7464647Z Preparing to unpack .../094-libdv4t64_1.0.0-17.1build1_amd64.deb ...
2025-06-09T21:12:44.7472569Z Unpacking libdv4t64:amd64 (1.0.0-17.1build1) ...
2025-06-09T21:12:44.7706957Z Selecting previously unselected package libgstreamer-plugins-good1.0-0:amd64.
2025-06-09T21:12:44.7845124Z Preparing to unpack .../095-libgstreamer-plugins-good1.0-0_1.24.2-1ubuntu1.1_amd64.deb ...
2025-06-09T21:12:44.7854693Z Unpacking libgstreamer-plugins-good1.0-0:amd64 (1.24.2-1ubuntu1.1) ...
2025-06-09T21:12:44.8080325Z Selecting previously unselected package libiec61883-0:amd64.
2025-06-09T21:12:44.8219561Z Preparing to unpack .../096-libiec61883-0_1.2.0-6build1_amd64.deb ...
2025-06-09T21:12:44.8227414Z Unpacking libiec61883-0:amd64 (1.2.0-6build1) ...
2025-06-09T21:12:44.8451167Z Selecting previously unselected package libshout3:amd64.
2025-06-09T21:12:44.8590594Z Preparing to unpack .../097-libshout3_2.4.6-1build2_amd64.deb ...
2025-06-09T21:12:44.8598968Z Unpacking libshout3:amd64 (2.4.6-1build2) ...
2025-06-09T21:12:44.8824647Z Selecting previously unselected package libtag1v5-vanilla:amd64.
2025-06-09T21:12:44.8963761Z Preparing to unpack .../098-libtag1v5-vanilla_1.13.1-1build1_amd64.deb ...
2025-06-09T21:12:44.8971783Z Unpacking libtag1v5-vanilla:amd64 (1.13.1-1build1) ...
2025-06-09T21:12:44.9227960Z Selecting previously unselected package libtag1v5:amd64.
2025-06-09T21:12:44.9368982Z Preparing to unpack .../099-libtag1v5_1.13.1-1build1_amd64.deb ...
2025-06-09T21:12:44.9378793Z Unpacking libtag1v5:amd64 (1.13.1-1build1) ...
2025-06-09T21:12:44.9589770Z Selecting previously unselected package libv4lconvert0t64:amd64.
2025-06-09T21:12:44.9727667Z Preparing to unpack .../100-libv4lconvert0t64_1.26.1-4build3_amd64.deb ...
2025-06-09T21:12:44.9737495Z Unpacking libv4lconvert0t64:amd64 (1.26.1-4build3) ...
2025-06-09T21:12:44.9989628Z Selecting previously unselected package libv4l-0t64:amd64.
2025-06-09T21:12:45.0128707Z Preparing to unpack .../101-libv4l-0t64_1.26.1-4build3_amd64.deb ...
2025-06-09T21:12:45.0139789Z Unpacking libv4l-0t64:amd64 (1.26.1-4build3) ...
2025-06-09T21:12:45.0399458Z Selecting previously unselected package libwavpack1:amd64.
2025-06-09T21:12:45.0535851Z Preparing to unpack .../102-libwavpack1_5.6.0-1build1_amd64.deb ...
2025-06-09T21:12:45.0546876Z Unpacking libwavpack1:amd64 (5.6.0-1build1) ...
2025-06-09T21:12:45.0796968Z Selecting previously unselected package libsoup-3.0-common.
2025-06-09T21:12:45.0934935Z Preparing to unpack .../103-libsoup-3.0-common_3.4.4-5ubuntu0.4_all.deb ...
2025-06-09T21:12:45.0945412Z Unpacking libsoup-3.0-common (3.4.4-5ubuntu0.4) ...
2025-06-09T21:12:45.1167583Z Selecting previously unselected package libsoup-3.0-0:amd64.
2025-06-09T21:12:45.1307053Z Preparing to unpack .../104-libsoup-3.0-0_3.4.4-5ubuntu0.4_amd64.deb ...
2025-06-09T21:12:45.1315402Z Unpacking libsoup-3.0-0:amd64 (3.4.4-5ubuntu0.4) ...
2025-06-09T21:12:45.1561453Z Selecting previously unselected package gstreamer1.0-plugins-good:amd64.
2025-06-09T21:12:45.1701797Z Preparing to unpack .../105-gstreamer1.0-plugins-good_1.24.2-1ubuntu1.1_amd64.deb ...
2025-06-09T21:12:45.1711125Z Unpacking gstreamer1.0-plugins-good:amd64 (1.24.2-1ubuntu1.1) ...
2025-06-09T21:12:45.2307258Z Selecting previously unselected package libabsl20220623t64:amd64.
2025-06-09T21:12:45.2447585Z Preparing to unpack .../106-libabsl20220623t64_20220623.1-3.1ubuntu3.2_amd64.deb ...
2025-06-09T21:12:45.2456489Z Unpacking libabsl20220623t64:amd64 (20220623.1-3.1ubuntu3.2) ...
2025-06-09T21:12:45.2894156Z Selecting previously unselected package libgav1-1:amd64.
2025-06-09T21:12:45.3034696Z Preparing to unpack .../107-libgav1-1_0.18.0-1build3_amd64.deb ...
2025-06-09T21:12:45.3044828Z Unpacking libgav1-1:amd64 (0.18.0-1build3) ...
2025-06-09T21:12:45.3310398Z Selecting previously unselected package libyuv0:amd64.
2025-06-09T21:12:45.3449154Z Preparing to unpack .../108-libyuv0_0.0~git202401110.af6ac82-1_amd64.deb ...
2025-06-09T21:12:45.3457832Z Unpacking libyuv0:amd64 (0.0~git202401110.af6ac82-1) ...
2025-06-09T21:12:45.3709838Z Selecting previously unselected package libavif16:amd64.
2025-06-09T21:12:45.3848467Z Preparing to unpack .../109-libavif16_1.0.4-1ubuntu3_amd64.deb ...
2025-06-09T21:12:45.3857608Z Unpacking libavif16:amd64 (1.0.4-1ubuntu3) ...
2025-06-09T21:12:45.4082323Z Selecting previously unselected package libavtp0:amd64.
2025-06-09T21:12:45.4225078Z Preparing to unpack .../110-libavtp0_0.2.0-1build1_amd64.deb ...
2025-06-09T21:12:45.4235386Z Unpacking libavtp0:amd64 (0.2.0-1build1) ...
2025-06-09T21:12:45.4459113Z Selecting previously unselected package libcairo-script-interpreter2:amd64.
2025-06-09T21:12:45.4601464Z Preparing to unpack .../111-libcairo-script-interpreter2_1.18.0-3build1_amd64.deb ...
2025-06-09T21:12:45.4623491Z Unpacking libcairo-script-interpreter2:amd64 (1.18.0-3build1) ...
2025-06-09T21:12:45.4853760Z Selecting previously unselected package libdc1394-25:amd64.
2025-06-09T21:12:45.4993440Z Preparing to unpack .../112-libdc1394-25_2.2.6-4build1_amd64.deb ...
2025-06-09T21:12:45.5004140Z Unpacking libdc1394-25:amd64 (2.2.6-4build1) ...
2025-06-09T21:12:45.5240610Z Selecting previously unselected package libdecor-0-0:amd64.
2025-06-09T21:12:45.5378721Z Preparing to unpack .../113-libdecor-0-0_0.2.2-1build2_amd64.deb ...
2025-06-09T21:12:45.5389081Z Unpacking libdecor-0-0:amd64 (0.2.2-1build2) ...
2025-06-09T21:12:45.5613432Z Selecting previously unselected package libgles2:amd64.
2025-06-09T21:12:45.5752087Z Preparing to unpack .../114-libgles2_1.7.0-1build1_amd64.deb ...
2025-06-09T21:12:45.5761539Z Unpacking libgles2:amd64 (1.7.0-1build1) ...
2025-06-09T21:12:45.5989839Z Selecting previously unselected package libdirectfb-1.7-7t64:amd64.
2025-06-09T21:12:45.6129866Z Preparing to unpack .../115-libdirectfb-1.7-7t64_1.7.7-11.1ubuntu2_amd64.deb ...
2025-06-09T21:12:45.6138234Z Unpacking libdirectfb-1.7-7t64:amd64 (1.7.7-11.1ubuntu2) ...
2025-06-09T21:12:45.6590873Z Selecting previously unselected package libdvdread8t64:amd64.
2025-06-09T21:12:45.6728917Z Preparing to unpack .../116-libdvdread8t64_6.1.3-1.1build1_amd64.deb ...
2025-06-09T21:12:45.6738512Z Unpacking libdvdread8t64:amd64 (6.1.3-1.1build1) ...
2025-06-09T21:12:45.6978305Z Selecting previously unselected package libdvdnav4:amd64.
2025-06-09T21:12:45.7116964Z Preparing to unpack .../117-libdvdnav4_6.1.1-3build1_amd64.deb ...
2025-06-09T21:12:45.7129315Z Unpacking libdvdnav4:amd64 (6.1.1-3build1) ...
2025-06-09T21:12:45.7362883Z Selecting previously unselected package libegl-mesa0:amd64.
2025-06-09T21:12:45.7503712Z Preparing to unpack .../118-libegl-mesa0_24.2.8-1ubuntu1~24.04.1_amd64.deb ...
2025-06-09T21:12:45.7511958Z Unpacking libegl-mesa0:amd64 (24.2.8-1ubuntu1~24.04.1) ...
2025-06-09T21:12:45.7779675Z Selecting previously unselected package libevent-2.1-7t64:amd64.
2025-06-09T21:12:45.7916840Z Preparing to unpack .../119-libevent-2.1-7t64_2.1.12-stable-9ubuntu2_amd64.deb ...
2025-06-09T21:12:45.7927640Z Unpacking libevent-2.1-7t64:amd64 (2.1.12-stable-9ubuntu2) ...
2025-06-09T21:12:45.8166464Z Selecting previously unselected package libfaad2:amd64.
2025-06-09T21:12:45.8305569Z Preparing to unpack .../120-libfaad2_2.11.1-1build1_amd64.deb ...
2025-06-09T21:12:45.8314053Z Unpacking libfaad2:amd64 (2.11.1-1build1) ...
2025-06-09T21:12:45.8565454Z Selecting previously unselected package libinstpatch-1.0-2:amd64.
2025-06-09T21:12:45.8705534Z Preparing to unpack .../121-libinstpatch-1.0-2_1.1.6-1build2_amd64.deb ...
2025-06-09T21:12:45.8719267Z Unpacking libinstpatch-1.0-2:amd64 (1.1.6-1build2) ...
2025-06-09T21:12:45.8967844Z Selecting previously unselected package libjack-jackd2-0:amd64.
2025-06-09T21:12:45.9105664Z Preparing to unpack .../122-libjack-jackd2-0_1.9.21~dfsg-3ubuntu3_amd64.deb ...
2025-06-09T21:12:45.9114793Z Unpacking libjack-jackd2-0:amd64 (1.9.21~dfsg-3ubuntu3) ...
2025-06-09T21:12:45.9385458Z Selecting previously unselected package libwebrtc-audio-processing1:amd64.
2025-06-09T21:12:45.9524065Z Preparing to unpack .../123-libwebrtc-audio-processing1_0.3.1-0ubuntu6_amd64.deb ...
2025-06-09T21:12:45.9532359Z Unpacking libwebrtc-audio-processing1:amd64 (0.3.1-0ubuntu6) ...
2025-06-09T21:12:45.9778892Z Selecting previously unselected package libspa-0.2-modules:amd64.
2025-06-09T21:12:45.9918042Z Preparing to unpack .../124-libspa-0.2-modules_1.0.5-1ubuntu3_amd64.deb ...
2025-06-09T21:12:45.9930243Z Unpacking libspa-0.2-modules:amd64 (1.0.5-1ubuntu3) ...
2025-06-09T21:12:46.0278495Z Selecting previously unselected package libpipewire-0.3-0t64:amd64.
2025-06-09T21:12:46.0419104Z Preparing to unpack .../125-libpipewire-0.3-0t64_1.0.5-1ubuntu3_amd64.deb ...
2025-06-09T21:12:46.0429520Z Unpacking libpipewire-0.3-0t64:amd64 (1.0.5-1ubuntu3) ...
2025-06-09T21:12:46.0710387Z Selecting previously unselected package libsdl2-2.0-0:amd64.
2025-06-09T21:12:46.0849610Z Preparing to unpack .../126-libsdl2-2.0-0_2.30.0+dfsg-1ubuntu3.1_amd64.deb ...
2025-06-09T21:12:46.0859697Z Unpacking libsdl2-2.0-0:amd64 (2.30.0+dfsg-1ubuntu3.1) ...
2025-06-09T21:12:46.1181973Z Selecting previously unselected package timgm6mb-soundfont.
2025-06-09T21:12:46.1319823Z Preparing to unpack .../127-timgm6mb-soundfont_1.3-5_all.deb ...
2025-06-09T21:12:46.1328090Z Unpacking timgm6mb-soundfont (1.3-5) ...
2025-06-09T21:12:46.4714654Z Selecting previously unselected package libfluidsynth3:amd64.
2025-06-09T21:12:46.4852083Z Preparing to unpack .../128-libfluidsynth3_2.3.4-1build3_amd64.deb ...
2025-06-09T21:12:46.4860985Z Unpacking libfluidsynth3:amd64 (2.3.4-1build3) ...
2025-06-09T21:12:46.5120822Z Selecting previously unselected package libfreeaptx0:amd64.
2025-06-09T21:12:46.5260235Z Preparing to unpack .../129-libfreeaptx0_0.1.1-2build1_amd64.deb ...
2025-06-09T21:12:46.5269549Z Unpacking libfreeaptx0:amd64 (0.1.1-2build1) ...
2025-06-09T21:12:46.5491372Z Selecting previously unselected package libgraphene-1.0-0:amd64.
2025-06-09T21:12:46.5630659Z Preparing to unpack .../130-libgraphene-1.0-0_1.10.8-3build2_amd64.deb ...
2025-06-09T21:12:46.5642590Z Unpacking libgraphene-1.0-0:amd64 (1.10.8-3build2) ...
2025-06-09T21:12:46.5870168Z Selecting previously unselected package libgssdp-1.6-0:amd64.
2025-06-09T21:12:46.6009393Z Preparing to unpack .../131-libgssdp-1.6-0_1.6.3-1build3_amd64.deb ...
2025-06-09T21:12:46.6019216Z Unpacking libgssdp-1.6-0:amd64 (1.6.3-1build3) ...
2025-06-09T21:12:46.6259291Z Selecting previously unselected package libegl1:amd64.
2025-06-09T21:12:46.6397621Z Preparing to unpack .../132-libegl1_1.7.0-1build1_amd64.deb ...
2025-06-09T21:12:46.6408324Z Unpacking libegl1:amd64 (1.7.0-1build1) ...
2025-06-09T21:12:46.6642941Z Selecting previously unselected package libgstreamer-gl1.0-0:amd64.
2025-06-09T21:12:46.6780885Z Preparing to unpack .../133-libgstreamer-gl1.0-0_1.24.2-1ubuntu0.2_amd64.deb ...
2025-06-09T21:12:46.6789940Z Unpacking libgstreamer-gl1.0-0:amd64 (1.24.2-1ubuntu0.2) ...
2025-06-09T21:12:46.7034774Z Selecting previously unselected package libgtk-4-common.
2025-06-09T21:12:46.7173191Z Preparing to unpack .../134-libgtk-4-common_4.14.2+ds-1ubuntu3_all.deb ...
2025-06-09T21:12:46.7181074Z Unpacking libgtk-4-common (4.14.2+ds-1ubuntu3) ...
2025-06-09T21:12:46.7718772Z Selecting previously unselected package libgtk-4-1:amd64.
2025-06-09T21:12:46.7857330Z Preparing to unpack .../135-libgtk-4-1_4.14.2+ds-1ubuntu3_amd64.deb ...
2025-06-09T21:12:46.7869255Z Unpacking libgtk-4-1:amd64 (4.14.2+ds-1ubuntu3) ...
2025-06-09T21:12:46.8569644Z Selecting previously unselected package libgupnp-1.6-0:amd64.
2025-06-09T21:12:46.8710393Z Preparing to unpack .../136-libgupnp-1.6-0_1.6.6-1build3_amd64.deb ...
2025-06-09T21:12:46.8720176Z Unpacking libgupnp-1.6-0:amd64 (1.6.6-1build3) ...
2025-06-09T21:12:46.8965360Z Selecting previously unselected package libgupnp-igd-1.6-0:amd64.
2025-06-09T21:12:46.9105402Z Preparing to unpack .../137-libgupnp-igd-1.6-0_1.6.0-3build3_amd64.deb ...
2025-06-09T21:12:46.9116927Z Unpacking libgupnp-igd-1.6-0:amd64 (1.6.0-3build3) ...
2025-06-09T21:12:46.9338289Z Selecting previously unselected package libharfbuzz-icu0:amd64.
2025-06-09T21:12:46.9476127Z Preparing to unpack .../138-libharfbuzz-icu0_8.3.0-2build2_amd64.deb ...
2025-06-09T21:12:46.9483992Z Unpacking libharfbuzz-icu0:amd64 (8.3.0-2build2) ...
2025-06-09T21:12:46.9704008Z Selecting previously unselected package libhyphen0:amd64.
2025-06-09T21:12:46.9842266Z Preparing to unpack .../139-libhyphen0_2.8.8-7build3_amd64.deb ...
2025-06-09T21:12:46.9850809Z Unpacking libhyphen0:amd64 (2.8.8-7build3) ...
2025-06-09T21:12:47.0076363Z Selecting previously unselected package libimath-3-1-29t64:amd64.
2025-06-09T21:12:47.0216666Z Preparing to unpack .../140-libimath-3-1-29t64_3.1.9-3.1ubuntu2_amd64.deb ...
2025-06-09T21:12:47.0226766Z Unpacking libimath-3-1-29t64:amd64 (3.1.9-3.1ubuntu2) ...
2025-06-09T21:12:47.0485283Z Selecting previously unselected package liblc3-1:amd64.
2025-06-09T21:12:47.0623396Z Preparing to unpack .../141-liblc3-1_1.0.4-3build1_amd64.deb ...
2025-06-09T21:12:47.0669338Z Unpacking liblc3-1:amd64 (1.0.4-3build1) ...
2025-06-09T21:12:47.0905570Z Selecting previously unselected package libldacbt-enc2:amd64.
2025-06-09T21:12:47.1045643Z Preparing to unpack .../142-libldacbt-enc2_2.0.2.3+git20200429+ed310a0-4ubuntu2_amd64.deb ...
2025-06-09T21:12:47.1057323Z Unpacking libldacbt-enc2:amd64 (2.0.2.3+git20200429+ed310a0-4ubuntu2) ...
2025-06-09T21:12:47.1285299Z Selecting previously unselected package libraptor2-0:amd64.
2025-06-09T21:12:47.1423657Z Preparing to unpack .../143-libraptor2-0_2.0.16-3ubuntu0.1_amd64.deb ...
2025-06-09T21:12:47.1435953Z Unpacking libraptor2-0:amd64 (2.0.16-3ubuntu0.1) ...
2025-06-09T21:12:47.1680925Z Selecting previously unselected package liblrdf0:amd64.
2025-06-09T21:12:47.1822029Z Preparing to unpack .../144-liblrdf0_0.6.1-4build1_amd64.deb ...
2025-06-09T21:12:47.1831901Z Unpacking liblrdf0:amd64 (0.6.1-4build1) ...
2025-06-09T21:12:47.2061363Z Selecting previously unselected package libltc11:amd64.
2025-06-09T21:12:47.2200158Z Preparing to unpack .../145-libltc11_1.3.2-1build1_amd64.deb ...
2025-06-09T21:12:47.2212887Z Unpacking libltc11:amd64 (1.3.2-1build1) ...
2025-06-09T21:12:47.2435449Z Selecting previously unselected package libmanette-0.2-0:amd64.
2025-06-09T21:12:47.2574813Z Preparing to unpack .../146-libmanette-0.2-0_0.2.7-1build2_amd64.deb ...
2025-06-09T21:12:47.2583338Z Unpacking libmanette-0.2-0:amd64 (0.2.7-1build2) ...
2025-06-09T21:12:47.2823101Z Selecting previously unselected package libmfx1:amd64.
2025-06-09T21:12:47.2963007Z Preparing to unpack .../147-libmfx1_22.5.4-1_amd64.deb ...
2025-06-09T21:12:47.2972602Z Unpacking libmfx1:amd64 (22.5.4-1) ...
2025-06-09T21:12:47.4044662Z Selecting previously unselected package libmjpegutils-2.1-0t64:amd64.
2025-06-09T21:12:47.4182130Z Preparing to unpack .../148-libmjpegutils-2.1-0t64_1%3a2.1.0+debian-8.1build1_amd64.deb ...
2025-06-09T21:12:47.4194270Z Unpacking libmjpegutils-2.1-0t64:amd64 (1:2.1.0+debian-8.1build1) ...
2025-06-09T21:12:47.4424093Z Selecting previously unselected package libmodplug1:amd64.
2025-06-09T21:12:47.4563182Z Preparing to unpack .../149-libmodplug1_1%3a0.8.9.0-3build1_amd64.deb ...
2025-06-09T21:12:47.4575548Z Unpacking libmodplug1:amd64 (1:0.8.9.0-3build1) ...
2025-06-09T21:12:47.4819201Z Selecting previously unselected package libmpcdec6:amd64.
2025-06-09T21:12:47.4959376Z Preparing to unpack .../150-libmpcdec6_2%3a0.1~r495-2build1_amd64.deb ...
2025-06-09T21:12:47.4972091Z Unpacking libmpcdec6:amd64 (2:0.1~r495-2build1) ...
2025-06-09T21:12:47.5196992Z Selecting previously unselected package libmpeg2encpp-2.1-0t64:amd64.
2025-06-09T21:12:47.5337453Z Preparing to unpack .../151-libmpeg2encpp-2.1-0t64_1%3a2.1.0+debian-8.1build1_amd64.deb ...
2025-06-09T21:12:47.5347739Z Unpacking libmpeg2encpp-2.1-0t64:amd64 (1:2.1.0+debian-8.1build1) ...
2025-06-09T21:12:47.5579709Z Selecting previously unselected package libmplex2-2.1-0t64:amd64.
2025-06-09T21:12:47.5719692Z Preparing to unpack .../152-libmplex2-2.1-0t64_1%3a2.1.0+debian-8.1build1_amd64.deb ...
2025-06-09T21:12:47.5729511Z Unpacking libmplex2-2.1-0t64:amd64 (1:2.1.0+debian-8.1build1) ...
2025-06-09T21:12:47.5964239Z Selecting previously unselected package libneon27t64:amd64.
2025-06-09T21:12:47.6103900Z Preparing to unpack .../153-libneon27t64_0.33.0-1.1build3_amd64.deb ...
2025-06-09T21:12:47.6113146Z Unpacking libneon27t64:amd64 (0.33.0-1.1build3) ...
2025-06-09T21:12:47.6359188Z Selecting previously unselected package libnice10:amd64.
2025-06-09T21:12:47.6500167Z Preparing to unpack .../154-libnice10_0.1.21-2build3_amd64.deb ...
2025-06-09T21:12:47.6509724Z Unpacking libnice10:amd64 (0.1.21-2build3) ...
2025-06-09T21:12:47.6760875Z Selecting previously unselected package libopenal-data.
2025-06-09T21:12:47.6899452Z Preparing to unpack .../155-libopenal-data_1%3a1.23.1-4build1_all.deb ...
2025-06-09T21:12:47.6907766Z Unpacking libopenal-data (1:1.23.1-4build1) ...
2025-06-09T21:12:47.7156246Z Selecting previously unselected package libopenexr-3-1-30:amd64.
2025-06-09T21:12:47.7297543Z Preparing to unpack .../156-libopenexr-3-1-30_3.1.5-5.1build3_amd64.deb ...
2025-06-09T21:12:47.7308731Z Unpacking libopenexr-3-1-30:amd64 (3.1.5-5.1build3) ...
2025-06-09T21:12:47.7713346Z Selecting previously unselected package libopenh264-7:amd64.
2025-06-09T21:12:47.7852428Z Preparing to unpack .../157-libopenh264-7_2.4.1+dfsg-1_amd64.deb ...
2025-06-09T21:12:47.7860793Z Unpacking libopenh264-7:amd64 (2.4.1+dfsg-1) ...
2025-06-09T21:12:47.8148096Z Selecting previously unselected package libopenni2-0:amd64.
2025-06-09T21:12:47.8286046Z Preparing to unpack .../158-libopenni2-0_2.2.0.33+dfsg-18_amd64.deb ...
2025-06-09T21:12:47.8316946Z Unpacking libopenni2-0:amd64 (2.2.0.33+dfsg-18) ...
2025-06-09T21:12:47.8683750Z Selecting previously unselected package libqrencode4:amd64.
2025-06-09T21:12:47.8823863Z Preparing to unpack .../159-libqrencode4_4.1.1-1build2_amd64.deb ...
2025-06-09T21:12:47.8834542Z Unpacking libqrencode4:amd64 (4.1.1-1build2) ...
2025-06-09T21:12:47.9050962Z Selecting previously unselected package libsecret-common.
2025-06-09T21:12:47.9189918Z Preparing to unpack .../160-libsecret-common_0.21.4-1build3_all.deb ...
2025-06-09T21:12:47.9198922Z Unpacking libsecret-common (0.21.4-1build3) ...
2025-06-09T21:12:47.9420875Z Selecting previously unselected package libsecret-1-0:amd64.
2025-06-09T21:12:47.9559111Z Preparing to unpack .../161-libsecret-1-0_0.21.4-1build3_amd64.deb ...
2025-06-09T21:12:47.9572605Z Unpacking libsecret-1-0:amd64 (0.21.4-1build3) ...
2025-06-09T21:12:47.9819279Z Selecting previously unselected package libsndio7.0:amd64.
2025-06-09T21:12:47.9957814Z Preparing to unpack .../162-libsndio7.0_1.9.0-0.3build3_amd64.deb ...
2025-06-09T21:12:48.0091855Z Unpacking libsndio7.0:amd64 (1.9.0-0.3build3) ...
2025-06-09T21:12:48.0329767Z Selecting previously unselected package libsoundtouch1:amd64.
2025-06-09T21:12:48.0470799Z Preparing to unpack .../163-libsoundtouch1_2.3.2+ds1-1build1_amd64.deb ...
2025-06-09T21:12:48.0479525Z Unpacking libsoundtouch1:amd64 (2.3.2+ds1-1build1) ...
2025-06-09T21:12:48.0723458Z Selecting previously unselected package libspandsp2t64:amd64.
2025-06-09T21:12:48.0871626Z Preparing to unpack .../164-libspandsp2t64_0.0.6+dfsg-2.1build1_amd64.deb ...
2025-06-09T21:12:48.0880514Z Unpacking libspandsp2t64:amd64 (0.0.6+dfsg-2.1build1) ...
2025-06-09T21:12:48.1144936Z Selecting previously unselected package libsrtp2-1:amd64.
2025-06-09T21:12:48.1284792Z Preparing to unpack .../165-libsrtp2-1_2.5.0-3build1_amd64.deb ...
2025-06-09T21:12:48.1293360Z Unpacking libsrtp2-1:amd64 (2.5.0-3build1) ...
2025-06-09T21:12:48.1525136Z Selecting previously unselected package libwildmidi2:amd64.
2025-06-09T21:12:48.1662807Z Preparing to unpack .../166-libwildmidi2_0.4.3-1build3_amd64.deb ...
2025-06-09T21:12:48.1671157Z Unpacking libwildmidi2:amd64 (0.4.3-1build3) ...
2025-06-09T21:12:48.1893851Z Selecting previously unselected package libwoff1:amd64.
2025-06-09T21:12:48.2031516Z Preparing to unpack .../167-libwoff1_1.0.2-2build1_amd64.deb ...
2025-06-09T21:12:48.2040771Z Unpacking libwoff1:amd64 (1.0.2-2build1) ...
2025-06-09T21:12:48.2291411Z Selecting previously unselected package libxcb-xkb1:amd64.
2025-06-09T21:12:48.2429674Z Preparing to unpack .../168-libxcb-xkb1_1.15-1ubuntu2_amd64.deb ...
2025-06-09T21:12:48.2440779Z Unpacking libxcb-xkb1:amd64 (1.15-1ubuntu2) ...
2025-06-09T21:12:48.2667105Z Selecting previously unselected package libxkbcommon-x11-0:amd64.
2025-06-09T21:12:48.2805455Z Preparing to unpack .../169-libxkbcommon-x11-0_1.6.0-1build1_amd64.deb ...
2025-06-09T21:12:48.2826787Z Unpacking libxkbcommon-x11-0:amd64 (1.6.0-1build1) ...
2025-06-09T21:12:48.3055808Z Selecting previously unselected package libzbar0t64:amd64.
2025-06-09T21:12:48.3195582Z Preparing to unpack .../170-libzbar0t64_0.23.93-4build3_amd64.deb ...
2025-06-09T21:12:48.3206622Z Unpacking libzbar0t64:amd64 (0.23.93-4build3) ...
2025-06-09T21:12:48.3440772Z Selecting previously unselected package libzxing3:amd64.
2025-06-09T21:12:48.3578724Z Preparing to unpack .../171-libzxing3_2.2.1-3_amd64.deb ...
2025-06-09T21:12:48.3587768Z Unpacking libzxing3:amd64 (2.2.1-3) ...
2025-06-09T21:12:48.3861800Z Selecting previously unselected package xfonts-encodings.
2025-06-09T21:12:48.4002106Z Preparing to unpack .../172-xfonts-encodings_1%3a1.0.5-0ubuntu2_all.deb ...
2025-06-09T21:12:48.4010251Z Unpacking xfonts-encodings (1:1.0.5-0ubuntu2) ...
2025-06-09T21:12:48.4316960Z Selecting previously unselected package xfonts-utils.
2025-06-09T21:12:48.4454825Z Preparing to unpack .../173-xfonts-utils_1%3a7.7+6build3_amd64.deb ...
2025-06-09T21:12:48.4465236Z Unpacking xfonts-utils (1:7.7+6build3) ...
2025-06-09T21:12:48.4805354Z Selecting previously unselected package xfonts-cyrillic.
2025-06-09T21:12:48.4943703Z Preparing to unpack .../174-xfonts-cyrillic_1%3a1.0.5+nmu1_all.deb ...
2025-06-09T21:12:48.4952804Z Unpacking xfonts-cyrillic (1:1.0.5+nmu1) ...
2025-06-09T21:12:48.5329336Z Selecting previously unselected package xfonts-scalable.
2025-06-09T21:12:48.5468177Z Preparing to unpack .../175-xfonts-scalable_1%3a1.0.3-1.3_all.deb ...
2025-06-09T21:12:48.5478322Z Unpacking xfonts-scalable (1:1.0.3-1.3) ...
2025-06-09T21:12:48.5737309Z Selecting previously unselected package libgstreamer-plugins-bad1.0-0:amd64.
2025-06-09T21:12:48.5875472Z Preparing to unpack .../176-libgstreamer-plugins-bad1.0-0_1.24.2-1ubuntu4_amd64.deb ...
2025-06-09T21:12:48.5886095Z Unpacking libgstreamer-plugins-bad1.0-0:amd64 (1.24.2-1ubuntu4) ...
2025-06-09T21:12:48.6276797Z Selecting previously unselected package libdca0:amd64.
2025-06-09T21:12:48.6417256Z Preparing to unpack .../177-libdca0_0.0.7-2build1_amd64.deb ...
2025-06-09T21:12:48.6429969Z Unpacking libdca0:amd64 (0.0.7-2build1) ...
2025-06-09T21:12:48.6664990Z Selecting previously unselected package libopenal1:amd64.
2025-06-09T21:12:48.6803889Z Preparing to unpack .../178-libopenal1_1%3a1.23.1-4build1_amd64.deb ...
2025-06-09T21:12:48.6814188Z Unpacking libopenal1:amd64 (1:1.23.1-4build1) ...
2025-06-09T21:12:48.7096294Z Selecting previously unselected package libsbc1:amd64.
2025-06-09T21:12:48.7236770Z Preparing to unpack .../179-libsbc1_2.0-1build1_amd64.deb ...
2025-06-09T21:12:48.7245249Z Unpacking libsbc1:amd64 (2.0-1build1) ...
2025-06-09T21:12:48.7483176Z Selecting previously unselected package libvo-aacenc0:amd64.
2025-06-09T21:12:48.7622029Z Preparing to unpack .../180-libvo-aacenc0_0.1.3-2build1_amd64.deb ...
2025-06-09T21:12:48.7632422Z Unpacking libvo-aacenc0:amd64 (0.1.3-2build1) ...
2025-06-09T21:12:48.7871709Z Selecting previously unselected package libvo-amrwbenc0:amd64.
2025-06-09T21:12:48.8009881Z Preparing to unpack .../181-libvo-amrwbenc0_0.1.3-2build1_amd64.deb ...
2025-06-09T21:12:48.8017904Z Unpacking libvo-amrwbenc0:amd64 (0.1.3-2build1) ...
2025-06-09T21:12:48.8239835Z Selecting previously unselected package gstreamer1.0-plugins-bad:amd64.
2025-06-09T21:12:48.8382719Z Preparing to unpack .../182-gstreamer1.0-plugins-bad_1.24.2-1ubuntu4_amd64.deb ...
2025-06-09T21:12:48.8392756Z Unpacking gstreamer1.0-plugins-bad:amd64 (1.24.2-1ubuntu4) ...
2025-06-09T21:12:49.0865877Z Setting up libgme0:amd64 (0.6.3-7build1) ...
2025-06-09T21:12:49.0892466Z Setting up libchromaprint1:amd64 (1.5.1-5) ...
2025-06-09T21:12:49.0926276Z Setting up libssh-gcrypt-4:amd64 (0.10.6-2build2) ...
2025-06-09T21:12:49.0948283Z Setting up libhwy1t64:amd64 (1.0.7-8.1build1) ...
2025-06-09T21:12:49.0975480Z Setting up libcairo-script-interpreter2:amd64 (1.18.0-3build1) ...
2025-06-09T21:12:49.0999481Z Setting up libfreeaptx0:amd64 (0.1.1-2build1) ...
2025-06-09T21:12:49.1022035Z Setting up libdvdread8t64:amd64 (6.1.3-1.1build1) ...
2025-06-09T21:12:49.1048505Z Setting up libudfread0:amd64 (1.1.2-1build1) ...
2025-06-09T21:12:49.1071485Z Setting up libmodplug1:amd64 (1:0.8.9.0-3build1) ...
2025-06-09T21:12:49.1093313Z Setting up libcdparanoia0:amd64 (3.10.2+debian-14build3) ...
2025-06-09T21:12:49.1118714Z Setting up libvo-amrwbenc0:amd64 (0.1.3-2build1) ...
2025-06-09T21:12:49.1141138Z Setting up libraw1394-11:amd64 (2.1.2-2build3) ...
2025-06-09T21:12:49.1165726Z Setting up libsbc1:amd64 (2.0-1build1) ...
2025-06-09T21:12:49.1194862Z Setting up libneon27t64:amd64 (0.33.0-1.1build3) ...
2025-06-09T21:12:49.1216282Z Setting up libtag1v5-vanilla:amd64 (1.13.1-1build1) ...
2025-06-09T21:12:49.1242047Z Setting up libharfbuzz-icu0:amd64 (8.3.0-2build2) ...
2025-06-09T21:12:49.1263753Z Setting up libopenni2-0:amd64 (2.2.0.33+dfsg-18) ...
2025-06-09T21:12:49.1432676Z Setting up libspeex1:amd64 (1.2.1-2ubuntu2.24.04.1) ...
2025-06-09T21:12:49.1460019Z Setting up libshine3:amd64 (3.1.1-2build1) ...
2025-06-09T21:12:49.1485842Z Setting up libcaca0:amd64 (0.99.beta20-4build2) ...
2025-06-09T21:12:49.1507679Z Setting up libvpl2 (2023.3.0-1build1) ...
2025-06-09T21:12:49.1534259Z Setting up libv4lconvert0t64:amd64 (1.26.1-4build3) ...
2025-06-09T21:12:49.1556237Z Setting up libx264-164:amd64 (2:0.164.3108+git31e19f9-1) ...
2025-06-09T21:12:49.1579784Z Setting up libtwolame0:amd64 (0.4.0-2build3) ...
2025-06-09T21:12:49.1605291Z Setting up libmbedcrypto7t64:amd64 (2.28.8-1) ...
2025-06-09T21:12:49.1630014Z Setting up libwoff1:amd64 (1.0.2-2build1) ...
2025-06-09T21:12:49.1654296Z Setting up liblc3-1:amd64 (1.0.4-3build1) ...
2025-06-09T21:12:49.1677956Z Setting up libqrencode4:amd64 (4.1.1-1build2) ...
2025-06-09T21:12:49.1699997Z Setting up libhyphen0:amd64 (2.8.8-7build3) ...
2025-06-09T21:12:49.1724934Z Setting up libgsm1:amd64 (1.0.22-1build1) ...
2025-06-09T21:12:49.1750514Z Setting up libvisual-0.4-0:amd64 (0.4.2-2build1) ...
2025-06-09T21:12:49.1773068Z Setting up libsoxr0:amd64 (0.1.3-4build3) ...
2025-06-09T21:12:49.1801872Z Setting up libzix-0-0:amd64 (0.4.2-2build1) ...
2025-06-09T21:12:49.1831513Z Setting up libcodec2-1.2:amd64 (1.2.0-2build1) ...
2025-06-09T21:12:49.1853930Z Setting up libsrtp2-1:amd64 (2.5.0-3build1) ...
2025-06-09T21:12:49.1874716Z Setting up libmysofa1:amd64 (1.3.2+dfsg-2ubuntu2) ...
2025-06-09T21:12:49.1906862Z Setting up libraptor2-0:amd64 (2.0.16-3ubuntu0.1) ...
2025-06-09T21:12:49.1932499Z Setting up libldacbt-enc2:amd64 (2.0.2.3+git20200429+ed310a0-4ubuntu2) ...
2025-06-09T21:12:49.1956531Z Setting up fonts-wqy-zenhei (0.9.45-8) ...
2025-06-09T21:12:49.2116454Z Setting up libwebrtc-audio-processing1:amd64 (0.3.1-0ubuntu6) ...
2025-06-09T21:12:49.2141784Z Setting up fonts-freefont-ttf (20211204+svn4273-2) ...
2025-06-09T21:12:49.2162570Z Setting up libevent-2.1-7t64:amd64 (2.1.12-stable-9ubuntu2) ...
2025-06-09T21:12:49.2188350Z Setting up libsvtav1enc1d1:amd64 (1.7.0+dfsg-2build1) ...
2025-06-09T21:12:49.2215793Z Setting up libsoup-3.0-common (3.4.4-5ubuntu0.4) ...
2025-06-09T21:12:49.2238727Z Setting up libmpg123-0t64:amd64 (1.32.5-1ubuntu1.1) ...
2025-06-09T21:12:49.2259506Z Setting up libcjson1:amd64 (1.7.17-1) ...
2025-06-09T21:12:49.2287689Z Setting up libxvidcore4:amd64 (2:1.3.7-1build1) ...
2025-06-09T21:12:49.2315709Z Setting up libmpcdec6:amd64 (2:0.1~r495-2build1) ...
2025-06-09T21:12:49.2338496Z Setting up libmjpegutils-2.1-0t64:amd64 (1:2.1.0+debian-8.1build1) ...
2025-06-09T21:12:49.2363826Z Setting up librav1e0:amd64 (0.7.1-2) ...
2025-06-09T21:12:49.2385922Z Setting up liborc-0.4-0t64:amd64 (1:0.4.38-1ubuntu0.1) ...
2025-06-09T21:12:49.2415401Z Setting up libxcb-xkb1:amd64 (1.15-1ubuntu2) ...
2025-06-09T21:12:49.2445975Z Setting up libvo-aacenc0:amd64 (0.1.3-2build1) ...
2025-06-09T21:12:49.2467557Z Setting up librist4:amd64 (0.2.10+dfsg-2) ...
2025-06-09T21:12:49.2490755Z Setting up libglib2.0-0t64:amd64 (2.80.0-6ubuntu3.4) ...
2025-06-09T21:12:49.2917646Z Setting up libblas3:amd64 (3.12.0-3build1.1) ...
2025-06-09T21:12:49.2985586Z update-alternatives: using /usr/lib/x86_64-linux-gnu/blas/libblas.so.3 to provide /usr/lib/x86_64-linux-gnu/libblas.so.3 (libblas.so.3-x86_64-linux-gnu) in auto mode
2025-06-09T21:12:49.3002838Z Setting up libegl-mesa0:amd64 (24.2.8-1ubuntu1~24.04.1) ...
2025-06-09T21:12:49.3024975Z Setting up libsoundtouch1:amd64 (2.3.2+ds1-1build1) ...
2025-06-09T21:12:49.3046814Z Setting up libglib2.0-data (2.80.0-6ubuntu3.4) ...
2025-06-09T21:12:49.3071390Z Setting up libplacebo338:amd64 (6.338.2-2build1) ...
2025-06-09T21:12:49.3105228Z Setting up libgles2:amd64 (1.7.0-1build1) ...
2025-06-09T21:12:49.3133925Z Setting up fonts-tlwg-loma-otf (1:0.7.3-1) ...
2025-06-09T21:12:49.3154977Z Setting up libva2:amd64 (2.20.0-2build1) ...
2025-06-09T21:12:49.3176525Z Setting up libspa-0.2-modules:amd64 (1.0.5-1ubuntu3) ...
2025-06-09T21:12:49.3203693Z Setting up libzxing3:amd64 (2.2.1-3) ...
2025-06-09T21:12:49.3231382Z Setting up xfonts-encodings (1:1.0.5-0ubuntu2) ...
2025-06-09T21:12:49.3255087Z Setting up libopus0:amd64 (1.4-1build1) ...
2025-06-09T21:12:49.3280822Z Setting up libfaad2:amd64 (2.11.1-1build1) ...
2025-06-09T21:12:49.3302822Z Setting up libxkbcommon-x11-0:amd64 (1.6.0-1build1) ...
2025-06-09T21:12:49.3327425Z Setting up libdc1394-25:amd64 (2.2.6-4build1) ...
2025-06-09T21:12:49.3352976Z Setting up libimath-3-1-29t64:amd64 (3.1.9-3.1ubuntu2) ...
2025-06-09T21:12:49.3374974Z Setting up libunibreak5:amd64 (5.1-2build1) ...
2025-06-09T21:12:49.3399558Z Setting up libdv4t64:amd64 (1.0.0-17.1build1) ...
2025-06-09T21:12:49.3423701Z Setting up gir1.2-glib-2.0:amd64 (2.80.0-6ubuntu3.4) ...
2025-06-09T21:12:49.3449721Z Setting up libjxl0.7:amd64 (0.7.0-10.2ubuntu6) ...
2025-06-09T21:12:49.3470895Z Setting up libopenh264-7:amd64 (2.4.1+dfsg-1) ...
2025-06-09T21:12:49.3496600Z Setting up libltc11:amd64 (1.3.2-1build1) ...
2025-06-09T21:12:49.3519931Z Setting up libx265-199:amd64 (3.5-2build1) ...
2025-06-09T21:12:49.3542532Z Setting up libv4l-0t64:amd64 (1.26.1-4build3) ...
2025-06-09T21:12:49.3568943Z Setting up libavtp0:amd64 (0.2.0-1build1) ...
2025-06-09T21:12:49.3590946Z Setting up libsndio7.0:amd64 (1.9.0-0.3build3) ...
2025-06-09T21:12:49.3616849Z Setting up libdirectfb-1.7-7t64:amd64 (1.7.7-11.1ubuntu2) ...
2025-06-09T21:12:49.3645814Z Setting up libspandsp2t64:amd64 (0.0.6+dfsg-2.1build1) ...
2025-06-09T21:12:49.3786867Z Setting up libvidstab1.1:amd64 (1.1.0-2build1) ...
2025-06-09T21:12:49.3807237Z Setting up libvpx9:amd64 (1.14.0-1ubuntu2.2) ...
2025-06-09T21:12:49.3828570Z Setting up libsrt1.5-gnutls:amd64 (1.5.3-1build2) ...
2025-06-09T21:12:49.3850249Z Setting up libtag1v5:amd64 (1.13.1-1build1) ...
2025-06-09T21:12:49.3872738Z Setting up libflite1:amd64 (2.2-6build3) ...
2025-06-09T21:12:49.3899747Z Setting up libdav1d7:amd64 (1.4.1-1build1) ...
2025-06-09T21:12:49.3922614Z Setting up libva-drm2:amd64 (2.20.0-2build1) ...
2025-06-09T21:12:49.3944650Z Setting up fonts-ipafont-gothic (00303-21ubuntu1) ...
2025-06-09T21:12:49.4017713Z update-alternatives: using /usr/share/fonts/opentype/ipafont-gothic/ipag.ttf to provide /usr/share/fonts/truetype/fonts-japanese-gothic.ttf (fonts-japanese-gothic.ttf) in auto mode
2025-06-09T21:12:49.4036766Z Setting up ocl-icd-libopencl1:amd64 (2.3.2-1build1) ...
2025-06-09T21:12:49.4061117Z Setting up libasyncns0:amd64 (0.8-6build4) ...
2025-06-09T21:12:49.4085764Z Setting up libwildmidi2:amd64 (0.4.3-1build3) ...
2025-06-09T21:12:49.4109366Z Setting up libvdpau1:amd64 (1.5-2build1) ...
2025-06-09T21:12:49.4144253Z Setting up libwavpack1:amd64 (5.6.0-1build1) ...
2025-06-09T21:12:49.4169960Z Setting up libbs2b0:amd64 (3.1.0+dfsg-7build1) ...
2025-06-09T21:12:49.4192808Z Setting up libtheora0:amd64 (1.1.1+dfsg.1-16.1build3) ...
2025-06-09T21:12:49.4235200Z Setting up libegl1:amd64 (1.7.0-1build1) ...
2025-06-09T21:12:49.4258856Z Setting up libdecor-0-0:amd64 (0.2.2-1build2) ...
2025-06-09T21:12:49.4280914Z Setting up libdca0:amd64 (0.0.7-2build1) ...
2025-06-09T21:12:49.4306749Z Setting up libzimg2:amd64 (3.0.5+ds1-1build1) ...
2025-06-09T21:12:49.4331170Z Setting up libopenal-data (1:1.23.1-4build1) ...
2025-06-09T21:12:49.4363696Z Setting up libabsl20220623t64:amd64 (20220623.1-3.1ubuntu3.2) ...
2025-06-09T21:12:49.4408161Z Setting up libflac12t64:amd64 (1.4.3+ds-2.1ubuntu2) ...
2025-06-09T21:12:49.4432741Z Setting up libgtk-4-common (4.14.2+ds-1ubuntu3) ...
2025-06-09T21:12:49.4456039Z Setting up libmpeg2encpp-2.1-0t64:amd64 (1:2.1.0+debian-8.1build1) ...
2025-06-09T21:12:49.4479421Z Setting up glib-networking-common (2.80.0-1build1) ...
2025-06-09T21:12:49.4501562Z Setting up libmfx1:amd64 (22.5.4-1) ...
2025-06-09T21:12:49.4528358Z Setting up libbluray2:amd64 (1:1.3.4-1build1) ...
2025-06-09T21:12:49.4555919Z Setting up libsamplerate0:amd64 (0.2.2-4build1) ...
2025-06-09T21:12:49.4577771Z Setting up timgm6mb-soundfont (1.3-5) ...
2025-06-09T21:12:49.4663764Z update-alternatives: using /usr/share/sounds/sf2/TimGM6mb.sf2 to provide /usr/share/sounds/sf2/default-GM.sf2 (default-GM.sf2) in auto mode
2025-06-09T21:12:49.4705041Z update-alternatives: using /usr/share/sounds/sf2/TimGM6mb.sf2 to provide /usr/share/sounds/sf3/default-GM.sf3 (default-GM.sf3) in auto mode
2025-06-09T21:12:49.4723479Z Setting up libva-x11-2:amd64 (2.20.0-2build1) ...
2025-06-09T21:12:49.4747425Z Setting up libyuv0:amd64 (0.0~git202401110.af6ac82-1) ...
2025-06-09T21:12:49.4778102Z Setting up libmplex2-2.1-0t64:amd64 (1:2.1.0+debian-8.1build1) ...
2025-06-09T21:12:49.4804063Z Setting up libpipewire-0.3-0t64:amd64 (1.0.5-1ubuntu3) ...
2025-06-09T21:12:49.4825695Z Setting up libopenmpt0t64:amd64 (0.7.3-1.1build3) ...
2025-06-09T21:12:49.4857363Z Setting up libzvbi-common (0.2.42-2) ...
2025-06-09T21:12:49.4876905Z Setting up libsecret-common (0.21.4-1build3) ...
2025-06-09T21:12:49.4902093Z Setting up libmp3lame0:amd64 (3.100-6build1) ...
2025-06-09T21:12:49.4926420Z Setting up libgraphene-1.0-0:amd64 (1.10.8-3build2) ...
2025-06-09T21:12:49.4945985Z Setting up libvorbisenc2:amd64 (1.3.7-1build3) ...
2025-06-09T21:12:49.4967892Z Setting up libdvdnav4:amd64 (6.1.1-3build1) ...
2025-06-09T21:12:49.4989942Z Setting up fonts-unifont (1:15.1.01-1build1) ...
2025-06-09T21:12:49.5011964Z Setting up libaa1:amd64 (1.4p5-51.1) ...
2025-06-09T21:12:49.5038576Z Setting up libiec61883-0:amd64 (1.2.0-6build1) ...
2025-06-09T21:12:49.5059962Z Setting up libserd-0-0:amd64 (0.32.2-1) ...
2025-06-09T21:12:49.5080743Z Setting up libavc1394-0:amd64 (0.5.4-5build3) ...
2025-06-09T21:12:49.5108187Z Setting up session-migration (0.3.9build1) ...
2025-06-09T21:12:49.6192955Z Created symlink /etc/systemd/user/graphical-session-pre.target.wants/session-migration.service → /usr/lib/systemd/user/session-migration.service.
2025-06-09T21:12:49.6193962Z 
2025-06-09T21:12:49.6223091Z Setting up liblapack3:amd64 (3.12.0-3build1.1) ...
2025-06-09T21:12:49.6283263Z update-alternatives: using /usr/lib/x86_64-linux-gnu/lapack/liblapack.so.3 to provide /usr/lib/x86_64-linux-gnu/liblapack.so.3 (liblapack.so.3-x86_64-linux-gnu) in auto mode
2025-06-09T21:12:49.6310307Z Setting up libproxy1v5:amd64 (0.5.4-4build1) ...
2025-06-09T21:12:49.6329896Z Setting up libzvbi0t64:amd64 (0.2.42-2) ...
2025-06-09T21:12:49.6350276Z Setting up liblrdf0:amd64 (0.6.1-4build1) ...
2025-06-09T21:12:49.6378471Z Setting up libmanette-0.2-0:amd64 (0.2.7-1build2) ...
2025-06-09T21:12:49.6400589Z Setting up libglib2.0-bin (2.80.0-6ubuntu3.4) ...
2025-06-09T21:12:49.6419282Z Setting up libzbar0t64:amd64 (0.23.93-4build3) ...
2025-06-09T21:12:49.6443222Z Setting up libgstreamer-plugins-base1.0-0:amd64 (1.24.2-1ubuntu0.2) ...
2025-06-09T21:12:49.6483455Z Setting up libavutil58:amd64 (7:6.1.1-3ubuntu5) ...
2025-06-09T21:12:49.6505509Z Setting up libopenal1:amd64 (1:1.23.1-4build1) ...
2025-06-09T21:12:49.6531004Z Setting up xfonts-utils (1:7.7+6build3) ...
2025-06-09T21:12:49.6578131Z Setting up librsvg2-2:amd64 (2.58.0+dfsg-1build1) ...
2025-06-09T21:12:49.6599205Z Setting up libsecret-1-0:amd64 (0.21.4-1build3) ...
2025-06-09T21:12:49.6631821Z Setting up libgstreamer-plugins-good1.0-0:amd64 (1.24.2-1ubuntu1.1) ...
2025-06-09T21:12:49.6654941Z Setting up libgstreamer-gl1.0-0:amd64 (1.24.2-1ubuntu0.2) ...
2025-06-09T21:12:49.6683025Z Setting up gstreamer1.0-plugins-base:amd64 (1.24.2-1ubuntu0.2) ...
2025-06-09T21:12:49.6710564Z Setting up libass9:amd64 (1:0.17.1-2build1) ...
2025-06-09T21:12:49.6731020Z Setting up libswresample4:amd64 (7:6.1.1-3ubuntu5) ...
2025-06-09T21:12:49.6762672Z Setting up libopenexr-3-1-30:amd64 (3.1.5-5.1build3) ...
2025-06-09T21:12:49.6786183Z Setting up libshout3:amd64 (2.4.6-1build2) ...
2025-06-09T21:12:49.6810423Z Setting up libgav1-1:amd64 (0.18.0-1build3) ...
2025-06-09T21:12:49.6839151Z Setting up libavcodec60:amd64 (7:6.1.1-3ubuntu5) ...
2025-06-09T21:12:49.6861437Z Setting up librubberband2:amd64 (3.3.0+dfsg-2build1) ...
2025-06-09T21:12:49.6884803Z Setting up libjack-jackd2-0:amd64 (1.9.21~dfsg-3ubuntu3) ...
2025-06-09T21:12:49.6911519Z Setting up libsord-0-0:amd64 (0.16.16-2build1) ...
2025-06-09T21:12:49.6940522Z Setting up xfonts-cyrillic (1:1.0.5+nmu1) ...
2025-06-09T21:12:49.7366012Z Setting up libpostproc57:amd64 (7:6.1.1-3ubuntu5) ...
2025-06-09T21:12:49.7388865Z Setting up libsratom-0-0:amd64 (0.6.16-1build1) ...
2025-06-09T21:12:49.7414841Z Setting up libgtk-4-1:amd64 (4.14.2+ds-1ubuntu3) ...
2025-06-09T21:12:49.9542827Z Setting up libsndfile1:amd64 (1.2.2-1ubuntu5.24.04.1) ...
2025-06-09T21:12:49.9568382Z Setting up liblilv-0-0:amd64 (0.24.22-1build1) ...
2025-06-09T21:12:49.9593042Z Setting up libinstpatch-1.0-2:amd64 (1.1.6-1build2) ...
2025-06-09T21:12:49.9617405Z Setting up xfonts-scalable (1:1.0.3-1.3) ...
2025-06-09T21:12:49.9992718Z Setting up libswscale7:amd64 (7:6.1.1-3ubuntu5) ...
2025-06-09T21:12:50.0020438Z Setting up gsettings-desktop-schemas (46.1-0ubuntu1) ...
2025-06-09T21:12:50.0169065Z Setting up glib-networking-services (2.80.0-1build1) ...
2025-06-09T21:12:50.0190094Z Setting up libavif16:amd64 (1.0.4-1ubuntu3) ...
2025-06-09T21:12:50.0215864Z Setting up libpulse0:amd64 (1:16.1+dfsg1-2ubuntu10.1) ...
2025-06-09T21:12:50.0295329Z Setting up libavformat60:amd64 (7:6.1.1-3ubuntu5) ...
2025-06-09T21:12:50.0335849Z Setting up libsphinxbase3t64:amd64 (0.8+5prealpha+1-17build2) ...
2025-06-09T21:12:50.0360120Z Setting up glib-networking:amd64 (2.80.0-1build1) ...
2025-06-09T21:12:50.0379706Z Setting up libsdl2-2.0-0:amd64 (2.30.0+dfsg-1ubuntu3.1) ...
2025-06-09T21:12:50.0402709Z Setting up libfluidsynth3:amd64 (2.3.4-1build3) ...
2025-06-09T21:12:50.0435367Z Setting up libsoup-3.0-0:amd64 (3.4.4-5ubuntu0.4) ...
2025-06-09T21:12:50.0462828Z Setting up libpocketsphinx3:amd64 (0.8.0+real5prealpha+1-15ubuntu5) ...
2025-06-09T21:12:50.0482637Z Setting up libgssdp-1.6-0:amd64 (1.6.3-1build3) ...
2025-06-09T21:12:50.0505225Z Setting up gstreamer1.0-plugins-good:amd64 (1.24.2-1ubuntu1.1) ...
2025-06-09T21:12:50.0530282Z Setting up libgupnp-1.6-0:amd64 (1.6.6-1build3) ...
2025-06-09T21:12:50.0550606Z Setting up libavfilter9:amd64 (7:6.1.1-3ubuntu5) ...
2025-06-09T21:12:50.0574225Z Setting up libgupnp-igd-1.6-0:amd64 (1.6.0-3build3) ...
2025-06-09T21:12:50.0600157Z Setting up gstreamer1.0-libav:amd64 (1.24.1-1build1) ...
2025-06-09T21:12:50.0630839Z Setting up libnice10:amd64 (0.1.21-2build3) ...
2025-06-09T21:12:50.0655707Z Setting up libgstreamer-plugins-bad1.0-0:amd64 (1.24.2-1ubuntu4) ...
2025-06-09T21:12:50.0683184Z Setting up gstreamer1.0-plugins-bad:amd64 (1.24.2-1ubuntu4) ...
2025-06-09T21:12:50.0712540Z Processing triggers for libc-bin (2.39-0ubuntu8.4) ...
2025-06-09T21:12:50.3459741Z Processing triggers for man-db (2.12.0-4build2) ...
2025-06-09T21:13:42.8350140Z Processing triggers for fontconfig (2.15.0-1.1ubuntu2) ...
2025-06-09T21:13:43.4918549Z 
2025-06-09T21:13:43.4919610Z Running kernel seems to be up-to-date.
2025-06-09T21:13:43.4920164Z 
2025-06-09T21:13:43.4920462Z Restarting services...
2025-06-09T21:13:43.5415454Z  systemctl restart packagekit.service php8.3-fpm.service polkit.service udisks2.service
2025-06-09T21:13:43.6704329Z 
2025-06-09T21:13:43.6705595Z Service restarts being deferred:
2025-06-09T21:13:43.6706686Z  systemctl restart ModemManager.service
2025-06-09T21:13:43.6707673Z  systemctl restart hosted-compute-agent.service
2025-06-09T21:13:43.6708485Z  systemctl restart networkd-dispatcher.service
2025-06-09T21:13:43.6708897Z 
2025-06-09T21:13:43.6709243Z No containers need to be restarted.
2025-06-09T21:13:43.6759352Z 
2025-06-09T21:13:43.6759680Z No user sessions are running outdated binaries.
2025-06-09T21:13:43.6760041Z 
2025-06-09T21:13:43.6760524Z No VM guests are running outdated hypervisor (qemu) binaries on this host.
2025-06-09T21:13:44.5655303Z Downloading Chromium 136.0.7103.25 (playwright build v1169) from https://cdn.playwright.dev/dbazure/download/playwright/builds/chromium/1169/chromium-linux.zip
2025-06-09T21:13:44.7461767Z |                                                                                |   0% of 167.7 MiB
2025-06-09T21:13:44.9018072Z |■■■■■■■■                                                                        |  10% of 167.7 MiB
2025-06-09T21:13:45.0168035Z |■■■■■■■■■■■■■■■■                                                                |  20% of 167.7 MiB
2025-06-09T21:13:45.1117359Z |■■■■■■■■■■■■■■■■■■■■■■■■                                                        |  30% of 167.7 MiB
2025-06-09T21:13:45.1860409Z |■■■■■■■■■■■■■■■■■■■■■■■■■■■■■■■■                                                |  40% of 167.7 MiB
2025-06-09T21:13:45.2764951Z |■■■■■■■■■■■■■■■■■■■■■■■■■■■■■■■■■■■■■■■■                                        |  50% of 167.7 MiB
2025-06-09T21:13:45.3779965Z |■■■■■■■■■■■■■■■■■■■■■■■■■■■■■■■■■■■■■■■■■■■■■■■■                                |  60% of 167.7 MiB
2025-06-09T21:13:45.4533801Z |■■■■■■■■■■■■■■■■■■■■■■■■■■■■■■■■■■■■■■■■■■■■■■■■■■■■■■■■                        |  70% of 167.7 MiB
2025-06-09T21:13:45.5257993Z |■■■■■■■■■■■■■■■■■■■■■■■■■■■■■■■■■■■■■■■■■■■■■■■■■■■■■■■■■■■■■■■■                |  80% of 167.7 MiB
2025-06-09T21:13:45.5986273Z |■■■■■■■■■■■■■■■■■■■■■■■■■■■■■■■■■■■■■■■■■■■■■■■■■■■■■■■■■■■■■■■■■■■■■■■■        |  90% of 167.7 MiB
2025-06-09T21:13:45.6712712Z |■■■■■■■■■■■■■■■■■■■■■■■■■■■■■■■■■■■■■■■■■■■■■■■■■■■■■■■■■■■■■■■■■■■■■■■■■■■■■■■■| 100% of 167.7 MiB
2025-06-09T21:13:49.2989239Z Chromium 136.0.7103.25 (playwright build v1169) downloaded to /home/runner/.cache/ms-playwright/chromium-1169
2025-06-09T21:13:49.2992661Z Downloading FFMPEG playwright build v1011 from https://cdn.playwright.dev/dbazure/download/playwright/builds/ffmpeg/1011/ffmpeg-linux.zip
2025-06-09T21:13:49.4670282Z |                                                                                |   0% of 2.3 MiB
2025-06-09T21:13:49.4721735Z |■■■■■■■■                                                                        |  10% of 2.3 MiB
2025-06-09T21:13:49.4746160Z |■■■■■■■■■■■■■■■■                                                                |  20% of 2.3 MiB
2025-06-09T21:13:49.4770536Z |■■■■■■■■■■■■■■■■■■■■■■■■                                                        |  30% of 2.3 MiB
2025-06-09T21:13:49.4794149Z |■■■■■■■■■■■■■■■■■■■■■■■■■■■■■■■■                                                |  40% of 2.3 MiB
2025-06-09T21:13:49.4818590Z |■■■■■■■■■■■■■■■■■■■■■■■■■■■■■■■■■■■■■■■■                                        |  50% of 2.3 MiB
2025-06-09T21:13:49.4839775Z |■■■■■■■■■■■■■■■■■■■■■■■■■■■■■■■■■■■■■■■■■■■■■■■■                                |  60% of 2.3 MiB
2025-06-09T21:13:49.4859658Z |■■■■■■■■■■■■■■■■■■■■■■■■■■■■■■■■■■■■■■■■■■■■■■■■■■■■■■■■                        |  70% of 2.3 MiB
2025-06-09T21:13:49.4882542Z |■■■■■■■■■■■■■■■■■■■■■■■■■■■■■■■■■■■■■■■■■■■■■■■■■■■■■■■■■■■■■■■■                |  80% of 2.3 MiB
2025-06-09T21:13:49.4905465Z |■■■■■■■■■■■■■■■■■■■■■■■■■■■■■■■■■■■■■■■■■■■■■■■■■■■■■■■■■■■■■■■■■■■■■■■■        |  90% of 2.3 MiB
2025-06-09T21:13:49.4928023Z |■■■■■■■■■■■■■■■■■■■■■■■■■■■■■■■■■■■■■■■■■■■■■■■■■■■■■■■■■■■■■■■■■■■■■■■■■■■■■■■■| 100% of 2.3 MiB
2025-06-09T21:13:49.5581810Z FFMPEG playwright build v1011 downloaded to /home/runner/.cache/ms-playwright/ffmpeg-1011
2025-06-09T21:13:49.5584332Z Downloading Chromium Headless Shell 136.0.7103.25 (playwright build v1169) from https://cdn.playwright.dev/dbazure/download/playwright/builds/chromium/1169/chromium-headless-shell-linux.zip
2025-06-09T21:13:49.7153096Z |                                                                                |   0% of 101.4 MiB
2025-06-09T21:13:49.8090892Z |■■■■■■■■                                                                        |  10% of 101.4 MiB
2025-06-09T21:13:49.8814766Z |■■■■■■■■■■■■■■■■                                                                |  20% of 101.4 MiB
2025-06-09T21:13:49.9433244Z |■■■■■■■■■■■■■■■■■■■■■■■■                                                        |  30% of 101.4 MiB
2025-06-09T21:13:50.0019764Z |■■■■■■■■■■■■■■■■■■■■■■■■■■■■■■■■                                                |  40% of 101.4 MiB
2025-06-09T21:13:50.0546041Z |■■■■■■■■■■■■■■■■■■■■■■■■■■■■■■■■■■■■■■■■                                        |  50% of 101.4 MiB
2025-06-09T21:13:50.1059280Z |■■■■■■■■■■■■■■■■■■■■■■■■■■■■■■■■■■■■■■■■■■■■■■■■                                |  60% of 101.4 MiB
2025-06-09T21:13:50.1548053Z |■■■■■■■■■■■■■■■■■■■■■■■■■■■■■■■■■■■■■■■■■■■■■■■■■■■■■■■■                        |  70% of 101.4 MiB
2025-06-09T21:13:50.2037285Z |■■■■■■■■■■■■■■■■■■■■■■■■■■■■■■■■■■■■■■■■■■■■■■■■■■■■■■■■■■■■■■■■                |  80% of 101.4 MiB
2025-06-09T21:13:50.2461705Z |■■■■■■■■■■■■■■■■■■■■■■■■■■■■■■■■■■■■■■■■■■■■■■■■■■■■■■■■■■■■■■■■■■■■■■■■        |  90% of 101.4 MiB
2025-06-09T21:13:50.2900754Z |■■■■■■■■■■■■■■■■■■■■■■■■■■■■■■■■■■■■■■■■■■■■■■■■■■■■■■■■■■■■■■■■■■■■■■■■■■■■■■■■| 100% of 101.4 MiB
2025-06-09T21:13:52.3019236Z Chromium Headless Shell 136.0.7103.25 (playwright build v1169) downloaded to /home/runner/.cache/ms-playwright/chromium_headless_shell-1169
2025-06-09T21:13:52.3021671Z Downloading Webkit 18.4 (playwright build v2158) from https://cdn.playwright.dev/dbazure/download/playwright/builds/webkit/2158/webkit-ubuntu-24.04.zip
2025-06-09T21:13:52.5542830Z |                                                                                |   0% of 93.5 MiB
2025-06-09T21:13:52.6428353Z |■■■■■■■■                                                                        |  10% of 93.5 MiB
2025-06-09T21:13:52.7071348Z |■■■■■■■■■■■■■■■■                                                                |  20% of 93.5 MiB
2025-06-09T21:13:52.7651185Z |■■■■■■■■■■■■■■■■■■■■■■■■                                                        |  30% of 93.5 MiB
2025-06-09T21:13:52.8176321Z |■■■■■■■■■■■■■■■■■■■■■■■■■■■■■■■■                                                |  40% of 93.5 MiB
2025-06-09T21:13:52.8673345Z |■■■■■■■■■■■■■■■■■■■■■■■■■■■■■■■■■■■■■■■■                                        |  50% of 93.5 MiB
2025-06-09T21:13:52.9166866Z |■■■■■■■■■■■■■■■■■■■■■■■■■■■■■■■■■■■■■■■■■■■■■■■■                                |  60% of 93.5 MiB
2025-06-09T21:13:52.9632173Z |■■■■■■■■■■■■■■■■■■■■■■■■■■■■■■■■■■■■■■■■■■■■■■■■■■■■■■■■                        |  70% of 93.5 MiB
2025-06-09T21:13:53.0108653Z |■■■■■■■■■■■■■■■■■■■■■■■■■■■■■■■■■■■■■■■■■■■■■■■■■■■■■■■■■■■■■■■■                |  80% of 93.5 MiB
2025-06-09T21:13:53.0565882Z |■■■■■■■■■■■■■■■■■■■■■■■■■■■■■■■■■■■■■■■■■■■■■■■■■■■■■■■■■■■■■■■■■■■■■■■■        |  90% of 93.5 MiB
2025-06-09T21:13:53.1025295Z |■■■■■■■■■■■■■■■■■■■■■■■■■■■■■■■■■■■■■■■■■■■■■■■■■■■■■■■■■■■■■■■■■■■■■■■■■■■■■■■■| 100% of 93.5 MiB
2025-06-09T21:13:55.0158105Z Webkit 18.4 (playwright build v2158) downloaded to /home/runner/.cache/ms-playwright/webkit-2158
2025-06-09T21:13:55.0160707Z Downloading Firefox 137.0 (playwright build v1482) from https://cdn.playwright.dev/dbazure/download/playwright/builds/firefox/1482/firefox-ubuntu-24.04.zip
2025-06-09T21:13:55.1880976Z |                                                                                |   0% of 91 MiB
2025-06-09T21:13:55.2843700Z |■■■■■■■■                                                                        |  10% of 91 MiB
2025-06-09T21:13:55.3572779Z |■■■■■■■■■■■■■■■■                                                                |  20% of 91 MiB
2025-06-09T21:13:55.4283418Z |■■■■■■■■■■■■■■■■■■■■■■■■                                                        |  30% of 91 MiB
2025-06-09T21:13:55.4889348Z |■■■■■■■■■■■■■■■■■■■■■■■■■■■■■■■■                                                |  40% of 91 MiB
2025-06-09T21:13:55.5409586Z |■■■■■■■■■■■■■■■■■■■■■■■■■■■■■■■■■■■■■■■■                                        |  50% of 91 MiB
2025-06-09T21:13:55.5885731Z |■■■■■■■■■■■■■■■■■■■■■■■■■■■■■■■■■■■■■■■■■■■■■■■■                                |  60% of 91 MiB
2025-06-09T21:13:55.6290245Z |■■■■■■■■■■■■■■■■■■■■■■■■■■■■■■■■■■■■■■■■■■■■■■■■■■■■■■■■                        |  70% of 91 MiB
2025-06-09T21:13:55.6725512Z |■■■■■■■■■■■■■■■■■■■■■■■■■■■■■■■■■■■■■■■■■■■■■■■■■■■■■■■■■■■■■■■■                |  80% of 91 MiB
2025-06-09T21:13:55.7153464Z |■■■■■■■■■■■■■■■■■■■■■■■■■■■■■■■■■■■■■■■■■■■■■■■■■■■■■■■■■■■■■■■■■■■■■■■■        |  90% of 91 MiB
2025-06-09T21:13:55.7560903Z |■■■■■■■■■■■■■■■■■■■■■■■■■■■■■■■■■■■■■■■■■■■■■■■■■■■■■■■■■■■■■■■■■■■■■■■■■■■■■■■■| 100% of 91 MiB
2025-06-09T21:13:57.5897163Z Firefox 137.0 (playwright build v1482) downloaded to /home/runner/.cache/ms-playwright/firefox-1482
2025-06-09T21:13:58.0030066Z ##[group]Run npm run build
2025-06-09T21:13:58.0030374Z [36;1mnpm run build[0m
2025-06-09T21:13:58.0081900Z shell: /usr/bin/bash -e {0}
2025-06-09T21:13:58.0082134Z env:
2025-06-09T21:13:58.0082300Z   NODE_VERSION: 18
2025-06-09T21:13:58.0082752Z   NEXT_PUBLIC_SUPABASE_URL: ***
2025-06-09T21:13:58.0084196Z   NEXT_PUBLIC_SUPABASE_ANON_KEY: ***
2025-06-09T21:13:58.0084706Z ##[endgroup]
2025-06-09T21:13:58.1366650Z 
2025-06-09T21:13:58.1367117Z > localloop@0.1.0 build
2025-06-09T21:13:58.1367446Z > next build
2025-06-09T21:13:58.1367566Z 
2025-06-09T21:13:58.7528061Z ⚠ No build cache found. Please configure build caching for faster rebuilds. Read more: https://nextjs.org/docs/messages/no-cache
2025-06-09T21:13:58.7589208Z Attention: Next.js now collects completely anonymous telemetry regarding usage.
2025-06-09T21:13:58.7590041Z This information is used to shape Next.js' roadmap and prioritize features.
2025-06-09T21:13:58.7591228Z You can learn more, including how to opt-out if you'd not like to participate in this anonymous program, by visiting the following URL:
2025-06-09T21:13:58.7592096Z https://nextjs.org/telemetry
2025-06-09T21:13:58.7592367Z 
2025-06-09T21:13:58.8586109Z    ▲ Next.js 15.3.2
2025-06-09T21:13:58.8586404Z 
2025-06-09T21:13:58.8935092Z    Creating an optimized production build ...
2025-06-09T21:14:22.6137818Z <w> [webpack.cache.PackFileCacheStrategy] Serializing big strings (100kiB) impacts deserialization performance (consider using Buffer instead and decode when needed)
2025-06-09T21:14:26.7657265Z  ⚠ Compiled with warnings in 27.0s
2025-06-09T21:14:26.7657670Z 
2025-06-09T21:14:26.7658135Z ./node_modules/@supabase/realtime-js/dist/main/RealtimeClient.js
2025-06-09T21:14:26.7659101Z Critical dependency: the request of a dependency is an expression
2025-06-09T21:14:26.7659574Z 
2025-06-09T21:14:26.7659824Z Import trace for requested module:
2025-06-09T21:14:26.7660510Z ./node_modules/@supabase/realtime-js/dist/main/RealtimeClient.js
2025-06-09T21:14:26.7661342Z ./node_modules/@supabase/realtime-js/dist/main/index.js
2025-06-09T21:14:26.7662097Z ./node_modules/@supabase/supabase-js/dist/module/index.js
2025-06-09T21:14:26.7662886Z ./node_modules/@supabase/ssr/dist/module/createBrowserClient.js
2025-06-09T21:14:26.7663644Z ./node_modules/@supabase/ssr/dist/module/index.js
2025-06-09T21:14:26.7664195Z ./lib/supabase-server.ts
2025-06-09T21:14:26.7664887Z ./app/page.tsx
2025-06-09T21:14:26.7665092Z 
2025-06-09T21:14:26.7892161Z    Skipping linting
2025-06-09T21:14:26.7893966Z    Checking validity of types ...
2025-06-09T21:14:45.1633531Z    Collecting page data ...
2025-06-09T21:14:48.6008083Z    Generating static pages (0/49) ...
2025-06-09T21:14:54.8208142Z    Generating static pages (12/49) 
2025-06-09T21:14:54.8209132Z    Generating static pages (24/49) 
2025-06-09T21:14:54.8213529Z  ⚠ metadataBase property in metadata export is not set for resolving social open graph or twitter images, using "http://localhost:3000". See https://nextjs.org/docs/app/api-reference/functions/generate-metadata#metadatabase
2025-06-09T21:14:54.8216814Z  ⚠ metadataBase property in metadata export is not set for resolving social open graph or twitter images, using "http://localhost:3000". See https://nextjs.org/docs/app/api-reference/functions/generate-metadata#metadatabase
2025-06-09T21:14:54.8217842Z    Generating static pages (36/49) 
2025-06-09T21:14:54.8218449Z  ✓ Generating static pages (49/49)
2025-06-09T21:14:55.1920378Z    Finalizing page optimization ...
2025-06-09T21:14:55.1921056Z    Collecting build traces ...
2025-06-09T21:15:01.8929897Z 
2025-06-09T21:15:01.9071078Z Route (app)                                 Size  First Load JS
2025-06-09T21:15:01.9072482Z ┌ ƒ /                                    7.95 kB         232 kB
2025-06-09T21:15:01.9072975Z ├ ○ /_not-found                            981 B         102 kB
2025-06-09T21:15:01.9073451Z ├ ○ /about                                 188 B         105 kB
2025-06-09T21:15:01.9074263Z ├ ƒ /api/analytics/performance             228 B         101 kB
2025-06-09T21:15:01.9075135Z ├ ƒ /api/auth/google/callback              228 B         101 kB
2025-06-09T21:15:01.9075658Z ├ ƒ /api/auth/google/connect               228 B         101 kB
2025-06-09T21:15:01.9076163Z ├ ƒ /api/auth/google/disconnect            228 B         101 kB
2025-06-09T21:15:01.9076670Z ├ ƒ /api/auth/google/status                228 B         101 kB
2025-06-09T21:15:01.9077166Z ├ ƒ /api/auth/welcome                      228 B         101 kB
2025-06-09T21:15:01.9077672Z ├ ƒ /api/calendar/add-to-calendar          228 B         101 kB
2025-06-09T21:15:01.9078191Z ├ ƒ /api/calendar/create-event             228 B         101 kB
2025-06-09T21:15:01.9078696Z ├ ƒ /api/checkout                          228 B         101 kB
2025-06-09T21:15:01.9079177Z ├ ƒ /api/debug-oauth                       228 B         101 kB
2025-06-09T21:15:01.9079656Z ├ ƒ /api/events                            228 B         101 kB
2025-06-09T21:15:01.9080410Z ├ ƒ /api/events/[id]                       228 B         101 kB
2025-06-09T21:15:01.9080931Z ├ ƒ /api/events/cancellation               228 B         101 kB
2025-06-09T21:15:01.9081448Z ├ ƒ /api/events/reminders                  228 B         101 kB
2025-06-09T21:15:01.9082090Z ├ ƒ /api/health                            228 B         101 kB
2025-06-09T21:15:01.9082572Z ├ ƒ /api/orders                            228 B         101 kB
2025-06-09T21:15:01.9083044Z ├ ƒ /api/refunds                           228 B         101 kB
2025-06-09T21:15:01.9083514Z ├ ƒ /api/rsvps                             228 B         101 kB
2025-06-09T21:15:01.9084013Z ├ ƒ /api/rsvps/[id]                        228 B         101 kB
2025-06-09T21:15:01.9084985Z ├ ƒ /api/staff/analytics                   228 B         101 kB
2025-06-09T21:15:01.9085768Z ├ ƒ /api/staff/attendees                   228 B         101 kB
2025-06-09T21:15:01.9086493Z ├ ƒ /api/staff/dashboard                   228 B         101 kB
2025-06-09T21:15:01.9087284Z ├ ƒ /api/staff/export                      228 B         101 kB
2025-06-09T21:15:01.9088066Z ├ ƒ /api/test-env                          228 B         101 kB
2025-06-09T21:15:01.9088839Z ├ ƒ /api/test-upgrade-role                 228 B         101 kB
2025-06-09T21:15:01.9089605Z ├ ƒ /api/ticket-types                      228 B         101 kB
2025-06-09T21:15:01.9090410Z ├ ƒ /api/ticket-types/[id]                 228 B         101 kB
2025-06-09T21:15:01.9091218Z ├ ƒ /api/update-customer-info              228 B         101 kB
2025-06-09T21:15:01.9092015Z ├ ƒ /api/webhooks/stripe                   228 B         101 kB
2025-06-09T21:15:01.9092799Z ├ ○ /auth/callback                         957 B         142 kB
2025-06-09T21:15:01.9093638Z ├ ○ /auth/google/callback                2.29 kB         103 kB
2025-06-09T21:15:01.9094607Z ├ ○ /auth/login                          3.29 kB         148 kB
2025-06-09T21:15:01.9095464Z ├ ○ /auth/reset-password                 2.09 kB         146 kB
2025-06-09T21:15:01.9096273Z ├ ○ /auth/signup                         3.26 kB         148 kB
2025-06-09T21:15:01.9097104Z ├ ○ /auth/update-password                2.48 kB         147 kB
2025-06-09T21:15:01.9097878Z ├ ○ /contact                               188 B         105 kB
2025-06-09T21:15:01.9098588Z ├ ○ /create-event                          188 B         105 kB
2025-06-09T21:15:01.9099183Z ├ ○ /demo                                2.93 kB         227 kB
2025-06-09T21:15:01.9099959Z ├ ○ /demo/lists                          3.78 kB         228 kB
2025-06-09T21:15:01.9100743Z ├ ƒ /events/[id]                          2.1 kB         212 kB
2025-06-09T21:15:01.9101499Z ├ ƒ /my-events                            7.4 kB         126 kB
2025-06-09T21:15:01.9102582Z ├ ○ /privacy                               188 B         105 kB
2025-06-09T21:15:01.9103338Z ├ ○ /robots.txt                            228 B         101 kB
2025-06-09T21:15:01.9103998Z ├ ○ /sitemap.xml                           228 B         101 kB
2025-06-09T21:15:01.9105005Z ├ ƒ /staff                               14.6 kB         160 kB
2025-06-09T21:15:01.9105660Z ├ ○ /staff/dashboard                       228 B         101 kB
2025-06-09T21:15:01.9106311Z ├ ƒ /staff/events/[id]/edit              1.94 kB         157 kB
2025-06-09T21:15:01.9106959Z ├ ƒ /staff/events/create                 1.92 kB         157 kB
2025-06-09T21:15:01.9107582Z ├ ○ /terms                                 188 B         105 kB
2025-06-09T21:15:01.9108199Z └ ƒ /test-auth                             228 B         101 kB
2025-06-09T21:15:01.9108729Z + First Load JS shared by all             101 kB
2025-06-09T21:15:01.9109290Z   ├ chunks/1684-0df89d9f25c583b2.js      45.9 kB
2025-06-09T21:15:01.9109852Z   ├ chunks/4bd1b696-b638aa3d70fba23c.js  53.2 kB
2025-06-09T21:15:01.9110461Z   └ other shared chunks (total)          1.96 kB
2025-06-09T21:15:01.9110772Z 
2025-06-09T21:15:01.9110781Z 
2025-06-09T21:15:01.9111124Z ƒ Middleware                             66.2 kB
2025-06-09T21:15:01.9111449Z 
2025-06-09T21:15:01.9111808Z ○  (Static)   prerendered as static content
2025-06-09T21:15:01.9112449Z ƒ  (Dynamic)  server-rendered on demand
2025-06-09T21:15:01.9112753Z 
2025-06-09T21:15:02.0240448Z ##[group]Run npx playwright test --config=playwright.ci.config.ts
2025-06-09T21:15:02.0240936Z [36;1mnpx playwright test --config=playwright.ci.config.ts[0m
2025-06-09T21:15:02.0293324Z shell: /usr/bin/bash -e {0}
2025-06-09T21:15:02.0293564Z env:
2025-06-09T21:15:02.0293731Z   NODE_VERSION: 18
2025-06-09T21:15:02.0293921Z   CI: true
2025-06-09T21:15:02.0294322Z   NEXT_PUBLIC_SUPABASE_URL: ***
2025-06-09T21:15:02.0296004Z   NEXT_PUBLIC_SUPABASE_ANON_KEY: ***
2025-06-09T21:15:02.0296269Z ##[endgroup]
2025-06-09T21:15:03.6435928Z [WebServer] 
2025-06-09T21:15:03.6436472Z [WebServer] > localloop@0.1.0 start
2025-06-09T21:15:03.6436976Z [WebServer] > next start
2025-06-09T21:15:03.6437336Z [WebServer] 
2025-06-09T21:15:03.9494834Z [WebServer]    [1m[38;2;173;127;168m▲ Next.js 15.3.2[39m[22m
2025-06-09T21:15:03.9496798Z [WebServer]    - Local:        http://localhost:3000
2025-06-09T21:15:03.9497617Z [WebServer]    - Network:      http://10.1.0.24:3000
2025-06-09T21:15:03.9498079Z [WebServer] 
2025-06-09T21:15:03.9498535Z [WebServer]  [32m[1m✓[22m[39m Starting...
2025-06-09T21:15:04.2076621Z [WebServer]  [32m[1m✓[22m[39m Ready in 458ms
2025-06-09T21:15:04.9544837Z [WebServer]  [33m[1m⚠[22m[39m metadataBase property in metadata export is not set for resolving social open graph or twitter images, using "http://localhost:3000". See https://nextjs.org/docs/app/api-reference/functions/generate-metadata#metadatabase
2025-06-09T21:15:05.7666910Z 
2025-06-09T21:15:05.7667680Z Running 12 tests using 1 worker
2025-06-09T21:15:09.8749139Z Homepage basic structure loaded successfully
2025-06-09T21:15:10.5966153Z ·Navigation elements are present and responsive
2025-06-09T21:15:12.3203702Z ·Basic responsive layout works correctly
2025-06-09T21:15:20.6434235Z ·Homepage basic structure loaded successfully
2025-06-09T21:15:21.5985086Z ·Navigation elements are present and responsive
2025-06-09T21:15:23.8310690Z ·Basic responsive layout works correctly
2025-06-09T21:15:27.0457574Z ·Homepage basic structure loaded successfully
2025-06-09T21:15:27.8269857Z ·Navigation elements are present and responsive
2025-06-09T21:15:29.7061584Z ·Basic responsive layout works correctly
2025-06-09T21:15:32.0929198Z ·Homepage basic structure loaded successfully
2025-06-09T21:15:33.1012806Z ·Navigation elements are present and responsive
2025-06-09T21:15:35.0238463Z ·Basic responsive layout works correctly
2025-06-09T21:15:36.1840411Z ·
2025-06-09T21:15:36.1845120Z   12 passed (33.0s)
2025-06-09T21:15:36.1875505Z ##[notice]  12 passed (33.0s)
2025-06-09T21:15:36.2285764Z ##[group]Run actions/upload-artifact@v4
2025-06-09T21:15:36.2286042Z with:
2025-06-09T21:15:36.2286217Z   name: e2e-results
2025-06-09T21:15:36.2286435Z   path: test-results/
playwright-report/

2025-06-09T21:15:36.2286697Z   retention-days: 7
2025-06-09T21:15:36.2286885Z   if-no-files-found: warn
2025-06-09T21:15:36.2287095Z   compression-level: 6
2025-06-09T21:15:36.2287285Z   overwrite: false
2025-06-09T21:15:36.2287472Z   include-hidden-files: false
2025-06-09T21:15:36.2287679Z env:
2025-06-09T21:15:36.2287837Z   NODE_VERSION: 18
2025-06-09T21:15:36.2288012Z ##[endgroup]
2025-06-09T21:15:36.4421824Z Multiple search paths detected. Calculating the least common ancestor of all paths
2025-06-09T21:15:36.4425293Z The least common ancestor is /home/runner/work/LocalLoop/LocalLoop. This will be the root directory of the artifact
2025-06-09T21:15:36.4426481Z With the provided path, there will be 1 file uploaded
2025-06-09T21:15:36.4431400Z Artifact name is valid!
2025-06-09T21:15:36.4432690Z Root directory input is valid!
2025-06-09T21:15:36.5455399Z Beginning upload of artifact content to blob storage
2025-06-09T21:15:36.6206294Z Uploaded bytes 181434
2025-06-09T21:15:36.6348225Z Finished uploading artifact content to blob storage!
2025-06-09T21:15:36.6351518Z SHA256 digest of uploaded artifact zip is 6fac15e05c0a7d1d435259f877ba4e26eba7146062ce115669f91e45b6e8d52f
2025-06-09T21:15:36.6352705Z Finalizing artifact upload
2025-06-09T21:15:36.7018314Z Artifact e2e-results.zip successfully finalized. Artifact ID 3291347896
2025-06-09T21:15:36.7019417Z Artifact e2e-results has been successfully uploaded! Final size is 181434 bytes. Artifact ID is 3291347896
2025-06-09T21:15:36.7025875Z Artifact download URL: https://github.com/JacksonR64/LocalLoop/actions/runs/15544700003/artifacts/3291347896
2025-06-09T21:15:36.7146975Z Post job cleanup.
2025-06-09T21:15:36.8655815Z Cache hit occurred on the primary key node-cache-Linux-x64-npm-c12c6ac637b018150c9ab8486a2ab8d5c875f0013e7356ae5e08bc546e10a4bd, not saving cache.
2025-06-09T21:15:36.8772856Z Post job cleanup.
2025-06-09T21:15:36.9713422Z [command]/usr/bin/git version
2025-06-09T21:15:36.9755557Z git version 2.49.0
2025-06-09T21:15:36.9801004Z Temporarily overriding HOME='/home/runner/work/_temp/9b702b00-c2d2-48c8-be92-1c2c23d49eb8' before making global git config changes
2025-06-09T21:15:36.9802530Z Adding repository directory to the temporary git global config as a safe directory
2025-06-09T21:15:36.9815763Z [command]/usr/bin/git config --global --add safe.directory /home/runner/work/LocalLoop/LocalLoop
2025-06-09T21:15:36.9853797Z [command]/usr/bin/git config --local --name-only --get-regexp core\.sshCommand
2025-06-09T21:15:36.9890116Z [command]/usr/bin/git submodule foreach --recursive sh -c "git config --local --name-only --get-regexp 'core\.sshCommand' && git config --local --unset-all 'core.sshCommand' || :"
2025-06-09T21:15:37.0141145Z [command]/usr/bin/git config --local --name-only --get-regexp http\.https\:\/\/github\.com\/\.extraheader
2025-06-09T21:15:37.0165988Z http.https://github.com/.extraheader
2025-06-09T21:15:37.0179053Z [command]/usr/bin/git config --local --unset-all http.https://github.com/.extraheader
2025-06-09T21:15:37.0211658Z [command]/usr/bin/git submodule foreach --recursive sh -c "git config --local --name-only --get-regexp 'http\.https\:\/\/github\.com\/\.extraheader' && git config --local --unset-all 'http.https://github.com/.extraheader' || :"
2025-06-09T21:15:37.0555361Z Cleaning up orphan processes
